Archive member included to satisfy reference by file (symbol)

/usr/lib/gcc/arm-none-eabi/9.2.1/../../../arm-none-eabi/lib/libc_nano.a(lib_a-printf.o)
                              main.o (symbol from plugin) (printf)
/usr/lib/gcc/arm-none-eabi/9.2.1/../../../arm-none-eabi/lib/libc_nano.a(lib_a-findfp.o)
                              /usr/lib/gcc/arm-none-eabi/9.2.1/../../../arm-none-eabi/lib/libc_nano.a(lib_a-printf.o) (__sinit)
/usr/lib/gcc/arm-none-eabi/9.2.1/../../../arm-none-eabi/lib/libc_nano.a(lib_a-fwalk.o)
                              /usr/lib/gcc/arm-none-eabi/9.2.1/../../../arm-none-eabi/lib/libc_nano.a(lib_a-findfp.o) (_fwalk)
/usr/lib/gcc/arm-none-eabi/9.2.1/../../../arm-none-eabi/lib/libc_nano.a(lib_a-impure.o)
                              /usr/lib/gcc/arm-none-eabi/9.2.1/../../../arm-none-eabi/lib/libc_nano.a(lib_a-findfp.o) (_global_impure_ptr)
/usr/lib/gcc/arm-none-eabi/9.2.1/../../../arm-none-eabi/lib/libc_nano.a(lib_a-memset.o)
                              /usr/lib/gcc/arm-none-eabi/9.2.1/../../../arm-none-eabi/lib/libc_nano.a(lib_a-findfp.o) (memset)
/usr/lib/gcc/arm-none-eabi/9.2.1/../../../arm-none-eabi/lib/libc_nano.a(lib_a-nano-mallocr.o)
                              /usr/lib/gcc/arm-none-eabi/9.2.1/../../../arm-none-eabi/lib/libc_nano.a(lib_a-findfp.o) (_malloc_r)
/usr/lib/gcc/arm-none-eabi/9.2.1/../../../arm-none-eabi/lib/libc_nano.a(lib_a-nano-vfprintf.o)
                              /usr/lib/gcc/arm-none-eabi/9.2.1/../../../arm-none-eabi/lib/libc_nano.a(lib_a-printf.o) (_vfprintf_r)
/usr/lib/gcc/arm-none-eabi/9.2.1/../../../arm-none-eabi/lib/libc_nano.a(lib_a-nano-vfprintf_i.o)
                              /usr/lib/gcc/arm-none-eabi/9.2.1/../../../arm-none-eabi/lib/libc_nano.a(lib_a-nano-vfprintf.o) (_printf_i)
/usr/lib/gcc/arm-none-eabi/9.2.1/../../../arm-none-eabi/lib/libc_nano.a(lib_a-sbrkr.o)
                              /usr/lib/gcc/arm-none-eabi/9.2.1/../../../arm-none-eabi/lib/libc_nano.a(lib_a-nano-mallocr.o) (_sbrk_r)
/usr/lib/gcc/arm-none-eabi/9.2.1/../../../arm-none-eabi/lib/libc_nano.a(lib_a-stdio.o)
                              /usr/lib/gcc/arm-none-eabi/9.2.1/../../../arm-none-eabi/lib/libc_nano.a(lib_a-findfp.o) (__sread)
/usr/lib/gcc/arm-none-eabi/9.2.1/../../../arm-none-eabi/lib/libc_nano.a(lib_a-wbuf.o)
                              /usr/lib/gcc/arm-none-eabi/9.2.1/../../../arm-none-eabi/lib/libc_nano.a(lib_a-nano-vfprintf.o) (__swbuf_r)
/usr/lib/gcc/arm-none-eabi/9.2.1/../../../arm-none-eabi/lib/libc_nano.a(lib_a-writer.o)
                              /usr/lib/gcc/arm-none-eabi/9.2.1/../../../arm-none-eabi/lib/libc_nano.a(lib_a-stdio.o) (_write_r)
/usr/lib/gcc/arm-none-eabi/9.2.1/../../../arm-none-eabi/lib/libc_nano.a(lib_a-wsetup.o)
                              /usr/lib/gcc/arm-none-eabi/9.2.1/../../../arm-none-eabi/lib/libc_nano.a(lib_a-nano-vfprintf.o) (__swsetup_r)
/usr/lib/gcc/arm-none-eabi/9.2.1/../../../arm-none-eabi/lib/libc_nano.a(lib_a-closer.o)
                              /usr/lib/gcc/arm-none-eabi/9.2.1/../../../arm-none-eabi/lib/libc_nano.a(lib_a-stdio.o) (_close_r)
/usr/lib/gcc/arm-none-eabi/9.2.1/../../../arm-none-eabi/lib/libc_nano.a(lib_a-fflush.o)
                              /usr/lib/gcc/arm-none-eabi/9.2.1/../../../arm-none-eabi/lib/libc_nano.a(lib_a-findfp.o) (_fflush_r)
/usr/lib/gcc/arm-none-eabi/9.2.1/../../../arm-none-eabi/lib/libc_nano.a(lib_a-fvwrite.o)
                              /usr/lib/gcc/arm-none-eabi/9.2.1/../../../arm-none-eabi/lib/libc_nano.a(lib_a-nano-vfprintf.o) (__sfvwrite_r)
/usr/lib/gcc/arm-none-eabi/9.2.1/../../../arm-none-eabi/lib/libc_nano.a(lib_a-lseekr.o)
                              /usr/lib/gcc/arm-none-eabi/9.2.1/../../../arm-none-eabi/lib/libc_nano.a(lib_a-stdio.o) (_lseek_r)
/usr/lib/gcc/arm-none-eabi/9.2.1/../../../arm-none-eabi/lib/libc_nano.a(lib_a-makebuf.o)
                              /usr/lib/gcc/arm-none-eabi/9.2.1/../../../arm-none-eabi/lib/libc_nano.a(lib_a-wsetup.o) (__smakebuf_r)
/usr/lib/gcc/arm-none-eabi/9.2.1/../../../arm-none-eabi/lib/libc_nano.a(lib_a-memchr-stub.o)
                              /usr/lib/gcc/arm-none-eabi/9.2.1/../../../arm-none-eabi/lib/libc_nano.a(lib_a-nano-vfprintf.o) (memchr)
/usr/lib/gcc/arm-none-eabi/9.2.1/../../../arm-none-eabi/lib/libc_nano.a(lib_a-memcpy-stub.o)
                              /usr/lib/gcc/arm-none-eabi/9.2.1/../../../arm-none-eabi/lib/libc_nano.a(lib_a-fvwrite.o) (memcpy)
/usr/lib/gcc/arm-none-eabi/9.2.1/../../../arm-none-eabi/lib/libc_nano.a(lib_a-memmove.o)
                              /usr/lib/gcc/arm-none-eabi/9.2.1/../../../arm-none-eabi/lib/libc_nano.a(lib_a-fvwrite.o) (memmove)
/usr/lib/gcc/arm-none-eabi/9.2.1/../../../arm-none-eabi/lib/libc_nano.a(lib_a-mlock.o)
                              /usr/lib/gcc/arm-none-eabi/9.2.1/../../../arm-none-eabi/lib/libc_nano.a(lib_a-nano-mallocr.o) (__malloc_lock)
/usr/lib/gcc/arm-none-eabi/9.2.1/../../../arm-none-eabi/lib/libc_nano.a(lib_a-nano-freer.o)
[...]
Memory Configuration

Name             Origin             Length             Attributes
FLASH            0x0000000000000000 0x0000000000020000 xr
RAM              0x0000000040000000 0x0000000000004000 rw
*default*        0x0000000000000000 0xffffffffffffffff

Linker script and memory map

LOAD main.o
LOAD /tmp/hello.elf.oIFWXE.ltrans0.ltrans.o
LOAD reloc.o
LOAD framework.o
LOAD stack.o
LOAD startup.o
LOAD /usr/lib/gcc/arm-none-eabi/9.2.1/../../../arm-none-eabi/lib/libnosys.a
START GROUP
LOAD /usr/lib/gcc/arm-none-eabi/9.2.1/libgcc.a
LOAD /usr/lib/gcc/arm-none-eabi/9.2.1/../../../arm-none-eabi/lib/libc_nano.a
END GROUP
START GROUP
LOAD /usr/lib/gcc/arm-none-eabi/9.2.1/libgcc.a
LOAD /usr/lib/gcc/arm-none-eabi/9.2.1/../../../arm-none-eabi/lib/libc_nano.a
LOAD /usr/lib/gcc/arm-none-eabi/9.2.1/../../../arm-none-eabi/lib/libnosys.a
END GROUP
START GROUP
LOAD /usr/lib/gcc/arm-none-eabi/9.2.1/libgcc.a
LOAD /usr/lib/gcc/arm-none-eabi/9.2.1/../../../arm-none-eabi/lib/libc_nano.a
LOAD /usr/lib/gcc/arm-none-eabi/9.2.1/../../../arm-none-eabi/lib/libnosys.a
END GROUP
                0x0000000000001000                _heap_size = 0x1000
                0x0000000000000488                _stack_size = 0x488
                0x0000000040004000                _estack = (ORIGIN (RAM) + LENGTH (RAM))

.text           0x0000000000000000     0x2d18
 *startup.o(.text)
 .text          0x0000000000000000      0x184 startup.o
                0x0000000000000000                _startup
 *(.text)
 .text          0x0000000000000184      0x200 /tmp/hello.elf.oIFWXE.ltrans0.ltrans.o
                0x000000000000022c                lowLevelInit
                0x0000000000000230                exceptionHandlerInit
                0x0000000000000280                _read
                0x00000000000002c0                _write
                0x000000000000032c                _lseek
                0x0000000000000334                _isatty
                0x000000000000033c                _fstat
                0x000000000000034c                _close
                0x0000000000000354                _sbrk
 .text          0x0000000000000384       0xb8 /usr/lib/gcc/arm-none-eabi/9.2.1/../../../arm-none-eabi/lib/libc_nano.a(lib_a-printf.o)
                0x0000000000000384                _printf_r
                0x0000000000000384                _iprintf_r
                0x00000000000003d8                printf
                0x00000000000003d8                iprintf
 .text          0x000000000000043c      0x374 /usr/lib/gcc/arm-none-eabi/9.2.1/../../../arm-none-eabi/lib/libc_nano.a(lib_a-findfp.o)
                0x0000000000000444                _cleanup_r
                0x0000000000000464                __sfmoreglue
                0x00000000000004b4                __sfp
                0x0000000000000724                _cleanup
                0x0000000000000748                __sinit
                0x0000000000000758                __sfp_lock_acquire
                0x000000000000075c                __sfp_lock_release
                0x0000000000000760                __sinit_lock_acquire
                0x0000000000000764                __sinit_lock_release
                0x0000000000000768                __fp_lock_all
                0x000000000000078c                __fp_unlock_all
 .text          0x00000000000007b0      0x110 /usr/lib/gcc/arm-none-eabi/9.2.1/../../../arm-none-eabi/lib/libc_nano.a(lib_a-fwalk.o)
                0x00000000000007b0                _fwalk
                0x0000000000000834                _fwalk_reent
 .text          0x00000000000008c0      0x118 /usr/lib/gcc/arm-none-eabi/9.2.1/../../../arm-none-eabi/lib/libc_nano.a(lib_a-memset.o)
                0x00000000000008c0                memset
 .text          0x00000000000009d8      0x15c /usr/lib/gcc/arm-none-eabi/9.2.1/../../../arm-none-eabi/lib/libc_nano.a(lib_a-nano-mallocr.o)
                0x00000000000009d8                _malloc_r
 .text          0x0000000000000b34      0x520 /usr/lib/gcc/arm-none-eabi/9.2.1/../../../arm-none-eabi/lib/libc_nano.a(lib_a-nano-vfprintf.o)
                0x0000000000000b9c                __sfputs_r
                0x0000000000000bfc                __sprint_r
                0x0000000000000c30                _vfiprintf_r
                0x0000000000000c30                _vfprintf_r
                0x0000000000001038                vfiprintf
                0x0000000000001038                vfprintf
 .text          0x0000000000001054      0x5f4 /usr/lib/gcc/arm-none-eabi/9.2.1/../../../arm-none-eabi/lib/libc_nano.a(lib_a-nano-vfprintf_i.o)
                0x0000000000001054                _printf_common
                0x0000000000001228                _printf_i
 .text          0x0000000000001648       0x44 /usr/lib/gcc/arm-none-eabi/9.2.1/../../../arm-none-eabi/lib/libc_nano.a(lib_a-sbrkr.o)
                0x0000000000001648                _sbrk_r
 .text          0x000000000000168c       0xdc /usr/lib/gcc/arm-none-eabi/9.2.1/../../../arm-none-eabi/lib/libc_nano.a(lib_a-stdio.o)
                0x000000000000168c                __sread
                0x00000000000016c0                __seofread
                0x00000000000016c8                __swrite
                0x0000000000001724                __sseek
                0x0000000000001754                __sclose
 .text          0x0000000000001768      0x160 /usr/lib/gcc/arm-none-eabi/9.2.1/../../../arm-none-eabi/lib/libc_nano.a(lib_a-wbuf.o)
                0x0000000000001768                __swbuf_r
                0x00000000000018b0                __swbuf
 .text          0x00000000000018c8       0x48 /usr/lib/gcc/arm-none-eabi/9.2.1/../../../arm-none-eabi/lib/libc_nano.a(lib_a-writer.o)
                0x00000000000018c8                _write_r
 .text          0x0000000000001910      0x19c /usr/lib/gcc/arm-none-eabi/9.2.1/../../../arm-none-eabi/lib/libc_nano.a(lib_a-wsetup.o)
                0x0000000000001910                __swsetup_r
 .text          0x0000000000001aac       0x3c /usr/lib/gcc/arm-none-eabi/9.2.1/../../../arm-none-eabi/lib/libc_nano.a(lib_a-closer.o)
                0x0000000000001aac                _close_r
 .text          0x0000000000001ae8      0x308 /usr/lib/gcc/arm-none-eabi/9.2.1/../../../arm-none-eabi/lib/libc_nano.a(lib_a-fflush.o)
                0x0000000000001ae8                __sflush_r
                0x0000000000001d10                _fflush_r
                0x0000000000001db8                fflush
 .text          0x0000000000001df0      0x4cc /usr/lib/gcc/arm-none-eabi/9.2.1/../../../arm-none-eabi/lib/libc_nano.a(lib_a-fvwrite.o)
                0x0000000000001df0                __sfvwrite_r
 .text          0x00000000000022bc       0x48 /usr/lib/gcc/arm-none-eabi/9.2.1/../../../arm-none-eabi/lib/libc_nano.a(lib_a-lseekr.o)
                0x00000000000022bc                _lseek_r
 .text          0x0000000000002304      0x194 /usr/lib/gcc/arm-none-eabi/9.2.1/../../../arm-none-eabi/lib/libc_nano.a(lib_a-makebuf.o)
                0x0000000000002304                __swhatbuf_r
                0x0000000000002398                __smakebuf_r
 .text          0x0000000000002498      0x110 /usr/lib/gcc/arm-none-eabi/9.2.1/../../../arm-none-eabi/lib/libc_nano.a(lib_a-memchr-stub.o)
                0x0000000000002498                memchr
 .text          0x00000000000025a8      0x11c /usr/lib/gcc/arm-none-eabi/9.2.1/../../../arm-none-eabi/lib/libc_nano.a(lib_a-memcpy-stub.o)
                0x00000000000025a8                memcpy
 .text          0x00000000000026c4      0x158 /usr/lib/gcc/arm-none-eabi/9.2.1/../../../arm-none-eabi/lib/libc_nano.a(lib_a-memmove.o)
                0x00000000000026c4                memmove
 .text          0x000000000000281c        0x8 /usr/lib/gcc/arm-none-eabi/9.2.1/../../../arm-none-eabi/lib/libc_nano.a(lib_a-mlock.o)
                0x000000000000281c                __malloc_lock
                0x0000000000002820                __malloc_unlock
 .text          0x0000000000002824      0x120 /usr/lib/gcc/arm-none-eabi/9.2.1/../../../arm-none-eabi/lib/libc_nano.a(lib_a-nano-freer.o)
                0x0000000000002824                _free_r
 .text          0x0000000000002944       0x94 /usr/lib/gcc/arm-none-eabi/9.2.1/../../../arm-none-eabi/lib/libc_nano.a(lib_a-nano-reallocr.o)
                0x0000000000002944                _realloc_r
 .text          0x00000000000029d8       0x48 /usr/lib/gcc/arm-none-eabi/9.2.1/../../../arm-none-eabi/lib/libc_nano.a(lib_a-readr.o)
                0x00000000000029d8                _read_r
 .text          0x0000000000002a20       0x44 /usr/lib/gcc/arm-none-eabi/9.2.1/../../../arm-none-eabi/lib/libc_nano.a(lib_a-fstatr.o)
                0x0000000000002a20                _fstat_r
 .text          0x0000000000002a64       0x3c /usr/lib/gcc/arm-none-eabi/9.2.1/../../../arm-none-eabi/lib/libc_nano.a(lib_a-isattyr.o)
                0x0000000000002a64                _isatty_r
 .text          0x0000000000002aa0       0x18 /usr/lib/gcc/arm-none-eabi/9.2.1/../../../arm-none-eabi/lib/libc_nano.a(lib_a-nano-msizer.o)
                0x0000000000002aa0                _malloc_usable_size_r
 .text          0x0000000000002ab8      0x114 /usr/lib/gcc/arm-none-eabi/9.2.1/libgcc.a(_udivsi3.o)
                0x0000000000002ab8                __udivsi3
                0x0000000000002ab8                __aeabi_uidiv
                0x0000000000002bac                __aeabi_uidivmod
 .text          0x0000000000002bcc      0x148 /usr/lib/gcc/arm-none-eabi/9.2.1/libgcc.a(_divsi3.o)
                0x0000000000002bcc                __aeabi_idiv
                0x0000000000002bcc                __divsi3
                0x0000000000002cf4                __aeabi_idivmod
 .text          0x0000000000002d14        0x4 /usr/lib/gcc/arm-none-eabi/9.2.1/libgcc.a(_dvmd_tls.o)
                0x0000000000002d14                __aeabi_ldiv0
                0x0000000000002d14                __aeabi_idiv0
 *(.glue_7)
 .glue_7        0x0000000000002d18        0x0 linker stubs
 *(.glue_7t)
 .glue_7t       0x0000000000002d18        0x0 linker stubs

.vfp11_veneer   0x0000000000002d18        0x0
 .vfp11_veneer  0x0000000000002d18        0x0 linker stubs

.v4_bx          0x0000000000002d18        0x0
 .v4_bx         0x0000000000002d18        0x0 linker stubs

.text.startup   0x0000000000002d18       0x44
 .text.startup  0x0000000000002d18       0x44 /tmp/hello.elf.oIFWXE.ltrans0.ltrans.o
                0x0000000000002d18                main

.iplt           0x0000000000002d5c        0x0
 .iplt          0x0000000000002d5c        0x0 startup.o
                0x0000000000002d5c                . = ALIGN (0x4)

.rodata         0x0000000000002d5c      0x1a9
 *(.rodata)
 .rodata        0x0000000000002d5c       0x60 /usr/lib/gcc/arm-none-eabi/9.2.1/../../../arm-none-eabi/lib/libc_nano.a(lib_a-findfp.o)
                0x0000000000002d5c                __sf_fake_stderr
                0x0000000000002d7c                __sf_fake_stdout
                0x0000000000002d9c                __sf_fake_stdin
 .rodata        0x0000000000002dbc        0x4 /usr/lib/gcc/arm-none-eabi/9.2.1/../../../arm-none-eabi/lib/libc_nano.a(lib_a-impure.o)
                0x0000000000002dbc                _global_impure_ptr
 *(.rodata*)
 .rodata.str1.1
                0x0000000000002dc0      0x109 /tmp/hello.elf.oIFWXE.ltrans0.ltrans.o
 *fill*         0x0000000000002ec9        0x3 
 .rodata.str1.4
                0x0000000000002ecc       0x13 /usr/lib/gcc/arm-none-eabi/9.2.1/../../../arm-none-eabi/lib/libc_nano.a(lib_a-nano-vfprintf.o)
 *fill*         0x0000000000002edf        0x1 
 .rodata.str1.4
                0x0000000000002ee0       0x25 /usr/lib/gcc/arm-none-eabi/9.2.1/../../../arm-none-eabi/lib/libc_nano.a(lib_a-nano-vfprintf_i.o)

.rel.dyn        0x0000000000002f08        0x0
 .rel.iplt      0x0000000000002f08        0x0 startup.o
                0x0000000000002f08                . = ALIGN (0x4)
                0x0000000000002f08                _etext = .
                [!provide]                        PROVIDE (etext = .)

.data           0x0000000040000080       0x64 load address 0x0000000000002f08
                0x0000000040000080                _data = .
 *(.data)
 .data          0x0000000040000080       0x64 /usr/lib/gcc/arm-none-eabi/9.2.1/../../../arm-none-eabi/lib/libc_nano.a(lib_a-impure.o)
                0x0000000040000080                _impure_ptr

.igot.plt       0x00000000400000e4        0x0 load address 0x0000000000002f6c
 .igot.plt      0x00000000400000e4        0x0 startup.o
                0x00000000400000e4                . = ALIGN (0x4)
                0x00000000400000e4                _edata = .
                [!provide]                        PROVIDE (edata = .)

.bss            0x00000000400000e4       0x14 load address 0x0000000000002f6c
                0x00000000400000e4                _bss = .
                0x00000000400000e4                __bss_start = .
                0x00000000400000e4                __bss_start__ = .
 *(.bss)
 .bss           0x00000000400000e4        0x8 /tmp/hello.elf.oIFWXE.ltrans0.ltrans.o
 .bss           0x00000000400000ec        0x8 /usr/lib/gcc/arm-none-eabi/9.2.1/../../../arm-none-eabi/lib/libc_nano.a(lib_a-nano-mallocr.o)
                0x00000000400000ec                __malloc_free_list
                0x00000000400000f0                __malloc_sbrk_start
 *(COMMON)
 COMMON         0x00000000400000f4        0x4 /usr/lib/gcc/arm-none-eabi/9.2.1/../../../arm-none-eabi/lib/libc_nano.a(lib_a-reent.o)
                0x00000000400000f4                errno
                0x00000000400000f8                . = ALIGN (0x4)
                0x00000000400000f8                . = ALIGN (0x4)
                0x00000000400000f8                __bss_end = .
                0x00000000400000f8                __bss_end__ = .
                0x00000000400000f8                _end = .
                0x00000000400000f8                PROVIDE (end = .)

._heap          0x00000000400000f8     0x1000 load address 0x0000000000002f80
                0x00000000400000f8                . = ALIGN (0x4)
                0x00000000400000f8                _HEAP_START = .
                0x00000000400010f8                . = (. + _heap_size)
 *fill*         0x00000000400000f8     0x1000 
                0x00000000400010f8                . = ALIGN (0x4)
                0x00000000400010f8                _HEAP_END = .

._stack         0x00000000400010f8      0x488 load address 0x0000000000003f80
                0x00000000400010f8                . = ALIGN (0x4)
                0x0000000040001580                . = (. + _stack_size)
 *fill*         0x00000000400010f8      0x488 
                0x0000000040001580                . = ALIGN (0x4)

.stab
 *(.stab)

.stabstr
 *(.stabstr)

.stab.excl
 *(.stab.excl)

.stab.exclstr
 *(.stab.exclstr)

.stab.index
 *(.stab.index)

.stab.indexstr
 *(.stab.indexstr)

.comment        0x0000000000000000       0xa7
 *(.comment)
 .comment       0x0000000000000000       0x59 /tmp/hello.elf.oIFWXE.ltrans0.ltrans.o
                                         0x5a (size before relaxing)
 .comment       0x0000000000000059       0x4e /usr/lib/gcc/arm-none-eabi/9.2.1/../../../arm-none-eabi/lib/libc_nano.a(lib_a-printf.o)
                                         0x4f (size before relaxing)
 .comment       0x00000000000000a7       0x4f /usr/lib/gcc/arm-none-eabi/9.2.1/../../../arm-none-eabi/lib/libc_nano.a(lib_a-findfp.o)
 .comment       0x00000000000000a7       0x4f /usr/lib/gcc/arm-none-eabi/9.2.1/../../../arm-none-eabi/lib/libc_nano.a(lib_a-fwalk.o)
 .comment       0x00000000000000a7       0x4f /usr/lib/gcc/arm-none-eabi/9.2.1/../../../arm-none-eabi/lib/libc_nano.a(lib_a-impure.o)
 .comment       0x00000000000000a7       0x4f /usr/lib/gcc/arm-none-eabi/9.2.1/../../../arm-none-eabi/lib/libc_nano.a(lib_a-memset.o)
 .comment       0x00000000000000a7       0x4f /usr/lib/gcc/arm-none-eabi/9.2.1/../../../arm-none-eabi/lib/libc_nano.a(lib_a-nano-mallocr.o)
 .comment       0x00000000000000a7       0x4f /usr/lib/gcc/arm-none-eabi/9.2.1/../../../arm-none-eabi/lib/libc_nano.a(lib_a-nano-vfprintf.o)
 .comment       0x00000000000000a7       0x4f /usr/lib/gcc/arm-none-eabi/9.2.1/../../../arm-none-eabi/lib/libc_nano.a(lib_a-nano-vfprintf_i.o)
 .comment       0x00000000000000a7       0x4f /usr/lib/gcc/arm-none-eabi/9.2.1/../../../arm-none-eabi/lib/libc_nano.a(lib_a-sbrkr.o)
 .comment       0x00000000000000a7       0x4f /usr/lib/gcc/arm-none-eabi/9.2.1/../../../arm-none-eabi/lib/libc_nano.a(lib_a-stdio.o)
 .comment       0x00000000000000a7       0x4f /usr/lib/gcc/arm-none-eabi/9.2.1/../../../arm-none-eabi/lib/libc_nano.a(lib_a-wbuf.o)
 .comment       0x00000000000000a7       0x4f /usr/lib/gcc/arm-none-eabi/9.2.1/../../../arm-none-eabi/lib/libc_nano.a(lib_a-writer.o)
 .comment       0x00000000000000a7       0x4f /usr/lib/gcc/arm-none-eabi/9.2.1/../../../arm-none-eabi/lib/libc_nano.a(lib_a-wsetup.o)
 .comment       0x00000000000000a7       0x4f /usr/lib/gcc/arm-none-eabi/9.2.1/../../../arm-none-eabi/lib/libc_nano.a(lib_a-closer.o)
 .comment       0x00000000000000a7       0x4f /usr/lib/gcc/arm-none-eabi/9.2.1/../../../arm-none-eabi/lib/libc_nano.a(lib_a-fflush.o)
 .comment       0x00000000000000a7       0x4f /usr/lib/gcc/arm-none-eabi/9.2.1/../../../arm-none-eabi/lib/libc_nano.a(lib_a-fvwrite.o)
 .comment       0x00000000000000a7       0x4f /usr/lib/gcc/arm-none-eabi/9.2.1/../../../arm-none-eabi/lib/libc_nano.a(lib_a-lseekr.o)
 .comment       0x00000000000000a7       0x4f /usr/lib/gcc/arm-none-eabi/9.2.1/../../../arm-none-eabi/lib/libc_nano.a(lib_a-makebuf.o)
 .comment       0x00000000000000a7       0x4f /usr/lib/gcc/arm-none-eabi/9.2.1/../../../arm-none-eabi/lib/libc_nano.a(lib_a-memchr-stub.o)
 .comment       0x00000000000000a7       0x4f /usr/lib/gcc/arm-none-eabi/9.2.1/../../../arm-none-eabi/lib/libc_nano.a(lib_a-memcpy-stub.o)
 .comment       0x00000000000000a7       0x4f /usr/lib/gcc/arm-none-eabi/9.2.1/../../../arm-none-eabi/lib/libc_nano.a(lib_a-memmove.o)
 .comment       0x00000000000000a7       0x4f /usr/lib/gcc/arm-none-eabi/9.2.1/../../../arm-none-eabi/lib/libc_nano.a(lib_a-mlock.o)
 .comment       0x00000000000000a7       0x4f /usr/lib/gcc/arm-none-eabi/9.2.1/../../../arm-none-eabi/lib/libc_nano.a(lib_a-nano-freer.o)
 .comment       0x00000000000000a7       0x4f /usr/lib/gcc/arm-none-eabi/9.2.1/../../../arm-none-eabi/lib/libc_nano.a(lib_a-nano-reallocr.o)
 .comment       0x00000000000000a7       0x4f /usr/lib/gcc/arm-none-eabi/9.2.1/../../../arm-none-eabi/lib/libc_nano.a(lib_a-readr.o)
 .comment       0x00000000000000a7       0x4f /usr/lib/gcc/arm-none-eabi/9.2.1/../../../arm-none-eabi/lib/libc_nano.a(lib_a-reent.o)
 .comment       0x00000000000000a7       0x4f /usr/lib/gcc/arm-none-eabi/9.2.1/../../../arm-none-eabi/lib/libc_nano.a(lib_a-fstatr.o)
 .comment       0x00000000000000a7       0x4f /usr/lib/gcc/arm-none-eabi/9.2.1/../../../arm-none-eabi/lib/libc_nano.a(lib_a-isattyr.o)
 .comment       0x00000000000000a7       0x4f /usr/lib/gcc/arm-none-eabi/9.2.1/../../../arm-none-eabi/lib/libc_nano.a(lib_a-nano-msizer.o)

.ARM.attributes
                0x0000000000000000       0x28
 .ARM.attributes
                0x0000000000000000       0x28 /tmp/hello.elf.oIFWXE.ltrans0.ltrans.o
 .ARM.attributes
                0x0000000000000028       0x1a startup.o
 .ARM.attributes
                0x0000000000000042       0x2a /usr/lib/gcc/arm-none-eabi/9.2.1/../../../arm-none-eabi/lib/libc_nano.a(lib_a-printf.o)
 .ARM.attributes
                0x000000000000006c       0x2a /usr/lib/gcc/arm-none-eabi/9.2.1/../../../arm-none-eabi/lib/libc_nano.a(lib_a-findfp.o)
 .ARM.attributes
                0x0000000000000096       0x2a /usr/lib/gcc/arm-none-eabi/9.2.1/../../../arm-none-eabi/lib/libc_nano.a(lib_a-fwalk.o)
 .ARM.attributes
                0x00000000000000c0       0x30 /usr/lib/gcc/arm-none-eabi/9.2.1/../../../arm-none-eabi/lib/libc_nano.a(lib_a-impure.o)
 .ARM.attributes
                0x00000000000000f0       0x2a /usr/lib/gcc/arm-none-eabi/9.2.1/../../../arm-none-eabi/lib/libc_nano.a(lib_a-memset.o)
 .ARM.attributes
                0x000000000000011a       0x2a /usr/lib/gcc/arm-none-eabi/9.2.1/../../../arm-none-eabi/lib/libc_nano.a(lib_a-nano-mallocr.o)
 .ARM.attributes
                0x0000000000000144       0x2a /usr/lib/gcc/arm-none-eabi/9.2.1/../../../arm-none-eabi/lib/libc_nano.a(lib_a-nano-vfprintf.o)
 .ARM.attributes
                0x000000000000016e       0x2a /usr/lib/gcc/arm-none-eabi/9.2.1/../../../arm-none-eabi/lib/libc_nano.a(lib_a-nano-vfprintf_i.o)
 .ARM.attributes
                0x0000000000000198       0x2a /usr/lib/gcc/arm-none-eabi/9.2.1/../../../arm-none-eabi/lib/libc_nano.a(lib_a-sbrkr.o)
 .ARM.attributes
                0x00000000000001c2       0x2a /usr/lib/gcc/arm-none-eabi/9.2.1/../../../arm-none-eabi/lib/libc_nano.a(lib_a-stdio.o)
 .ARM.attributes
                0x00000000000001ec       0x2a /usr/lib/gcc/arm-none-eabi/9.2.1/../../../arm-none-eabi/lib/libc_nano.a(lib_a-wbuf.o)
 .ARM.attributes
                0x0000000000000216       0x2a /usr/lib/gcc/arm-none-eabi/9.2.1/../../../arm-none-eabi/lib/libc_nano.a(lib_a-writer.o)
 .ARM.attributes
                0x0000000000000240       0x2a /usr/lib/gcc/arm-none-eabi/9.2.1/../../../arm-none-eabi/lib/libc_nano.a(lib_a-wsetup.o)
 .ARM.attributes
                0x000000000000026a       0x2a /usr/lib/gcc/arm-none-eabi/9.2.1/../../../arm-none-eabi/lib/libc_nano.a(lib_a-closer.o)
 .ARM.attributes
                0x0000000000000294       0x2a /usr/lib/gcc/arm-none-eabi/9.2.1/../../../arm-none-eabi/lib/libc_nano.a(lib_a-fflush.o)
 .ARM.attributes
                0x00000000000002be       0x2a /usr/lib/gcc/arm-none-eabi/9.2.1/../../../arm-none-eabi/lib/libc_nano.a(lib_a-fvwrite.o)
 .ARM.attributes
                0x00000000000002e8       0x2a /usr/lib/gcc/arm-none-eabi/9.2.1/../../../arm-none-eabi/lib/libc_nano.a(lib_a-lseekr.o)
 .ARM.attributes
                0x0000000000000312       0x2a /usr/lib/gcc/arm-none-eabi/9.2.1/../../../arm-none-eabi/lib/libc_nano.a(lib_a-makebuf.o)
 .ARM.attributes
                0x000000000000033c       0x2a /usr/lib/gcc/arm-none-eabi/9.2.1/../../../arm-none-eabi/lib/libc_nano.a(lib_a-memchr-stub.o)
 .ARM.attributes
                0x0000000000000366       0x2a /usr/lib/gcc/arm-none-eabi/9.2.1/../../../arm-none-eabi/lib/libc_nano.a(lib_a-memcpy-stub.o)
 .ARM.attributes
                0x0000000000000390       0x2a /usr/lib/gcc/arm-none-eabi/9.2.1/../../../arm-none-eabi/lib/libc_nano.a(lib_a-memmove.o)
 .ARM.attributes
                0x00000000000003ba       0x2a /usr/lib/gcc/arm-none-eabi/9.2.1/../../../arm-none-eabi/lib/libc_nano.a(lib_a-mlock.o)
 .ARM.attributes
                0x00000000000003e4       0x2a /usr/lib/gcc/arm-none-eabi/9.2.1/../../../arm-none-eabi/lib/libc_nano.a(lib_a-nano-freer.o)
 .ARM.attributes
                0x000000000000040e       0x2a /usr/lib/gcc/arm-none-eabi/9.2.1/../../../arm-none-eabi/lib/libc_nano.a(lib_a-nano-reallocr.o)
 .ARM.attributes
                0x0000000000000438       0x2a /usr/lib/gcc/arm-none-eabi/9.2.1/../../../arm-none-eabi/lib/libc_nano.a(lib_a-readr.o)
 .ARM.attributes
                0x0000000000000462       0x2a /usr/lib/gcc/arm-none-eabi/9.2.1/../../../arm-none-eabi/lib/libc_nano.a(lib_a-reent.o)
 .ARM.attributes
                0x000000000000048c       0x2a /usr/lib/gcc/arm-none-eabi/9.2.1/../../../arm-none-eabi/lib/libc_nano.a(lib_a-fstatr.o)
 .ARM.attributes
                0x00000000000004b6       0x2a /usr/lib/gcc/arm-none-eabi/9.2.1/../../../arm-none-eabi/lib/libc_nano.a(lib_a-isattyr.o)
 .ARM.attributes
                0x00000000000004e0       0x2a /usr/lib/gcc/arm-none-eabi/9.2.1/../../../arm-none-eabi/lib/libc_nano.a(lib_a-nano-msizer.o)
 .ARM.attributes
                0x000000000000050a       0x1c /usr/lib/gcc/arm-none-eabi/9.2.1/libgcc.a(_udivsi3.o)
 .ARM.attributes
                0x0000000000000526       0x1c /usr/lib/gcc/arm-none-eabi/9.2.1/libgcc.a(_divsi3.o)
 .ARM.attributes
                0x0000000000000542       0x1c /usr/lib/gcc/arm-none-eabi/9.2.1/libgcc.a(_dvmd_tls.o)

.debug
 *(.debug)

.line
 *(.line)

.debug_srcinfo
 *(.debug_srcinfo)

.debug_sfnames
 *(.debug_sfnames)

.debug_aranges  0x0000000000000000      0x3f8
 *(.debug_aranges)
 .debug_aranges
                0x0000000000000000       0x20 /usr/lib/gcc/arm-none-eabi/9.2.1/../../../arm-none-eabi/lib/libc_nano.a(lib_a-printf.o)
 .debug_aranges
                0x0000000000000020       0x20 /usr/lib/gcc/arm-none-eabi/9.2.1/../../../arm-none-eabi/lib/libc_nano.a(lib_a-findfp.o)
 .debug_aranges
                0x0000000000000040       0x20 /usr/lib/gcc/arm-none-eabi/9.2.1/../../../arm-none-eabi/lib/libc_nano.a(lib_a-fwalk.o)
 .debug_aranges
                0x0000000000000060       0x18 /usr/lib/gcc/arm-none-eabi/9.2.1/../../../arm-none-eabi/lib/libc_nano.a(lib_a-impure.o)
 .debug_aranges
                0x0000000000000078       0x20 /usr/lib/gcc/arm-none-eabi/9.2.1/../../../arm-none-eabi/lib/libc_nano.a(lib_a-memset.o)
 .debug_aranges
                0x0000000000000098       0x20 /usr/lib/gcc/arm-none-eabi/9.2.1/../../../arm-none-eabi/lib/libc_nano.a(lib_a-nano-mallocr.o)
 .debug_aranges
                0x00000000000000b8       0x20 /usr/lib/gcc/arm-none-eabi/9.2.1/../../../arm-none-eabi/lib/libc_nano.a(lib_a-nano-vfprintf.o)
 .debug_aranges
                0x00000000000000d8       0x20 /usr/lib/gcc/arm-none-eabi/9.2.1/../../../arm-none-eabi/lib/libc_nano.a(lib_a-nano-vfprintf_i.o)
 .debug_aranges
                0x00000000000000f8       0x20 /usr/lib/gcc/arm-none-eabi/9.2.1/../../../arm-none-eabi/lib/libc_nano.a(lib_a-sbrkr.o)
 .debug_aranges
                0x0000000000000118       0x20 /usr/lib/gcc/arm-none-eabi/9.2.1/../../../arm-none-eabi/lib/libc_nano.a(lib_a-stdio.o)
 .debug_aranges
                0x0000000000000138       0x20 /usr/lib/gcc/arm-none-eabi/9.2.1/../../../arm-none-eabi/lib/libc_nano.a(lib_a-wbuf.o)
 .debug_aranges
                0x0000000000000158       0x20 /usr/lib/gcc/arm-none-eabi/9.2.1/../../../arm-none-eabi/lib/libc_nano.a(lib_a-writer.o)
 .debug_aranges
                0x0000000000000178       0x20 /usr/lib/gcc/arm-none-eabi/9.2.1/../../../arm-none-eabi/lib/libc_nano.a(lib_a-wsetup.o)
 .debug_aranges
                0x0000000000000198       0x20 /usr/lib/gcc/arm-none-eabi/9.2.1/../../../arm-none-eabi/lib/libc_nano.a(lib_a-closer.o)
 .debug_aranges
                0x00000000000001b8       0x20 /usr/lib/gcc/arm-none-eabi/9.2.1/../../../arm-none-eabi/lib/libc_nano.a(lib_a-fflush.o)
 .debug_aranges
                0x00000000000001d8       0x20 /usr/lib/gcc/arm-none-eabi/9.2.1/../../../arm-none-eabi/lib/libc_nano.a(lib_a-fvwrite.o)
 .debug_aranges
                0x00000000000001f8       0x20 /usr/lib/gcc/arm-none-eabi/9.2.1/../../../arm-none-eabi/lib/libc_nano.a(lib_a-lseekr.o)
 .debug_aranges
                0x0000000000000218       0x20 /usr/lib/gcc/arm-none-eabi/9.2.1/../../../arm-none-eabi/lib/libc_nano.a(lib_a-makebuf.o)
 .debug_aranges
                0x0000000000000238       0x20 /usr/lib/gcc/arm-none-eabi/9.2.1/../../../arm-none-eabi/lib/libc_nano.a(lib_a-memchr-stub.o)
 .debug_aranges
                0x0000000000000258       0x20 /usr/lib/gcc/arm-none-eabi/9.2.1/../../../arm-none-eabi/lib/libc_nano.a(lib_a-memcpy-stub.o)
 .debug_aranges
                0x0000000000000278       0x20 /usr/lib/gcc/arm-none-eabi/9.2.1/../../../arm-none-eabi/lib/libc_nano.a(lib_a-memmove.o)
 .debug_aranges
                0x0000000000000298       0x20 /usr/lib/gcc/arm-none-eabi/9.2.1/../../../arm-none-eabi/lib/libc_nano.a(lib_a-mlock.o)
 .debug_aranges
                0x00000000000002b8       0x20 /usr/lib/gcc/arm-none-eabi/9.2.1/../../../arm-none-eabi/lib/libc_nano.a(lib_a-nano-freer.o)
 .debug_aranges
                0x00000000000002d8       0x20 /usr/lib/gcc/arm-none-eabi/9.2.1/../../../arm-none-eabi/lib/libc_nano.a(lib_a-nano-reallocr.o)
 .debug_aranges
                0x00000000000002f8       0x20 /usr/lib/gcc/arm-none-eabi/9.2.1/../../../arm-none-eabi/lib/libc_nano.a(lib_a-readr.o)
 .debug_aranges
                0x0000000000000318       0x20 /usr/lib/gcc/arm-none-eabi/9.2.1/../../../arm-none-eabi/lib/libc_nano.a(lib_a-reent.o)
 .debug_aranges
                0x0000000000000338       0x20 /usr/lib/gcc/arm-none-eabi/9.2.1/../../../arm-none-eabi/lib/libc_nano.a(lib_a-fstatr.o)
 .debug_aranges
                0x0000000000000358       0x20 /usr/lib/gcc/arm-none-eabi/9.2.1/../../../arm-none-eabi/lib/libc_nano.a(lib_a-isattyr.o)
 .debug_aranges
                0x0000000000000378       0x20 /usr/lib/gcc/arm-none-eabi/9.2.1/../../../arm-none-eabi/lib/libc_nano.a(lib_a-nano-msizer.o)
 .debug_aranges
                0x0000000000000398       0x20 /usr/lib/gcc/arm-none-eabi/9.2.1/libgcc.a(_udivsi3.o)
 .debug_aranges
                0x00000000000003b8       0x20 /usr/lib/gcc/arm-none-eabi/9.2.1/libgcc.a(_divsi3.o)
 .debug_aranges
                0x00000000000003d8       0x20 /usr/lib/gcc/arm-none-eabi/9.2.1/libgcc.a(_dvmd_tls.o)

.debug_pubnames
 *(.debug_pubnames)

.debug_info     0x0000000000000000    0x17633
 *(.debug_info .gnu.linkonce.wi.*)
 .debug_info    0x0000000000000000      0xc67 /usr/lib/gcc/arm-none-eabi/9.2.1/../../../arm-none-eabi/lib/libc_nano.a(lib_a-printf.o)
 .debug_info    0x0000000000000c67     0x11a8 /usr/lib/gcc/arm-none-eabi/9.2.1/../../../arm-none-eabi/lib/libc_nano.a(lib_a-findfp.o)
 .debug_info    0x0000000000001e0f      0xca4 /usr/lib/gcc/arm-none-eabi/9.2.1/../../../arm-none-eabi/lib/libc_nano.a(lib_a-fwalk.o)
 .debug_info    0x0000000000002ab3      0x92a /usr/lib/gcc/arm-none-eabi/9.2.1/../../../arm-none-eabi/lib/libc_nano.a(lib_a-impure.o)
 .debug_info    0x00000000000033dd      0xf21 /usr/lib/gcc/arm-none-eabi/9.2.1/../../../arm-none-eabi/lib/libc_nano.a(lib_a-memset.o)
 .debug_info    0x00000000000042fe      0xc92 /usr/lib/gcc/arm-none-eabi/9.2.1/../../../arm-none-eabi/lib/libc_nano.a(lib_a-nano-mallocr.o)
 .debug_info    0x0000000000004f90     0x1769 /usr/lib/gcc/arm-none-eabi/9.2.1/../../../arm-none-eabi/lib/libc_nano.a(lib_a-nano-vfprintf.o)
 .debug_info    0x00000000000066f9     0x1591 /usr/lib/gcc/arm-none-eabi/9.2.1/../../../arm-none-eabi/lib/libc_nano.a(lib_a-nano-vfprintf_i.o)
 .debug_info    0x0000000000007c8a      0x9fb /usr/lib/gcc/arm-none-eabi/9.2.1/../../../arm-none-eabi/lib/libc_nano.a(lib_a-sbrkr.o)
 .debug_info    0x0000000000008685      0xe6c /usr/lib/gcc/arm-none-eabi/9.2.1/../../../arm-none-eabi/lib/libc_nano.a(lib_a-stdio.o)
 .debug_info    0x00000000000094f1      0xc90 /usr/lib/gcc/arm-none-eabi/9.2.1/../../../arm-none-eabi/lib/libc_nano.a(lib_a-wbuf.o)
 .debug_info    0x000000000000a181      0xa2d /usr/lib/gcc/arm-none-eabi/9.2.1/../../../arm-none-eabi/lib/libc_nano.a(lib_a-writer.o)
 .debug_info    0x000000000000abae      0xbfa /usr/lib/gcc/arm-none-eabi/9.2.1/../../../arm-none-eabi/lib/libc_nano.a(lib_a-wsetup.o)
 .debug_info    0x000000000000b7a8      0x9d8 /usr/lib/gcc/arm-none-eabi/9.2.1/../../../arm-none-eabi/lib/libc_nano.a(lib_a-closer.o)
 .debug_info    0x000000000000c180      0xd7d /usr/lib/gcc/arm-none-eabi/9.2.1/../../../arm-none-eabi/lib/libc_nano.a(lib_a-fflush.o)
 .debug_info    0x000000000000cefd      0xee3 /usr/lib/gcc/arm-none-eabi/9.2.1/../../../arm-none-eabi/lib/libc_nano.a(lib_a-fvwrite.o)
 .debug_info    0x000000000000dde0      0xa0e /usr/lib/gcc/arm-none-eabi/9.2.1/../../../arm-none-eabi/lib/libc_nano.a(lib_a-lseekr.o)
 .debug_info    0x000000000000e7ee      0xf62 /usr/lib/gcc/arm-none-eabi/9.2.1/../../../arm-none-eabi/lib/libc_nano.a(lib_a-makebuf.o)
 .debug_info    0x000000000000f750      0x9e3 /usr/lib/gcc/arm-none-eabi/9.2.1/../../../arm-none-eabi/lib/libc_nano.a(lib_a-memchr-stub.o)
 .debug_info    0x0000000000010133      0xf35 /usr/lib/gcc/arm-none-eabi/9.2.1/../../../arm-none-eabi/lib/libc_nano.a(lib_a-memcpy-stub.o)
 .debug_info    0x0000000000011068      0xf2b /usr/lib/gcc/arm-none-eabi/9.2.1/../../../arm-none-eabi/lib/libc_nano.a(lib_a-memmove.o)
 .debug_info    0x0000000000011f93      0x961 /usr/lib/gcc/arm-none-eabi/9.2.1/../../../arm-none-eabi/lib/libc_nano.a(lib_a-mlock.o)
 .debug_info    0x00000000000128f4      0xb82 /usr/lib/gcc/arm-none-eabi/9.2.1/../../../arm-none-eabi/lib/libc_nano.a(lib_a-nano-freer.o)
 .debug_info    0x0000000000013476      0xb76 /usr/lib/gcc/arm-none-eabi/9.2.1/../../../arm-none-eabi/lib/libc_nano.a(lib_a-nano-reallocr.o)
 .debug_info    0x0000000000013fec      0xa26 /usr/lib/gcc/arm-none-eabi/9.2.1/../../../arm-none-eabi/lib/libc_nano.a(lib_a-readr.o)
 .debug_info    0x0000000000014a12      0xb0d /usr/lib/gcc/arm-none-eabi/9.2.1/../../../arm-none-eabi/lib/libc_nano.a(lib_a-reent.o)
 .debug_info    0x000000000001551f      0xc24 /usr/lib/gcc/arm-none-eabi/9.2.1/../../../arm-none-eabi/lib/libc_nano.a(lib_a-fstatr.o)
 .debug_info    0x0000000000016143      0x9d8 /usr/lib/gcc/arm-none-eabi/9.2.1/../../../arm-none-eabi/lib/libc_nano.a(lib_a-isattyr.o)
 .debug_info    0x0000000000016b1b      0xaa6 /usr/lib/gcc/arm-none-eabi/9.2.1/../../../arm-none-eabi/lib/libc_nano.a(lib_a-nano-msizer.o)
 .debug_info    0x00000000000175c1       0x26 /usr/lib/gcc/arm-none-eabi/9.2.1/libgcc.a(_udivsi3.o)
 .debug_info    0x00000000000175e7       0x26 /usr/lib/gcc/arm-none-eabi/9.2.1/libgcc.a(_divsi3.o)
 .debug_info    0x000000000001760d       0x26 /usr/lib/gcc/arm-none-eabi/9.2.1/libgcc.a(_dvmd_tls.o)

.debug_abbrev   0x0000000000000000     0x4279
 *(.debug_abbrev)
 .debug_abbrev  0x0000000000000000      0x29f /usr/lib/gcc/arm-none-eabi/9.2.1/../../../arm-none-eabi/lib/libc_nano.a(lib_a-printf.o)
 .debug_abbrev  0x000000000000029f      0x3d9 /usr/lib/gcc/arm-none-eabi/9.2.1/../../../arm-none-eabi/lib/libc_nano.a(lib_a-findfp.o)
 .debug_abbrev  0x0000000000000678      0x210 /usr/lib/gcc/arm-none-eabi/9.2.1/../../../arm-none-eabi/lib/libc_nano.a(lib_a-fwalk.o)
 .debug_abbrev  0x0000000000000888      0x17a /usr/lib/gcc/arm-none-eabi/9.2.1/../../../arm-none-eabi/lib/libc_nano.a(lib_a-impure.o)
 .debug_abbrev  0x0000000000000a02      0x1d9 /usr/lib/gcc/arm-none-eabi/9.2.1/../../../arm-none-eabi/lib/libc_nano.a(lib_a-memset.o)
 .debug_abbrev  0x0000000000000bdb      0x2d1 /usr/lib/gcc/arm-none-eabi/9.2.1/../../../arm-none-eabi/lib/libc_nano.a(lib_a-nano-mallocr.o)
 .debug_abbrev  0x0000000000000eac      0x329 /usr/lib/gcc/arm-none-eabi/9.2.1/../../../arm-none-eabi/lib/libc_nano.a(lib_a-nano-vfprintf.o)
 .debug_abbrev  0x00000000000011d5      0x30b /usr/lib/gcc/arm-none-eabi/9.2.1/../../../arm-none-eabi/lib/libc_nano.a(lib_a-nano-vfprintf_i.o)
 .debug_abbrev  0x00000000000014e0      0x212 /usr/lib/gcc/arm-none-eabi/9.2.1/../../../arm-none-eabi/lib/libc_nano.a(lib_a-sbrkr.o)
 .debug_abbrev  0x00000000000016f2      0x24f /usr/lib/gcc/arm-none-eabi/9.2.1/../../../arm-none-eabi/lib/libc_nano.a(lib_a-stdio.o)
 .debug_abbrev  0x0000000000001941      0x285 /usr/lib/gcc/arm-none-eabi/9.2.1/../../../arm-none-eabi/lib/libc_nano.a(lib_a-wbuf.o)
 .debug_abbrev  0x0000000000001bc6      0x1ec /usr/lib/gcc/arm-none-eabi/9.2.1/../../../arm-none-eabi/lib/libc_nano.a(lib_a-writer.o)
 .debug_abbrev  0x0000000000001db2      0x23a /usr/lib/gcc/arm-none-eabi/9.2.1/../../../arm-none-eabi/lib/libc_nano.a(lib_a-wsetup.o)
 .debug_abbrev  0x0000000000001fec      0x1e7 /usr/lib/gcc/arm-none-eabi/9.2.1/../../../arm-none-eabi/lib/libc_nano.a(lib_a-closer.o)
 .debug_abbrev  0x00000000000021d3      0x2ef /usr/lib/gcc/arm-none-eabi/9.2.1/../../../arm-none-eabi/lib/libc_nano.a(lib_a-fflush.o)
 .debug_abbrev  0x00000000000024c2      0x27b /usr/lib/gcc/arm-none-eabi/9.2.1/../../../arm-none-eabi/lib/libc_nano.a(lib_a-fvwrite.o)
 .debug_abbrev  0x000000000000273d      0x1fb /usr/lib/gcc/arm-none-eabi/9.2.1/../../../arm-none-eabi/lib/libc_nano.a(lib_a-lseekr.o)
 .debug_abbrev  0x0000000000002938      0x2f6 /usr/lib/gcc/arm-none-eabi/9.2.1/../../../arm-none-eabi/lib/libc_nano.a(lib_a-makebuf.o)
 .debug_abbrev  0x0000000000002c2e      0x1d7 /usr/lib/gcc/arm-none-eabi/9.2.1/../../../arm-none-eabi/lib/libc_nano.a(lib_a-memchr-stub.o)
 .debug_abbrev  0x0000000000002e05      0x1e5 /usr/lib/gcc/arm-none-eabi/9.2.1/../../../arm-none-eabi/lib/libc_nano.a(lib_a-memcpy-stub.o)
 .debug_abbrev  0x0000000000002fea      0x1de /usr/lib/gcc/arm-none-eabi/9.2.1/../../../arm-none-eabi/lib/libc_nano.a(lib_a-memmove.o)
 .debug_abbrev  0x00000000000031c8      0x1c5 /usr/lib/gcc/arm-none-eabi/9.2.1/../../../arm-none-eabi/lib/libc_nano.a(lib_a-mlock.o)
 .debug_abbrev  0x000000000000338d      0x273 /usr/lib/gcc/arm-none-eabi/9.2.1/../../../arm-none-eabi/lib/libc_nano.a(lib_a-nano-freer.o)
 .debug_abbrev  0x0000000000003600      0x227 /usr/lib/gcc/arm-none-eabi/9.2.1/../../../arm-none-eabi/lib/libc_nano.a(lib_a-nano-reallocr.o)
 .debug_abbrev  0x0000000000003827      0x1e7 /usr/lib/gcc/arm-none-eabi/9.2.1/../../../arm-none-eabi/lib/libc_nano.a(lib_a-readr.o)
 .debug_abbrev  0x0000000000003a0e      0x268 /usr/lib/gcc/arm-none-eabi/9.2.1/../../../arm-none-eabi/lib/libc_nano.a(lib_a-reent.o)
 .debug_abbrev  0x0000000000003c76      0x1fb /usr/lib/gcc/arm-none-eabi/9.2.1/../../../arm-none-eabi/lib/libc_nano.a(lib_a-fstatr.o)
 .debug_abbrev  0x0000000000003e71      0x1e7 /usr/lib/gcc/arm-none-eabi/9.2.1/../../../arm-none-eabi/lib/libc_nano.a(lib_a-isattyr.o)
 .debug_abbrev  0x0000000000004058      0x1e5 /usr/lib/gcc/arm-none-eabi/9.2.1/../../../arm-none-eabi/lib/libc_nano.a(lib_a-nano-msizer.o)
 .debug_abbrev  0x000000000000423d       0x14 /usr/lib/gcc/arm-none-eabi/9.2.1/libgcc.a(_udivsi3.o)
 .debug_abbrev  0x0000000000004251       0x14 /usr/lib/gcc/arm-none-eabi/9.2.1/libgcc.a(_divsi3.o)
 .debug_abbrev  0x0000000000004265       0x14 /usr/lib/gcc/arm-none-eabi/9.2.1/libgcc.a(_dvmd_tls.o)

.debug_line     0x0000000000000000     0x5080
 *(.debug_line)
 .debug_line    0x0000000000000000      0x1f2 /usr/lib/gcc/arm-none-eabi/9.2.1/../../../arm-none-eabi/lib/libc_nano.a(lib_a-printf.o)
 .debug_line    0x00000000000001f2      0x5b5 /usr/lib/gcc/arm-none-eabi/9.2.1/../../../arm-none-eabi/lib/libc_nano.a(lib_a-findfp.o)
 .debug_line    0x00000000000007a7      0x26b /usr/lib/gcc/arm-none-eabi/9.2.1/../../../arm-none-eabi/lib/libc_nano.a(lib_a-fwalk.o)
 .debug_line    0x0000000000000a12       0xda /usr/lib/gcc/arm-none-eabi/9.2.1/../../../arm-none-eabi/lib/libc_nano.a(lib_a-impure.o)
 .debug_line    0x0000000000000aec      0x279 /usr/lib/gcc/arm-none-eabi/9.2.1/../../../arm-none-eabi/lib/libc_nano.a(lib_a-memset.o)
 .debug_line    0x0000000000000d65      0x2c4 /usr/lib/gcc/arm-none-eabi/9.2.1/../../../arm-none-eabi/lib/libc_nano.a(lib_a-nano-mallocr.o)
 .debug_line    0x0000000000001029      0x6e1 /usr/lib/gcc/arm-none-eabi/9.2.1/../../../arm-none-eabi/lib/libc_nano.a(lib_a-nano-vfprintf.o)
 .debug_line    0x000000000000170a      0x796 /usr/lib/gcc/arm-none-eabi/9.2.1/../../../arm-none-eabi/lib/libc_nano.a(lib_a-nano-vfprintf_i.o)
 .debug_line    0x0000000000001ea0      0x191 /usr/lib/gcc/arm-none-eabi/9.2.1/../../../arm-none-eabi/lib/libc_nano.a(lib_a-sbrkr.o)
 .debug_line    0x0000000000002031      0x253 /usr/lib/gcc/arm-none-eabi/9.2.1/../../../arm-none-eabi/lib/libc_nano.a(lib_a-stdio.o)
 .debug_line    0x0000000000002284      0x270 /usr/lib/gcc/arm-none-eabi/9.2.1/../../../arm-none-eabi/lib/libc_nano.a(lib_a-wbuf.o)
 .debug_line    0x00000000000024f4      0x187 /usr/lib/gcc/arm-none-eabi/9.2.1/../../../arm-none-eabi/lib/libc_nano.a(lib_a-writer.o)
 .debug_line    0x000000000000267b      0x2f3 /usr/lib/gcc/arm-none-eabi/9.2.1/../../../arm-none-eabi/lib/libc_nano.a(lib_a-wsetup.o)
 .debug_line    0x000000000000296e      0x185 /usr/lib/gcc/arm-none-eabi/9.2.1/../../../arm-none-eabi/lib/libc_nano.a(lib_a-closer.o)
 .debug_line    0x0000000000002af3      0x414 /usr/lib/gcc/arm-none-eabi/9.2.1/../../../arm-none-eabi/lib/libc_nano.a(lib_a-fflush.o)
 .debug_line    0x0000000000002f07      0x5d0 /usr/lib/gcc/arm-none-eabi/9.2.1/../../../arm-none-eabi/lib/libc_nano.a(lib_a-fvwrite.o)
 .debug_line    0x00000000000034d7      0x187 /usr/lib/gcc/arm-none-eabi/9.2.1/../../../arm-none-eabi/lib/libc_nano.a(lib_a-lseekr.o)
 .debug_line    0x000000000000365e      0x373 /usr/lib/gcc/arm-none-eabi/9.2.1/../../../arm-none-eabi/lib/libc_nano.a(lib_a-makebuf.o)
 .debug_line    0x00000000000039d1      0x209 /usr/lib/gcc/arm-none-eabi/9.2.1/../../../arm-none-eabi/lib/libc_nano.a(lib_a-memchr-stub.o)
 .debug_line    0x0000000000003bda      0x263 /usr/lib/gcc/arm-none-eabi/9.2.1/../../../arm-none-eabi/lib/libc_nano.a(lib_a-memcpy-stub.o)
 .debug_line    0x0000000000003e3d      0x290 /usr/lib/gcc/arm-none-eabi/9.2.1/../../../arm-none-eabi/lib/libc_nano.a(lib_a-memmove.o)
 .debug_line    0x00000000000040cd      0x134 /usr/lib/gcc/arm-none-eabi/9.2.1/../../../arm-none-eabi/lib/libc_nano.a(lib_a-mlock.o)
 .debug_line    0x0000000000004201      0x287 /usr/lib/gcc/arm-none-eabi/9.2.1/../../../arm-none-eabi/lib/libc_nano.a(lib_a-nano-freer.o)
 .debug_line    0x0000000000004488      0x1c5 /usr/lib/gcc/arm-none-eabi/9.2.1/../../../arm-none-eabi/lib/libc_nano.a(lib_a-nano-reallocr.o)
 .debug_line    0x000000000000464d      0x186 /usr/lib/gcc/arm-none-eabi/9.2.1/../../../arm-none-eabi/lib/libc_nano.a(lib_a-readr.o)
 .debug_line    0x00000000000047d3      0x266 /usr/lib/gcc/arm-none-eabi/9.2.1/../../../arm-none-eabi/lib/libc_nano.a(lib_a-reent.o)
 .debug_line    0x0000000000004a39      0x217 /usr/lib/gcc/arm-none-eabi/9.2.1/../../../arm-none-eabi/lib/libc_nano.a(lib_a-fstatr.o)
 .debug_line    0x0000000000004c50      0x186 /usr/lib/gcc/arm-none-eabi/9.2.1/../../../arm-none-eabi/lib/libc_nano.a(lib_a-isattyr.o)
 .debug_line    0x0000000000004dd6      0x15f /usr/lib/gcc/arm-none-eabi/9.2.1/../../../arm-none-eabi/lib/libc_nano.a(lib_a-nano-msizer.o)
 .debug_line    0x0000000000004f35       0x74 /usr/lib/gcc/arm-none-eabi/9.2.1/libgcc.a(_udivsi3.o)
 .debug_line    0x0000000000004fa9       0x80 /usr/lib/gcc/arm-none-eabi/9.2.1/libgcc.a(_divsi3.o)
 .debug_line    0x0000000000005029       0x57 /usr/lib/gcc/arm-none-eabi/9.2.1/libgcc.a(_dvmd_tls.o)

.debug_frame    0x0000000000000000      0xae8
 *(.debug_frame)
 .debug_frame   0x0000000000000000       0x7c /usr/lib/gcc/arm-none-eabi/9.2.1/../../../arm-none-eabi/lib/libc_nano.a(lib_a-printf.o)
 .debug_frame   0x000000000000007c      0x174 /usr/lib/gcc/arm-none-eabi/9.2.1/../../../arm-none-eabi/lib/libc_nano.a(lib_a-findfp.o)
 .debug_frame   0x00000000000001f0       0x80 /usr/lib/gcc/arm-none-eabi/9.2.1/../../../arm-none-eabi/lib/libc_nano.a(lib_a-fwalk.o)
 .debug_frame   0x0000000000000270       0x48 /usr/lib/gcc/arm-none-eabi/9.2.1/../../../arm-none-eabi/lib/libc_nano.a(lib_a-memset.o)
 .debug_frame   0x00000000000002b8       0x3c /usr/lib/gcc/arm-none-eabi/9.2.1/../../../arm-none-eabi/lib/libc_nano.a(lib_a-nano-mallocr.o)
 .debug_frame   0x00000000000002f4       0xdc /usr/lib/gcc/arm-none-eabi/9.2.1/../../../arm-none-eabi/lib/libc_nano.a(lib_a-nano-vfprintf.o)
 .debug_frame   0x00000000000003d0       0xa4 /usr/lib/gcc/arm-none-eabi/9.2.1/../../../arm-none-eabi/lib/libc_nano.a(lib_a-nano-vfprintf_i.o)
 .debug_frame   0x0000000000000474       0x3c /usr/lib/gcc/arm-none-eabi/9.2.1/../../../arm-none-eabi/lib/libc_nano.a(lib_a-sbrkr.o)
 .debug_frame   0x00000000000004b0       0xa0 /usr/lib/gcc/arm-none-eabi/9.2.1/../../../arm-none-eabi/lib/libc_nano.a(lib_a-stdio.o)
 .debug_frame   0x0000000000000550       0x58 /usr/lib/gcc/arm-none-eabi/9.2.1/../../../arm-none-eabi/lib/libc_nano.a(lib_a-wbuf.o)
 .debug_frame   0x00000000000005a8       0x34 /usr/lib/gcc/arm-none-eabi/9.2.1/../../../arm-none-eabi/lib/libc_nano.a(lib_a-writer.o)
 .debug_frame   0x00000000000005dc       0x40 /usr/lib/gcc/arm-none-eabi/9.2.1/../../../arm-none-eabi/lib/libc_nano.a(lib_a-wsetup.o)
 .debug_frame   0x000000000000061c       0x34 /usr/lib/gcc/arm-none-eabi/9.2.1/../../../arm-none-eabi/lib/libc_nano.a(lib_a-closer.o)
 .debug_frame   0x0000000000000650       0xa8 /usr/lib/gcc/arm-none-eabi/9.2.1/../../../arm-none-eabi/lib/libc_nano.a(lib_a-fflush.o)
 .debug_frame   0x00000000000006f8       0x70 /usr/lib/gcc/arm-none-eabi/9.2.1/../../../arm-none-eabi/lib/libc_nano.a(lib_a-fvwrite.o)
 .debug_frame   0x0000000000000768       0x34 /usr/lib/gcc/arm-none-eabi/9.2.1/../../../arm-none-eabi/lib/libc_nano.a(lib_a-lseekr.o)
 .debug_frame   0x000000000000079c       0x80 /usr/lib/gcc/arm-none-eabi/9.2.1/../../../arm-none-eabi/lib/libc_nano.a(lib_a-makebuf.o)
 .debug_frame   0x000000000000081c       0x38 /usr/lib/gcc/arm-none-eabi/9.2.1/../../../arm-none-eabi/lib/libc_nano.a(lib_a-memchr-stub.o)
 .debug_frame   0x0000000000000854       0x3c /usr/lib/gcc/arm-none-eabi/9.2.1/../../../arm-none-eabi/lib/libc_nano.a(lib_a-memcpy-stub.o)
 .debug_frame   0x0000000000000890       0x34 /usr/lib/gcc/arm-none-eabi/9.2.1/../../../arm-none-eabi/lib/libc_nano.a(lib_a-memmove.o)
 .debug_frame   0x00000000000008c4       0x30 /usr/lib/gcc/arm-none-eabi/9.2.1/../../../arm-none-eabi/lib/libc_nano.a(lib_a-mlock.o)
 .debug_frame   0x00000000000008f4       0x40 /usr/lib/gcc/arm-none-eabi/9.2.1/../../../arm-none-eabi/lib/libc_nano.a(lib_a-nano-freer.o)
 .debug_frame   0x0000000000000934       0x54 /usr/lib/gcc/arm-none-eabi/9.2.1/../../../arm-none-eabi/lib/libc_nano.a(lib_a-nano-reallocr.o)
 .debug_frame   0x0000000000000988       0x34 /usr/lib/gcc/arm-none-eabi/9.2.1/../../../arm-none-eabi/lib/libc_nano.a(lib_a-readr.o)
 .debug_frame   0x00000000000009bc       0x64 /usr/lib/gcc/arm-none-eabi/9.2.1/../../../arm-none-eabi/lib/libc_nano.a(lib_a-reent.o)
 .debug_frame   0x0000000000000a20       0x34 /usr/lib/gcc/arm-none-eabi/9.2.1/../../../arm-none-eabi/lib/libc_nano.a(lib_a-fstatr.o)
 .debug_frame   0x0000000000000a54       0x34 /usr/lib/gcc/arm-none-eabi/9.2.1/../../../arm-none-eabi/lib/libc_nano.a(lib_a-isattyr.o)
 .debug_frame   0x0000000000000a88       0x20 /usr/lib/gcc/arm-none-eabi/9.2.1/../../../arm-none-eabi/lib/libc_nano.a(lib_a-nano-msizer.o)
 .debug_frame   0x0000000000000aa8       0x20 /usr/lib/gcc/arm-none-eabi/9.2.1/libgcc.a(_udivsi3.o)
 .debug_frame   0x0000000000000ac8       0x20 /usr/lib/gcc/arm-none-eabi/9.2.1/libgcc.a(_divsi3.o)

.debug_str      0x0000000000000000     0x1668
 *(.debug_str)
 .debug_str     0x0000000000000000      0x654 /usr/lib/gcc/arm-none-eabi/9.2.1/../../../arm-none-eabi/lib/libc_nano.a(lib_a-printf.o)
                                        0x736 (size before relaxing)
 .debug_str     0x0000000000000654      0x197 /usr/lib/gcc/arm-none-eabi/9.2.1/../../../arm-none-eabi/lib/libc_nano.a(lib_a-findfp.o)
                                        0x87e (size before relaxing)
 .debug_str     0x00000000000007eb       0x38 /usr/lib/gcc/arm-none-eabi/9.2.1/../../../arm-none-eabi/lib/libc_nano.a(lib_a-fwalk.o)
                                        0x732 (size before relaxing)
 .debug_str     0x0000000000000823       0x83 /usr/lib/gcc/arm-none-eabi/9.2.1/../../../arm-none-eabi/lib/libc_nano.a(lib_a-impure.o)
                                        0x5bc (size before relaxing)
 .debug_str     0x00000000000008a6      0x2f8 /usr/lib/gcc/arm-none-eabi/9.2.1/../../../arm-none-eabi/lib/libc_nano.a(lib_a-memset.o)
                                        0x8e9 (size before relaxing)
 .debug_str     0x0000000000000b9e      0x173 /usr/lib/gcc/arm-none-eabi/9.2.1/../../../arm-none-eabi/lib/libc_nano.a(lib_a-nano-mallocr.o)
                                        0x703 (size before relaxing)
 .debug_str     0x0000000000000d11      0x1b0 /usr/lib/gcc/arm-none-eabi/9.2.1/../../../arm-none-eabi/lib/libc_nano.a(lib_a-nano-vfprintf.o)
                                        0xc08 (size before relaxing)
 .debug_str     0x0000000000000ec1       0x8b /usr/lib/gcc/arm-none-eabi/9.2.1/../../../arm-none-eabi/lib/libc_nano.a(lib_a-nano-vfprintf_i.o)
                                        0xb86 (size before relaxing)
 .debug_str     0x0000000000000f4c       0x3e /usr/lib/gcc/arm-none-eabi/9.2.1/../../../arm-none-eabi/lib/libc_nano.a(lib_a-sbrkr.o)
                                        0x5ff (size before relaxing)
 .debug_str     0x0000000000000f8a       0x89 /usr/lib/gcc/arm-none-eabi/9.2.1/../../../arm-none-eabi/lib/libc_nano.a(lib_a-stdio.o)
                                        0x786 (size before relaxing)
 .debug_str     0x0000000000001013       0x3a /usr/lib/gcc/arm-none-eabi/9.2.1/../../../arm-none-eabi/lib/libc_nano.a(lib_a-wbuf.o)
                                        0x745 (size before relaxing)
 .debug_str     0x000000000000104d       0x2a /usr/lib/gcc/arm-none-eabi/9.2.1/../../../arm-none-eabi/lib/libc_nano.a(lib_a-writer.o)
                                        0x5fc (size before relaxing)
 .debug_str     0x0000000000001077       0x3f /usr/lib/gcc/arm-none-eabi/9.2.1/../../../arm-none-eabi/lib/libc_nano.a(lib_a-wsetup.o)
                                        0x740 (size before relaxing)
 .debug_str     0x00000000000010b6       0x2a /usr/lib/gcc/arm-none-eabi/9.2.1/../../../arm-none-eabi/lib/libc_nano.a(lib_a-closer.o)
                                        0x5ec (size before relaxing)
 .debug_str     0x00000000000010e0       0x4d /usr/lib/gcc/arm-none-eabi/9.2.1/../../../arm-none-eabi/lib/libc_nano.a(lib_a-fflush.o)
                                        0x76e (size before relaxing)
 .debug_str     0x000000000000112d       0x63 /usr/lib/gcc/arm-none-eabi/9.2.1/../../../arm-none-eabi/lib/libc_nano.a(lib_a-fvwrite.o)
                                        0x7bf (size before relaxing)
 .debug_str     0x0000000000001190       0x31 /usr/lib/gcc/arm-none-eabi/9.2.1/../../../arm-none-eabi/lib/libc_nano.a(lib_a-lseekr.o)
                                        0x5fa (size before relaxing)
 .debug_str     0x00000000000011c1      0x163 /usr/lib/gcc/arm-none-eabi/9.2.1/../../../arm-none-eabi/lib/libc_nano.a(lib_a-makebuf.o)
                                        0x8b3 (size before relaxing)
 .debug_str     0x0000000000001324       0xa5 /usr/lib/gcc/arm-none-eabi/9.2.1/../../../arm-none-eabi/lib/libc_nano.a(lib_a-memchr-stub.o)
                                        0x5ec (size before relaxing)
 .debug_str     0x00000000000013c9       0x5f /usr/lib/gcc/arm-none-eabi/9.2.1/../../../arm-none-eabi/lib/libc_nano.a(lib_a-memcpy-stub.o)
                                        0x90e (size before relaxing)
 .debug_str     0x0000000000001428       0x35 /usr/lib/gcc/arm-none-eabi/9.2.1/../../../arm-none-eabi/lib/libc_nano.a(lib_a-memmove.o)
                                        0x908 (size before relaxing)
 .debug_str     0x000000000000145d       0x43 /usr/lib/gcc/arm-none-eabi/9.2.1/../../../arm-none-eabi/lib/libc_nano.a(lib_a-mlock.o)
                                        0x5e8 (size before relaxing)
 .debug_str     0x00000000000014a0       0x24 /usr/lib/gcc/arm-none-eabi/9.2.1/../../../arm-none-eabi/lib/libc_nano.a(lib_a-nano-freer.o)
                                        0x6ec (size before relaxing)
 .debug_str     0x00000000000014c4       0x23 /usr/lib/gcc/arm-none-eabi/9.2.1/../../../arm-none-eabi/lib/libc_nano.a(lib_a-nano-reallocr.o)
                                        0x6e9 (size before relaxing)
 .debug_str     0x00000000000014e7       0x29 /usr/lib/gcc/arm-none-eabi/9.2.1/../../../arm-none-eabi/lib/libc_nano.a(lib_a-readr.o)
                                        0x5fa (size before relaxing)
 .debug_str     0x0000000000001510       0x55 /usr/lib/gcc/arm-none-eabi/9.2.1/../../../arm-none-eabi/lib/libc_nano.a(lib_a-reent.o)
                                        0x5f8 (size before relaxing)
 .debug_str     0x0000000000001565       0x37 /usr/lib/gcc/arm-none-eabi/9.2.1/../../../arm-none-eabi/lib/libc_nano.a(lib_a-fstatr.o)
                                        0x75a (size before relaxing)
 .debug_str     0x000000000000159c       0x33 /usr/lib/gcc/arm-none-eabi/9.2.1/../../../arm-none-eabi/lib/libc_nano.a(lib_a-isattyr.o)
                                        0x5f6 (size before relaxing)
 .debug_str     0x00000000000015cf        0xf /usr/lib/gcc/arm-none-eabi/9.2.1/../../../arm-none-eabi/lib/libc_nano.a(lib_a-nano-msizer.o)
                                        0x6c7 (size before relaxing)
 .debug_str     0x00000000000015de       0x8a /usr/lib/gcc/arm-none-eabi/9.2.1/libgcc.a(_udivsi3.o)
 .debug_str     0x0000000000001668       0x8a /usr/lib/gcc/arm-none-eabi/9.2.1/libgcc.a(_divsi3.o)
 .debug_str     0x0000000000001668       0x8a /usr/lib/gcc/arm-none-eabi/9.2.1/libgcc.a(_dvmd_tls.o)

.debug_loc      0x0000000000000000     0x4193
 *(.debug_loc)
 .debug_loc     0x0000000000000000       0x98 /usr/lib/gcc/arm-none-eabi/9.2.1/../../../arm-none-eabi/lib/libc_nano.a(lib_a-printf.o)
 .debug_loc     0x0000000000000098      0x34f /usr/lib/gcc/arm-none-eabi/9.2.1/../../../arm-none-eabi/lib/libc_nano.a(lib_a-findfp.o)
 .debug_loc     0x00000000000003e7      0x2d9 /usr/lib/gcc/arm-none-eabi/9.2.1/../../../arm-none-eabi/lib/libc_nano.a(lib_a-fwalk.o)
 .debug_loc     0x00000000000006c0      0x2a5 /usr/lib/gcc/arm-none-eabi/9.2.1/../../../arm-none-eabi/lib/libc_nano.a(lib_a-memset.o)
 .debug_loc     0x0000000000000965      0x379 /usr/lib/gcc/arm-none-eabi/9.2.1/../../../arm-none-eabi/lib/libc_nano.a(lib_a-nano-mallocr.o)
 .debug_loc     0x0000000000000cde      0x76c /usr/lib/gcc/arm-none-eabi/9.2.1/../../../arm-none-eabi/lib/libc_nano.a(lib_a-nano-vfprintf.o)
 .debug_loc     0x000000000000144a      0x868 /usr/lib/gcc/arm-none-eabi/9.2.1/../../../arm-none-eabi/lib/libc_nano.a(lib_a-nano-vfprintf_i.o)
 .debug_loc     0x0000000000001cb2       0x89 /usr/lib/gcc/arm-none-eabi/9.2.1/../../../arm-none-eabi/lib/libc_nano.a(lib_a-sbrkr.o)
 .debug_loc     0x0000000000001d3b      0x3db /usr/lib/gcc/arm-none-eabi/9.2.1/../../../arm-none-eabi/lib/libc_nano.a(lib_a-stdio.o)
 .debug_loc     0x0000000000002116      0x272 /usr/lib/gcc/arm-none-eabi/9.2.1/../../../arm-none-eabi/lib/libc_nano.a(lib_a-wbuf.o)
 .debug_loc     0x0000000000002388       0xd0 /usr/lib/gcc/arm-none-eabi/9.2.1/../../../arm-none-eabi/lib/libc_nano.a(lib_a-writer.o)
 .debug_loc     0x0000000000002458       0xfe /usr/lib/gcc/arm-none-eabi/9.2.1/../../../arm-none-eabi/lib/libc_nano.a(lib_a-wsetup.o)
 .debug_loc     0x0000000000002556       0x6c /usr/lib/gcc/arm-none-eabi/9.2.1/../../../arm-none-eabi/lib/libc_nano.a(lib_a-closer.o)
 .debug_loc     0x00000000000025c2      0x41c /usr/lib/gcc/arm-none-eabi/9.2.1/../../../arm-none-eabi/lib/libc_nano.a(lib_a-fflush.o)
 .debug_loc     0x00000000000029de      0x6cf /usr/lib/gcc/arm-none-eabi/9.2.1/../../../arm-none-eabi/lib/libc_nano.a(lib_a-fvwrite.o)
 .debug_loc     0x00000000000030ad       0xd0 /usr/lib/gcc/arm-none-eabi/9.2.1/../../../arm-none-eabi/lib/libc_nano.a(lib_a-lseekr.o)
 .debug_loc     0x000000000000317d      0x2bd /usr/lib/gcc/arm-none-eabi/9.2.1/../../../arm-none-eabi/lib/libc_nano.a(lib_a-makebuf.o)
 .debug_loc     0x000000000000343a      0x20f /usr/lib/gcc/arm-none-eabi/9.2.1/../../../arm-none-eabi/lib/libc_nano.a(lib_a-memchr-stub.o)
 .debug_loc     0x0000000000003649      0x1eb /usr/lib/gcc/arm-none-eabi/9.2.1/../../../arm-none-eabi/lib/libc_nano.a(lib_a-memcpy-stub.o)
 .debug_loc     0x0000000000003834      0x28a /usr/lib/gcc/arm-none-eabi/9.2.1/../../../arm-none-eabi/lib/libc_nano.a(lib_a-memmove.o)
 .debug_loc     0x0000000000003abe      0x17c /usr/lib/gcc/arm-none-eabi/9.2.1/../../../arm-none-eabi/lib/libc_nano.a(lib_a-nano-freer.o)
 .debug_loc     0x0000000000003c3a      0x1db /usr/lib/gcc/arm-none-eabi/9.2.1/../../../arm-none-eabi/lib/libc_nano.a(lib_a-nano-reallocr.o)
 .debug_loc     0x0000000000003e15       0xd0 /usr/lib/gcc/arm-none-eabi/9.2.1/../../../arm-none-eabi/lib/libc_nano.a(lib_a-readr.o)
 .debug_loc     0x0000000000003ee5      0x11e /usr/lib/gcc/arm-none-eabi/9.2.1/../../../arm-none-eabi/lib/libc_nano.a(lib_a-reent.o)
 .debug_loc     0x0000000000004003       0x9e /usr/lib/gcc/arm-none-eabi/9.2.1/../../../arm-none-eabi/lib/libc_nano.a(lib_a-fstatr.o)
 .debug_loc     0x00000000000040a1       0x6c /usr/lib/gcc/arm-none-eabi/9.2.1/../../../arm-none-eabi/lib/libc_nano.a(lib_a-isattyr.o)
 .debug_loc     0x000000000000410d       0x86 /usr/lib/gcc/arm-none-eabi/9.2.1/../../../arm-none-eabi/lib/libc_nano.a(lib_a-nano-msizer.o)

.debug_macinfo
 *(.debug_macinfo)

.debug_weaknames
 *(.debug_weaknames)

.debug_funcnames
 *(.debug_funcnames)

.debug_typenames
 *(.debug_typenames)

.debug_varnames
 *(.debug_varnames)
OUTPUT(hello.elf elf32-littlearm)
LOAD linker stubs

.debug_ranges   0x0000000000000000      0x2f8
 .debug_ranges  0x0000000000000000      0x128 /usr/lib/gcc/arm-none-eabi/9.2.1/../../../arm-none-eabi/lib/libc_nano.a(lib_a-findfp.o)
 .debug_ranges  0x0000000000000128       0x38 /usr/lib/gcc/arm-none-eabi/9.2.1/../../../arm-none-eabi/lib/libc_nano.a(lib_a-nano-mallocr.o)
 .debug_ranges  0x0000000000000160       0x38 /usr/lib/gcc/arm-none-eabi/9.2.1/../../../arm-none-eabi/lib/libc_nano.a(lib_a-nano-vfprintf.o)
 .debug_ranges  0x0000000000000198       0x80 /usr/lib/gcc/arm-none-eabi/9.2.1/../../../arm-none-eabi/lib/libc_nano.a(lib_a-nano-vfprintf_i.o)
 .debug_ranges  0x0000000000000218       0x28 /usr/lib/gcc/arm-none-eabi/9.2.1/../../../arm-none-eabi/lib/libc_nano.a(lib_a-wbuf.o)
 .debug_ranges  0x0000000000000240       0x28 /usr/lib/gcc/arm-none-eabi/9.2.1/../../../arm-none-eabi/lib/libc_nano.a(lib_a-wsetup.o)
 .debug_ranges  0x0000000000000268       0x38 /usr/lib/gcc/arm-none-eabi/9.2.1/../../../arm-none-eabi/lib/libc_nano.a(lib_a-fflush.o)
 .debug_ranges  0x00000000000002a0       0x28 /usr/lib/gcc/arm-none-eabi/9.2.1/../../../arm-none-eabi/lib/libc_nano.a(lib_a-fvwrite.o)
 .debug_ranges  0x00000000000002c8       0x18 /usr/lib/gcc/arm-none-eabi/9.2.1/../../../arm-none-eabi/lib/libc_nano.a(lib_a-makebuf.o)
 .debug_ranges  0x00000000000002e0       0x18 /usr/lib/gcc/arm-none-eabi/9.2.1/../../../arm-none-eabi/lib/libc_nano.a(lib_a-nano-freer.o)

Cross Reference Table

Symbol                                            File
__aeabi_idiv                                      /usr/lib/gcc/arm-none-eabi/9.2.1/libgcc.a(_divsi3.o)
                                                  /usr/lib/gcc/arm-none-eabi/9.2.1/../../../arm-none-eabi/lib/libc_nano.a(lib_a-fvwrite.o)
__aeabi_idiv0                                     /usr/lib/gcc/arm-none-eabi/9.2.1/libgcc.a(_dvmd_tls.o)
                                                  /usr/lib/gcc/arm-none-eabi/9.2.1/libgcc.a(_divsi3.o)
                                                  /usr/lib/gcc/arm-none-eabi/9.2.1/libgcc.a(_udivsi3.o)
__aeabi_idivmod                                   /usr/lib/gcc/arm-none-eabi/9.2.1/libgcc.a(_divsi3.o)
__aeabi_ldiv0                                     /usr/lib/gcc/arm-none-eabi/9.2.1/libgcc.a(_dvmd_tls.o)
__aeabi_uidiv                                     /usr/lib/gcc/arm-none-eabi/9.2.1/libgcc.a(_udivsi3.o)
__aeabi_uidivmod                                  /usr/lib/gcc/arm-none-eabi/9.2.1/libgcc.a(_udivsi3.o)
                                                  /usr/lib/gcc/arm-none-eabi/9.2.1/../../../arm-none-eabi/lib/libc_nano.a(lib_a-nano-vfprintf_i.o)
__bss_end__                                       startup.o
__bss_start__                                     startup.o
__divsi3                                          /usr/lib/gcc/arm-none-eabi/9.2.1/libgcc.a(_divsi3.o)
__fp_lock_all                                     /usr/lib/gcc/arm-none-eabi/9.2.1/../../../arm-none-eabi/lib/libc_nano.a(lib_a-findfp.o)
__fp_unlock_all                                   /usr/lib/gcc/arm-none-eabi/9.2.1/../../../arm-none-eabi/lib/libc_nano.a(lib_a-findfp.o)
__malloc_free_list                                /usr/lib/gcc/arm-none-eabi/9.2.1/../../../arm-none-eabi/lib/libc_nano.a(lib_a-nano-mallocr.o)
                                                  /usr/lib/gcc/arm-none-eabi/9.2.1/../../../arm-none-eabi/lib/libc_nano.a(lib_a-nano-freer.o)
__malloc_lock                                     /usr/lib/gcc/arm-none-eabi/9.2.1/../../../arm-none-eabi/lib/libc_nano.a(lib_a-mlock.o)
                                                  /usr/lib/gcc/arm-none-eabi/9.2.1/../../../arm-none-eabi/lib/libc_nano.a(lib_a-nano-freer.o)
                                                  /usr/lib/gcc/arm-none-eabi/9.2.1/../../../arm-none-eabi/lib/libc_nano.a(lib_a-nano-mallocr.o)
__malloc_sbrk_start                               /usr/lib/gcc/arm-none-eabi/9.2.1/../../../arm-none-eabi/lib/libc_nano.a(lib_a-nano-mallocr.o)
__malloc_unlock                                   /usr/lib/gcc/arm-none-eabi/9.2.1/../../../arm-none-eabi/lib/libc_nano.a(lib_a-mlock.o)
                                                  /usr/lib/gcc/arm-none-eabi/9.2.1/../../../arm-none-eabi/lib/libc_nano.a(lib_a-nano-freer.o)
                                                  /usr/lib/gcc/arm-none-eabi/9.2.1/../../../arm-none-eabi/lib/libc_nano.a(lib_a-nano-mallocr.o)
__sclose                                          /usr/lib/gcc/arm-none-eabi/9.2.1/../../../arm-none-eabi/lib/libc_nano.a(lib_a-stdio.o)
                                                  /usr/lib/gcc/arm-none-eabi/9.2.1/../../../arm-none-eabi/lib/libc_nano.a(lib_a-findfp.o)
__seofread                                        /usr/lib/gcc/arm-none-eabi/9.2.1/../../../arm-none-eabi/lib/libc_nano.a(lib_a-stdio.o)
__sf_fake_stderr                                  /usr/lib/gcc/arm-none-eabi/9.2.1/../../../arm-none-eabi/lib/libc_nano.a(lib_a-findfp.o)
                                                  /usr/lib/gcc/arm-none-eabi/9.2.1/../../../arm-none-eabi/lib/libc_nano.a(lib_a-fflush.o)
                                                  /usr/lib/gcc/arm-none-eabi/9.2.1/../../../arm-none-eabi/lib/libc_nano.a(lib_a-wsetup.o)
                                                  /usr/lib/gcc/arm-none-eabi/9.2.1/../../../arm-none-eabi/lib/libc_nano.a(lib_a-wbuf.o)
                                                  /usr/lib/gcc/arm-none-eabi/9.2.1/../../../arm-none-eabi/lib/libc_nano.a(lib_a-nano-vfprintf.o)
                                                  /usr/lib/gcc/arm-none-eabi/9.2.1/../../../arm-none-eabi/lib/libc_nano.a(lib_a-impure.o)
__sf_fake_stdin                                   /usr/lib/gcc/arm-none-eabi/9.2.1/../../../arm-none-eabi/lib/libc_nano.a(lib_a-findfp.o)
                                                  /usr/lib/gcc/arm-none-eabi/9.2.1/../../../arm-none-eabi/lib/libc_nano.a(lib_a-fflush.o)
                                                  /usr/lib/gcc/arm-none-eabi/9.2.1/../../../arm-none-eabi/lib/libc_nano.a(lib_a-wsetup.o)
                                                  /usr/lib/gcc/arm-none-eabi/9.2.1/../../../arm-none-eabi/lib/libc_nano.a(lib_a-wbuf.o)
                                                  /usr/lib/gcc/arm-none-eabi/9.2.1/../../../arm-none-eabi/lib/libc_nano.a(lib_a-nano-vfprintf.o)
                                                  /usr/lib/gcc/arm-none-eabi/9.2.1/../../../arm-none-eabi/lib/libc_nano.a(lib_a-impure.o)
__sf_fake_stdout                                  /usr/lib/gcc/arm-none-eabi/9.2.1/../../../arm-none-eabi/lib/libc_nano.a(lib_a-findfp.o)
                                                  /usr/lib/gcc/arm-none-eabi/9.2.1/../../../arm-none-eabi/lib/libc_nano.a(lib_a-fflush.o)
                                                  /usr/lib/gcc/arm-none-eabi/9.2.1/../../../arm-none-eabi/lib/libc_nano.a(lib_a-wsetup.o)
                                                  /usr/lib/gcc/arm-none-eabi/9.2.1/../../../arm-none-eabi/lib/libc_nano.a(lib_a-wbuf.o)
                                                  /usr/lib/gcc/arm-none-eabi/9.2.1/../../../arm-none-eabi/lib/libc_nano.a(lib_a-nano-vfprintf.o)
                                                  /usr/lib/gcc/arm-none-eabi/9.2.1/../../../arm-none-eabi/lib/libc_nano.a(lib_a-impure.o)
__sflush_r                                        /usr/lib/gcc/arm-none-eabi/9.2.1/../../../arm-none-eabi/lib/libc_nano.a(lib_a-fflush.o)
__sfmoreglue                                      /usr/lib/gcc/arm-none-eabi/9.2.1/../../../arm-none-eabi/lib/libc_nano.a(lib_a-findfp.o)
__sfp                                             /usr/lib/gcc/arm-none-eabi/9.2.1/../../../arm-none-eabi/lib/libc_nano.a(lib_a-findfp.o)
__sfp_lock_acquire                                /usr/lib/gcc/arm-none-eabi/9.2.1/../../../arm-none-eabi/lib/libc_nano.a(lib_a-findfp.o)
__sfp_lock_release                                /usr/lib/gcc/arm-none-eabi/9.2.1/../../../arm-none-eabi/lib/libc_nano.a(lib_a-findfp.o)
__sfputs_r                                        /usr/lib/gcc/arm-none-eabi/9.2.1/../../../arm-none-eabi/lib/libc_nano.a(lib_a-nano-vfprintf.o)
__sfvwrite_r                                      /usr/lib/gcc/arm-none-eabi/9.2.1/../../../arm-none-eabi/lib/libc_nano.a(lib_a-fvwrite.o)
                                                  /usr/lib/gcc/arm-none-eabi/9.2.1/../../../arm-none-eabi/lib/libc_nano.a(lib_a-nano-vfprintf.o)
__sinit                                           /usr/lib/gcc/arm-none-eabi/9.2.1/../../../arm-none-eabi/lib/libc_nano.a(lib_a-findfp.o)
                                                  /usr/lib/gcc/arm-none-eabi/9.2.1/../../../arm-none-eabi/lib/libc_nano.a(lib_a-fflush.o)
                                                  /usr/lib/gcc/arm-none-eabi/9.2.1/../../../arm-none-eabi/lib/libc_nano.a(lib_a-wsetup.o)
                                                  /usr/lib/gcc/arm-none-eabi/9.2.1/../../../arm-none-eabi/lib/libc_nano.a(lib_a-wbuf.o)
                                                  /usr/lib/gcc/arm-none-eabi/9.2.1/../../../arm-none-eabi/lib/libc_nano.a(lib_a-nano-vfprintf.o)
                                                  /usr/lib/gcc/arm-none-eabi/9.2.1/../../../arm-none-eabi/lib/libc_nano.a(lib_a-printf.o)
__sinit_lock_acquire                              /usr/lib/gcc/arm-none-eabi/9.2.1/../../../arm-none-eabi/lib/libc_nano.a(lib_a-findfp.o)
__sinit_lock_release                              /usr/lib/gcc/arm-none-eabi/9.2.1/../../../arm-none-eabi/lib/libc_nano.a(lib_a-findfp.o)
__smakebuf_r                                      /usr/lib/gcc/arm-none-eabi/9.2.1/../../../arm-none-eabi/lib/libc_nano.a(lib_a-makebuf.o)
                                                  /usr/lib/gcc/arm-none-eabi/9.2.1/../../../arm-none-eabi/lib/libc_nano.a(lib_a-wsetup.o)
__sprint_r                                        /usr/lib/gcc/arm-none-eabi/9.2.1/../../../arm-none-eabi/lib/libc_nano.a(lib_a-nano-vfprintf.o)
__sread                                           /usr/lib/gcc/arm-none-eabi/9.2.1/../../../arm-none-eabi/lib/libc_nano.a(lib_a-stdio.o)
                                                  /usr/lib/gcc/arm-none-eabi/9.2.1/../../../arm-none-eabi/lib/libc_nano.a(lib_a-findfp.o)
__sseek                                           /usr/lib/gcc/arm-none-eabi/9.2.1/../../../arm-none-eabi/lib/libc_nano.a(lib_a-stdio.o)
                                                  /usr/lib/gcc/arm-none-eabi/9.2.1/../../../arm-none-eabi/lib/libc_nano.a(lib_a-findfp.o)
__stack_init                                      /tmp/hello.elf.oIFWXE.ltrans0.ltrans.o
                                                  stack.o (symbol from plugin)
__stacktop                                        /tmp/hello.elf.oIFWXE.ltrans0.ltrans.o
                                                  stack.o (symbol from plugin)
__swbuf                                           /usr/lib/gcc/arm-none-eabi/9.2.1/../../../arm-none-eabi/lib/libc_nano.a(lib_a-wbuf.o)
__swbuf_r                                         /usr/lib/gcc/arm-none-eabi/9.2.1/../../../arm-none-eabi/lib/libc_nano.a(lib_a-wbuf.o)
                                                  /usr/lib/gcc/arm-none-eabi/9.2.1/../../../arm-none-eabi/lib/libc_nano.a(lib_a-nano-vfprintf.o)
__swhatbuf_r                                      /usr/lib/gcc/arm-none-eabi/9.2.1/../../../arm-none-eabi/lib/libc_nano.a(lib_a-makebuf.o)
__swrite                                          /usr/lib/gcc/arm-none-eabi/9.2.1/../../../arm-none-eabi/lib/libc_nano.a(lib_a-stdio.o)
                                                  /usr/lib/gcc/arm-none-eabi/9.2.1/../../../arm-none-eabi/lib/libc_nano.a(lib_a-findfp.o)
__swsetup_r                                       /usr/lib/gcc/arm-none-eabi/9.2.1/../../../arm-none-eabi/lib/libc_nano.a(lib_a-wsetup.o)
                                                  /usr/lib/gcc/arm-none-eabi/9.2.1/../../../arm-none-eabi/lib/libc_nano.a(lib_a-fvwrite.o)
                                                  /usr/lib/gcc/arm-none-eabi/9.2.1/../../../arm-none-eabi/lib/libc_nano.a(lib_a-wbuf.o)
                                                  /usr/lib/gcc/arm-none-eabi/9.2.1/../../../arm-none-eabi/lib/libc_nano.a(lib_a-nano-vfprintf.o)
__udivsi3                                         /usr/lib/gcc/arm-none-eabi/9.2.1/libgcc.a(_udivsi3.o)
_cleanup                                          /usr/lib/gcc/arm-none-eabi/9.2.1/../../../arm-none-eabi/lib/libc_nano.a(lib_a-findfp.o)
_cleanup_r                                        /usr/lib/gcc/arm-none-eabi/9.2.1/../../../arm-none-eabi/lib/libc_nano.a(lib_a-findfp.o)
                                                  /usr/lib/gcc/arm-none-eabi/9.2.1/../../../arm-none-eabi/lib/libc_nano.a(lib_a-makebuf.o)
_close                                            /tmp/hello.elf.oIFWXE.ltrans0.ltrans.o
                                                  reloc.o (symbol from plugin)
                                                  /usr/lib/gcc/arm-none-eabi/9.2.1/../../../arm-none-eabi/lib/libc_nano.a(lib_a-closer.o)
_close_r                                          /usr/lib/gcc/arm-none-eabi/9.2.1/../../../arm-none-eabi/lib/libc_nano.a(lib_a-closer.o)
                                                  /usr/lib/gcc/arm-none-eabi/9.2.1/../../../arm-none-eabi/lib/libc_nano.a(lib_a-stdio.o)
_data                                             startup.o
_edata                                            startup.o
_end                                              /tmp/hello.elf.oIFWXE.ltrans0.ltrans.o
                                                  reloc.o (symbol from plugin)
_etext                                            startup.o
_fflush_r                                         /usr/lib/gcc/arm-none-eabi/9.2.1/../../../arm-none-eabi/lib/libc_nano.a(lib_a-fflush.o)
                                                  /usr/lib/gcc/arm-none-eabi/9.2.1/../../../arm-none-eabi/lib/libc_nano.a(lib_a-fvwrite.o)
                                                  /usr/lib/gcc/arm-none-eabi/9.2.1/../../../arm-none-eabi/lib/libc_nano.a(lib_a-wbuf.o)
                                                  /usr/lib/gcc/arm-none-eabi/9.2.1/../../../arm-none-eabi/lib/libc_nano.a(lib_a-findfp.o)
_free_r                                           /usr/lib/gcc/arm-none-eabi/9.2.1/../../../arm-none-eabi/lib/libc_nano.a(lib_a-nano-freer.o)
                                                  /usr/lib/gcc/arm-none-eabi/9.2.1/../../../arm-none-eabi/lib/libc_nano.a(lib_a-reent.o)
                                                  /usr/lib/gcc/arm-none-eabi/9.2.1/../../../arm-none-eabi/lib/libc_nano.a(lib_a-nano-reallocr.o)
                                                  /usr/lib/gcc/arm-none-eabi/9.2.1/../../../arm-none-eabi/lib/libc_nano.a(lib_a-fvwrite.o)
                                                  /usr/lib/gcc/arm-none-eabi/9.2.1/../../../arm-none-eabi/lib/libc_nano.a(lib_a-fflush.o)
                                                  /usr/lib/gcc/arm-none-eabi/9.2.1/../../../arm-none-eabi/lib/libc_nano.a(lib_a-wsetup.o)
_fstat                                            /tmp/hello.elf.oIFWXE.ltrans0.ltrans.o
                                                  reloc.o (symbol from plugin)
                                                  /usr/lib/gcc/arm-none-eabi/9.2.1/../../../arm-none-eabi/lib/libc_nano.a(lib_a-fstatr.o)
_fstat_r                                          /usr/lib/gcc/arm-none-eabi/9.2.1/../../../arm-none-eabi/lib/libc_nano.a(lib_a-fstatr.o)
                                                  /usr/lib/gcc/arm-none-eabi/9.2.1/../../../arm-none-eabi/lib/libc_nano.a(lib_a-makebuf.o)
_fwalk                                            /usr/lib/gcc/arm-none-eabi/9.2.1/../../../arm-none-eabi/lib/libc_nano.a(lib_a-fwalk.o)
                                                  /usr/lib/gcc/arm-none-eabi/9.2.1/../../../arm-none-eabi/lib/libc_nano.a(lib_a-findfp.o)
_fwalk_reent                                      /usr/lib/gcc/arm-none-eabi/9.2.1/../../../arm-none-eabi/lib/libc_nano.a(lib_a-fwalk.o)
                                                  /usr/lib/gcc/arm-none-eabi/9.2.1/../../../arm-none-eabi/lib/libc_nano.a(lib_a-fflush.o)
                                                  /usr/lib/gcc/arm-none-eabi/9.2.1/../../../arm-none-eabi/lib/libc_nano.a(lib_a-findfp.o)
_getpid                                           reloc.o (symbol from plugin)
_global_impure_ptr                                /usr/lib/gcc/arm-none-eabi/9.2.1/../../../arm-none-eabi/lib/libc_nano.a(lib_a-impure.o)
                                                  /usr/lib/gcc/arm-none-eabi/9.2.1/../../../arm-none-eabi/lib/libc_nano.a(lib_a-fflush.o)
                                                  /usr/lib/gcc/arm-none-eabi/9.2.1/../../../arm-none-eabi/lib/libc_nano.a(lib_a-findfp.o)
_impure_ptr                                       /usr/lib/gcc/arm-none-eabi/9.2.1/../../../arm-none-eabi/lib/libc_nano.a(lib_a-impure.o)
                                                  /usr/lib/gcc/arm-none-eabi/9.2.1/../../../arm-none-eabi/lib/libc_nano.a(lib_a-reent.o)
                                                  /usr/lib/gcc/arm-none-eabi/9.2.1/../../../arm-none-eabi/lib/libc_nano.a(lib_a-fflush.o)
                                                  /usr/lib/gcc/arm-none-eabi/9.2.1/../../../arm-none-eabi/lib/libc_nano.a(lib_a-wsetup.o)
                                                  /usr/lib/gcc/arm-none-eabi/9.2.1/../../../arm-none-eabi/lib/libc_nano.a(lib_a-wbuf.o)
                                                  /usr/lib/gcc/arm-none-eabi/9.2.1/../../../arm-none-eabi/lib/libc_nano.a(lib_a-nano-vfprintf.o)
                                                  /usr/lib/gcc/arm-none-eabi/9.2.1/../../../arm-none-eabi/lib/libc_nano.a(lib_a-findfp.o)
                                                  /usr/lib/gcc/arm-none-eabi/9.2.1/../../../arm-none-eabi/lib/libc_nano.a(lib_a-printf.o)
_iprintf_r                                        /usr/lib/gcc/arm-none-eabi/9.2.1/../../../arm-none-eabi/lib/libc_nano.a(lib_a-printf.o)
_isatty                                           /tmp/hello.elf.oIFWXE.ltrans0.ltrans.o
                                                  reloc.o (symbol from plugin)
                                                  /usr/lib/gcc/arm-none-eabi/9.2.1/../../../arm-none-eabi/lib/libc_nano.a(lib_a-isattyr.o)
_isatty_r                                         /usr/lib/gcc/arm-none-eabi/9.2.1/../../../arm-none-eabi/lib/libc_nano.a(lib_a-isattyr.o)
                                                  /usr/lib/gcc/arm-none-eabi/9.2.1/../../../arm-none-eabi/lib/libc_nano.a(lib_a-makebuf.o)
_kill                                             reloc.o (symbol from plugin)
_lseek                                            /tmp/hello.elf.oIFWXE.ltrans0.ltrans.o
                                                  reloc.o (symbol from plugin)
                                                  /usr/lib/gcc/arm-none-eabi/9.2.1/../../../arm-none-eabi/lib/libc_nano.a(lib_a-lseekr.o)
_lseek_r                                          /usr/lib/gcc/arm-none-eabi/9.2.1/../../../arm-none-eabi/lib/libc_nano.a(lib_a-lseekr.o)
                                                  /usr/lib/gcc/arm-none-eabi/9.2.1/../../../arm-none-eabi/lib/libc_nano.a(lib_a-stdio.o)
_malloc_r                                         /usr/lib/gcc/arm-none-eabi/9.2.1/../../../arm-none-eabi/lib/libc_nano.a(lib_a-nano-mallocr.o)
                                                  /usr/lib/gcc/arm-none-eabi/9.2.1/../../../arm-none-eabi/lib/libc_nano.a(lib_a-nano-reallocr.o)
                                                  /usr/lib/gcc/arm-none-eabi/9.2.1/../../../arm-none-eabi/lib/libc_nano.a(lib_a-makebuf.o)
                                                  /usr/lib/gcc/arm-none-eabi/9.2.1/../../../arm-none-eabi/lib/libc_nano.a(lib_a-fvwrite.o)
                                                  /usr/lib/gcc/arm-none-eabi/9.2.1/../../../arm-none-eabi/lib/libc_nano.a(lib_a-findfp.o)
_malloc_usable_size_r                             /usr/lib/gcc/arm-none-eabi/9.2.1/../../../arm-none-eabi/lib/libc_nano.a(lib_a-nano-msizer.o)
                                                  /usr/lib/gcc/arm-none-eabi/9.2.1/../../../arm-none-eabi/lib/libc_nano.a(lib_a-nano-reallocr.o)
_printf_common                                    /usr/lib/gcc/arm-none-eabi/9.2.1/../../../arm-none-eabi/lib/libc_nano.a(lib_a-nano-vfprintf_i.o)
_printf_float                                     /usr/lib/gcc/arm-none-eabi/9.2.1/../../../arm-none-eabi/lib/libc_nano.a(lib_a-nano-vfprintf.o)
_printf_i                                         /usr/lib/gcc/arm-none-eabi/9.2.1/../../../arm-none-eabi/lib/libc_nano.a(lib_a-nano-vfprintf_i.o)
                                                  /usr/lib/gcc/arm-none-eabi/9.2.1/../../../arm-none-eabi/lib/libc_nano.a(lib_a-nano-vfprintf.o)
_printf_r                                         /usr/lib/gcc/arm-none-eabi/9.2.1/../../../arm-none-eabi/lib/libc_nano.a(lib_a-printf.o)
_read                                             /tmp/hello.elf.oIFWXE.ltrans0.ltrans.o
                                                  reloc.o (symbol from plugin)
                                                  /usr/lib/gcc/arm-none-eabi/9.2.1/../../../arm-none-eabi/lib/libc_nano.a(lib_a-readr.o)
_read_r                                           /usr/lib/gcc/arm-none-eabi/9.2.1/../../../arm-none-eabi/lib/libc_nano.a(lib_a-readr.o)
                                                  /usr/lib/gcc/arm-none-eabi/9.2.1/../../../arm-none-eabi/lib/libc_nano.a(lib_a-stdio.o)
_realloc_r                                        /usr/lib/gcc/arm-none-eabi/9.2.1/../../../arm-none-eabi/lib/libc_nano.a(lib_a-nano-reallocr.o)
                                                  /usr/lib/gcc/arm-none-eabi/9.2.1/../../../arm-none-eabi/lib/libc_nano.a(lib_a-fvwrite.o)
_reclaim_reent                                    /usr/lib/gcc/arm-none-eabi/9.2.1/../../../arm-none-eabi/lib/libc_nano.a(lib_a-reent.o)
_sbrk                                             /tmp/hello.elf.oIFWXE.ltrans0.ltrans.o
                                                  reloc.o (symbol from plugin)
                                                  /usr/lib/gcc/arm-none-eabi/9.2.1/../../../arm-none-eabi/lib/libc_nano.a(lib_a-sbrkr.o)
_sbrk_r                                           /usr/lib/gcc/arm-none-eabi/9.2.1/../../../arm-none-eabi/lib/libc_nano.a(lib_a-sbrkr.o)
                                                  /usr/lib/gcc/arm-none-eabi/9.2.1/../../../arm-none-eabi/lib/libc_nano.a(lib_a-nano-mallocr.o)
_startup                                          startup.o
_vfiprintf_r                                      /usr/lib/gcc/arm-none-eabi/9.2.1/../../../arm-none-eabi/lib/libc_nano.a(lib_a-nano-vfprintf.o)
_vfprintf_r                                       /usr/lib/gcc/arm-none-eabi/9.2.1/../../../arm-none-eabi/lib/libc_nano.a(lib_a-nano-vfprintf.o)
                                                  /usr/lib/gcc/arm-none-eabi/9.2.1/../../../arm-none-eabi/lib/libc_nano.a(lib_a-printf.o)
_write                                            /tmp/hello.elf.oIFWXE.ltrans0.ltrans.o
                                                  reloc.o (symbol from plugin)
                                                  /usr/lib/gcc/arm-none-eabi/9.2.1/../../../arm-none-eabi/lib/libc_nano.a(lib_a-writer.o)
_write_r                                          /usr/lib/gcc/arm-none-eabi/9.2.1/../../../arm-none-eabi/lib/libc_nano.a(lib_a-writer.o)
                                                  /usr/lib/gcc/arm-none-eabi/9.2.1/../../../arm-none-eabi/lib/libc_nano.a(lib_a-stdio.o)
cleanup_glue                                      /usr/lib/gcc/arm-none-eabi/9.2.1/../../../arm-none-eabi/lib/libc_nano.a(lib_a-reent.o)
eaInit                                            framework.o (symbol from plugin)
end                                               framework.o (symbol from plugin)
errno                                             /usr/lib/gcc/arm-none-eabi/9.2.1/../../../arm-none-eabi/lib/libc_nano.a(lib_a-reent.o)
                                                  /usr/lib/gcc/arm-none-eabi/9.2.1/../../../arm-none-eabi/lib/libc_nano.a(lib_a-isattyr.o)
                                                  /usr/lib/gcc/arm-none-eabi/9.2.1/../../../arm-none-eabi/lib/libc_nano.a(lib_a-fstatr.o)
                                                  /usr/lib/gcc/arm-none-eabi/9.2.1/../../../arm-none-eabi/lib/libc_nano.a(lib_a-readr.o)
                                                  /usr/lib/gcc/arm-none-eabi/9.2.1/../../../arm-none-eabi/lib/libc_nano.a(lib_a-lseekr.o)
                                                  /usr/lib/gcc/arm-none-eabi/9.2.1/../../../arm-none-eabi/lib/libc_nano.a(lib_a-closer.o)
                                                  /usr/lib/gcc/arm-none-eabi/9.2.1/../../../arm-none-eabi/lib/libc_nano.a(lib_a-writer.o)
                                                  /usr/lib/gcc/arm-none-eabi/9.2.1/../../../arm-none-eabi/lib/libc_nano.a(lib_a-sbrkr.o)
exceptionHandlerInit                              /tmp/hello.elf.oIFWXE.ltrans0.ltrans.o
                                                  framework.o (symbol from plugin)
                                                  startup.o
fflush                                            /usr/lib/gcc/arm-none-eabi/9.2.1/../../../arm-none-eabi/lib/libc_nano.a(lib_a-fflush.o)
getkey                                            reloc.o (symbol from plugin)
iprintf                                           /usr/lib/gcc/arm-none-eabi/9.2.1/../../../arm-none-eabi/lib/libc_nano.a(lib_a-printf.o)
lowLevelInit                                      /tmp/hello.elf.oIFWXE.ltrans0.ltrans.o
                                                  framework.o (symbol from plugin)
                                                  startup.o
main                                              /tmp/hello.elf.oIFWXE.ltrans0.ltrans.o
                                                  main.o (symbol from plugin)
                                                  startup.o
memchr                                            /usr/lib/gcc/arm-none-eabi/9.2.1/../../../arm-none-eabi/lib/libc_nano.a(lib_a-memchr-stub.o)
                                                  /usr/lib/gcc/arm-none-eabi/9.2.1/../../../arm-none-eabi/lib/libc_nano.a(lib_a-fvwrite.o)
                                                  /usr/lib/gcc/arm-none-eabi/9.2.1/../../../arm-none-eabi/lib/libc_nano.a(lib_a-nano-vfprintf_i.o)
                                                  /usr/lib/gcc/arm-none-eabi/9.2.1/../../../arm-none-eabi/lib/libc_nano.a(lib_a-nano-vfprintf.o)
memcpy                                            /usr/lib/gcc/arm-none-eabi/9.2.1/../../../arm-none-eabi/lib/libc_nano.a(lib_a-memcpy-stub.o)
                                                  /usr/lib/gcc/arm-none-eabi/9.2.1/../../../arm-none-eabi/lib/libc_nano.a(lib_a-nano-reallocr.o)
                                                  /usr/lib/gcc/arm-none-eabi/9.2.1/../../../arm-none-eabi/lib/libc_nano.a(lib_a-fvwrite.o)
memmove                                           /usr/lib/gcc/arm-none-eabi/9.2.1/../../../arm-none-eabi/lib/libc_nano.a(lib_a-memmove.o)
                                                  /usr/lib/gcc/arm-none-eabi/9.2.1/../../../arm-none-eabi/lib/libc_nano.a(lib_a-fvwrite.o)
memset                                            /usr/lib/gcc/arm-none-eabi/9.2.1/../../../arm-none-eabi/lib/libc_nano.a(lib_a-memset.o)
                                                  /usr/lib/gcc/arm-none-eabi/9.2.1/../../../arm-none-eabi/lib/libc_nano.a(lib_a-findfp.o)
pHeapEnd                                          framework.o (symbol from plugin)
pHeapStart                                        framework.o (symbol from plugin)
printf                                            /usr/lib/gcc/arm-none-eabi/9.2.1/../../../arm-none-eabi/lib/libc_nano.a(lib_a-printf.o)
                                                  /tmp/hello.elf.oIFWXE.ltrans0.ltrans.o
                                                  framework.o (symbol from plugin)
                                                  main.o (symbol from plugin)
sendchar                                          reloc.o (symbol from plugin)
timeval                                           framework.o (symbol from plugin)
                                                  main.o (symbol from plugin)
vfiprintf                                         /usr/lib/gcc/arm-none-eabi/9.2.1/../../../arm-none-eabi/lib/libc_nano.a(lib_a-nano-vfprintf.o)
vfprintf                                          /usr/lib/gcc/arm-none-eabi/9.2.1/../../../arm-none-eabi/lib/libc_nano.a(lib_a-nano-vfprintf.o)
