Archive member included to satisfy reference by file (symbol)

/usr/lib/gcc/arm-none-eabi/9.2.1/../../../arm-none-eabi/lib/libc_nano.a(lib_a-atexit.o)
                              /usr/lib/gcc/arm-none-eabi/9.2.1/../../../arm-none-eabi/lib/crt0.o (atexit)
/usr/lib/gcc/arm-none-eabi/9.2.1/../../../arm-none-eabi/lib/libc_nano.a(lib_a-exit.o)
                              /usr/lib/gcc/arm-none-eabi/9.2.1/../../../arm-none-eabi/lib/crt0.o (exit)
/usr/lib/gcc/arm-none-eabi/9.2.1/../../../arm-none-eabi/lib/libc_nano.a(lib_a-fini.o)
                              /usr/lib/gcc/arm-none-eabi/9.2.1/../../../arm-none-eabi/lib/crt0.o (__libc_fini_array)
/usr/lib/gcc/arm-none-eabi/9.2.1/../../../arm-none-eabi/lib/libc_nano.a(lib_a-impure.o)
                              /usr/lib/gcc/arm-none-eabi/9.2.1/../../../arm-none-eabi/lib/libc_nano.a(lib_a-exit.o) (_global_impure_ptr)
/usr/lib/gcc/arm-none-eabi/9.2.1/../../../arm-none-eabi/lib/libc_nano.a(lib_a-init.o)
                              /usr/lib/gcc/arm-none-eabi/9.2.1/../../../arm-none-eabi/lib/crt0.o (__libc_init_array)
/usr/lib/gcc/arm-none-eabi/9.2.1/../../../arm-none-eabi/lib/libc_nano.a(lib_a-memset.o)
                              /usr/lib/gcc/arm-none-eabi/9.2.1/../../../arm-none-eabi/lib/crt0.o (memset)
/usr/lib/gcc/arm-none-eabi/9.2.1/../../../arm-none-eabi/lib/libc_nano.a(lib_a-nano-vfprintf_float.o)
                              (_printf_float)
/usr/lib/gcc/arm-none-eabi/9.2.1/../../../arm-none-eabi/lib/libc_nano.a(lib_a-nano-vfprintf_i.o)
                              /usr/lib/gcc/arm-none-eabi/9.2.1/../../../arm-none-eabi/lib/libc_nano.a(lib_a-nano-vfprintf_float.o) (_printf_common)
/usr/lib/gcc/arm-none-eabi/9.2.1/../../../arm-none-eabi/lib/libc_nano.a(lib_a-printf.o)
                              hello.o (printf)
/usr/lib/gcc/arm-none-eabi/9.2.1/../../../arm-none-eabi/lib/libc_nano.a(lib_a-puts.o)
                              hello.o (puts)
/usr/lib/gcc/arm-none-eabi/9.2.1/../../../arm-none-eabi/lib/libc_nano.a(lib_a-strlen-stub.o)
                              /usr/lib/gcc/arm-none-eabi/9.2.1/../../../arm-none-eabi/lib/libc_nano.a(lib_a-nano-vfprintf_float.o) (strlen)
/usr/lib/gcc/arm-none-eabi/9.2.1/../../../arm-none-eabi/lib/libc_nano.a(lib_a-wbuf.o)
                              /usr/lib/gcc/arm-none-eabi/9.2.1/../../../arm-none-eabi/lib/libc_nano.a(lib_a-puts.o) (__swbuf_r)
/usr/lib/gcc/arm-none-eabi/9.2.1/../../../arm-none-eabi/lib/libc_nano.a(lib_a-wsetup.o)
                              /usr/lib/gcc/arm-none-eabi/9.2.1/../../../arm-none-eabi/lib/libc_nano.a(lib_a-puts.o) (__swsetup_r)
/usr/lib/gcc/arm-none-eabi/9.2.1/../../../arm-none-eabi/lib/libc_nano.a(lib_a-__atexit.o)
                              /usr/lib/gcc/arm-none-eabi/9.2.1/../../../arm-none-eabi/lib/libc_nano.a(lib_a-atexit.o) (__register_exitproc)
/usr/lib/gcc/arm-none-eabi/9.2.1/../../../arm-none-eabi/lib/libc_nano.a(lib_a-__call_atexit.o)
                              /usr/lib/gcc/arm-none-eabi/9.2.1/../../../arm-none-eabi/lib/libc_nano.a(lib_a-__atexit.o) (__call_exitprocs)
/usr/lib/gcc/arm-none-eabi/9.2.1/../../../arm-none-eabi/lib/libc_nano.a(lib_a-dtoa.o)
                              /usr/lib/gcc/arm-none-eabi/9.2.1/../../../arm-none-eabi/lib/libc_nano.a(lib_a-nano-vfprintf_float.o) (_dtoa_r)
/usr/lib/gcc/arm-none-eabi/9.2.1/../../../arm-none-eabi/lib/libc_nano.a(lib_a-fflush.o)
                              /usr/lib/gcc/arm-none-eabi/9.2.1/../../../arm-none-eabi/lib/libc_nano.a(lib_a-wbuf.o) (_fflush_r)
/usr/lib/gcc/arm-none-eabi/9.2.1/../../../arm-none-eabi/lib/libc_nano.a(lib_a-findfp.o)
                              /usr/lib/gcc/arm-none-eabi/9.2.1/../../../arm-none-eabi/lib/libc_nano.a(lib_a-printf.o) (__sinit)
/usr/lib/gcc/arm-none-eabi/9.2.1/../../../arm-none-eabi/lib/libc_nano.a(lib_a-fwalk.o)
                              /usr/lib/gcc/arm-none-eabi/9.2.1/../../../arm-none-eabi/lib/libc_nano.a(lib_a-findfp.o) (_fwalk)
/usr/lib/gcc/arm-none-eabi/9.2.1/../../../arm-none-eabi/lib/libc_nano.a(lib_a-localeconv.o)
                              /usr/lib/gcc/arm-none-eabi/9.2.1/../../../arm-none-eabi/lib/libc_nano.a(lib_a-nano-vfprintf_float.o) (_localeconv_r)
/usr/lib/gcc/arm-none-eabi/9.2.1/../../../arm-none-eabi/lib/libc_nano.a(lib_a-makebuf.o)
                              /usr/lib/gcc/arm-none-eabi/9.2.1/../../../arm-none-eabi/lib/libc_nano.a(lib_a-wsetup.o) (__smakebuf_r)
/usr/lib/gcc/arm-none-eabi/9.2.1/../../../arm-none-eabi/lib/libc_nano.a(lib_a-malloc.o)
                              /usr/lib/gcc/arm-none-eabi/9.2.1/../../../arm-none-eabi/lib/libc_nano.a(lib_a-dtoa.o) (malloc)
/usr/lib/gcc/arm-none-eabi/9.2.1/../../../arm-none-eabi/lib/libc_nano.a(lib_a-memchr-stub.o)
                              /usr/lib/gcc/arm-none-eabi/9.2.1/../../../arm-none-eabi/lib/libc_nano.a(lib_a-nano-vfprintf_i.o) (memchr)
/usr/lib/gcc/arm-none-eabi/9.2.1/../../../arm-none-eabi/lib/libc_nano.a(lib_a-memcpy-stub.o)
[...]
Memory Configuration

Name             Origin             Length             Attributes
FLASH            0x0000000000000000 0x0000000000020000 xr
RAM              0x0000000040000000 0x0000000000004000 rw
*default*        0x0000000000000000 0xffffffffffffffff

Linker script and memory map

LOAD /usr/lib/gcc/arm-none-eabi/9.2.1/crti.o
LOAD /usr/lib/gcc/arm-none-eabi/9.2.1/crtbegin.o
LOAD /usr/lib/gcc/arm-none-eabi/9.2.1/../../../arm-none-eabi/lib/crt0.o
LOAD hello.o
LOAD startup.o
LOAD reloc.o
LOAD framework.o
LOAD stack.o
START GROUP
LOAD /usr/lib/gcc/arm-none-eabi/9.2.1/libgcc.a
LOAD /usr/lib/gcc/arm-none-eabi/9.2.1/../../../arm-none-eabi/lib/libc_nano.a
END GROUP
START GROUP
LOAD /usr/lib/gcc/arm-none-eabi/9.2.1/libgcc.a
LOAD /usr/lib/gcc/arm-none-eabi/9.2.1/../../../arm-none-eabi/lib/libc_nano.a
LOAD /usr/lib/gcc/arm-none-eabi/9.2.1/../../../arm-none-eabi/lib/libnosys.a
END GROUP
START GROUP
LOAD /usr/lib/gcc/arm-none-eabi/9.2.1/libgcc.a
LOAD /usr/lib/gcc/arm-none-eabi/9.2.1/../../../arm-none-eabi/lib/libc_nano.a
LOAD /usr/lib/gcc/arm-none-eabi/9.2.1/../../../arm-none-eabi/lib/libnosys.a
END GROUP
LOAD /usr/lib/gcc/arm-none-eabi/9.2.1/crtend.o
LOAD /usr/lib/gcc/arm-none-eabi/9.2.1/crtn.o
                0x0000000000001000                _heap_size = 0x1000
                0x0000000000000488                _stack_size = 0x488
                0x0000000040004000                _estack = (ORIGIN (RAM) + LENGTH (RAM))

.text           0x0000000000000000     0x7ed4
 *startup.o(.text)
 .text          0x0000000000000000      0x184 startup.o
                0x0000000000000000                _startup
 *(.text)
 .text          0x0000000000000184        0x0 /usr/lib/gcc/arm-none-eabi/9.2.1/crti.o
 .text          0x0000000000000184       0xdc /usr/lib/gcc/arm-none-eabi/9.2.1/crtbegin.o
 .text          0x0000000000000260      0x128 /usr/lib/gcc/arm-none-eabi/9.2.1/../../../arm-none-eabi/lib/crt0.o
                0x0000000000000260                _stack_init
                0x00000000000002e8                _mainCRTStartup
                0x00000000000002e8                _start
 .text          0x0000000000000388        0x0 hello.o
 .text          0x0000000000000388      0x16c reloc.o
                0x0000000000000388                clock
                0x0000000000000398                _clock_init
                0x00000000000003ac                sendchar
                0x00000000000003e8                getkey
                0x0000000000000400                _sbrk
                0x0000000000000430                _close
                0x0000000000000438                _fstat
                0x0000000000000448                _isatty
                0x0000000000000450                _lseek
                0x0000000000000458                _kill
                0x000000000000045c                _getpid
                0x0000000000000464                _write
                0x00000000000004ac                _read
 .text          0x00000000000004f4      0x140 framework.o
                0x00000000000005b4                exceptionHandlerInit
                0x000000000000062c                lowLevelInit
                0x0000000000000630                eaInit
 .text          0x0000000000000634        0x0 stack.o
 .text          0x0000000000000634       0x20 /usr/lib/gcc/arm-none-eabi/9.2.1/../../../arm-none-eabi/lib/libc_nano.a(lib_a-atexit.o)
                0x0000000000000634                atexit
 .text          0x0000000000000654       0x40 /usr/lib/gcc/arm-none-eabi/9.2.1/../../../arm-none-eabi/lib/libc_nano.a(lib_a-exit.o)
                0x0000000000000654                exit
 .text          0x0000000000000694       0x48 /usr/lib/gcc/arm-none-eabi/9.2.1/../../../arm-none-eabi/lib/libc_nano.a(lib_a-fini.o)
                0x0000000000000694                __libc_fini_array
 .text          0x00000000000006dc        0x0 /usr/lib/gcc/arm-none-eabi/9.2.1/../../../arm-none-eabi/lib/libc_nano.a(lib_a-impure.o)
 .text          0x00000000000006dc       0x88 /usr/lib/gcc/arm-none-eabi/9.2.1/../../../arm-none-eabi/lib/libc_nano.a(lib_a-init.o)
                0x00000000000006dc                __libc_init_array
 .text          0x0000000000000764      0x118 /usr/lib/gcc/arm-none-eabi/9.2.1/../../../arm-none-eabi/lib/libc_nano.a(lib_a-memset.o)
                0x0000000000000764                memset
 .text          0x000000000000087c      0xaa4 /usr/lib/gcc/arm-none-eabi/9.2.1/../../../arm-none-eabi/lib/libc_nano.a(lib_a-nano-vfprintf_float.o)
                0x000000000000087c                __cvt
                0x0000000000000a0c                __exponent
                0x0000000000000ae4                _printf_float
 .text          0x0000000000001320      0x5f4 /usr/lib/gcc/arm-none-eabi/9.2.1/../../../arm-none-eabi/lib/libc_nano.a(lib_a-nano-vfprintf_i.o)
                0x0000000000001320                _printf_common
                0x00000000000014f4                _printf_i
 .text          0x0000000000001914       0xb8 /usr/lib/gcc/arm-none-eabi/9.2.1/../../../arm-none-eabi/lib/libc_nano.a(lib_a-printf.o)
                0x0000000000001914                _printf_r
                0x0000000000001914                _iprintf_r
                0x0000000000001968                printf
                0x0000000000001968                iprintf
 .text          0x00000000000019cc      0x180 /usr/lib/gcc/arm-none-eabi/9.2.1/../../../arm-none-eabi/lib/libc_nano.a(lib_a-puts.o)
                0x00000000000019cc                _puts_r
                0x0000000000001b38                puts
 .text          0x0000000000001b4c       0x60 /usr/lib/gcc/arm-none-eabi/9.2.1/../../../arm-none-eabi/lib/libc_nano.a(lib_a-strlen-stub.o)
                0x0000000000001b4c                strlen
 .text          0x0000000000001bac      0x160 /usr/lib/gcc/arm-none-eabi/9.2.1/../../../arm-none-eabi/lib/libc_nano.a(lib_a-wbuf.o)
                0x0000000000001bac                __swbuf_r
                0x0000000000001cf4                __swbuf
 .text          0x0000000000001d0c      0x19c /usr/lib/gcc/arm-none-eabi/9.2.1/../../../arm-none-eabi/lib/libc_nano.a(lib_a-wsetup.o)
                0x0000000000001d0c                __swsetup_r
 .text          0x0000000000001ea8      0x104 /usr/lib/gcc/arm-none-eabi/9.2.1/../../../arm-none-eabi/lib/libc_nano.a(lib_a-__atexit.o)
                0x0000000000001ea8                __register_exitproc
 .text          0x0000000000001fac      0x10c /usr/lib/gcc/arm-none-eabi/9.2.1/../../../arm-none-eabi/lib/libc_nano.a(lib_a-__call_atexit.o)
                0x0000000000001fac                __call_exitprocs
 .text          0x00000000000020b8     0x1974 /usr/lib/gcc/arm-none-eabi/9.2.1/../../../arm-none-eabi/lib/libc_nano.a(lib_a-dtoa.o)
                0x00000000000022ac                _dtoa_r
 .text          0x0000000000003a2c      0x308 /usr/lib/gcc/arm-none-eabi/9.2.1/../../../arm-none-eabi/lib/libc_nano.a(lib_a-fflush.o)
                0x0000000000003a2c                __sflush_r
                0x0000000000003c54                _fflush_r
                0x0000000000003cfc                fflush
 .text          0x0000000000003d34      0x374 /usr/lib/gcc/arm-none-eabi/9.2.1/../../../arm-none-eabi/lib/libc_nano.a(lib_a-findfp.o)
                0x0000000000003d3c                _cleanup_r
                0x0000000000003d5c                __sfmoreglue
                0x0000000000003dac                __sfp
                0x000000000000401c                _cleanup
                0x0000000000004040                __sinit
                0x0000000000004050                __sfp_lock_acquire
                0x0000000000004054                __sfp_lock_release
                0x0000000000004058                __sinit_lock_acquire
                0x000000000000405c                __sinit_lock_release
                0x0000000000004060                __fp_lock_all
                0x0000000000004084                __fp_unlock_all
 .text          0x00000000000040a8      0x110 /usr/lib/gcc/arm-none-eabi/9.2.1/../../../arm-none-eabi/lib/libc_nano.a(lib_a-fwalk.o)
                0x00000000000040a8                _fwalk
                0x000000000000412c                _fwalk_reent
 .text          0x00000000000041b8       0x20 /usr/lib/gcc/arm-none-eabi/9.2.1/../../../arm-none-eabi/lib/libc_nano.a(lib_a-localeconv.o)
                0x00000000000041b8                __localeconv_l
                0x00000000000041c0                _localeconv_r
                0x00000000000041cc                localeconv
 .text          0x00000000000041d8      0x194 /usr/lib/gcc/arm-none-eabi/9.2.1/../../../arm-none-eabi/lib/libc_nano.a(lib_a-makebuf.o)
                0x00000000000041d8                __swhatbuf_r
                0x000000000000426c                __smakebuf_r
 .text          0x000000000000436c       0x40 /usr/lib/gcc/arm-none-eabi/9.2.1/../../../arm-none-eabi/lib/libc_nano.a(lib_a-malloc.o)
                0x000000000000436c                malloc
                0x000000000000438c                free
 .text          0x00000000000043ac      0x110 /usr/lib/gcc/arm-none-eabi/9.2.1/../../../arm-none-eabi/lib/libc_nano.a(lib_a-memchr-stub.o)
                0x00000000000043ac                memchr
 .text          0x00000000000044bc      0x11c /usr/lib/gcc/arm-none-eabi/9.2.1/../../../arm-none-eabi/lib/libc_nano.a(lib_a-memcpy-stub.o)
                0x00000000000044bc                memcpy
 .text          0x00000000000045d8      0xfa0 /usr/lib/gcc/arm-none-eabi/9.2.1/../../../arm-none-eabi/lib/libc_nano.a(lib_a-mprec.o)
                0x00000000000045d8                _Balloc
                0x00000000000046c4                _Bfree
                0x0000000000004750                __multadd
                0x0000000000004848                __s2b
                0x0000000000004958                __hi0bits
                0x00000000000049b0                __lo0bits
                0x0000000000004a50                __i2b
                0x0000000000004a94                __multiply
                0x0000000000004c9c                __pow5mult
                0x0000000000004de0                __lshift
                0x0000000000004efc                __mcmp
                0x0000000000004f60                __mdiff
                0x000000000000511c                __ulp
                0x0000000000005180                __b2d
                0x0000000000005264                __d2b
                0x00000000000053a0                __ratio
                0x0000000000005430                _mprec_log10
                0x0000000000005490                __copybits
                0x0000000000005500                __any_on
 .text          0x0000000000005578       0x2c /usr/lib/gcc/arm-none-eabi/9.2.1/../../../arm-none-eabi/lib/libc_nano.a(lib_a-nano-callocr.o)
                0x0000000000005578                _calloc_r
 .text          0x00000000000055a4      0x120 /usr/lib/gcc/arm-none-eabi/9.2.1/../../../arm-none-eabi/lib/libc_nano.a(lib_a-nano-freer.o)
                0x00000000000055a4                _free_r
 .text          0x00000000000056c4      0x15c /usr/lib/gcc/arm-none-eabi/9.2.1/../../../arm-none-eabi/lib/libc_nano.a(lib_a-nano-mallocr.o)
                0x00000000000056c4                _malloc_r
 .text          0x0000000000005820      0x520 /usr/lib/gcc/arm-none-eabi/9.2.1/../../../arm-none-eabi/lib/libc_nano.a(lib_a-nano-vfprintf.o)
                0x0000000000005888                __sfputs_r
                0x00000000000058e8                __sprint_r
                0x000000000000591c                _vfiprintf_r
                0x000000000000591c                _vfprintf_r
                0x0000000000005d24                vfiprintf
                0x0000000000005d24                vfprintf
 .text          0x0000000000005d40       0x44 /usr/lib/gcc/arm-none-eabi/9.2.1/../../../arm-none-eabi/lib/libc_nano.a(lib_a-sbrkr.o)
                0x0000000000005d40                _sbrk_r
 .text          0x0000000000005d84       0xdc /usr/lib/gcc/arm-none-eabi/9.2.1/../../../arm-none-eabi/lib/libc_nano.a(lib_a-stdio.o)
                0x0000000000005d84                __sread
                0x0000000000005db8                __seofread
                0x0000000000005dc0                __swrite
                0x0000000000005e1c                __sseek
                0x0000000000005e4c                __sclose
 .text          0x0000000000005e60       0x48 /usr/lib/gcc/arm-none-eabi/9.2.1/../../../arm-none-eabi/lib/libc_nano.a(lib_a-writer.o)
                0x0000000000005e60                _write_r
 .text          0x0000000000005ea8       0x60 /usr/lib/gcc/arm-none-eabi/9.2.1/../../../arm-none-eabi/lib/libc_nano.a(lib_a-assert.o)
                0x0000000000005ea8                __assert_func
                0x0000000000005ef8                __assert
 .text          0x0000000000005f08       0x3c /usr/lib/gcc/arm-none-eabi/9.2.1/../../../arm-none-eabi/lib/libc_nano.a(lib_a-closer.o)
                0x0000000000005f08                _close_r
 .text          0x0000000000005f44       0x70 /usr/lib/gcc/arm-none-eabi/9.2.1/../../../arm-none-eabi/lib/libc_nano.a(lib_a-fprintf.o)
                0x0000000000005f44                _fprintf_r
                0x0000000000005f44                _fiprintf_r
                0x0000000000005f74                fprintf
                0x0000000000005f74                fiprintf
 .text          0x0000000000005fb4       0x44 /usr/lib/gcc/arm-none-eabi/9.2.1/../../../arm-none-eabi/lib/libc_nano.a(lib_a-fstatr.o)
                0x0000000000005fb4                _fstat_r
 .text          0x0000000000005ff8      0x4cc /usr/lib/gcc/arm-none-eabi/9.2.1/../../../arm-none-eabi/lib/libc_nano.a(lib_a-fvwrite.o)
                0x0000000000005ff8                __sfvwrite_r
 .text          0x00000000000064c4       0x3c /usr/lib/gcc/arm-none-eabi/9.2.1/../../../arm-none-eabi/lib/libc_nano.a(lib_a-isattyr.o)
                0x00000000000064c4                _isatty_r
 .text          0x0000000000006500       0x90 /usr/lib/gcc/arm-none-eabi/9.2.1/../../../arm-none-eabi/lib/libc_nano.a(lib_a-locale.o)
                0x0000000000006500                _setlocale_r
                0x0000000000006568                __locale_mb_cur_max
                0x0000000000006578                setlocale
 .text          0x0000000000006590       0x48 /usr/lib/gcc/arm-none-eabi/9.2.1/../../../arm-none-eabi/lib/libc_nano.a(lib_a-lseekr.o)
                0x0000000000006590                _lseek_r
 .text          0x00000000000065d8       0x60 /usr/lib/gcc/arm-none-eabi/9.2.1/../../../arm-none-eabi/lib/libc_nano.a(lib_a-mbtowc_r.o)
                0x00000000000065d8                _mbtowc_r
                0x00000000000065f4                __ascii_mbtowc
 .text          0x0000000000006638      0x158 /usr/lib/gcc/arm-none-eabi/9.2.1/../../../arm-none-eabi/lib/libc_nano.a(lib_a-memmove.o)
                0x0000000000006638                memmove
 .text          0x0000000000006790        0x8 /usr/lib/gcc/arm-none-eabi/9.2.1/../../../arm-none-eabi/lib/libc_nano.a(lib_a-mlock.o)
                0x0000000000006790                __malloc_lock
                0x0000000000006794                __malloc_unlock
 .text          0x0000000000006798       0x94 /usr/lib/gcc/arm-none-eabi/9.2.1/../../../arm-none-eabi/lib/libc_nano.a(lib_a-nano-reallocr.o)
                0x0000000000006798                _realloc_r
 .text          0x000000000000682c       0x48 /usr/lib/gcc/arm-none-eabi/9.2.1/../../../arm-none-eabi/lib/libc_nano.a(lib_a-readr.o)
                0x000000000000682c                _read_r
 .text          0x0000000000006874      0x1a4 /usr/lib/gcc/arm-none-eabi/9.2.1/../../../arm-none-eabi/lib/libc_nano.a(lib_a-reent.o)
                0x0000000000006874                cleanup_glue
                0x00000000000068a0                _reclaim_reent
 .text          0x0000000000006a18      0x224 /usr/lib/gcc/arm-none-eabi/9.2.1/../../../arm-none-eabi/lib/libc_nano.a(lib_a-strcmp.o)
                0x0000000000006a18                strcmp
 .text          0x0000000000006c3c       0x44 /usr/lib/gcc/arm-none-eabi/9.2.1/../../../arm-none-eabi/lib/libc_nano.a(lib_a-wctomb_r.o)
                0x0000000000006c3c                _wctomb_r
                0x0000000000006c58                __ascii_wctomb
 .text          0x0000000000006c80       0x14 /usr/lib/gcc/arm-none-eabi/9.2.1/../../../arm-none-eabi/lib/libc_nano.a(lib_a-abort.o)
                0x0000000000006c80                abort
 .text          0x0000000000006c94        0x0 /usr/lib/gcc/arm-none-eabi/9.2.1/../../../arm-none-eabi/lib/libc_nano.a(lib_a-ctype_.o)
 .text          0x0000000000006c94       0x18 /usr/lib/gcc/arm-none-eabi/9.2.1/../../../arm-none-eabi/lib/libc_nano.a(lib_a-nano-msizer.o)
                0x0000000000006c94                _malloc_usable_size_r
 .text          0x0000000000006cac      0x248 /usr/lib/gcc/arm-none-eabi/9.2.1/../../../arm-none-eabi/lib/libc_nano.a(lib_a-signal.o)
                0x0000000000006cf4                _init_signal_r
                0x0000000000006d0c                _signal_r
                0x0000000000006d64                _raise_r
                0x0000000000006dfc                __sigtramp_r
                0x0000000000006e90                raise
                0x0000000000006ea4                signal
                0x0000000000006ebc                _init_signal
                0x0000000000006ee0                __sigtramp
 .text          0x0000000000006ef4       0x54 /usr/lib/gcc/arm-none-eabi/9.2.1/../../../arm-none-eabi/lib/libc_nano.a(lib_a-signalr.o)
                0x0000000000006ef4                _kill_r
                0x0000000000006f38                _getpid_r
 .text          0x0000000000006f48      0x290 /usr/lib/gcc/arm-none-eabi/9.2.1/libgcc.a(_arm_muldf3.o)
 .text          0x00000000000071d8      0x114 /usr/lib/gcc/arm-none-eabi/9.2.1/libgcc.a(_udivsi3.o)
                0x00000000000071d8                __udivsi3
                0x00000000000071d8                __aeabi_uidiv
                0x00000000000072cc                __aeabi_uidivmod
 .text          0x00000000000072ec      0x148 /usr/lib/gcc/arm-none-eabi/9.2.1/libgcc.a(_divsi3.o)
                0x00000000000072ec                __aeabi_idiv
                0x00000000000072ec                __divsi3
                0x0000000000007414                __aeabi_idivmod
 .text          0x0000000000007434        0x4 /usr/lib/gcc/arm-none-eabi/9.2.1/libgcc.a(_dvmd_tls.o)
                0x0000000000007434                __aeabi_ldiv0
                0x0000000000007434                __aeabi_idiv0
 .text          0x0000000000007438      0x424 /usr/lib/gcc/arm-none-eabi/9.2.1/libgcc.a(_arm_addsubdf3.o)
                0x0000000000007438                __aeabi_drsub
                0x0000000000007440                __aeabi_dsub
                0x0000000000007440                __subdf3
                0x0000000000007444                __adddf3
                0x0000000000007444                __aeabi_dadd
                0x0000000000007754                __aeabi_ui2d
                0x0000000000007754                __floatunsidf
                0x0000000000007778                __floatsidf
                0x0000000000007778                __aeabi_i2d
                0x00000000000077a0                __extendsfdf2
                0x00000000000077a0                __aeabi_f2d
                0x00000000000077e8                __aeabi_ul2d
                0x00000000000077e8                __floatundidf
                0x00000000000077fc                __floatdidf
                0x00000000000077fc                __aeabi_l2d
 .text          0x000000000000785c      0x49c /usr/lib/gcc/arm-none-eabi/9.2.1/libgcc.a(_arm_muldivdf3.o)
                0x000000000000785c                __aeabi_dmul
                0x000000000000785c                __muldf3
                0x0000000000007aec                __aeabi_ddiv
                0x0000000000007aec                __divdf3
 .text          0x0000000000007cf8      0x144 /usr/lib/gcc/arm-none-eabi/9.2.1/libgcc.a(_arm_cmpdf2.o)
                0x0000000000007cf8                __gtdf2
                0x0000000000007cf8                __gedf2
                0x0000000000007d00                __ltdf2
                0x0000000000007d00                __ledf2
                0x0000000000007d08                __cmpdf2
                0x0000000000007d08                __eqdf2
                0x0000000000007d08                __nedf2
                0x0000000000007d90                __aeabi_cdrcmple
                0x0000000000007dac                __aeabi_cdcmple
                0x0000000000007dac                __aeabi_cdcmpeq
                0x0000000000007dc4                __aeabi_dcmpeq
                0x0000000000007ddc                __aeabi_dcmplt
                0x0000000000007df4                __aeabi_dcmple
                0x0000000000007e0c                __aeabi_dcmpge
                0x0000000000007e24                __aeabi_dcmpgt
 .text          0x0000000000007e3c       0x38 /usr/lib/gcc/arm-none-eabi/9.2.1/libgcc.a(_arm_unorddf2.o)
                0x0000000000007e3c                __aeabi_dcmpun
                0x0000000000007e3c                __unorddf2
 .text          0x0000000000007e74       0x5c /usr/lib/gcc/arm-none-eabi/9.2.1/libgcc.a(_arm_fixdfsi.o)
                0x0000000000007e74                __fixdfsi
                0x0000000000007e74                __aeabi_d2iz
 .text          0x0000000000007ed0        0x4 /usr/lib/gcc/arm-none-eabi/9.2.1/../../../arm-none-eabi/lib/libnosys.a(_exit.o)
                0x0000000000007ed0                _exit
 .text          0x0000000000007ed4        0x0 /usr/lib/gcc/arm-none-eabi/9.2.1/crtend.o
 .text          0x0000000000007ed4        0x0 /usr/lib/gcc/arm-none-eabi/9.2.1/crtn.o
 *(.glue_7)
 .glue_7        0x0000000000007ed4        0x0 linker stubs
 *(.glue_7t)
 .glue_7t       0x0000000000007ed4        0x0 linker stubs

.vfp11_veneer   0x0000000000007ed4        0x0
 .vfp11_veneer  0x0000000000007ed4        0x0 linker stubs

.v4_bx          0x0000000000007ed4        0x0
 .v4_bx         0x0000000000007ed4        0x0 linker stubs

.init           0x0000000000007ed4       0x18
 .init          0x0000000000007ed4        0xc /usr/lib/gcc/arm-none-eabi/9.2.1/crti.o
                0x0000000000007ed4                _init
 .init          0x0000000000007ee0        0xc /usr/lib/gcc/arm-none-eabi/9.2.1/crtn.o

.fini           0x0000000000007eec       0x18
 .fini          0x0000000000007eec        0xc /usr/lib/gcc/arm-none-eabi/9.2.1/crti.o
                0x0000000000007eec                _fini
 .fini          0x0000000000007ef8        0xc /usr/lib/gcc/arm-none-eabi/9.2.1/crtn.o

.iplt           0x0000000000007f04        0x0
 .iplt          0x0000000000007f04        0x0 /usr/lib/gcc/arm-none-eabi/9.2.1/crtbegin.o

.text.startup   0x0000000000007f04       0x5c
 .text.startup  0x0000000000007f04       0x5c hello.o
                0x0000000000007f04                main
                0x0000000000007f60                . = ALIGN (0x4)

.rodata         0x0000000000007f60      0x4ae
 *(.rodata)
 .rodata        0x0000000000007f60        0x4 /usr/lib/gcc/arm-none-eabi/9.2.1/../../../arm-none-eabi/lib/libc_nano.a(lib_a-impure.o)
                0x0000000000007f60                _global_impure_ptr
 .rodata        0x0000000000007f64       0x60 /usr/lib/gcc/arm-none-eabi/9.2.1/../../../arm-none-eabi/lib/libc_nano.a(lib_a-findfp.o)
                0x0000000000007f64                __sf_fake_stderr
                0x0000000000007f84                __sf_fake_stdout
                0x0000000000007fa4                __sf_fake_stdin
 *fill*         0x0000000000007fc4        0x4 
 .rodata        0x0000000000007fc8      0x128 /usr/lib/gcc/arm-none-eabi/9.2.1/../../../arm-none-eabi/lib/libc_nano.a(lib_a-mprec.o)
                0x0000000000007fd8                __mprec_tens
                0x00000000000080a0                __mprec_tinytens
                0x00000000000080c8                __mprec_bigtens
 .rodata        0x00000000000080f0      0x101 /usr/lib/gcc/arm-none-eabi/9.2.1/../../../arm-none-eabi/lib/libc_nano.a(lib_a-ctype_.o)
                0x00000000000080f0                _ctype_
 *(.rodata*)
 .rodata.str1.1
                0x00000000000081f1       0x22 hello.o
                                         0x26 (size before relaxing)
 .rodata.str1.1
                0x0000000000008213       0xc7 framework.o
 *fill*         0x00000000000082da        0x2 
 .rodata.str1.4
                0x00000000000082dc       0x12 /usr/lib/gcc/arm-none-eabi/9.2.1/../../../arm-none-eabi/lib/libc_nano.a(lib_a-nano-vfprintf_float.o)
 *fill*         0x00000000000082ee        0x2 
 .rodata.str1.4
                0x00000000000082f0       0x25 /usr/lib/gcc/arm-none-eabi/9.2.1/../../../arm-none-eabi/lib/libc_nano.a(lib_a-nano-vfprintf_i.o)
 *fill*         0x0000000000008315        0x3 
 .rodata.str1.4
                0x0000000000008318       0x65 /usr/lib/gcc/arm-none-eabi/9.2.1/../../../arm-none-eabi/lib/libc_nano.a(lib_a-dtoa.o)
                                         0x69 (size before relaxing)
 *fill*         0x000000000000837d        0x3 
 .rodata.str1.4
                0x0000000000008380       0x2a /usr/lib/gcc/arm-none-eabi/9.2.1/../../../arm-none-eabi/lib/libc_nano.a(lib_a-mprec.o)
                                         0x55 (size before relaxing)
 *fill*         0x00000000000083aa        0x2 
 .rodata.str1.4
                0x00000000000083ac       0x13 /usr/lib/gcc/arm-none-eabi/9.2.1/../../../arm-none-eabi/lib/libc_nano.a(lib_a-nano-vfprintf.o)
 *fill*         0x00000000000083bf        0x1 
 .rodata.str1.4
                0x00000000000083c0       0x3f /usr/lib/gcc/arm-none-eabi/9.2.1/../../../arm-none-eabi/lib/libc_nano.a(lib_a-assert.o)
                                         0x43 (size before relaxing)
 *fill*         0x00000000000083ff        0x1 
 .rodata.str1.4
                0x0000000000008400        0xe /usr/lib/gcc/arm-none-eabi/9.2.1/../../../arm-none-eabi/lib/libc_nano.a(lib_a-locale.o)
                                         0x12 (size before relaxing)

.eh_frame       0x0000000000008410        0x4
 .eh_frame      0x0000000000008410        0x0 /usr/lib/gcc/arm-none-eabi/9.2.1/crtbegin.o
 .eh_frame      0x0000000000008410        0x4 /usr/lib/gcc/arm-none-eabi/9.2.1/crtend.o

.ARM.extab      0x0000000000008414        0x0
 .ARM.extab     0x0000000000008414        0x0 /usr/lib/gcc/arm-none-eabi/9.2.1/../../../arm-none-eabi/lib/crt0.o

.ARM.exidx      0x0000000000008414        0x8
 .ARM.exidx     0x0000000000008414        0x8 /usr/lib/gcc/arm-none-eabi/9.2.1/../../../arm-none-eabi/lib/crt0.o
                                         0x10 (size before relaxing)

.rel.dyn        0x000000000000841c        0x0
 .rel.iplt      0x000000000000841c        0x0 /usr/lib/gcc/arm-none-eabi/9.2.1/crtbegin.o
                0x000000000000841c                . = ALIGN (0x4)
                0x000000000000841c                _etext = .
                [!provide]                        PROVIDE (etext = .)

.data           0x0000000040000080      0x1d8 load address 0x000000000000841c
                0x0000000040000080                _data = .
 *(.data)
 .data          0x0000000040000080        0x0 /usr/lib/gcc/arm-none-eabi/9.2.1/crti.o
 .data          0x0000000040000080        0x4 /usr/lib/gcc/arm-none-eabi/9.2.1/crtbegin.o
                0x0000000040000080                __dso_handle
 .data          0x0000000040000084        0x0 /usr/lib/gcc/arm-none-eabi/9.2.1/../../../arm-none-eabi/lib/crt0.o
 .data          0x0000000040000084        0x0 hello.o
 .data          0x0000000040000084        0x0 startup.o
 .data          0x0000000040000084        0x0 reloc.o
 .data          0x0000000040000084        0x0 framework.o
 .data          0x0000000040000084        0x0 stack.o
 .data          0x0000000040000084        0x0 /usr/lib/gcc/arm-none-eabi/9.2.1/../../../arm-none-eabi/lib/libc_nano.a(lib_a-atexit.o)
 .data          0x0000000040000084        0x0 /usr/lib/gcc/arm-none-eabi/9.2.1/../../../arm-none-eabi/lib/libc_nano.a(lib_a-exit.o)
 .data          0x0000000040000084        0x0 /usr/lib/gcc/arm-none-eabi/9.2.1/../../../arm-none-eabi/lib/libc_nano.a(lib_a-fini.o)
 .data          0x0000000040000084       0x64 /usr/lib/gcc/arm-none-eabi/9.2.1/../../../arm-none-eabi/lib/libc_nano.a(lib_a-impure.o)
                0x0000000040000084                _impure_ptr
 .data          0x00000000400000e8        0x0 /usr/lib/gcc/arm-none-eabi/9.2.1/../../../arm-none-eabi/lib/libc_nano.a(lib_a-init.o)
 .data          0x00000000400000e8        0x0 /usr/lib/gcc/arm-none-eabi/9.2.1/../../../arm-none-eabi/lib/libc_nano.a(lib_a-memset.o)
 .data          0x00000000400000e8        0x0 /usr/lib/gcc/arm-none-eabi/9.2.1/../../../arm-none-eabi/lib/libc_nano.a(lib_a-nano-vfprintf_float.o)
 .data          0x00000000400000e8        0x0 /usr/lib/gcc/arm-none-eabi/9.2.1/../../../arm-none-eabi/lib/libc_nano.a(lib_a-nano-vfprintf_i.o)
 .data          0x00000000400000e8        0x0 /usr/lib/gcc/arm-none-eabi/9.2.1/../../../arm-none-eabi/lib/libc_nano.a(lib_a-printf.o)
 .data          0x00000000400000e8        0x0 /usr/lib/gcc/arm-none-eabi/9.2.1/../../../arm-none-eabi/lib/libc_nano.a(lib_a-puts.o)
 .data          0x00000000400000e8        0x0 /usr/lib/gcc/arm-none-eabi/9.2.1/../../../arm-none-eabi/lib/libc_nano.a(lib_a-strlen-stub.o)
 .data          0x00000000400000e8        0x0 /usr/lib/gcc/arm-none-eabi/9.2.1/../../../arm-none-eabi/lib/libc_nano.a(lib_a-wbuf.o)
 .data          0x00000000400000e8        0x0 /usr/lib/gcc/arm-none-eabi/9.2.1/../../../arm-none-eabi/lib/libc_nano.a(lib_a-wsetup.o)
 .data          0x00000000400000e8        0x4 /usr/lib/gcc/arm-none-eabi/9.2.1/../../../arm-none-eabi/lib/libc_nano.a(lib_a-__atexit.o)
                0x00000000400000e8                __atexit_dummy
 .data          0x00000000400000ec        0x0 /usr/lib/gcc/arm-none-eabi/9.2.1/../../../arm-none-eabi/lib/libc_nano.a(lib_a-__call_atexit.o)
 .data          0x00000000400000ec        0x0 /usr/lib/gcc/arm-none-eabi/9.2.1/../../../arm-none-eabi/lib/libc_nano.a(lib_a-dtoa.o)
 .data          0x00000000400000ec        0x0 /usr/lib/gcc/arm-none-eabi/9.2.1/../../../arm-none-eabi/lib/libc_nano.a(lib_a-fflush.o)
 .data          0x00000000400000ec        0x0 /usr/lib/gcc/arm-none-eabi/9.2.1/../../../arm-none-eabi/lib/libc_nano.a(lib_a-findfp.o)
 .data          0x00000000400000ec        0x0 /usr/lib/gcc/arm-none-eabi/9.2.1/../../../arm-none-eabi/lib/libc_nano.a(lib_a-fwalk.o)
 .data          0x00000000400000ec        0x0 /usr/lib/gcc/arm-none-eabi/9.2.1/../../../arm-none-eabi/lib/libc_nano.a(lib_a-localeconv.o)
 .data          0x00000000400000ec        0x0 /usr/lib/gcc/arm-none-eabi/9.2.1/../../../arm-none-eabi/lib/libc_nano.a(lib_a-makebuf.o)
 .data          0x00000000400000ec        0x0 /usr/lib/gcc/arm-none-eabi/9.2.1/../../../arm-none-eabi/lib/libc_nano.a(lib_a-malloc.o)
 .data          0x00000000400000ec        0x0 /usr/lib/gcc/arm-none-eabi/9.2.1/../../../arm-none-eabi/lib/libc_nano.a(lib_a-memchr-stub.o)
 .data          0x00000000400000ec        0x0 /usr/lib/gcc/arm-none-eabi/9.2.1/../../../arm-none-eabi/lib/libc_nano.a(lib_a-memcpy-stub.o)
 .data          0x00000000400000ec        0x0 /usr/lib/gcc/arm-none-eabi/9.2.1/../../../arm-none-eabi/lib/libc_nano.a(lib_a-mprec.o)
 .data          0x00000000400000ec        0x0 /usr/lib/gcc/arm-none-eabi/9.2.1/../../../arm-none-eabi/lib/libc_nano.a(lib_a-nano-callocr.o)
 .data          0x00000000400000ec        0x0 /usr/lib/gcc/arm-none-eabi/9.2.1/../../../arm-none-eabi/lib/libc_nano.a(lib_a-nano-freer.o)
 .data          0x00000000400000ec        0x0 /usr/lib/gcc/arm-none-eabi/9.2.1/../../../arm-none-eabi/lib/libc_nano.a(lib_a-nano-mallocr.o)
 .data          0x00000000400000ec        0x0 /usr/lib/gcc/arm-none-eabi/9.2.1/../../../arm-none-eabi/lib/libc_nano.a(lib_a-nano-vfprintf.o)
 .data          0x00000000400000ec        0x0 /usr/lib/gcc/arm-none-eabi/9.2.1/../../../arm-none-eabi/lib/libc_nano.a(lib_a-sbrkr.o)
 .data          0x00000000400000ec        0x0 /usr/lib/gcc/arm-none-eabi/9.2.1/../../../arm-none-eabi/lib/libc_nano.a(lib_a-stdio.o)
 .data          0x00000000400000ec        0x0 /usr/lib/gcc/arm-none-eabi/9.2.1/../../../arm-none-eabi/lib/libc_nano.a(lib_a-writer.o)
 .data          0x00000000400000ec        0x0 /usr/lib/gcc/arm-none-eabi/9.2.1/../../../arm-none-eabi/lib/libc_nano.a(lib_a-assert.o)
 .data          0x00000000400000ec        0x0 /usr/lib/gcc/arm-none-eabi/9.2.1/../../../arm-none-eabi/lib/libc_nano.a(lib_a-closer.o)
 .data          0x00000000400000ec        0x0 /usr/lib/gcc/arm-none-eabi/9.2.1/../../../arm-none-eabi/lib/libc_nano.a(lib_a-fprintf.o)
 .data          0x00000000400000ec        0x0 /usr/lib/gcc/arm-none-eabi/9.2.1/../../../arm-none-eabi/lib/libc_nano.a(lib_a-fstatr.o)
 .data          0x00000000400000ec        0x0 /usr/lib/gcc/arm-none-eabi/9.2.1/../../../arm-none-eabi/lib/libc_nano.a(lib_a-fvwrite.o)
 .data          0x00000000400000ec        0x0 /usr/lib/gcc/arm-none-eabi/9.2.1/../../../arm-none-eabi/lib/libc_nano.a(lib_a-isattyr.o)
 .data          0x00000000400000ec      0x16c /usr/lib/gcc/arm-none-eabi/9.2.1/../../../arm-none-eabi/lib/libc_nano.a(lib_a-locale.o)
                0x00000000400000ec                __global_locale
 .data          0x0000000040000258        0x0 /usr/lib/gcc/arm-none-eabi/9.2.1/../../../arm-none-eabi/lib/libc_nano.a(lib_a-lseekr.o)
 .data          0x0000000040000258        0x0 /usr/lib/gcc/arm-none-eabi/9.2.1/../../../arm-none-eabi/lib/libc_nano.a(lib_a-mbtowc_r.o)
 .data          0x0000000040000258        0x0 /usr/lib/gcc/arm-none-eabi/9.2.1/../../../arm-none-eabi/lib/libc_nano.a(lib_a-memmove.o)
 .data          0x0000000040000258        0x0 /usr/lib/gcc/arm-none-eabi/9.2.1/../../../arm-none-eabi/lib/libc_nano.a(lib_a-mlock.o)
 .data          0x0000000040000258        0x0 /usr/lib/gcc/arm-none-eabi/9.2.1/../../../arm-none-eabi/lib/libc_nano.a(lib_a-nano-reallocr.o)
 .data          0x0000000040000258        0x0 /usr/lib/gcc/arm-none-eabi/9.2.1/../../../arm-none-eabi/lib/libc_nano.a(lib_a-readr.o)
 .data          0x0000000040000258        0x0 /usr/lib/gcc/arm-none-eabi/9.2.1/../../../arm-none-eabi/lib/libc_nano.a(lib_a-reent.o)
 .data          0x0000000040000258        0x0 /usr/lib/gcc/arm-none-eabi/9.2.1/../../../arm-none-eabi/lib/libc_nano.a(lib_a-strcmp.o)
 .data          0x0000000040000258        0x0 /usr/lib/gcc/arm-none-eabi/9.2.1/../../../arm-none-eabi/lib/libc_nano.a(lib_a-wctomb_r.o)
 .data          0x0000000040000258        0x0 /usr/lib/gcc/arm-none-eabi/9.2.1/../../../arm-none-eabi/lib/libc_nano.a(lib_a-abort.o)
 .data          0x0000000040000258        0x0 /usr/lib/gcc/arm-none-eabi/9.2.1/../../../arm-none-eabi/lib/libc_nano.a(lib_a-ctype_.o)
 .data          0x0000000040000258        0x0 /usr/lib/gcc/arm-none-eabi/9.2.1/../../../arm-none-eabi/lib/libc_nano.a(lib_a-nano-msizer.o)
 .data          0x0000000040000258        0x0 /usr/lib/gcc/arm-none-eabi/9.2.1/../../../arm-none-eabi/lib/libc_nano.a(lib_a-signal.o)
 .data          0x0000000040000258        0x0 /usr/lib/gcc/arm-none-eabi/9.2.1/../../../arm-none-eabi/lib/libc_nano.a(lib_a-signalr.o)
 .data          0x0000000040000258        0x0 /usr/lib/gcc/arm-none-eabi/9.2.1/libgcc.a(_arm_muldf3.o)
 .data          0x0000000040000258        0x0 /usr/lib/gcc/arm-none-eabi/9.2.1/libgcc.a(_udivsi3.o)
 .data          0x0000000040000258        0x0 /usr/lib/gcc/arm-none-eabi/9.2.1/libgcc.a(_divsi3.o)
 .data          0x0000000040000258        0x0 /usr/lib/gcc/arm-none-eabi/9.2.1/libgcc.a(_dvmd_tls.o)
 .data          0x0000000040000258        0x0 /usr/lib/gcc/arm-none-eabi/9.2.1/libgcc.a(_arm_addsubdf3.o)
 .data          0x0000000040000258        0x0 /usr/lib/gcc/arm-none-eabi/9.2.1/libgcc.a(_arm_muldivdf3.o)
 .data          0x0000000040000258        0x0 /usr/lib/gcc/arm-none-eabi/9.2.1/libgcc.a(_arm_cmpdf2.o)
 .data          0x0000000040000258        0x0 /usr/lib/gcc/arm-none-eabi/9.2.1/libgcc.a(_arm_unorddf2.o)
 .data          0x0000000040000258        0x0 /usr/lib/gcc/arm-none-eabi/9.2.1/libgcc.a(_arm_fixdfsi.o)
 .data          0x0000000040000258        0x0 /usr/lib/gcc/arm-none-eabi/9.2.1/../../../arm-none-eabi/lib/libnosys.a(_exit.o)
 .data          0x0000000040000258        0x0 /usr/lib/gcc/arm-none-eabi/9.2.1/crtend.o
 .data          0x0000000040000258        0x0 /usr/lib/gcc/arm-none-eabi/9.2.1/crtn.o

.init_array     0x0000000040000258        0x4 load address 0x00000000000085f4
 .init_array    0x0000000040000258        0x4 /usr/lib/gcc/arm-none-eabi/9.2.1/crtbegin.o

.fini_array     0x000000004000025c        0x4 load address 0x00000000000085f8
 .fini_array    0x000000004000025c        0x4 /usr/lib/gcc/arm-none-eabi/9.2.1/crtbegin.o

.tm_clone_table
                0x0000000040000260        0x0 load address 0x00000000000085fc
 .tm_clone_table
                0x0000000040000260        0x0 /usr/lib/gcc/arm-none-eabi/9.2.1/crtbegin.o
 .tm_clone_table
                0x0000000040000260        0x0 /usr/lib/gcc/arm-none-eabi/9.2.1/crtend.o

.igot.plt       0x0000000040000260        0x0 load address 0x00000000000085fc
 .igot.plt      0x0000000040000260        0x0 /usr/lib/gcc/arm-none-eabi/9.2.1/crtbegin.o
                0x0000000040000260                . = ALIGN (0x4)
                0x0000000040000260                _edata = .
                [!provide]                        PROVIDE (edata = .)

.bss            0x0000000040000260       0xcc load address 0x00000000000085fc
                0x0000000040000260                _bss = .
                0x0000000040000260                __bss_start = .
                0x0000000040000260                __bss_start__ = .
 *(.bss)
 .bss           0x0000000040000260        0x0 /usr/lib/gcc/arm-none-eabi/9.2.1/crti.o
 .bss           0x0000000040000260       0x1c /usr/lib/gcc/arm-none-eabi/9.2.1/crtbegin.o
 .bss           0x000000004000027c        0x0 /usr/lib/gcc/arm-none-eabi/9.2.1/../../../arm-none-eabi/lib/crt0.o
 .bss           0x000000004000027c        0x0 hello.o
 .bss           0x000000004000027c        0x0 startup.o
 .bss           0x000000004000027c        0x4 reloc.o
 .bss           0x0000000040000280        0x4 framework.o
                0x0000000040000280                timeval
 .bss           0x0000000040000284        0x0 stack.o
 .bss           0x0000000040000284        0x0 /usr/lib/gcc/arm-none-eabi/9.2.1/../../../arm-none-eabi/lib/libc_nano.a(lib_a-atexit.o)
 .bss           0x0000000040000284        0x0 /usr/lib/gcc/arm-none-eabi/9.2.1/../../../arm-none-eabi/lib/libc_nano.a(lib_a-exit.o)
 .bss           0x0000000040000284        0x0 /usr/lib/gcc/arm-none-eabi/9.2.1/../../../arm-none-eabi/lib/libc_nano.a(lib_a-fini.o)
 .bss           0x0000000040000284        0x0 /usr/lib/gcc/arm-none-eabi/9.2.1/../../../arm-none-eabi/lib/libc_nano.a(lib_a-impure.o)
 .bss           0x0000000040000284        0x0 /usr/lib/gcc/arm-none-eabi/9.2.1/../../../arm-none-eabi/lib/libc_nano.a(lib_a-init.o)
 .bss           0x0000000040000284        0x0 /usr/lib/gcc/arm-none-eabi/9.2.1/../../../arm-none-eabi/lib/libc_nano.a(lib_a-memset.o)
 .bss           0x0000000040000284        0x0 /usr/lib/gcc/arm-none-eabi/9.2.1/../../../arm-none-eabi/lib/libc_nano.a(lib_a-nano-vfprintf_float.o)
 .bss           0x0000000040000284        0x0 /usr/lib/gcc/arm-none-eabi/9.2.1/../../../arm-none-eabi/lib/libc_nano.a(lib_a-nano-vfprintf_i.o)
 .bss           0x0000000040000284        0x0 /usr/lib/gcc/arm-none-eabi/9.2.1/../../../arm-none-eabi/lib/libc_nano.a(lib_a-printf.o)
 .bss           0x0000000040000284        0x0 /usr/lib/gcc/arm-none-eabi/9.2.1/../../../arm-none-eabi/lib/libc_nano.a(lib_a-puts.o)
 .bss           0x0000000040000284        0x0 /usr/lib/gcc/arm-none-eabi/9.2.1/../../../arm-none-eabi/lib/libc_nano.a(lib_a-strlen-stub.o)
 .bss           0x0000000040000284        0x0 /usr/lib/gcc/arm-none-eabi/9.2.1/../../../arm-none-eabi/lib/libc_nano.a(lib_a-wbuf.o)
 .bss           0x0000000040000284        0x0 /usr/lib/gcc/arm-none-eabi/9.2.1/../../../arm-none-eabi/lib/libc_nano.a(lib_a-wsetup.o)
 .bss           0x0000000040000284       0x8c /usr/lib/gcc/arm-none-eabi/9.2.1/../../../arm-none-eabi/lib/libc_nano.a(lib_a-__atexit.o)
 .bss           0x0000000040000310        0x4 /usr/lib/gcc/arm-none-eabi/9.2.1/../../../arm-none-eabi/lib/libc_nano.a(lib_a-__call_atexit.o)
                0x0000000040000310                _global_atexit
 .bss           0x0000000040000314        0x0 /usr/lib/gcc/arm-none-eabi/9.2.1/../../../arm-none-eabi/lib/libc_nano.a(lib_a-dtoa.o)
 .bss           0x0000000040000314        0x0 /usr/lib/gcc/arm-none-eabi/9.2.1/../../../arm-none-eabi/lib/libc_nano.a(lib_a-fflush.o)
 .bss           0x0000000040000314        0x0 /usr/lib/gcc/arm-none-eabi/9.2.1/../../../arm-none-eabi/lib/libc_nano.a(lib_a-findfp.o)
 .bss           0x0000000040000314        0x0 /usr/lib/gcc/arm-none-eabi/9.2.1/../../../arm-none-eabi/lib/libc_nano.a(lib_a-fwalk.o)
 .bss           0x0000000040000314        0x0 /usr/lib/gcc/arm-none-eabi/9.2.1/../../../arm-none-eabi/lib/libc_nano.a(lib_a-localeconv.o)
 .bss           0x0000000040000314        0x0 /usr/lib/gcc/arm-none-eabi/9.2.1/../../../arm-none-eabi/lib/libc_nano.a(lib_a-makebuf.o)
 .bss           0x0000000040000314        0x0 /usr/lib/gcc/arm-none-eabi/9.2.1/../../../arm-none-eabi/lib/libc_nano.a(lib_a-malloc.o)
 .bss           0x0000000040000314        0x0 /usr/lib/gcc/arm-none-eabi/9.2.1/../../../arm-none-eabi/lib/libc_nano.a(lib_a-memchr-stub.o)
 .bss           0x0000000040000314        0x0 /usr/lib/gcc/arm-none-eabi/9.2.1/../../../arm-none-eabi/lib/libc_nano.a(lib_a-memcpy-stub.o)
 .bss           0x0000000040000314        0x0 /usr/lib/gcc/arm-none-eabi/9.2.1/../../../arm-none-eabi/lib/libc_nano.a(lib_a-mprec.o)
 .bss           0x0000000040000314        0x0 /usr/lib/gcc/arm-none-eabi/9.2.1/../../../arm-none-eabi/lib/libc_nano.a(lib_a-nano-callocr.o)
 .bss           0x0000000040000314        0x0 /usr/lib/gcc/arm-none-eabi/9.2.1/../../../arm-none-eabi/lib/libc_nano.a(lib_a-nano-freer.o)
 .bss           0x0000000040000314        0x8 /usr/lib/gcc/arm-none-eabi/9.2.1/../../../arm-none-eabi/lib/libc_nano.a(lib_a-nano-mallocr.o)
                0x0000000040000314                __malloc_free_list
                0x0000000040000318                __malloc_sbrk_start
 .bss           0x000000004000031c        0x0 /usr/lib/gcc/arm-none-eabi/9.2.1/../../../arm-none-eabi/lib/libc_nano.a(lib_a-nano-vfprintf.o)
 .bss           0x000000004000031c        0x0 /usr/lib/gcc/arm-none-eabi/9.2.1/../../../arm-none-eabi/lib/libc_nano.a(lib_a-sbrkr.o)
 .bss           0x000000004000031c        0x0 /usr/lib/gcc/arm-none-eabi/9.2.1/../../../arm-none-eabi/lib/libc_nano.a(lib_a-stdio.o)
 .bss           0x000000004000031c        0x0 /usr/lib/gcc/arm-none-eabi/9.2.1/../../../arm-none-eabi/lib/libc_nano.a(lib_a-writer.o)
 .bss           0x000000004000031c        0x0 /usr/lib/gcc/arm-none-eabi/9.2.1/../../../arm-none-eabi/lib/libc_nano.a(lib_a-assert.o)
 .bss           0x000000004000031c        0x0 /usr/lib/gcc/arm-none-eabi/9.2.1/../../../arm-none-eabi/lib/libc_nano.a(lib_a-closer.o)
 .bss           0x000000004000031c        0x0 /usr/lib/gcc/arm-none-eabi/9.2.1/../../../arm-none-eabi/lib/libc_nano.a(lib_a-fprintf.o)
 .bss           0x000000004000031c        0x0 /usr/lib/gcc/arm-none-eabi/9.2.1/../../../arm-none-eabi/lib/libc_nano.a(lib_a-fstatr.o)
 .bss           0x000000004000031c        0x0 /usr/lib/gcc/arm-none-eabi/9.2.1/../../../arm-none-eabi/lib/libc_nano.a(lib_a-fvwrite.o)
 .bss           0x000000004000031c        0x0 /usr/lib/gcc/arm-none-eabi/9.2.1/../../../arm-none-eabi/lib/libc_nano.a(lib_a-isattyr.o)
 .bss           0x000000004000031c        0x4 /usr/lib/gcc/arm-none-eabi/9.2.1/../../../arm-none-eabi/lib/libc_nano.a(lib_a-locale.o)
                0x000000004000031c                _PathLocale
 .bss           0x0000000040000320        0x0 /usr/lib/gcc/arm-none-eabi/9.2.1/../../../arm-none-eabi/lib/libc_nano.a(lib_a-lseekr.o)
 .bss           0x0000000040000320        0x0 /usr/lib/gcc/arm-none-eabi/9.2.1/../../../arm-none-eabi/lib/libc_nano.a(lib_a-mbtowc_r.o)
 .bss           0x0000000040000320        0x0 /usr/lib/gcc/arm-none-eabi/9.2.1/../../../arm-none-eabi/lib/libc_nano.a(lib_a-memmove.o)
 .bss           0x0000000040000320        0x0 /usr/lib/gcc/arm-none-eabi/9.2.1/../../../arm-none-eabi/lib/libc_nano.a(lib_a-mlock.o)
 .bss           0x0000000040000320        0x0 /usr/lib/gcc/arm-none-eabi/9.2.1/../../../arm-none-eabi/lib/libc_nano.a(lib_a-nano-reallocr.o)
 .bss           0x0000000040000320        0x0 /usr/lib/gcc/arm-none-eabi/9.2.1/../../../arm-none-eabi/lib/libc_nano.a(lib_a-readr.o)
 .bss           0x0000000040000320        0x0 /usr/lib/gcc/arm-none-eabi/9.2.1/../../../arm-none-eabi/lib/libc_nano.a(lib_a-reent.o)
 .bss           0x0000000040000320        0x0 /usr/lib/gcc/arm-none-eabi/9.2.1/../../../arm-none-eabi/lib/libc_nano.a(lib_a-strcmp.o)
 .bss           0x0000000040000320        0x0 /usr/lib/gcc/arm-none-eabi/9.2.1/../../../arm-none-eabi/lib/libc_nano.a(lib_a-wctomb_r.o)
 .bss           0x0000000040000320        0x0 /usr/lib/gcc/arm-none-eabi/9.2.1/../../../arm-none-eabi/lib/libc_nano.a(lib_a-abort.o)
 .bss           0x0000000040000320        0x0 /usr/lib/gcc/arm-none-eabi/9.2.1/../../../arm-none-eabi/lib/libc_nano.a(lib_a-ctype_.o)
 .bss           0x0000000040000320        0x0 /usr/lib/gcc/arm-none-eabi/9.2.1/../../../arm-none-eabi/lib/libc_nano.a(lib_a-nano-msizer.o)
 .bss           0x0000000040000320        0x0 /usr/lib/gcc/arm-none-eabi/9.2.1/../../../arm-none-eabi/lib/libc_nano.a(lib_a-signal.o)
 .bss           0x0000000040000320        0x0 /usr/lib/gcc/arm-none-eabi/9.2.1/../../../arm-none-eabi/lib/libc_nano.a(lib_a-signalr.o)
 .bss           0x0000000040000320        0x0 /usr/lib/gcc/arm-none-eabi/9.2.1/libgcc.a(_arm_muldf3.o)
 .bss           0x0000000040000320        0x0 /usr/lib/gcc/arm-none-eabi/9.2.1/libgcc.a(_udivsi3.o)
 .bss           0x0000000040000320        0x0 /usr/lib/gcc/arm-none-eabi/9.2.1/libgcc.a(_divsi3.o)
 .bss           0x0000000040000320        0x0 /usr/lib/gcc/arm-none-eabi/9.2.1/libgcc.a(_dvmd_tls.o)
 .bss           0x0000000040000320        0x0 /usr/lib/gcc/arm-none-eabi/9.2.1/libgcc.a(_arm_addsubdf3.o)
 .bss           0x0000000040000320        0x0 /usr/lib/gcc/arm-none-eabi/9.2.1/libgcc.a(_arm_muldivdf3.o)
 .bss           0x0000000040000320        0x0 /usr/lib/gcc/arm-none-eabi/9.2.1/libgcc.a(_arm_cmpdf2.o)
 .bss           0x0000000040000320        0x0 /usr/lib/gcc/arm-none-eabi/9.2.1/libgcc.a(_arm_unorddf2.o)
 .bss           0x0000000040000320        0x0 /usr/lib/gcc/arm-none-eabi/9.2.1/libgcc.a(_arm_fixdfsi.o)
 .bss           0x0000000040000320        0x0 /usr/lib/gcc/arm-none-eabi/9.2.1/../../../arm-none-eabi/lib/libnosys.a(_exit.o)
 .bss           0x0000000040000320        0x0 /usr/lib/gcc/arm-none-eabi/9.2.1/crtend.o
 .bss           0x0000000040000320        0x0 /usr/lib/gcc/arm-none-eabi/9.2.1/crtn.o
 *(COMMON)
 COMMON         0x0000000040000320        0x8 framework.o
                0x0000000040000320                pHeapEnd
                0x0000000040000324                pHeapStart
 COMMON         0x0000000040000328        0x4 /usr/lib/gcc/arm-none-eabi/9.2.1/../../../arm-none-eabi/lib/libc_nano.a(lib_a-reent.o)
                0x0000000040000328                errno
                0x000000004000032c                . = ALIGN (0x4)
                0x000000004000032c                . = ALIGN (0x4)
                0x000000004000032c                __bss_end = .
                0x000000004000032c                __bss_end__ = .
                0x000000004000032c                _end = .
                0x000000004000032c                PROVIDE (end = .)
OUTPUT(hello.elf elf32-littlearm)
LOAD linker stubs

.ARM.attributes
                0x0000000000000000       0x26
 .ARM.attributes
                0x0000000000000000       0x1c /usr/lib/gcc/arm-none-eabi/9.2.1/crti.o
 .ARM.attributes
                0x000000000000001c       0x2a /usr/lib/gcc/arm-none-eabi/9.2.1/crtbegin.o
 .ARM.attributes
                0x0000000000000046       0x1a /usr/lib/gcc/arm-none-eabi/9.2.1/../../../arm-none-eabi/lib/crt0.o
 .ARM.attributes
                0x0000000000000060       0x2a hello.o
 .ARM.attributes
                0x000000000000008a       0x1a startup.o
 .ARM.attributes
                0x00000000000000a4       0x2a reloc.o
 .ARM.attributes
                0x00000000000000ce       0x2a framework.o
 .ARM.attributes
                0x00000000000000f8       0x30 stack.o
 .ARM.attributes
                0x0000000000000128       0x2a /usr/lib/gcc/arm-none-eabi/9.2.1/../../../arm-none-eabi/lib/libc_nano.a(lib_a-atexit.o)
 .ARM.attributes
                0x0000000000000152       0x2a /usr/lib/gcc/arm-none-eabi/9.2.1/../../../arm-none-eabi/lib/libc_nano.a(lib_a-exit.o)
 .ARM.attributes
                0x000000000000017c       0x2a /usr/lib/gcc/arm-none-eabi/9.2.1/../../../arm-none-eabi/lib/libc_nano.a(lib_a-fini.o)
 .ARM.attributes
                0x00000000000001a6       0x30 /usr/lib/gcc/arm-none-eabi/9.2.1/../../../arm-none-eabi/lib/libc_nano.a(lib_a-impure.o)
 .ARM.attributes
                0x00000000000001d6       0x2a /usr/lib/gcc/arm-none-eabi/9.2.1/../../../arm-none-eabi/lib/libc_nano.a(lib_a-init.o)
 .ARM.attributes
                0x0000000000000200       0x2a /usr/lib/gcc/arm-none-eabi/9.2.1/../../../arm-none-eabi/lib/libc_nano.a(lib_a-memset.o)
 .ARM.attributes
                0x000000000000022a       0x2a /usr/lib/gcc/arm-none-eabi/9.2.1/../../../arm-none-eabi/lib/libc_nano.a(lib_a-nano-vfprintf_float.o)
 .ARM.attributes
                0x0000000000000254       0x2a /usr/lib/gcc/arm-none-eabi/9.2.1/../../../arm-none-eabi/lib/libc_nano.a(lib_a-nano-vfprintf_i.o)
 .ARM.attributes
                0x000000000000027e       0x2a /usr/lib/gcc/arm-none-eabi/9.2.1/../../../arm-none-eabi/lib/libc_nano.a(lib_a-printf.o)
 .ARM.attributes
                0x00000000000002a8       0x2a /usr/lib/gcc/arm-none-eabi/9.2.1/../../../arm-none-eabi/lib/libc_nano.a(lib_a-puts.o)
 .ARM.attributes
                0x00000000000002d2       0x2a /usr/lib/gcc/arm-none-eabi/9.2.1/../../../arm-none-eabi/lib/libc_nano.a(lib_a-strlen-stub.o)
 .ARM.attributes
                0x00000000000002fc       0x2a /usr/lib/gcc/arm-none-eabi/9.2.1/../../../arm-none-eabi/lib/libc_nano.a(lib_a-wbuf.o)
 .ARM.attributes
                0x0000000000000326       0x2a /usr/lib/gcc/arm-none-eabi/9.2.1/../../../arm-none-eabi/lib/libc_nano.a(lib_a-wsetup.o)
 .ARM.attributes
                0x0000000000000350       0x2a /usr/lib/gcc/arm-none-eabi/9.2.1/../../../arm-none-eabi/lib/libc_nano.a(lib_a-__atexit.o)
 .ARM.attributes
                0x000000000000037a       0x2a /usr/lib/gcc/arm-none-eabi/9.2.1/../../../arm-none-eabi/lib/libc_nano.a(lib_a-__call_atexit.o)
 .ARM.attributes
                0x00000000000003a4       0x2a /usr/lib/gcc/arm-none-eabi/9.2.1/../../../arm-none-eabi/lib/libc_nano.a(lib_a-dtoa.o)
 .ARM.attributes
                0x00000000000003ce       0x2a /usr/lib/gcc/arm-none-eabi/9.2.1/../../../arm-none-eabi/lib/libc_nano.a(lib_a-fflush.o)
 .ARM.attributes
                0x00000000000003f8       0x2a /usr/lib/gcc/arm-none-eabi/9.2.1/../../../arm-none-eabi/lib/libc_nano.a(lib_a-findfp.o)
 .ARM.attributes
                0x0000000000000422       0x2a /usr/lib/gcc/arm-none-eabi/9.2.1/../../../arm-none-eabi/lib/libc_nano.a(lib_a-fwalk.o)
 .ARM.attributes
                0x000000000000044c       0x2a /usr/lib/gcc/arm-none-eabi/9.2.1/../../../arm-none-eabi/lib/libc_nano.a(lib_a-localeconv.o)
 .ARM.attributes
                0x0000000000000476       0x2a /usr/lib/gcc/arm-none-eabi/9.2.1/../../../arm-none-eabi/lib/libc_nano.a(lib_a-makebuf.o)
 .ARM.attributes
                0x00000000000004a0       0x2a /usr/lib/gcc/arm-none-eabi/9.2.1/../../../arm-none-eabi/lib/libc_nano.a(lib_a-malloc.o)
 .ARM.attributes
                0x00000000000004ca       0x2a /usr/lib/gcc/arm-none-eabi/9.2.1/../../../arm-none-eabi/lib/libc_nano.a(lib_a-memchr-stub.o)
 .ARM.attributes
                0x00000000000004f4       0x2a /usr/lib/gcc/arm-none-eabi/9.2.1/../../../arm-none-eabi/lib/libc_nano.a(lib_a-memcpy-stub.o)
 .ARM.attributes
                0x000000000000051e       0x2a /usr/lib/gcc/arm-none-eabi/9.2.1/../../../arm-none-eabi/lib/libc_nano.a(lib_a-mprec.o)
 .ARM.attributes
                0x0000000000000548       0x2a /usr/lib/gcc/arm-none-eabi/9.2.1/../../../arm-none-eabi/lib/libc_nano.a(lib_a-nano-callocr.o)
 .ARM.attributes
                0x0000000000000572       0x2a /usr/lib/gcc/arm-none-eabi/9.2.1/../../../arm-none-eabi/lib/libc_nano.a(lib_a-nano-freer.o)
 .ARM.attributes
                0x000000000000059c       0x2a /usr/lib/gcc/arm-none-eabi/9.2.1/../../../arm-none-eabi/lib/libc_nano.a(lib_a-nano-mallocr.o)
 .ARM.attributes
                0x00000000000005c6       0x2a /usr/lib/gcc/arm-none-eabi/9.2.1/../../../arm-none-eabi/lib/libc_nano.a(lib_a-nano-vfprintf.o)
 .ARM.attributes
                0x00000000000005f0       0x2a /usr/lib/gcc/arm-none-eabi/9.2.1/../../../arm-none-eabi/lib/libc_nano.a(lib_a-sbrkr.o)
 .ARM.attributes
                0x000000000000061a       0x2a /usr/lib/gcc/arm-none-eabi/9.2.1/../../../arm-none-eabi/lib/libc_nano.a(lib_a-stdio.o)
 .ARM.attributes
                0x0000000000000644       0x2a /usr/lib/gcc/arm-none-eabi/9.2.1/../../../arm-none-eabi/lib/libc_nano.a(lib_a-writer.o)
 .ARM.attributes
                0x000000000000066e       0x2a /usr/lib/gcc/arm-none-eabi/9.2.1/../../../arm-none-eabi/lib/libc_nano.a(lib_a-assert.o)
 .ARM.attributes
                0x0000000000000698       0x2a /usr/lib/gcc/arm-none-eabi/9.2.1/../../../arm-none-eabi/lib/libc_nano.a(lib_a-closer.o)
 .ARM.attributes
                0x00000000000006c2       0x2a /usr/lib/gcc/arm-none-eabi/9.2.1/../../../arm-none-eabi/lib/libc_nano.a(lib_a-fprintf.o)
 .ARM.attributes
                0x00000000000006ec       0x2a /usr/lib/gcc/arm-none-eabi/9.2.1/../../../arm-none-eabi/lib/libc_nano.a(lib_a-fstatr.o)
 .ARM.attributes
                0x0000000000000716       0x2a /usr/lib/gcc/arm-none-eabi/9.2.1/../../../arm-none-eabi/lib/libc_nano.a(lib_a-fvwrite.o)
 .ARM.attributes
                0x0000000000000740       0x2a /usr/lib/gcc/arm-none-eabi/9.2.1/../../../arm-none-eabi/lib/libc_nano.a(lib_a-isattyr.o)
 .ARM.attributes
                0x000000000000076a       0x2a /usr/lib/gcc/arm-none-eabi/9.2.1/../../../arm-none-eabi/lib/libc_nano.a(lib_a-locale.o)
 .ARM.attributes
                0x0000000000000794       0x2a /usr/lib/gcc/arm-none-eabi/9.2.1/../../../arm-none-eabi/lib/libc_nano.a(lib_a-lseekr.o)
 .ARM.attributes
                0x00000000000007be       0x2a /usr/lib/gcc/arm-none-eabi/9.2.1/../../../arm-none-eabi/lib/libc_nano.a(lib_a-mbtowc_r.o)
 .ARM.attributes
                0x00000000000007e8       0x2a /usr/lib/gcc/arm-none-eabi/9.2.1/../../../arm-none-eabi/lib/libc_nano.a(lib_a-memmove.o)
 .ARM.attributes
                0x0000000000000812       0x2a /usr/lib/gcc/arm-none-eabi/9.2.1/../../../arm-none-eabi/lib/libc_nano.a(lib_a-mlock.o)
 .ARM.attributes
                0x000000000000083c       0x2a /usr/lib/gcc/arm-none-eabi/9.2.1/../../../arm-none-eabi/lib/libc_nano.a(lib_a-nano-reallocr.o)
 .ARM.attributes
                0x0000000000000866       0x2a /usr/lib/gcc/arm-none-eabi/9.2.1/../../../arm-none-eabi/lib/libc_nano.a(lib_a-readr.o)
 .ARM.attributes
                0x0000000000000890       0x2a /usr/lib/gcc/arm-none-eabi/9.2.1/../../../arm-none-eabi/lib/libc_nano.a(lib_a-reent.o)
 .ARM.attributes
                0x00000000000008ba       0x1a /usr/lib/gcc/arm-none-eabi/9.2.1/../../../arm-none-eabi/lib/libc_nano.a(lib_a-strcmp.o)
 .ARM.attributes
                0x00000000000008d4       0x2a /usr/lib/gcc/arm-none-eabi/9.2.1/../../../arm-none-eabi/lib/libc_nano.a(lib_a-wctomb_r.o)
 .ARM.attributes
                0x00000000000008fe       0x2a /usr/lib/gcc/arm-none-eabi/9.2.1/../../../arm-none-eabi/lib/libc_nano.a(lib_a-abort.o)
 .ARM.attributes
                0x0000000000000928       0x30 /usr/lib/gcc/arm-none-eabi/9.2.1/../../../arm-none-eabi/lib/libc_nano.a(lib_a-ctype_.o)
 .ARM.attributes
                0x0000000000000958       0x2a /usr/lib/gcc/arm-none-eabi/9.2.1/../../../arm-none-eabi/lib/libc_nano.a(lib_a-nano-msizer.o)
 .ARM.attributes
                0x0000000000000982       0x2a /usr/lib/gcc/arm-none-eabi/9.2.1/../../../arm-none-eabi/lib/libc_nano.a(lib_a-signal.o)
 .ARM.attributes
                0x00000000000009ac       0x2a /usr/lib/gcc/arm-none-eabi/9.2.1/../../../arm-none-eabi/lib/libc_nano.a(lib_a-signalr.o)
 .ARM.attributes
                0x00000000000009d6       0x1c /usr/lib/gcc/arm-none-eabi/9.2.1/libgcc.a(_arm_muldf3.o)
 .ARM.attributes
                0x00000000000009f2       0x1c /usr/lib/gcc/arm-none-eabi/9.2.1/libgcc.a(_udivsi3.o)
 .ARM.attributes
                0x0000000000000a0e       0x1c /usr/lib/gcc/arm-none-eabi/9.2.1/libgcc.a(_divsi3.o)
 .ARM.attributes
                0x0000000000000a2a       0x1c /usr/lib/gcc/arm-none-eabi/9.2.1/libgcc.a(_dvmd_tls.o)
 .ARM.attributes
                0x0000000000000a46       0x1c /usr/lib/gcc/arm-none-eabi/9.2.1/libgcc.a(_arm_addsubdf3.o)
 .ARM.attributes
                0x0000000000000a62       0x1c /usr/lib/gcc/arm-none-eabi/9.2.1/libgcc.a(_arm_muldivdf3.o)
 .ARM.attributes
                0x0000000000000a7e       0x1c /usr/lib/gcc/arm-none-eabi/9.2.1/libgcc.a(_arm_cmpdf2.o)
 .ARM.attributes
                0x0000000000000a9a       0x1c /usr/lib/gcc/arm-none-eabi/9.2.1/libgcc.a(_arm_unorddf2.o)
 .ARM.attributes
                0x0000000000000ab6       0x1c /usr/lib/gcc/arm-none-eabi/9.2.1/libgcc.a(_arm_fixdfsi.o)
 .ARM.attributes
                0x0000000000000ad2       0x2a /usr/lib/gcc/arm-none-eabi/9.2.1/../../../arm-none-eabi/lib/libnosys.a(_exit.o)
 .ARM.attributes
                0x0000000000000afc       0x30 /usr/lib/gcc/arm-none-eabi/9.2.1/crtend.o
 .ARM.attributes
                0x0000000000000b2c       0x1c /usr/lib/gcc/arm-none-eabi/9.2.1/crtn.o

.comment        0x0000000000000000       0xa7
 .comment       0x0000000000000000       0x59 /usr/lib/gcc/arm-none-eabi/9.2.1/crtbegin.o
                                         0x5a (size before relaxing)
 .comment       0x0000000000000059       0x5a hello.o
 .comment       0x0000000000000059       0x5a reloc.o
 .comment       0x0000000000000059       0x5a framework.o
 .comment       0x0000000000000059       0x5a stack.o
 .comment       0x0000000000000059       0x4e /usr/lib/gcc/arm-none-eabi/9.2.1/../../../arm-none-eabi/lib/libc_nano.a(lib_a-atexit.o)
                                         0x4f (size before relaxing)
 .comment       0x00000000000000a7       0x4f /usr/lib/gcc/arm-none-eabi/9.2.1/../../../arm-none-eabi/lib/libc_nano.a(lib_a-exit.o)
 .comment       0x00000000000000a7       0x4f /usr/lib/gcc/arm-none-eabi/9.2.1/../../../arm-none-eabi/lib/libc_nano.a(lib_a-fini.o)
 .comment       0x00000000000000a7       0x4f /usr/lib/gcc/arm-none-eabi/9.2.1/../../../arm-none-eabi/lib/libc_nano.a(lib_a-impure.o)
 .comment       0x00000000000000a7       0x4f /usr/lib/gcc/arm-none-eabi/9.2.1/../../../arm-none-eabi/lib/libc_nano.a(lib_a-init.o)
 .comment       0x00000000000000a7       0x4f /usr/lib/gcc/arm-none-eabi/9.2.1/../../../arm-none-eabi/lib/libc_nano.a(lib_a-memset.o)
 .comment       0x00000000000000a7       0x4f /usr/lib/gcc/arm-none-eabi/9.2.1/../../../arm-none-eabi/lib/libc_nano.a(lib_a-nano-vfprintf_float.o)
 .comment       0x00000000000000a7       0x4f /usr/lib/gcc/arm-none-eabi/9.2.1/../../../arm-none-eabi/lib/libc_nano.a(lib_a-nano-vfprintf_i.o)
 .comment       0x00000000000000a7       0x4f /usr/lib/gcc/arm-none-eabi/9.2.1/../../../arm-none-eabi/lib/libc_nano.a(lib_a-printf.o)
 .comment       0x00000000000000a7       0x4f /usr/lib/gcc/arm-none-eabi/9.2.1/../../../arm-none-eabi/lib/libc_nano.a(lib_a-puts.o)
 .comment       0x00000000000000a7       0x4f /usr/lib/gcc/arm-none-eabi/9.2.1/../../../arm-none-eabi/lib/libc_nano.a(lib_a-strlen-stub.o)
 .comment       0x00000000000000a7       0x4f /usr/lib/gcc/arm-none-eabi/9.2.1/../../../arm-none-eabi/lib/libc_nano.a(lib_a-wbuf.o)
 .comment       0x00000000000000a7       0x4f /usr/lib/gcc/arm-none-eabi/9.2.1/../../../arm-none-eabi/lib/libc_nano.a(lib_a-wsetup.o)
 .comment       0x00000000000000a7       0x4f /usr/lib/gcc/arm-none-eabi/9.2.1/../../../arm-none-eabi/lib/libc_nano.a(lib_a-__atexit.o)
 .comment       0x00000000000000a7       0x4f /usr/lib/gcc/arm-none-eabi/9.2.1/../../../arm-none-eabi/lib/libc_nano.a(lib_a-__call_atexit.o)
 .comment       0x00000000000000a7       0x4f /usr/lib/gcc/arm-none-eabi/9.2.1/../../../arm-none-eabi/lib/libc_nano.a(lib_a-dtoa.o)
 .comment       0x00000000000000a7       0x4f /usr/lib/gcc/arm-none-eabi/9.2.1/../../../arm-none-eabi/lib/libc_nano.a(lib_a-fflush.o)
 .comment       0x00000000000000a7       0x4f /usr/lib/gcc/arm-none-eabi/9.2.1/../../../arm-none-eabi/lib/libc_nano.a(lib_a-findfp.o)
 .comment       0x00000000000000a7       0x4f /usr/lib/gcc/arm-none-eabi/9.2.1/../../../arm-none-eabi/lib/libc_nano.a(lib_a-fwalk.o)
 .comment       0x00000000000000a7       0x4f /usr/lib/gcc/arm-none-eabi/9.2.1/../../../arm-none-eabi/lib/libc_nano.a(lib_a-localeconv.o)
 .comment       0x00000000000000a7       0x4f /usr/lib/gcc/arm-none-eabi/9.2.1/../../../arm-none-eabi/lib/libc_nano.a(lib_a-makebuf.o)
 .comment       0x00000000000000a7       0x4f /usr/lib/gcc/arm-none-eabi/9.2.1/../../../arm-none-eabi/lib/libc_nano.a(lib_a-malloc.o)
 .comment       0x00000000000000a7       0x4f /usr/lib/gcc/arm-none-eabi/9.2.1/../../../arm-none-eabi/lib/libc_nano.a(lib_a-memchr-stub.o)
 .comment       0x00000000000000a7       0x4f /usr/lib/gcc/arm-none-eabi/9.2.1/../../../arm-none-eabi/lib/libc_nano.a(lib_a-memcpy-stub.o)
 .comment       0x00000000000000a7       0x4f /usr/lib/gcc/arm-none-eabi/9.2.1/../../../arm-none-eabi/lib/libc_nano.a(lib_a-mprec.o)
 .comment       0x00000000000000a7       0x4f /usr/lib/gcc/arm-none-eabi/9.2.1/../../../arm-none-eabi/lib/libc_nano.a(lib_a-nano-callocr.o)
 .comment       0x00000000000000a7       0x4f /usr/lib/gcc/arm-none-eabi/9.2.1/../../../arm-none-eabi/lib/libc_nano.a(lib_a-nano-freer.o)
 .comment       0x00000000000000a7       0x4f /usr/lib/gcc/arm-none-eabi/9.2.1/../../../arm-none-eabi/lib/libc_nano.a(lib_a-nano-mallocr.o)
 .comment       0x00000000000000a7       0x4f /usr/lib/gcc/arm-none-eabi/9.2.1/../../../arm-none-eabi/lib/libc_nano.a(lib_a-nano-vfprintf.o)
 .comment       0x00000000000000a7       0x4f /usr/lib/gcc/arm-none-eabi/9.2.1/../../../arm-none-eabi/lib/libc_nano.a(lib_a-sbrkr.o)
 .comment       0x00000000000000a7       0x4f /usr/lib/gcc/arm-none-eabi/9.2.1/../../../arm-none-eabi/lib/libc_nano.a(lib_a-stdio.o)
 .comment       0x00000000000000a7       0x4f /usr/lib/gcc/arm-none-eabi/9.2.1/../../../arm-none-eabi/lib/libc_nano.a(lib_a-writer.o)
 .comment       0x00000000000000a7       0x4f /usr/lib/gcc/arm-none-eabi/9.2.1/../../../arm-none-eabi/lib/libc_nano.a(lib_a-assert.o)
 .comment       0x00000000000000a7       0x4f /usr/lib/gcc/arm-none-eabi/9.2.1/../../../arm-none-eabi/lib/libc_nano.a(lib_a-closer.o)
 .comment       0x00000000000000a7       0x4f /usr/lib/gcc/arm-none-eabi/9.2.1/../../../arm-none-eabi/lib/libc_nano.a(lib_a-fprintf.o)
 .comment       0x00000000000000a7       0x4f /usr/lib/gcc/arm-none-eabi/9.2.1/../../../arm-none-eabi/lib/libc_nano.a(lib_a-fstatr.o)
 .comment       0x00000000000000a7       0x4f /usr/lib/gcc/arm-none-eabi/9.2.1/../../../arm-none-eabi/lib/libc_nano.a(lib_a-fvwrite.o)
 .comment       0x00000000000000a7       0x4f /usr/lib/gcc/arm-none-eabi/9.2.1/../../../arm-none-eabi/lib/libc_nano.a(lib_a-isattyr.o)
 .comment       0x00000000000000a7       0x4f /usr/lib/gcc/arm-none-eabi/9.2.1/../../../arm-none-eabi/lib/libc_nano.a(lib_a-locale.o)
 .comment       0x00000000000000a7       0x4f /usr/lib/gcc/arm-none-eabi/9.2.1/../../../arm-none-eabi/lib/libc_nano.a(lib_a-lseekr.o)
 .comment       0x00000000000000a7       0x4f /usr/lib/gcc/arm-none-eabi/9.2.1/../../../arm-none-eabi/lib/libc_nano.a(lib_a-mbtowc_r.o)
 .comment       0x00000000000000a7       0x4f /usr/lib/gcc/arm-none-eabi/9.2.1/../../../arm-none-eabi/lib/libc_nano.a(lib_a-memmove.o)
 .comment       0x00000000000000a7       0x4f /usr/lib/gcc/arm-none-eabi/9.2.1/../../../arm-none-eabi/lib/libc_nano.a(lib_a-mlock.o)
 .comment       0x00000000000000a7       0x4f /usr/lib/gcc/arm-none-eabi/9.2.1/../../../arm-none-eabi/lib/libc_nano.a(lib_a-nano-reallocr.o)
 .comment       0x00000000000000a7       0x4f /usr/lib/gcc/arm-none-eabi/9.2.1/../../../arm-none-eabi/lib/libc_nano.a(lib_a-readr.o)
 .comment       0x00000000000000a7       0x4f /usr/lib/gcc/arm-none-eabi/9.2.1/../../../arm-none-eabi/lib/libc_nano.a(lib_a-reent.o)
 .comment       0x00000000000000a7       0x4f /usr/lib/gcc/arm-none-eabi/9.2.1/../../../arm-none-eabi/lib/libc_nano.a(lib_a-wctomb_r.o)
 .comment       0x00000000000000a7       0x4f /usr/lib/gcc/arm-none-eabi/9.2.1/../../../arm-none-eabi/lib/libc_nano.a(lib_a-abort.o)
 .comment       0x00000000000000a7       0x4f /usr/lib/gcc/arm-none-eabi/9.2.1/../../../arm-none-eabi/lib/libc_nano.a(lib_a-ctype_.o)
 .comment       0x00000000000000a7       0x4f /usr/lib/gcc/arm-none-eabi/9.2.1/../../../arm-none-eabi/lib/libc_nano.a(lib_a-nano-msizer.o)
 .comment       0x00000000000000a7       0x4f /usr/lib/gcc/arm-none-eabi/9.2.1/../../../arm-none-eabi/lib/libc_nano.a(lib_a-signal.o)
 .comment       0x00000000000000a7       0x4f /usr/lib/gcc/arm-none-eabi/9.2.1/../../../arm-none-eabi/lib/libc_nano.a(lib_a-signalr.o)
 .comment       0x00000000000000a7       0x4f /usr/lib/gcc/arm-none-eabi/9.2.1/../../../arm-none-eabi/lib/libnosys.a(_exit.o)
 .comment       0x00000000000000a7       0x5a /usr/lib/gcc/arm-none-eabi/9.2.1/crtend.o

.debug_line     0x0000000000000000     0xac05
 .debug_line    0x0000000000000000       0xa3 /usr/lib/gcc/arm-none-eabi/9.2.1/../../../arm-none-eabi/lib/crt0.o
 .debug_line    0x00000000000000a3      0x14b /usr/lib/gcc/arm-none-eabi/9.2.1/../../../arm-none-eabi/lib/libc_nano.a(lib_a-atexit.o)
 .debug_line    0x00000000000001ee      0x161 /usr/lib/gcc/arm-none-eabi/9.2.1/../../../arm-none-eabi/lib/libc_nano.a(lib_a-exit.o)
 .debug_line    0x000000000000034f       0xc5 /usr/lib/gcc/arm-none-eabi/9.2.1/../../../arm-none-eabi/lib/libc_nano.a(lib_a-fini.o)
 .debug_line    0x0000000000000414       0xda /usr/lib/gcc/arm-none-eabi/9.2.1/../../../arm-none-eabi/lib/libc_nano.a(lib_a-impure.o)
 .debug_line    0x00000000000004ee       0xf6 /usr/lib/gcc/arm-none-eabi/9.2.1/../../../arm-none-eabi/lib/libc_nano.a(lib_a-init.o)
 .debug_line    0x00000000000005e4      0x279 /usr/lib/gcc/arm-none-eabi/9.2.1/../../../arm-none-eabi/lib/libc_nano.a(lib_a-memset.o)
 .debug_line    0x000000000000085d      0x98b /usr/lib/gcc/arm-none-eabi/9.2.1/../../../arm-none-eabi/lib/libc_nano.a(lib_a-nano-vfprintf_float.o)
 .debug_line    0x00000000000011e8      0x796 /usr/lib/gcc/arm-none-eabi/9.2.1/../../../arm-none-eabi/lib/libc_nano.a(lib_a-nano-vfprintf_i.o)
 .debug_line    0x000000000000197e      0x1f2 /usr/lib/gcc/arm-none-eabi/9.2.1/../../../arm-none-eabi/lib/libc_nano.a(lib_a-printf.o)
 .debug_line    0x0000000000001b70      0x2b4 /usr/lib/gcc/arm-none-eabi/9.2.1/../../../arm-none-eabi/lib/libc_nano.a(lib_a-puts.o)
 .debug_line    0x0000000000001e24      0x145 /usr/lib/gcc/arm-none-eabi/9.2.1/../../../arm-none-eabi/lib/libc_nano.a(lib_a-strlen-stub.o)
 .debug_line    0x0000000000001f69      0x270 /usr/lib/gcc/arm-none-eabi/9.2.1/../../../arm-none-eabi/lib/libc_nano.a(lib_a-wbuf.o)
 .debug_line    0x00000000000021d9      0x2f3 /usr/lib/gcc/arm-none-eabi/9.2.1/../../../arm-none-eabi/lib/libc_nano.a(lib_a-wsetup.o)
 .debug_line    0x00000000000024cc      0x231 /usr/lib/gcc/arm-none-eabi/9.2.1/../../../arm-none-eabi/lib/libc_nano.a(lib_a-__atexit.o)
 .debug_line    0x00000000000026fd      0x22d /usr/lib/gcc/arm-none-eabi/9.2.1/../../../arm-none-eabi/lib/libc_nano.a(lib_a-__call_atexit.o)
 .debug_line    0x000000000000292a     0x13eb /usr/lib/gcc/arm-none-eabi/9.2.1/../../../arm-none-eabi/lib/libc_nano.a(lib_a-dtoa.o)
 .debug_line    0x0000000000003d15      0x414 /usr/lib/gcc/arm-none-eabi/9.2.1/../../../arm-none-eabi/lib/libc_nano.a(lib_a-fflush.o)
 .debug_line    0x0000000000004129      0x5b5 /usr/lib/gcc/arm-none-eabi/9.2.1/../../../arm-none-eabi/lib/libc_nano.a(lib_a-findfp.o)
 .debug_line    0x00000000000046de      0x26b /usr/lib/gcc/arm-none-eabi/9.2.1/../../../arm-none-eabi/lib/libc_nano.a(lib_a-fwalk.o)
 .debug_line    0x0000000000004949      0x1c1 /usr/lib/gcc/arm-none-eabi/9.2.1/../../../arm-none-eabi/lib/libc_nano.a(lib_a-localeconv.o)
 .debug_line    0x0000000000004b0a      0x373 /usr/lib/gcc/arm-none-eabi/9.2.1/../../../arm-none-eabi/lib/libc_nano.a(lib_a-makebuf.o)
 .debug_line    0x0000000000004e7d      0x159 /usr/lib/gcc/arm-none-eabi/9.2.1/../../../arm-none-eabi/lib/libc_nano.a(lib_a-malloc.o)
 .debug_line    0x0000000000004fd6      0x209 /usr/lib/gcc/arm-none-eabi/9.2.1/../../../arm-none-eabi/lib/libc_nano.a(lib_a-memchr-stub.o)
 .debug_line    0x00000000000051df      0x263 /usr/lib/gcc/arm-none-eabi/9.2.1/../../../arm-none-eabi/lib/libc_nano.a(lib_a-memcpy-stub.o)
 .debug_line    0x0000000000005442     0x146b /usr/lib/gcc/arm-none-eabi/9.2.1/../../../arm-none-eabi/lib/libc_nano.a(lib_a-mprec.o)
 .debug_line    0x00000000000068ad      0x173 /usr/lib/gcc/arm-none-eabi/9.2.1/../../../arm-none-eabi/lib/libc_nano.a(lib_a-nano-callocr.o)
 .debug_line    0x0000000000006a20      0x287 /usr/lib/gcc/arm-none-eabi/9.2.1/../../../arm-none-eabi/lib/libc_nano.a(lib_a-nano-freer.o)
 .debug_line    0x0000000000006ca7      0x2c4 /usr/lib/gcc/arm-none-eabi/9.2.1/../../../arm-none-eabi/lib/libc_nano.a(lib_a-nano-mallocr.o)
 .debug_line    0x0000000000006f6b      0x6e1 /usr/lib/gcc/arm-none-eabi/9.2.1/../../../arm-none-eabi/lib/libc_nano.a(lib_a-nano-vfprintf.o)
 .debug_line    0x000000000000764c      0x191 /usr/lib/gcc/arm-none-eabi/9.2.1/../../../arm-none-eabi/lib/libc_nano.a(lib_a-sbrkr.o)
 .debug_line    0x00000000000077dd      0x253 /usr/lib/gcc/arm-none-eabi/9.2.1/../../../arm-none-eabi/lib/libc_nano.a(lib_a-stdio.o)
 .debug_line    0x0000000000007a30      0x187 /usr/lib/gcc/arm-none-eabi/9.2.1/../../../arm-none-eabi/lib/libc_nano.a(lib_a-writer.o)
 .debug_line    0x0000000000007bb7      0x17c /usr/lib/gcc/arm-none-eabi/9.2.1/../../../arm-none-eabi/lib/libc_nano.a(lib_a-assert.o)
 .debug_line    0x0000000000007d33      0x185 /usr/lib/gcc/arm-none-eabi/9.2.1/../../../arm-none-eabi/lib/libc_nano.a(lib_a-closer.o)
 .debug_line    0x0000000000007eb8      0x194 /usr/lib/gcc/arm-none-eabi/9.2.1/../../../arm-none-eabi/lib/libc_nano.a(lib_a-fprintf.o)
 .debug_line    0x000000000000804c      0x217 /usr/lib/gcc/arm-none-eabi/9.2.1/../../../arm-none-eabi/lib/libc_nano.a(lib_a-fstatr.o)
 .debug_line    0x0000000000008263      0x5d0 /usr/lib/gcc/arm-none-eabi/9.2.1/../../../arm-none-eabi/lib/libc_nano.a(lib_a-fvwrite.o)
 .debug_line    0x0000000000008833      0x186 /usr/lib/gcc/arm-none-eabi/9.2.1/../../../arm-none-eabi/lib/libc_nano.a(lib_a-isattyr.o)
 .debug_line    0x00000000000089b9      0x222 /usr/lib/gcc/arm-none-eabi/9.2.1/../../../arm-none-eabi/lib/libc_nano.a(lib_a-locale.o)
 .debug_line    0x0000000000008bdb      0x187 /usr/lib/gcc/arm-none-eabi/9.2.1/../../../arm-none-eabi/lib/libc_nano.a(lib_a-lseekr.o)
 .debug_line    0x0000000000008d62      0x20d /usr/lib/gcc/arm-none-eabi/9.2.1/../../../arm-none-eabi/lib/libc_nano.a(lib_a-mbtowc_r.o)
 .debug_line    0x0000000000008f6f      0x290 /usr/lib/gcc/arm-none-eabi/9.2.1/../../../arm-none-eabi/lib/libc_nano.a(lib_a-memmove.o)
 .debug_line    0x00000000000091ff      0x134 /usr/lib/gcc/arm-none-eabi/9.2.1/../../../arm-none-eabi/lib/libc_nano.a(lib_a-mlock.o)
 .debug_line    0x0000000000009333      0x1c5 /usr/lib/gcc/arm-none-eabi/9.2.1/../../../arm-none-eabi/lib/libc_nano.a(lib_a-nano-reallocr.o)
 .debug_line    0x00000000000094f8      0x186 /usr/lib/gcc/arm-none-eabi/9.2.1/../../../arm-none-eabi/lib/libc_nano.a(lib_a-readr.o)
 .debug_line    0x000000000000967e      0x266 /usr/lib/gcc/arm-none-eabi/9.2.1/../../../arm-none-eabi/lib/libc_nano.a(lib_a-reent.o)
 .debug_line    0x00000000000098e4       0xf9 /usr/lib/gcc/arm-none-eabi/9.2.1/../../../arm-none-eabi/lib/libc_nano.a(lib_a-strcmp.o)
 .debug_line    0x00000000000099dd      0x1fe /usr/lib/gcc/arm-none-eabi/9.2.1/../../../arm-none-eabi/lib/libc_nano.a(lib_a-wctomb_r.o)
 .debug_line    0x0000000000009bdb      0x156 /usr/lib/gcc/arm-none-eabi/9.2.1/../../../arm-none-eabi/lib/libc_nano.a(lib_a-abort.o)
 .debug_line    0x0000000000009d31      0x14b /usr/lib/gcc/arm-none-eabi/9.2.1/../../../arm-none-eabi/lib/libc_nano.a(lib_a-ctype_.o)
 .debug_line    0x0000000000009e7c      0x15f /usr/lib/gcc/arm-none-eabi/9.2.1/../../../arm-none-eabi/lib/libc_nano.a(lib_a-nano-msizer.o)
 .debug_line    0x0000000000009fdb      0x385 /usr/lib/gcc/arm-none-eabi/9.2.1/../../../arm-none-eabi/lib/libc_nano.a(lib_a-signal.o)
 .debug_line    0x000000000000a360      0x1ad /usr/lib/gcc/arm-none-eabi/9.2.1/../../../arm-none-eabi/lib/libc_nano.a(lib_a-signalr.o)
 .debug_line    0x000000000000a50d       0xf2 /usr/lib/gcc/arm-none-eabi/9.2.1/libgcc.a(_arm_muldf3.o)
 .debug_line    0x000000000000a5ff       0x74 /usr/lib/gcc/arm-none-eabi/9.2.1/libgcc.a(_udivsi3.o)
 .debug_line    0x000000000000a673       0x80 /usr/lib/gcc/arm-none-eabi/9.2.1/libgcc.a(_divsi3.o)
 .debug_line    0x000000000000a6f3       0x57 /usr/lib/gcc/arm-none-eabi/9.2.1/libgcc.a(_dvmd_tls.o)
 .debug_line    0x000000000000a74a      0x166 /usr/lib/gcc/arm-none-eabi/9.2.1/libgcc.a(_arm_addsubdf3.o)
 .debug_line    0x000000000000a8b0      0x175 /usr/lib/gcc/arm-none-eabi/9.2.1/libgcc.a(_arm_muldivdf3.o)
 .debug_line    0x000000000000aa25       0xa8 /usr/lib/gcc/arm-none-eabi/9.2.1/libgcc.a(_arm_cmpdf2.o)
 .debug_line    0x000000000000aacd       0x65 /usr/lib/gcc/arm-none-eabi/9.2.1/libgcc.a(_arm_unorddf2.o)
 .debug_line    0x000000000000ab32       0x6e /usr/lib/gcc/arm-none-eabi/9.2.1/libgcc.a(_arm_fixdfsi.o)
 .debug_line    0x000000000000aba0       0x65 /usr/lib/gcc/arm-none-eabi/9.2.1/../../../arm-none-eabi/lib/libnosys.a(_exit.o)

.debug_info     0x0000000000000000    0x2abd3
 .debug_info    0x0000000000000000       0x26 /usr/lib/gcc/arm-none-eabi/9.2.1/../../../arm-none-eabi/lib/crt0.o
 .debug_info    0x0000000000000026      0x995 /usr/lib/gcc/arm-none-eabi/9.2.1/../../../arm-none-eabi/lib/libc_nano.a(lib_a-atexit.o)
 .debug_info    0x00000000000009bb      0x9e7 /usr/lib/gcc/arm-none-eabi/9.2.1/../../../arm-none-eabi/lib/libc_nano.a(lib_a-exit.o)
 .debug_info    0x00000000000013a2      0x102 /usr/lib/gcc/arm-none-eabi/9.2.1/../../../arm-none-eabi/lib/libc_nano.a(lib_a-fini.o)
 .debug_info    0x00000000000014a4      0x92a /usr/lib/gcc/arm-none-eabi/9.2.1/../../../arm-none-eabi/lib/libc_nano.a(lib_a-impure.o)
 .debug_info    0x0000000000001dce      0x11a /usr/lib/gcc/arm-none-eabi/9.2.1/../../../arm-none-eabi/lib/libc_nano.a(lib_a-init.o)
 .debug_info    0x0000000000001ee8      0xf21 /usr/lib/gcc/arm-none-eabi/9.2.1/../../../arm-none-eabi/lib/libc_nano.a(lib_a-memset.o)
 .debug_info    0x0000000000002e09     0x1a70 /usr/lib/gcc/arm-none-eabi/9.2.1/../../../arm-none-eabi/lib/libc_nano.a(lib_a-nano-vfprintf_float.o)
 .debug_info    0x0000000000004879     0x1591 /usr/lib/gcc/arm-none-eabi/9.2.1/../../../arm-none-eabi/lib/libc_nano.a(lib_a-nano-vfprintf_i.o)
 .debug_info    0x0000000000005e0a      0xc67 /usr/lib/gcc/arm-none-eabi/9.2.1/../../../arm-none-eabi/lib/libc_nano.a(lib_a-printf.o)
 .debug_info    0x0000000000006a71      0xd24 /usr/lib/gcc/arm-none-eabi/9.2.1/../../../arm-none-eabi/lib/libc_nano.a(lib_a-puts.o)
 .debug_info    0x0000000000007795      0x941 /usr/lib/gcc/arm-none-eabi/9.2.1/../../../arm-none-eabi/lib/libc_nano.a(lib_a-strlen-stub.o)
 .debug_info    0x00000000000080d6      0xc90 /usr/lib/gcc/arm-none-eabi/9.2.1/../../../arm-none-eabi/lib/libc_nano.a(lib_a-wbuf.o)
 .debug_info    0x0000000000008d66      0xbfa /usr/lib/gcc/arm-none-eabi/9.2.1/../../../arm-none-eabi/lib/libc_nano.a(lib_a-wsetup.o)
 .debug_info    0x0000000000009960      0xa3c /usr/lib/gcc/arm-none-eabi/9.2.1/../../../arm-none-eabi/lib/libc_nano.a(lib_a-__atexit.o)
 .debug_info    0x000000000000a39c      0xa10 /usr/lib/gcc/arm-none-eabi/9.2.1/../../../arm-none-eabi/lib/libc_nano.a(lib_a-__call_atexit.o)
 .debug_info    0x000000000000adac     0x1b01 /usr/lib/gcc/arm-none-eabi/9.2.1/../../../arm-none-eabi/lib/libc_nano.a(lib_a-dtoa.o)
 .debug_info    0x000000000000c8ad      0xd7d /usr/lib/gcc/arm-none-eabi/9.2.1/../../../arm-none-eabi/lib/libc_nano.a(lib_a-fflush.o)
 .debug_info    0x000000000000d62a     0x11a8 /usr/lib/gcc/arm-none-eabi/9.2.1/../../../arm-none-eabi/lib/libc_nano.a(lib_a-findfp.o)
 .debug_info    0x000000000000e7d2      0xca4 /usr/lib/gcc/arm-none-eabi/9.2.1/../../../arm-none-eabi/lib/libc_nano.a(lib_a-fwalk.o)
 .debug_info    0x000000000000f476      0xf49 /usr/lib/gcc/arm-none-eabi/9.2.1/../../../arm-none-eabi/lib/libc_nano.a(lib_a-localeconv.o)
 .debug_info    0x00000000000103bf      0xf62 /usr/lib/gcc/arm-none-eabi/9.2.1/../../../arm-none-eabi/lib/libc_nano.a(lib_a-makebuf.o)
 .debug_info    0x0000000000011321      0x9b6 /usr/lib/gcc/arm-none-eabi/9.2.1/../../../arm-none-eabi/lib/libc_nano.a(lib_a-malloc.o)
 .debug_info    0x0000000000011cd7      0x9e3 /usr/lib/gcc/arm-none-eabi/9.2.1/../../../arm-none-eabi/lib/libc_nano.a(lib_a-memchr-stub.o)
 .debug_info    0x00000000000126ba      0xf35 /usr/lib/gcc/arm-none-eabi/9.2.1/../../../arm-none-eabi/lib/libc_nano.a(lib_a-memcpy-stub.o)
 .debug_info    0x00000000000135ef     0x2414 /usr/lib/gcc/arm-none-eabi/9.2.1/../../../arm-none-eabi/lib/libc_nano.a(lib_a-mprec.o)
 .debug_info    0x0000000000015a03      0xafe /usr/lib/gcc/arm-none-eabi/9.2.1/../../../arm-none-eabi/lib/libc_nano.a(lib_a-nano-callocr.o)
 .debug_info    0x0000000000016501      0xb82 /usr/lib/gcc/arm-none-eabi/9.2.1/../../../arm-none-eabi/lib/libc_nano.a(lib_a-nano-freer.o)
 .debug_info    0x0000000000017083      0xc92 /usr/lib/gcc/arm-none-eabi/9.2.1/../../../arm-none-eabi/lib/libc_nano.a(lib_a-nano-mallocr.o)
 .debug_info    0x0000000000017d15     0x1769 /usr/lib/gcc/arm-none-eabi/9.2.1/../../../arm-none-eabi/lib/libc_nano.a(lib_a-nano-vfprintf.o)
 .debug_info    0x000000000001947e      0x9fb /usr/lib/gcc/arm-none-eabi/9.2.1/../../../arm-none-eabi/lib/libc_nano.a(lib_a-sbrkr.o)
 .debug_info    0x0000000000019e79      0xe6c /usr/lib/gcc/arm-none-eabi/9.2.1/../../../arm-none-eabi/lib/libc_nano.a(lib_a-stdio.o)
 .debug_info    0x000000000001ace5      0xa2d /usr/lib/gcc/arm-none-eabi/9.2.1/../../../arm-none-eabi/lib/libc_nano.a(lib_a-writer.o)
 .debug_info    0x000000000001b712      0xa8d /usr/lib/gcc/arm-none-eabi/9.2.1/../../../arm-none-eabi/lib/libc_nano.a(lib_a-assert.o)
 .debug_info    0x000000000001c19f      0x9d8 /usr/lib/gcc/arm-none-eabi/9.2.1/../../../arm-none-eabi/lib/libc_nano.a(lib_a-closer.o)
 .debug_info    0x000000000001cb77      0xa7a /usr/lib/gcc/arm-none-eabi/9.2.1/../../../arm-none-eabi/lib/libc_nano.a(lib_a-fprintf.o)
 .debug_info    0x000000000001d5f1      0xc24 /usr/lib/gcc/arm-none-eabi/9.2.1/../../../arm-none-eabi/lib/libc_nano.a(lib_a-fstatr.o)
 .debug_info    0x000000000001e215      0xee3 /usr/lib/gcc/arm-none-eabi/9.2.1/../../../arm-none-eabi/lib/libc_nano.a(lib_a-fvwrite.o)
 .debug_info    0x000000000001f0f8      0x9d8 /usr/lib/gcc/arm-none-eabi/9.2.1/../../../arm-none-eabi/lib/libc_nano.a(lib_a-isattyr.o)
 .debug_info    0x000000000001fad0     0x10ca /usr/lib/gcc/arm-none-eabi/9.2.1/../../../arm-none-eabi/lib/libc_nano.a(lib_a-locale.o)
 .debug_info    0x0000000000020b9a      0xa0e /usr/lib/gcc/arm-none-eabi/9.2.1/../../../arm-none-eabi/lib/libc_nano.a(lib_a-lseekr.o)
 .debug_info    0x00000000000215a8     0x103a /usr/lib/gcc/arm-none-eabi/9.2.1/../../../arm-none-eabi/lib/libc_nano.a(lib_a-mbtowc_r.o)
 .debug_info    0x00000000000225e2      0xf2b /usr/lib/gcc/arm-none-eabi/9.2.1/../../../arm-none-eabi/lib/libc_nano.a(lib_a-memmove.o)
 .debug_info    0x000000000002350d      0x961 /usr/lib/gcc/arm-none-eabi/9.2.1/../../../arm-none-eabi/lib/libc_nano.a(lib_a-mlock.o)
 .debug_info    0x0000000000023e6e      0xb76 /usr/lib/gcc/arm-none-eabi/9.2.1/../../../arm-none-eabi/lib/libc_nano.a(lib_a-nano-reallocr.o)
 .debug_info    0x00000000000249e4      0xa26 /usr/lib/gcc/arm-none-eabi/9.2.1/../../../arm-none-eabi/lib/libc_nano.a(lib_a-readr.o)
 .debug_info    0x000000000002540a      0xb0d /usr/lib/gcc/arm-none-eabi/9.2.1/../../../arm-none-eabi/lib/libc_nano.a(lib_a-reent.o)
 .debug_info    0x0000000000025f17       0x26 /usr/lib/gcc/arm-none-eabi/9.2.1/../../../arm-none-eabi/lib/libc_nano.a(lib_a-strcmp.o)
 .debug_info    0x0000000000025f3d     0x1003 /usr/lib/gcc/arm-none-eabi/9.2.1/../../../arm-none-eabi/lib/libc_nano.a(lib_a-wctomb_r.o)
 .debug_info    0x0000000000026f40      0x9b5 /usr/lib/gcc/arm-none-eabi/9.2.1/../../../arm-none-eabi/lib/libc_nano.a(lib_a-abort.o)
 .debug_info    0x00000000000278f5      0xe91 /usr/lib/gcc/arm-none-eabi/9.2.1/../../../arm-none-eabi/lib/libc_nano.a(lib_a-ctype_.o)
 .debug_info    0x0000000000028786      0xaa6 /usr/lib/gcc/arm-none-eabi/9.2.1/../../../arm-none-eabi/lib/libc_nano.a(lib_a-nano-msizer.o)
 .debug_info    0x000000000002922c      0xd62 /usr/lib/gcc/arm-none-eabi/9.2.1/../../../arm-none-eabi/lib/libc_nano.a(lib_a-signal.o)
 .debug_info    0x0000000000029f8e      0xa4c /usr/lib/gcc/arm-none-eabi/9.2.1/../../../arm-none-eabi/lib/libc_nano.a(lib_a-signalr.o)
 .debug_info    0x000000000002a9da       0x26 /usr/lib/gcc/arm-none-eabi/9.2.1/libgcc.a(_arm_muldf3.o)
 .debug_info    0x000000000002aa00       0x26 /usr/lib/gcc/arm-none-eabi/9.2.1/libgcc.a(_udivsi3.o)
 .debug_info    0x000000000002aa26       0x26 /usr/lib/gcc/arm-none-eabi/9.2.1/libgcc.a(_divsi3.o)
 .debug_info    0x000000000002aa4c       0x26 /usr/lib/gcc/arm-none-eabi/9.2.1/libgcc.a(_dvmd_tls.o)
 .debug_info    0x000000000002aa72       0x26 /usr/lib/gcc/arm-none-eabi/9.2.1/libgcc.a(_arm_addsubdf3.o)
 .debug_info    0x000000000002aa98       0x26 /usr/lib/gcc/arm-none-eabi/9.2.1/libgcc.a(_arm_muldivdf3.o)
 .debug_info    0x000000000002aabe       0x26 /usr/lib/gcc/arm-none-eabi/9.2.1/libgcc.a(_arm_cmpdf2.o)
 .debug_info    0x000000000002aae4       0x26 /usr/lib/gcc/arm-none-eabi/9.2.1/libgcc.a(_arm_unorddf2.o)
 .debug_info    0x000000000002ab0a       0x26 /usr/lib/gcc/arm-none-eabi/9.2.1/libgcc.a(_arm_fixdfsi.o)
 .debug_info    0x000000000002ab30       0xa3 /usr/lib/gcc/arm-none-eabi/9.2.1/../../../arm-none-eabi/lib/libnosys.a(_exit.o)

.debug_abbrev   0x0000000000000000     0x76f2
 .debug_abbrev  0x0000000000000000       0x14 /usr/lib/gcc/arm-none-eabi/9.2.1/../../../arm-none-eabi/lib/crt0.o
 .debug_abbrev  0x0000000000000014      0x1f1 /usr/lib/gcc/arm-none-eabi/9.2.1/../../../arm-none-eabi/lib/libc_nano.a(lib_a-atexit.o)
 .debug_abbrev  0x0000000000000205      0x1f6 /usr/lib/gcc/arm-none-eabi/9.2.1/../../../arm-none-eabi/lib/libc_nano.a(lib_a-exit.o)
 .debug_abbrev  0x00000000000003fb       0xcc /usr/lib/gcc/arm-none-eabi/9.2.1/../../../arm-none-eabi/lib/libc_nano.a(lib_a-fini.o)
 .debug_abbrev  0x00000000000004c7      0x17a /usr/lib/gcc/arm-none-eabi/9.2.1/../../../arm-none-eabi/lib/libc_nano.a(lib_a-impure.o)
 .debug_abbrev  0x0000000000000641       0xcc /usr/lib/gcc/arm-none-eabi/9.2.1/../../../arm-none-eabi/lib/libc_nano.a(lib_a-init.o)
 .debug_abbrev  0x000000000000070d      0x1d9 /usr/lib/gcc/arm-none-eabi/9.2.1/../../../arm-none-eabi/lib/libc_nano.a(lib_a-memset.o)
 .debug_abbrev  0x00000000000008e6      0x373 /usr/lib/gcc/arm-none-eabi/9.2.1/../../../arm-none-eabi/lib/libc_nano.a(lib_a-nano-vfprintf_float.o)
 .debug_abbrev  0x0000000000000c59      0x30b /usr/lib/gcc/arm-none-eabi/9.2.1/../../../arm-none-eabi/lib/libc_nano.a(lib_a-nano-vfprintf_i.o)
 .debug_abbrev  0x0000000000000f64      0x29f /usr/lib/gcc/arm-none-eabi/9.2.1/../../../arm-none-eabi/lib/libc_nano.a(lib_a-printf.o)
 .debug_abbrev  0x0000000000001203      0x2eb /usr/lib/gcc/arm-none-eabi/9.2.1/../../../arm-none-eabi/lib/libc_nano.a(lib_a-puts.o)
 .debug_abbrev  0x00000000000014ee      0x194 /usr/lib/gcc/arm-none-eabi/9.2.1/../../../arm-none-eabi/lib/libc_nano.a(lib_a-strlen-stub.o)
 .debug_abbrev  0x0000000000001682      0x285 /usr/lib/gcc/arm-none-eabi/9.2.1/../../../arm-none-eabi/lib/libc_nano.a(lib_a-wbuf.o)
 .debug_abbrev  0x0000000000001907      0x23a /usr/lib/gcc/arm-none-eabi/9.2.1/../../../arm-none-eabi/lib/libc_nano.a(lib_a-wsetup.o)
 .debug_abbrev  0x0000000000001b41      0x261 /usr/lib/gcc/arm-none-eabi/9.2.1/../../../arm-none-eabi/lib/libc_nano.a(lib_a-__atexit.o)
 .debug_abbrev  0x0000000000001da2      0x237 /usr/lib/gcc/arm-none-eabi/9.2.1/../../../arm-none-eabi/lib/libc_nano.a(lib_a-__call_atexit.o)
 .debug_abbrev  0x0000000000001fd9      0x332 /usr/lib/gcc/arm-none-eabi/9.2.1/../../../arm-none-eabi/lib/libc_nano.a(lib_a-dtoa.o)
 .debug_abbrev  0x000000000000230b      0x2ef /usr/lib/gcc/arm-none-eabi/9.2.1/../../../arm-none-eabi/lib/libc_nano.a(lib_a-fflush.o)
 .debug_abbrev  0x00000000000025fa      0x3d9 /usr/lib/gcc/arm-none-eabi/9.2.1/../../../arm-none-eabi/lib/libc_nano.a(lib_a-findfp.o)
 .debug_abbrev  0x00000000000029d3      0x210 /usr/lib/gcc/arm-none-eabi/9.2.1/../../../arm-none-eabi/lib/libc_nano.a(lib_a-fwalk.o)
 .debug_abbrev  0x0000000000002be3      0x23f /usr/lib/gcc/arm-none-eabi/9.2.1/../../../arm-none-eabi/lib/libc_nano.a(lib_a-localeconv.o)
 .debug_abbrev  0x0000000000002e22      0x2f6 /usr/lib/gcc/arm-none-eabi/9.2.1/../../../arm-none-eabi/lib/libc_nano.a(lib_a-makebuf.o)
 .debug_abbrev  0x0000000000003118      0x1ef /usr/lib/gcc/arm-none-eabi/9.2.1/../../../arm-none-eabi/lib/libc_nano.a(lib_a-malloc.o)
 .debug_abbrev  0x0000000000003307      0x1d7 /usr/lib/gcc/arm-none-eabi/9.2.1/../../../arm-none-eabi/lib/libc_nano.a(lib_a-memchr-stub.o)
 .debug_abbrev  0x00000000000034de      0x1e5 /usr/lib/gcc/arm-none-eabi/9.2.1/../../../arm-none-eabi/lib/libc_nano.a(lib_a-memcpy-stub.o)
 .debug_abbrev  0x00000000000036c3      0x47b /usr/lib/gcc/arm-none-eabi/9.2.1/../../../arm-none-eabi/lib/libc_nano.a(lib_a-mprec.o)
 .debug_abbrev  0x0000000000003b3e      0x20d /usr/lib/gcc/arm-none-eabi/9.2.1/../../../arm-none-eabi/lib/libc_nano.a(lib_a-nano-callocr.o)
 .debug_abbrev  0x0000000000003d4b      0x273 /usr/lib/gcc/arm-none-eabi/9.2.1/../../../arm-none-eabi/lib/libc_nano.a(lib_a-nano-freer.o)
 .debug_abbrev  0x0000000000003fbe      0x2d1 /usr/lib/gcc/arm-none-eabi/9.2.1/../../../arm-none-eabi/lib/libc_nano.a(lib_a-nano-mallocr.o)
 .debug_abbrev  0x000000000000428f      0x329 /usr/lib/gcc/arm-none-eabi/9.2.1/../../../arm-none-eabi/lib/libc_nano.a(lib_a-nano-vfprintf.o)
 .debug_abbrev  0x00000000000045b8      0x212 /usr/lib/gcc/arm-none-eabi/9.2.1/../../../arm-none-eabi/lib/libc_nano.a(lib_a-sbrkr.o)
 .debug_abbrev  0x00000000000047ca      0x24f /usr/lib/gcc/arm-none-eabi/9.2.1/../../../arm-none-eabi/lib/libc_nano.a(lib_a-stdio.o)
 .debug_abbrev  0x0000000000004a19      0x1ec /usr/lib/gcc/arm-none-eabi/9.2.1/../../../arm-none-eabi/lib/libc_nano.a(lib_a-writer.o)
 .debug_abbrev  0x0000000000004c05      0x1ff /usr/lib/gcc/arm-none-eabi/9.2.1/../../../arm-none-eabi/lib/libc_nano.a(lib_a-assert.o)
 .debug_abbrev  0x0000000000004e04      0x1e7 /usr/lib/gcc/arm-none-eabi/9.2.1/../../../arm-none-eabi/lib/libc_nano.a(lib_a-closer.o)
 .debug_abbrev  0x0000000000004feb      0x23c /usr/lib/gcc/arm-none-eabi/9.2.1/../../../arm-none-eabi/lib/libc_nano.a(lib_a-fprintf.o)
 .debug_abbrev  0x0000000000005227      0x1fb /usr/lib/gcc/arm-none-eabi/9.2.1/../../../arm-none-eabi/lib/libc_nano.a(lib_a-fstatr.o)
 .debug_abbrev  0x0000000000005422      0x27b /usr/lib/gcc/arm-none-eabi/9.2.1/../../../arm-none-eabi/lib/libc_nano.a(lib_a-fvwrite.o)
 .debug_abbrev  0x000000000000569d      0x1e7 /usr/lib/gcc/arm-none-eabi/9.2.1/../../../arm-none-eabi/lib/libc_nano.a(lib_a-isattyr.o)
 .debug_abbrev  0x0000000000005884      0x2aa /usr/lib/gcc/arm-none-eabi/9.2.1/../../../arm-none-eabi/lib/libc_nano.a(lib_a-locale.o)
 .debug_abbrev  0x0000000000005b2e      0x1fb /usr/lib/gcc/arm-none-eabi/9.2.1/../../../arm-none-eabi/lib/libc_nano.a(lib_a-lseekr.o)
 .debug_abbrev  0x0000000000005d29      0x21e /usr/lib/gcc/arm-none-eabi/9.2.1/../../../arm-none-eabi/lib/libc_nano.a(lib_a-mbtowc_r.o)
 .debug_abbrev  0x0000000000005f47      0x1de /usr/lib/gcc/arm-none-eabi/9.2.1/../../../arm-none-eabi/lib/libc_nano.a(lib_a-memmove.o)
 .debug_abbrev  0x0000000000006125      0x1c5 /usr/lib/gcc/arm-none-eabi/9.2.1/../../../arm-none-eabi/lib/libc_nano.a(lib_a-mlock.o)
 .debug_abbrev  0x00000000000062ea      0x227 /usr/lib/gcc/arm-none-eabi/9.2.1/../../../arm-none-eabi/lib/libc_nano.a(lib_a-nano-reallocr.o)
 .debug_abbrev  0x0000000000006511      0x1e7 /usr/lib/gcc/arm-none-eabi/9.2.1/../../../arm-none-eabi/lib/libc_nano.a(lib_a-readr.o)
 .debug_abbrev  0x00000000000066f8      0x268 /usr/lib/gcc/arm-none-eabi/9.2.1/../../../arm-none-eabi/lib/libc_nano.a(lib_a-reent.o)
 .debug_abbrev  0x0000000000006960       0x14 /usr/lib/gcc/arm-none-eabi/9.2.1/../../../arm-none-eabi/lib/libc_nano.a(lib_a-strcmp.o)
 .debug_abbrev  0x0000000000006974      0x21a /usr/lib/gcc/arm-none-eabi/9.2.1/../../../arm-none-eabi/lib/libc_nano.a(lib_a-wctomb_r.o)
 .debug_abbrev  0x0000000000006b8e      0x1cd /usr/lib/gcc/arm-none-eabi/9.2.1/../../../arm-none-eabi/lib/libc_nano.a(lib_a-abort.o)
 .debug_abbrev  0x0000000000006d5b      0x178 /usr/lib/gcc/arm-none-eabi/9.2.1/../../../arm-none-eabi/lib/libc_nano.a(lib_a-ctype_.o)
 .debug_abbrev  0x0000000000006ed3      0x1e5 /usr/lib/gcc/arm-none-eabi/9.2.1/../../../arm-none-eabi/lib/libc_nano.a(lib_a-nano-msizer.o)
 .debug_abbrev  0x00000000000070b8      0x317 /usr/lib/gcc/arm-none-eabi/9.2.1/../../../arm-none-eabi/lib/libc_nano.a(lib_a-signal.o)
 .debug_abbrev  0x00000000000073cf      0x205 /usr/lib/gcc/arm-none-eabi/9.2.1/../../../arm-none-eabi/lib/libc_nano.a(lib_a-signalr.o)
 .debug_abbrev  0x00000000000075d4       0x14 /usr/lib/gcc/arm-none-eabi/9.2.1/libgcc.a(_arm_muldf3.o)
 .debug_abbrev  0x00000000000075e8       0x14 /usr/lib/gcc/arm-none-eabi/9.2.1/libgcc.a(_udivsi3.o)
 .debug_abbrev  0x00000000000075fc       0x14 /usr/lib/gcc/arm-none-eabi/9.2.1/libgcc.a(_divsi3.o)
 .debug_abbrev  0x0000000000007610       0x14 /usr/lib/gcc/arm-none-eabi/9.2.1/libgcc.a(_dvmd_tls.o)
 .debug_abbrev  0x0000000000007624       0x14 /usr/lib/gcc/arm-none-eabi/9.2.1/libgcc.a(_arm_addsubdf3.o)
 .debug_abbrev  0x0000000000007638       0x14 /usr/lib/gcc/arm-none-eabi/9.2.1/libgcc.a(_arm_muldivdf3.o)
 .debug_abbrev  0x000000000000764c       0x14 /usr/lib/gcc/arm-none-eabi/9.2.1/libgcc.a(_arm_cmpdf2.o)
 .debug_abbrev  0x0000000000007660       0x14 /usr/lib/gcc/arm-none-eabi/9.2.1/libgcc.a(_arm_unorddf2.o)
 .debug_abbrev  0x0000000000007674       0x14 /usr/lib/gcc/arm-none-eabi/9.2.1/libgcc.a(_arm_fixdfsi.o)
 .debug_abbrev  0x0000000000007688       0x6a /usr/lib/gcc/arm-none-eabi/9.2.1/../../../arm-none-eabi/lib/libnosys.a(_exit.o)

.debug_aranges  0x0000000000000000      0x7f0
 .debug_aranges
                0x0000000000000000       0x20 /usr/lib/gcc/arm-none-eabi/9.2.1/../../../arm-none-eabi/lib/crt0.o
 .debug_aranges
                0x0000000000000020       0x20 /usr/lib/gcc/arm-none-eabi/9.2.1/../../../arm-none-eabi/lib/libc_nano.a(lib_a-atexit.o)
 .debug_aranges
                0x0000000000000040       0x20 /usr/lib/gcc/arm-none-eabi/9.2.1/../../../arm-none-eabi/lib/libc_nano.a(lib_a-exit.o)
 .debug_aranges
                0x0000000000000060       0x20 /usr/lib/gcc/arm-none-eabi/9.2.1/../../../arm-none-eabi/lib/libc_nano.a(lib_a-fini.o)
 .debug_aranges
                0x0000000000000080       0x18 /usr/lib/gcc/arm-none-eabi/9.2.1/../../../arm-none-eabi/lib/libc_nano.a(lib_a-impure.o)
 .debug_aranges
                0x0000000000000098       0x20 /usr/lib/gcc/arm-none-eabi/9.2.1/../../../arm-none-eabi/lib/libc_nano.a(lib_a-init.o)
 .debug_aranges
                0x00000000000000b8       0x20 /usr/lib/gcc/arm-none-eabi/9.2.1/../../../arm-none-eabi/lib/libc_nano.a(lib_a-memset.o)
 .debug_aranges
                0x00000000000000d8       0x20 /usr/lib/gcc/arm-none-eabi/9.2.1/../../../arm-none-eabi/lib/libc_nano.a(lib_a-nano-vfprintf_float.o)
 .debug_aranges
                0x00000000000000f8       0x20 /usr/lib/gcc/arm-none-eabi/9.2.1/../../../arm-none-eabi/lib/libc_nano.a(lib_a-nano-vfprintf_i.o)
 .debug_aranges
                0x0000000000000118       0x20 /usr/lib/gcc/arm-none-eabi/9.2.1/../../../arm-none-eabi/lib/libc_nano.a(lib_a-printf.o)
 .debug_aranges
                0x0000000000000138       0x20 /usr/lib/gcc/arm-none-eabi/9.2.1/../../../arm-none-eabi/lib/libc_nano.a(lib_a-puts.o)
 .debug_aranges
                0x0000000000000158       0x20 /usr/lib/gcc/arm-none-eabi/9.2.1/../../../arm-none-eabi/lib/libc_nano.a(lib_a-strlen-stub.o)
 .debug_aranges
                0x0000000000000178       0x20 /usr/lib/gcc/arm-none-eabi/9.2.1/../../../arm-none-eabi/lib/libc_nano.a(lib_a-wbuf.o)
 .debug_aranges
                0x0000000000000198       0x20 /usr/lib/gcc/arm-none-eabi/9.2.1/../../../arm-none-eabi/lib/libc_nano.a(lib_a-wsetup.o)
 .debug_aranges
                0x00000000000001b8       0x20 /usr/lib/gcc/arm-none-eabi/9.2.1/../../../arm-none-eabi/lib/libc_nano.a(lib_a-__atexit.o)
 .debug_aranges
                0x00000000000001d8       0x20 /usr/lib/gcc/arm-none-eabi/9.2.1/../../../arm-none-eabi/lib/libc_nano.a(lib_a-__call_atexit.o)
 .debug_aranges
                0x00000000000001f8       0x20 /usr/lib/gcc/arm-none-eabi/9.2.1/../../../arm-none-eabi/lib/libc_nano.a(lib_a-dtoa.o)
 .debug_aranges
                0x0000000000000218       0x20 /usr/lib/gcc/arm-none-eabi/9.2.1/../../../arm-none-eabi/lib/libc_nano.a(lib_a-fflush.o)
 .debug_aranges
                0x0000000000000238       0x20 /usr/lib/gcc/arm-none-eabi/9.2.1/../../../arm-none-eabi/lib/libc_nano.a(lib_a-findfp.o)
 .debug_aranges
                0x0000000000000258       0x20 /usr/lib/gcc/arm-none-eabi/9.2.1/../../../arm-none-eabi/lib/libc_nano.a(lib_a-fwalk.o)
 .debug_aranges
                0x0000000000000278       0x20 /usr/lib/gcc/arm-none-eabi/9.2.1/../../../arm-none-eabi/lib/libc_nano.a(lib_a-localeconv.o)
 .debug_aranges
                0x0000000000000298       0x20 /usr/lib/gcc/arm-none-eabi/9.2.1/../../../arm-none-eabi/lib/libc_nano.a(lib_a-makebuf.o)
 .debug_aranges
                0x00000000000002b8       0x20 /usr/lib/gcc/arm-none-eabi/9.2.1/../../../arm-none-eabi/lib/libc_nano.a(lib_a-malloc.o)
 .debug_aranges
                0x00000000000002d8       0x20 /usr/lib/gcc/arm-none-eabi/9.2.1/../../../arm-none-eabi/lib/libc_nano.a(lib_a-memchr-stub.o)
 .debug_aranges
                0x00000000000002f8       0x20 /usr/lib/gcc/arm-none-eabi/9.2.1/../../../arm-none-eabi/lib/libc_nano.a(lib_a-memcpy-stub.o)