Archive member included to satisfy reference by file (symbol)

/usr/lib/gcc/arm-none-eabi/9.2.1/libgcc.a(_arm_muldf3.o)
                              dhry_1.o (__aeabi_dmul)
/usr/lib/gcc/arm-none-eabi/9.2.1/libgcc.a(_divsi3.o)
                              dhry_1.o (__aeabi_idiv)
/usr/lib/gcc/arm-none-eabi/9.2.1/libgcc.a(_dvmd_tls.o)
                              /usr/lib/gcc/arm-none-eabi/9.2.1/libgcc.a(_divsi3.o) (__aeabi_idiv0)
/usr/lib/gcc/arm-none-eabi/9.2.1/libgcc.a(_arm_addsubdf3.o)
                              dhry_1.o (__aeabi_f2d)
/usr/lib/gcc/arm-none-eabi/9.2.1/libgcc.a(_arm_muldivdf3.o)
                              dhry_1.o (__aeabi_ddiv)
/usr/lib/gcc/arm-none-eabi/9.2.1/libgcc.a(_arm_truncdfsf2.o)
                              dhry_1.o (__aeabi_d2f)
/usr/lib/gcc/arm-none-eabi/9.2.1/libgcc.a(_arm_addsubsf3.o)
                              dhry_1.o (__aeabi_i2f)
/usr/lib/gcc/arm-none-eabi/9.2.1/libgcc.a(_arm_muldivsf3.o)
                              dhry_1.o (__aeabi_fdiv)
/usr/lib/gcc/arm-none-eabi/9.2.1/libgcc.a(_arm_fixsfsi.o)
                              dhry_1.o (__aeabi_f2iz)
/usr/lib/gcc/arm-none-eabi/9.2.1/../../../arm-none-eabi/lib/libc_nano.a(lib_a-atexit.o)
                              /usr/lib/gcc/arm-none-eabi/9.2.1/../../../arm-none-eabi/lib/crt0.o (atexit)
/usr/lib/gcc/arm-none-eabi/9.2.1/../../../arm-none-eabi/lib/libc_nano.a(lib_a-exit.o)
                              /usr/lib/gcc/arm-none-eabi/9.2.1/../../../arm-none-eabi/lib/crt0.o (exit)
/usr/lib/gcc/arm-none-eabi/9.2.1/../../../arm-none-eabi/lib/libc_nano.a(lib_a-fini.o)
                              /usr/lib/gcc/arm-none-eabi/9.2.1/../../../arm-none-eabi/lib/crt0.o (__libc_fini_array)
/usr/lib/gcc/arm-none-eabi/9.2.1/../../../arm-none-eabi/lib/libc_nano.a(lib_a-impure.o)
                              /usr/lib/gcc/arm-none-eabi/9.2.1/../../../arm-none-eabi/lib/libc_nano.a(lib_a-exit.o) (_global_impure_ptr)
/usr/lib/gcc/arm-none-eabi/9.2.1/../../../arm-none-eabi/lib/libc_nano.a(lib_a-init.o)
                              /usr/lib/gcc/arm-none-eabi/9.2.1/../../../arm-none-eabi/lib/crt0.o (__libc_init_array)
/usr/lib/gcc/arm-none-eabi/9.2.1/../../../arm-none-eabi/lib/libc_nano.a(lib_a-malloc.o)
                              dhry_1.o (malloc)
/usr/lib/gcc/arm-none-eabi/9.2.1/../../../arm-none-eabi/lib/libc_nano.a(lib_a-memset.o)
                              /usr/lib/gcc/arm-none-eabi/9.2.1/../../../arm-none-eabi/lib/crt0.o (memset)
/usr/lib/gcc/arm-none-eabi/9.2.1/../../../arm-none-eabi/lib/libc_nano.a(lib_a-nano-freer.o)
                              /usr/lib/gcc/arm-none-eabi/9.2.1/../../../arm-none-eabi/lib/libc_nano.a(lib_a-malloc.o) (_free_r)
/usr/lib/gcc/arm-none-eabi/9.2.1/../../../arm-none-eabi/lib/libc_nano.a(lib_a-nano-mallocr.o)
                              /usr/lib/gcc/arm-none-eabi/9.2.1/../../../arm-none-eabi/lib/libc_nano.a(lib_a-malloc.o) (_malloc_r)
/usr/lib/gcc/arm-none-eabi/9.2.1/../../../arm-none-eabi/lib/libc_nano.a(lib_a-printf.o)
                              dhry_1.o (printf)
/usr/lib/gcc/arm-none-eabi/9.2.1/../../../arm-none-eabi/lib/libc_nano.a(lib_a-putchar.o)
                              dhry_1.o (putchar)
/usr/lib/gcc/arm-none-eabi/9.2.1/../../../arm-none-eabi/lib/libc_nano.a(lib_a-puts.o)
                              dhry_1.o (puts)
/usr/lib/gcc/arm-none-eabi/9.2.1/../../../arm-none-eabi/lib/libc_nano.a(lib_a-sbrkr.o)
                              /usr/lib/gcc/arm-none-eabi/9.2.1/../../../arm-none-eabi/lib/libc_nano.a(lib_a-nano-mallocr.o) (_sbrk_r)
/usr/lib/gcc/arm-none-eabi/9.2.1/../../../arm-none-eabi/lib/libc_nano.a(lib_a-strcmp.o)
                              dhry_2.o (strcmp)
/usr/lib/gcc/arm-none-eabi/9.2.1/../../../arm-none-eabi/lib/libc_nano.a(lib_a-strcpy.o)
                              dhry_1.o (strcpy)
/usr/lib/gcc/arm-none-eabi/9.2.1/../../../arm-none-eabi/lib/libc_nano.a(lib_a-wbuf.o)
                              /usr/lib/gcc/arm-none-eabi/9.2.1/../../../arm-none-eabi/lib/libc_nano.a(lib_a-puts.o) (__swbuf_r)
/usr/lib/gcc/arm-none-eabi/9.2.1/../../../arm-none-eabi/lib/libc_nano.a(lib_a-wsetup.o)
                              /usr/lib/gcc/arm-none-eabi/9.2.1/../../../arm-none-eabi/lib/libc_nano.a(lib_a-puts.o) (__swsetup_r)
/usr/lib/gcc/arm-none-eabi/9.2.1/../../../arm-none-eabi/lib/libc_nano.a(lib_a-__atexit.o)
                              /usr/lib/gcc/arm-none-eabi/9.2.1/../../../arm-none-eabi/lib/libc_nano.a(lib_a-atexit.o) (__register_exitproc)
/usr/lib/gcc/arm-none-eabi/9.2.1/../../../arm-none-eabi/lib/libc_nano.a(lib_a-__call_atexit.o)
                              /usr/lib/gcc/arm-none-eabi/9.2.1/../../../arm-none-eabi/lib/libc_nano.a(lib_a-__atexit.o) (__call_exitprocs)
/usr/lib/gcc/arm-none-eabi/9.2.1/../../../arm-none-eabi/lib/libc_nano.a(lib_a-fflush.o)
                              /usr/lib/gcc/arm-none-eabi/9.2.1/../../../arm-none-eabi/lib/libc_nano.a(lib_a-wbuf.o) (_fflush_r)
[...]
Memory Configuration

Name             Origin             Length             Attributes
FLASH            0x0000000000000000 0x0000000000008000 xr
RAM              0x0000000040000000 0x0000000000004000 rw
*default*        0x0000000000000000 0xffffffffffffffff

Linker script and memory map

LOAD /usr/lib/gcc/arm-none-eabi/9.2.1/crti.o
LOAD /usr/lib/gcc/arm-none-eabi/9.2.1/crtbegin.o
LOAD /usr/lib/gcc/arm-none-eabi/9.2.1/../../../arm-none-eabi/lib/crt0.o
LOAD dhry_1.o
LOAD dhry_2.o
LOAD reloc.o
LOAD framework.o
LOAD stack.o
LOAD startup.o
START GROUP
LOAD /usr/lib/gcc/arm-none-eabi/9.2.1/libgcc.a
LOAD /usr/lib/gcc/arm-none-eabi/9.2.1/../../../arm-none-eabi/lib/libc_nano.a
END GROUP
START GROUP
LOAD /usr/lib/gcc/arm-none-eabi/9.2.1/libgcc.a
LOAD /usr/lib/gcc/arm-none-eabi/9.2.1/../../../arm-none-eabi/lib/libc_nano.a
LOAD /usr/lib/gcc/arm-none-eabi/9.2.1/../../../arm-none-eabi/lib/libnosys.a
END GROUP
START GROUP
LOAD /usr/lib/gcc/arm-none-eabi/9.2.1/libgcc.a
LOAD /usr/lib/gcc/arm-none-eabi/9.2.1/../../../arm-none-eabi/lib/libc_nano.a
LOAD /usr/lib/gcc/arm-none-eabi/9.2.1/../../../arm-none-eabi/lib/libnosys.a
END GROUP
LOAD /usr/lib/gcc/arm-none-eabi/9.2.1/crtend.o
LOAD /usr/lib/gcc/arm-none-eabi/9.2.1/crtn.o
                0x0000000000001000                _heap_size = 0x1000
                0x0000000000000488                _stack_size = 0x488
                0x0000000040004000                _estack = (ORIGIN (RAM) + LENGTH (RAM))

.text           0x0000000000000000     0x50ac
 *startup.o(.text)
 .text          0x0000000000000000      0x184 startup.o
                0x0000000000000000                _startup
 *(.text)
 .text          0x0000000000000184        0x0 /usr/lib/gcc/arm-none-eabi/9.2.1/crti.o
 .text          0x0000000000000184       0xdc /usr/lib/gcc/arm-none-eabi/9.2.1/crtbegin.o
 .text          0x0000000000000260      0x128 /usr/lib/gcc/arm-none-eabi/9.2.1/../../../arm-none-eabi/lib/crt0.o
                0x0000000000000260                _stack_init
                0x00000000000002e8                _mainCRTStartup
                0x00000000000002e8                _start
 .text          0x0000000000000388      0x1a0 dhry_1.o
                0x0000000000000388                Proc_2
                0x00000000000003bc                Proc_3
                0x0000000000000408                Proc_1
                0x00000000000004cc                Proc_4
                0x0000000000000504                Proc_5
 .text          0x0000000000000528      0x16c dhry_2.o
                0x0000000000000528                Proc_6
                0x0000000000000588                Proc_7
                0x0000000000000598                Proc_8
                0x00000000000005fc                Func_1
                0x0000000000000618                Func_2
                0x0000000000000684                Func_3
 .text          0x0000000000000694      0x16c reloc.o
                0x0000000000000694                clock
                0x00000000000006a4                _clock_init
                0x00000000000006b8                sendchar
                0x00000000000006f4                getkey
                0x000000000000070c                _sbrk
                0x000000000000073c                _close
                0x0000000000000744                _fstat
                0x0000000000000754                _isatty
                0x000000000000075c                _lseek
                0x0000000000000764                _kill
                0x0000000000000768                _getpid
                0x0000000000000770                _write
                0x00000000000007b8                _read
 .text          0x0000000000000800      0x140 framework.o
                0x00000000000008c0                exceptionHandlerInit
                0x0000000000000938                lowLevelInit
                0x000000000000093c                eaInit
 .text          0x0000000000000940        0x0 stack.o
 .text          0x0000000000000940      0x290 /usr/lib/gcc/arm-none-eabi/9.2.1/libgcc.a(_arm_muldf3.o)
 .text          0x0000000000000bd0      0x148 /usr/lib/gcc/arm-none-eabi/9.2.1/libgcc.a(_divsi3.o)
                0x0000000000000bd0                __aeabi_idiv
                0x0000000000000bd0                __divsi3
                0x0000000000000cf8                __aeabi_idivmod
 .text          0x0000000000000d18        0x4 /usr/lib/gcc/arm-none-eabi/9.2.1/libgcc.a(_dvmd_tls.o)
                0x0000000000000d18                __aeabi_ldiv0
                0x0000000000000d18                __aeabi_idiv0
 .text          0x0000000000000d1c      0x424 /usr/lib/gcc/arm-none-eabi/9.2.1/libgcc.a(_arm_addsubdf3.o)
                0x0000000000000d1c                __aeabi_drsub
                0x0000000000000d24                __aeabi_dsub
                0x0000000000000d24                __subdf3
                0x0000000000000d28                __adddf3
                0x0000000000000d28                __aeabi_dadd
                0x0000000000001038                __aeabi_ui2d
                0x0000000000001038                __floatunsidf
                0x000000000000105c                __floatsidf
                0x000000000000105c                __aeabi_i2d
                0x0000000000001084                __extendsfdf2
                0x0000000000001084                __aeabi_f2d
                0x00000000000010cc                __aeabi_ul2d
                0x00000000000010cc                __floatundidf
                0x00000000000010e0                __floatdidf
                0x00000000000010e0                __aeabi_l2d
 .text          0x0000000000001140      0x49c /usr/lib/gcc/arm-none-eabi/9.2.1/libgcc.a(_arm_muldivdf3.o)
                0x0000000000001140                __aeabi_dmul
                0x0000000000001140                __muldf3
                0x00000000000013d0                __aeabi_ddiv
                0x00000000000013d0                __divdf3
 .text          0x00000000000015dc       0xa0 /usr/lib/gcc/arm-none-eabi/9.2.1/libgcc.a(_arm_truncdfsf2.o)
                0x00000000000015dc                __aeabi_d2f
                0x00000000000015dc                __truncdfsf2
 .text          0x000000000000167c      0x2ac /usr/lib/gcc/arm-none-eabi/9.2.1/libgcc.a(_arm_addsubsf3.o)
                0x000000000000167c                __aeabi_frsub
                0x0000000000001684                __subsf3
                0x0000000000001684                __aeabi_fsub
                0x0000000000001688                __aeabi_fadd
                0x0000000000001688                __addsf3
                0x0000000000001844                __aeabi_ui2f
                0x0000000000001844                __floatunsisf
                0x000000000000184c                __aeabi_i2f
                0x000000000000184c                __floatsisf
                0x000000000000186c                __floatundisf
                0x000000000000186c                __aeabi_ul2f
                0x000000000000187c                __floatdisf
                0x000000000000187c                __aeabi_l2f
 .text          0x0000000000001928      0x2f8 /usr/lib/gcc/arm-none-eabi/9.2.1/libgcc.a(_arm_muldivsf3.o)
                0x0000000000001928                __mulsf3
                0x0000000000001928                __aeabi_fmul
                0x0000000000001ac0                __divsf3
                0x0000000000001ac0                __aeabi_fdiv
 .text          0x0000000000001c20       0x5c /usr/lib/gcc/arm-none-eabi/9.2.1/libgcc.a(_arm_fixsfsi.o)
                0x0000000000001c20                __fixsfsi
                0x0000000000001c20                __aeabi_f2iz
 .text          0x0000000000001c7c       0x20 /usr/lib/gcc/arm-none-eabi/9.2.1/../../../arm-none-eabi/lib/libc_nano.a(lib_a-atexit.o)
                0x0000000000001c7c                atexit
 .text          0x0000000000001c9c       0x40 /usr/lib/gcc/arm-none-eabi/9.2.1/../../../arm-none-eabi/lib/libc_nano.a(lib_a-exit.o)
                0x0000000000001c9c                exit
 .text          0x0000000000001cdc       0x48 /usr/lib/gcc/arm-none-eabi/9.2.1/../../../arm-none-eabi/lib/libc_nano.a(lib_a-fini.o)
                0x0000000000001cdc                __libc_fini_array
 .text          0x0000000000001d24        0x0 /usr/lib/gcc/arm-none-eabi/9.2.1/../../../arm-none-eabi/lib/libc_nano.a(lib_a-impure.o)
 .text          0x0000000000001d24       0x88 /usr/lib/gcc/arm-none-eabi/9.2.1/../../../arm-none-eabi/lib/libc_nano.a(lib_a-init.o)
                0x0000000000001d24                __libc_init_array
 .text          0x0000000000001dac       0x40 /usr/lib/gcc/arm-none-eabi/9.2.1/../../../arm-none-eabi/lib/libc_nano.a(lib_a-malloc.o)
                0x0000000000001dac                malloc
                0x0000000000001dcc                free
 .text          0x0000000000001dec      0x118 /usr/lib/gcc/arm-none-eabi/9.2.1/../../../arm-none-eabi/lib/libc_nano.a(lib_a-memset.o)
                0x0000000000001dec                memset
 .text          0x0000000000001f04      0x120 /usr/lib/gcc/arm-none-eabi/9.2.1/../../../arm-none-eabi/lib/libc_nano.a(lib_a-nano-freer.o)
                0x0000000000001f04                _free_r
 .text          0x0000000000002024      0x15c /usr/lib/gcc/arm-none-eabi/9.2.1/../../../arm-none-eabi/lib/libc_nano.a(lib_a-nano-mallocr.o)
                0x0000000000002024                _malloc_r
 .text          0x0000000000002180       0xb8 /usr/lib/gcc/arm-none-eabi/9.2.1/../../../arm-none-eabi/lib/libc_nano.a(lib_a-printf.o)
                0x0000000000002180                _printf_r
                0x0000000000002180                _iprintf_r
                0x00000000000021d4                printf
                0x00000000000021d4                iprintf
 .text          0x0000000000002238       0x90 /usr/lib/gcc/arm-none-eabi/9.2.1/../../../arm-none-eabi/lib/libc_nano.a(lib_a-putchar.o)
                0x0000000000002238                _putchar_r
                0x000000000000227c                putchar
 .text          0x00000000000022c8      0x180 /usr/lib/gcc/arm-none-eabi/9.2.1/../../../arm-none-eabi/lib/libc_nano.a(lib_a-puts.o)
                0x00000000000022c8                _puts_r
                0x0000000000002434                puts
 .text          0x0000000000002448       0x44 /usr/lib/gcc/arm-none-eabi/9.2.1/../../../arm-none-eabi/lib/libc_nano.a(lib_a-sbrkr.o)
                0x0000000000002448                _sbrk_r
 .text          0x000000000000248c      0x224 /usr/lib/gcc/arm-none-eabi/9.2.1/../../../arm-none-eabi/lib/libc_nano.a(lib_a-strcmp.o)
                0x000000000000248c                strcmp
 .text          0x00000000000026b0       0xf0 /usr/lib/gcc/arm-none-eabi/9.2.1/../../../arm-none-eabi/lib/libc_nano.a(lib_a-strcpy.o)
                0x00000000000026b0                strcpy
 .text          0x00000000000027a0      0x160 /usr/lib/gcc/arm-none-eabi/9.2.1/../../../arm-none-eabi/lib/libc_nano.a(lib_a-wbuf.o)
                0x00000000000027a0                __swbuf_r
                0x00000000000028e8                __swbuf
 .text          0x0000000000002900      0x19c /usr/lib/gcc/arm-none-eabi/9.2.1/../../../arm-none-eabi/lib/libc_nano.a(lib_a-wsetup.o)
                0x0000000000002900                __swsetup_r
 .text          0x0000000000002a9c      0x104 /usr/lib/gcc/arm-none-eabi/9.2.1/../../../arm-none-eabi/lib/libc_nano.a(lib_a-__atexit.o)
                0x0000000000002a9c                __register_exitproc
 .text          0x0000000000002ba0      0x10c /usr/lib/gcc/arm-none-eabi/9.2.1/../../../arm-none-eabi/lib/libc_nano.a(lib_a-__call_atexit.o)
                0x0000000000002ba0                __call_exitprocs
 .text          0x0000000000002cac      0x308 /usr/lib/gcc/arm-none-eabi/9.2.1/../../../arm-none-eabi/lib/libc_nano.a(lib_a-fflush.o)
                0x0000000000002cac                __sflush_r
                0x0000000000002ed4                _fflush_r
                0x0000000000002f7c                fflush
 .text          0x0000000000002fb4      0x374 /usr/lib/gcc/arm-none-eabi/9.2.1/../../../arm-none-eabi/lib/libc_nano.a(lib_a-findfp.o)
                0x0000000000002fbc                _cleanup_r
                0x0000000000002fdc                __sfmoreglue
                0x000000000000302c                __sfp
                0x000000000000329c                _cleanup
                0x00000000000032c0                __sinit
                0x00000000000032d0                __sfp_lock_acquire
                0x00000000000032d4                __sfp_lock_release
                0x00000000000032d8                __sinit_lock_acquire
                0x00000000000032dc                __sinit_lock_release
                0x00000000000032e0                __fp_lock_all
                0x0000000000003304                __fp_unlock_all
 .text          0x0000000000003328      0x110 /usr/lib/gcc/arm-none-eabi/9.2.1/../../../arm-none-eabi/lib/libc_nano.a(lib_a-fwalk.o)
                0x0000000000003328                _fwalk
                0x00000000000033ac                _fwalk_reent
 .text          0x0000000000003438      0x194 /usr/lib/gcc/arm-none-eabi/9.2.1/../../../arm-none-eabi/lib/libc_nano.a(lib_a-makebuf.o)
                0x0000000000003438                __swhatbuf_r
                0x00000000000034cc                __smakebuf_r
 .text          0x00000000000035cc        0x8 /usr/lib/gcc/arm-none-eabi/9.2.1/../../../arm-none-eabi/lib/libc_nano.a(lib_a-mlock.o)
                0x00000000000035cc                __malloc_lock
                0x00000000000035d0                __malloc_unlock
 .text          0x00000000000035d4      0x520 /usr/lib/gcc/arm-none-eabi/9.2.1/../../../arm-none-eabi/lib/libc_nano.a(lib_a-nano-vfprintf.o)
                0x000000000000363c                __sfputs_r
                0x000000000000369c                __sprint_r
                0x00000000000036d0                _vfiprintf_r
                0x00000000000036d0                _vfprintf_r
                0x0000000000003ad8                vfiprintf
                0x0000000000003ad8                vfprintf
 .text          0x0000000000003af4      0x5f4 /usr/lib/gcc/arm-none-eabi/9.2.1/../../../arm-none-eabi/lib/libc_nano.a(lib_a-nano-vfprintf_i.o)
                0x0000000000003af4                _printf_common
                0x0000000000003cc8                _printf_i
 .text          0x00000000000040e8      0x19c /usr/lib/gcc/arm-none-eabi/9.2.1/../../../arm-none-eabi/lib/libc_nano.a(lib_a-putc.o)
                0x00000000000040e8                _putc_r
                0x00000000000041b0                putc
 .text          0x0000000000004284      0x1a4 /usr/lib/gcc/arm-none-eabi/9.2.1/../../../arm-none-eabi/lib/libc_nano.a(lib_a-reent.o)
                0x0000000000004284                cleanup_glue
                0x00000000000042b0                _reclaim_reent
 .text          0x0000000000004428       0xdc /usr/lib/gcc/arm-none-eabi/9.2.1/../../../arm-none-eabi/lib/libc_nano.a(lib_a-stdio.o)
                0x0000000000004428                __sread
                0x000000000000445c                __seofread
                0x0000000000004464                __swrite
                0x00000000000044c0                __sseek
                0x00000000000044f0                __sclose
 .text          0x0000000000004504       0x48 /usr/lib/gcc/arm-none-eabi/9.2.1/../../../arm-none-eabi/lib/libc_nano.a(lib_a-writer.o)
                0x0000000000004504                _write_r
 .text          0x000000000000454c       0x3c /usr/lib/gcc/arm-none-eabi/9.2.1/../../../arm-none-eabi/lib/libc_nano.a(lib_a-closer.o)
                0x000000000000454c                _close_r
 .text          0x0000000000004588       0x44 /usr/lib/gcc/arm-none-eabi/9.2.1/../../../arm-none-eabi/lib/libc_nano.a(lib_a-fstatr.o)
                0x0000000000004588                _fstat_r
 .text          0x00000000000045cc      0x4cc /usr/lib/gcc/arm-none-eabi/9.2.1/../../../arm-none-eabi/lib/libc_nano.a(lib_a-fvwrite.o)
                0x00000000000045cc                __sfvwrite_r
 .text          0x0000000000004a98       0x3c /usr/lib/gcc/arm-none-eabi/9.2.1/../../../arm-none-eabi/lib/libc_nano.a(lib_a-isattyr.o)
                0x0000000000004a98                _isatty_r
 .text          0x0000000000004ad4       0x48 /usr/lib/gcc/arm-none-eabi/9.2.1/../../../arm-none-eabi/lib/libc_nano.a(lib_a-lseekr.o)
                0x0000000000004ad4                _lseek_r
 .text          0x0000000000004b1c      0x110 /usr/lib/gcc/arm-none-eabi/9.2.1/../../../arm-none-eabi/lib/libc_nano.a(lib_a-memchr-stub.o)
                0x0000000000004b1c                memchr
 .text          0x0000000000004c2c      0x11c /usr/lib/gcc/arm-none-eabi/9.2.1/../../../arm-none-eabi/lib/libc_nano.a(lib_a-memcpy-stub.o)
                0x0000000000004c2c                memcpy
 .text          0x0000000000004d48      0x158 /usr/lib/gcc/arm-none-eabi/9.2.1/../../../arm-none-eabi/lib/libc_nano.a(lib_a-memmove.o)
                0x0000000000004d48                memmove
 .text          0x0000000000004ea0       0x94 /usr/lib/gcc/arm-none-eabi/9.2.1/../../../arm-none-eabi/lib/libc_nano.a(lib_a-nano-reallocr.o)
                0x0000000000004ea0                _realloc_r
 .text          0x0000000000004f34       0x48 /usr/lib/gcc/arm-none-eabi/9.2.1/../../../arm-none-eabi/lib/libc_nano.a(lib_a-readr.o)
                0x0000000000004f34                _read_r
 .text          0x0000000000004f7c       0x18 /usr/lib/gcc/arm-none-eabi/9.2.1/../../../arm-none-eabi/lib/libc_nano.a(lib_a-nano-msizer.o)
                0x0000000000004f7c                _malloc_usable_size_r
 .text          0x0000000000004f94      0x114 /usr/lib/gcc/arm-none-eabi/9.2.1/libgcc.a(_udivsi3.o)
                0x0000000000004f94                __udivsi3
                0x0000000000004f94                __aeabi_uidiv
                0x0000000000005088                __aeabi_uidivmod
 .text          0x00000000000050a8        0x4 /usr/lib/gcc/arm-none-eabi/9.2.1/../../../arm-none-eabi/lib/libnosys.a(_exit.o)
                0x00000000000050a8                _exit
 .text          0x00000000000050ac        0x0 /usr/lib/gcc/arm-none-eabi/9.2.1/crtend.o
 .text          0x00000000000050ac        0x0 /usr/lib/gcc/arm-none-eabi/9.2.1/crtn.o
 *(.glue_7)
 .glue_7        0x00000000000050ac        0x0 linker stubs
 *(.glue_7t)
 .glue_7t       0x00000000000050ac        0x0 linker stubs

.vfp11_veneer   0x00000000000050ac        0x0
 .vfp11_veneer  0x00000000000050ac        0x0 linker stubs

.v4_bx          0x00000000000050ac        0x0
 .v4_bx         0x00000000000050ac        0x0 linker stubs

.init           0x00000000000050ac       0x18
 .init          0x00000000000050ac        0xc /usr/lib/gcc/arm-none-eabi/9.2.1/crti.o
                0x00000000000050ac                _init
 .init          0x00000000000050b8        0xc /usr/lib/gcc/arm-none-eabi/9.2.1/crtn.o

.fini           0x00000000000050c4       0x18
 .fini          0x00000000000050c4        0xc /usr/lib/gcc/arm-none-eabi/9.2.1/crti.o
                0x00000000000050c4                _fini
 .fini          0x00000000000050d0        0xc /usr/lib/gcc/arm-none-eabi/9.2.1/crtn.o

.iplt           0x00000000000050dc        0x0
 .iplt          0x00000000000050dc        0x0 /usr/lib/gcc/arm-none-eabi/9.2.1/crtbegin.o

.text.startup   0x00000000000050dc      0x714
 .text.startup  0x00000000000050dc      0x714 dhry_1.o
                0x00000000000050dc                main
                0x00000000000057f0                . = ALIGN (0x4)

.rodata         0x00000000000057f0      0x6e1
 *(.rodata)
 .rodata        0x00000000000057f0        0x4 /usr/lib/gcc/arm-none-eabi/9.2.1/../../../arm-none-eabi/lib/libc_nano.a(lib_a-impure.o)
                0x00000000000057f0                _global_impure_ptr
 .rodata        0x00000000000057f4       0x60 /usr/lib/gcc/arm-none-eabi/9.2.1/../../../arm-none-eabi/lib/libc_nano.a(lib_a-findfp.o)
                0x00000000000057f4                __sf_fake_stderr
                0x0000000000005814                __sf_fake_stdout
                0x0000000000005834                __sf_fake_stdin
 *(.rodata*)
 .rodata.str1.1
                0x0000000000005854      0x57c dhry_1.o
                                        0x5e8 (size before relaxing)
 .rodata.str1.1
                0x0000000000005dd0       0xc7 framework.o
 *fill*         0x0000000000005e97        0x1 
 .rodata.str1.4
                0x0000000000005e98       0x13 /usr/lib/gcc/arm-none-eabi/9.2.1/../../../arm-none-eabi/lib/libc_nano.a(lib_a-nano-vfprintf.o)
 *fill*         0x0000000000005eab        0x1 
 .rodata.str1.4
                0x0000000000005eac       0x25 /usr/lib/gcc/arm-none-eabi/9.2.1/../../../arm-none-eabi/lib/libc_nano.a(lib_a-nano-vfprintf_i.o)

.eh_frame       0x0000000000005ed4        0x4
 .eh_frame      0x0000000000005ed4        0x0 /usr/lib/gcc/arm-none-eabi/9.2.1/crtbegin.o
 .eh_frame      0x0000000000005ed4        0x4 /usr/lib/gcc/arm-none-eabi/9.2.1/crtend.o

.ARM.extab      0x0000000000005ed8        0x0
 .ARM.extab     0x0000000000005ed8        0x0 /usr/lib/gcc/arm-none-eabi/9.2.1/../../../arm-none-eabi/lib/crt0.o

.ARM.exidx      0x0000000000005ed8        0x8
 .ARM.exidx     0x0000000000005ed8        0x8 /usr/lib/gcc/arm-none-eabi/9.2.1/../../../arm-none-eabi/lib/crt0.o
                                         0x10 (size before relaxing)

.rel.dyn        0x0000000000005ee0        0x0
 .rel.iplt      0x0000000000005ee0        0x0 /usr/lib/gcc/arm-none-eabi/9.2.1/crtbegin.o
                0x0000000000005ee0                . = ALIGN (0x4)
                0x0000000000005ee0                _etext = .
                [!provide]                        PROVIDE (etext = .)

.data           0x0000000040000080       0x6c load address 0x0000000000005ee0
                0x0000000040000080                _data = .
 *(.data)
 .data          0x0000000040000080        0x0 /usr/lib/gcc/arm-none-eabi/9.2.1/crti.o
 .data          0x0000000040000080        0x4 /usr/lib/gcc/arm-none-eabi/9.2.1/crtbegin.o
                0x0000000040000080                __dso_handle
 .data          0x0000000040000084        0x0 /usr/lib/gcc/arm-none-eabi/9.2.1/../../../arm-none-eabi/lib/crt0.o
 .data          0x0000000040000084        0x0 dhry_1.o
 .data          0x0000000040000084        0x0 dhry_2.o
 .data          0x0000000040000084        0x0 reloc.o
 .data          0x0000000040000084        0x0 framework.o
 .data          0x0000000040000084        0x0 stack.o
 .data          0x0000000040000084        0x0 startup.o
 .data          0x0000000040000084        0x0 /usr/lib/gcc/arm-none-eabi/9.2.1/libgcc.a(_arm_muldf3.o)
 .data          0x0000000040000084        0x0 /usr/lib/gcc/arm-none-eabi/9.2.1/libgcc.a(_divsi3.o)
 .data          0x0000000040000084        0x0 /usr/lib/gcc/arm-none-eabi/9.2.1/libgcc.a(_dvmd_tls.o)
 .data          0x0000000040000084        0x0 /usr/lib/gcc/arm-none-eabi/9.2.1/libgcc.a(_arm_addsubdf3.o)
 .data          0x0000000040000084        0x0 /usr/lib/gcc/arm-none-eabi/9.2.1/libgcc.a(_arm_muldivdf3.o)
 .data          0x0000000040000084        0x0 /usr/lib/gcc/arm-none-eabi/9.2.1/libgcc.a(_arm_truncdfsf2.o)
 .data          0x0000000040000084        0x0 /usr/lib/gcc/arm-none-eabi/9.2.1/libgcc.a(_arm_addsubsf3.o)
 .data          0x0000000040000084        0x0 /usr/lib/gcc/arm-none-eabi/9.2.1/libgcc.a(_arm_muldivsf3.o)
 .data          0x0000000040000084        0x0 /usr/lib/gcc/arm-none-eabi/9.2.1/libgcc.a(_arm_fixsfsi.o)
 .data          0x0000000040000084        0x0 /usr/lib/gcc/arm-none-eabi/9.2.1/../../../arm-none-eabi/lib/libc_nano.a(lib_a-atexit.o)
 .data          0x0000000040000084        0x0 /usr/lib/gcc/arm-none-eabi/9.2.1/../../../arm-none-eabi/lib/libc_nano.a(lib_a-exit.o)
 .data          0x0000000040000084        0x0 /usr/lib/gcc/arm-none-eabi/9.2.1/../../../arm-none-eabi/lib/libc_nano.a(lib_a-fini.o)
 .data          0x0000000040000084       0x64 /usr/lib/gcc/arm-none-eabi/9.2.1/../../../arm-none-eabi/lib/libc_nano.a(lib_a-impure.o)
                0x0000000040000084                _impure_ptr
 .data          0x00000000400000e8        0x0 /usr/lib/gcc/arm-none-eabi/9.2.1/../../../arm-none-eabi/lib/libc_nano.a(lib_a-init.o)
 .data          0x00000000400000e8        0x0 /usr/lib/gcc/arm-none-eabi/9.2.1/../../../arm-none-eabi/lib/libc_nano.a(lib_a-malloc.o)
 .data          0x00000000400000e8        0x0 /usr/lib/gcc/arm-none-eabi/9.2.1/../../../arm-none-eabi/lib/libc_nano.a(lib_a-memset.o)
 .data          0x00000000400000e8        0x0 /usr/lib/gcc/arm-none-eabi/9.2.1/../../../arm-none-eabi/lib/libc_nano.a(lib_a-nano-freer.o)
 .data          0x00000000400000e8        0x0 /usr/lib/gcc/arm-none-eabi/9.2.1/../../../arm-none-eabi/lib/libc_nano.a(lib_a-nano-mallocr.o)
 .data          0x00000000400000e8        0x0 /usr/lib/gcc/arm-none-eabi/9.2.1/../../../arm-none-eabi/lib/libc_nano.a(lib_a-printf.o)
 .data          0x00000000400000e8        0x0 /usr/lib/gcc/arm-none-eabi/9.2.1/../../../arm-none-eabi/lib/libc_nano.a(lib_a-putchar.o)
 .data          0x00000000400000e8        0x0 /usr/lib/gcc/arm-none-eabi/9.2.1/../../../arm-none-eabi/lib/libc_nano.a(lib_a-puts.o)
 .data          0x00000000400000e8        0x0 /usr/lib/gcc/arm-none-eabi/9.2.1/../../../arm-none-eabi/lib/libc_nano.a(lib_a-sbrkr.o)
 .data          0x00000000400000e8        0x0 /usr/lib/gcc/arm-none-eabi/9.2.1/../../../arm-none-eabi/lib/libc_nano.a(lib_a-strcmp.o)
 .data          0x00000000400000e8        0x0 /usr/lib/gcc/arm-none-eabi/9.2.1/../../../arm-none-eabi/lib/libc_nano.a(lib_a-strcpy.o)
 .data          0x00000000400000e8        0x0 /usr/lib/gcc/arm-none-eabi/9.2.1/../../../arm-none-eabi/lib/libc_nano.a(lib_a-wbuf.o)
 .data          0x00000000400000e8        0x0 /usr/lib/gcc/arm-none-eabi/9.2.1/../../../arm-none-eabi/lib/libc_nano.a(lib_a-wsetup.o)
 .data          0x00000000400000e8        0x4 /usr/lib/gcc/arm-none-eabi/9.2.1/../../../arm-none-eabi/lib/libc_nano.a(lib_a-__atexit.o)
                0x00000000400000e8                __atexit_dummy
 .data          0x00000000400000ec        0x0 /usr/lib/gcc/arm-none-eabi/9.2.1/../../../arm-none-eabi/lib/libc_nano.a(lib_a-__call_atexit.o)
 .data          0x00000000400000ec        0x0 /usr/lib/gcc/arm-none-eabi/9.2.1/../../../arm-none-eabi/lib/libc_nano.a(lib_a-fflush.o)
 .data          0x00000000400000ec        0x0 /usr/lib/gcc/arm-none-eabi/9.2.1/../../../arm-none-eabi/lib/libc_nano.a(lib_a-findfp.o)
 .data          0x00000000400000ec        0x0 /usr/lib/gcc/arm-none-eabi/9.2.1/../../../arm-none-eabi/lib/libc_nano.a(lib_a-fwalk.o)
 .data          0x00000000400000ec        0x0 /usr/lib/gcc/arm-none-eabi/9.2.1/../../../arm-none-eabi/lib/libc_nano.a(lib_a-makebuf.o)
 .data          0x00000000400000ec        0x0 /usr/lib/gcc/arm-none-eabi/9.2.1/../../../arm-none-eabi/lib/libc_nano.a(lib_a-mlock.o)
 .data          0x00000000400000ec        0x0 /usr/lib/gcc/arm-none-eabi/9.2.1/../../../arm-none-eabi/lib/libc_nano.a(lib_a-nano-vfprintf.o)
 .data          0x00000000400000ec        0x0 /usr/lib/gcc/arm-none-eabi/9.2.1/../../../arm-none-eabi/lib/libc_nano.a(lib_a-nano-vfprintf_i.o)
 .data          0x00000000400000ec        0x0 /usr/lib/gcc/arm-none-eabi/9.2.1/../../../arm-none-eabi/lib/libc_nano.a(lib_a-putc.o)
 .data          0x00000000400000ec        0x0 /usr/lib/gcc/arm-none-eabi/9.2.1/../../../arm-none-eabi/lib/libc_nano.a(lib_a-reent.o)
 .data          0x00000000400000ec        0x0 /usr/lib/gcc/arm-none-eabi/9.2.1/../../../arm-none-eabi/lib/libc_nano.a(lib_a-stdio.o)
 .data          0x00000000400000ec        0x0 /usr/lib/gcc/arm-none-eabi/9.2.1/../../../arm-none-eabi/lib/libc_nano.a(lib_a-writer.o)
 .data          0x00000000400000ec        0x0 /usr/lib/gcc/arm-none-eabi/9.2.1/../../../arm-none-eabi/lib/libc_nano.a(lib_a-closer.o)
 .data          0x00000000400000ec        0x0 /usr/lib/gcc/arm-none-eabi/9.2.1/../../../arm-none-eabi/lib/libc_nano.a(lib_a-fstatr.o)
 .data          0x00000000400000ec        0x0 /usr/lib/gcc/arm-none-eabi/9.2.1/../../../arm-none-eabi/lib/libc_nano.a(lib_a-fvwrite.o)
 .data          0x00000000400000ec        0x0 /usr/lib/gcc/arm-none-eabi/9.2.1/../../../arm-none-eabi/lib/libc_nano.a(lib_a-isattyr.o)
 .data          0x00000000400000ec        0x0 /usr/lib/gcc/arm-none-eabi/9.2.1/../../../arm-none-eabi/lib/libc_nano.a(lib_a-lseekr.o)
 .data          0x00000000400000ec        0x0 /usr/lib/gcc/arm-none-eabi/9.2.1/../../../arm-none-eabi/lib/libc_nano.a(lib_a-memchr-stub.o)
 .data          0x00000000400000ec        0x0 /usr/lib/gcc/arm-none-eabi/9.2.1/../../../arm-none-eabi/lib/libc_nano.a(lib_a-memcpy-stub.o)
 .data          0x00000000400000ec        0x0 /usr/lib/gcc/arm-none-eabi/9.2.1/../../../arm-none-eabi/lib/libc_nano.a(lib_a-memmove.o)
 .data          0x00000000400000ec        0x0 /usr/lib/gcc/arm-none-eabi/9.2.1/../../../arm-none-eabi/lib/libc_nano.a(lib_a-nano-reallocr.o)
 .data          0x00000000400000ec        0x0 /usr/lib/gcc/arm-none-eabi/9.2.1/../../../arm-none-eabi/lib/libc_nano.a(lib_a-readr.o)
 .data          0x00000000400000ec        0x0 /usr/lib/gcc/arm-none-eabi/9.2.1/../../../arm-none-eabi/lib/libc_nano.a(lib_a-nano-msizer.o)
 .data          0x00000000400000ec        0x0 /usr/lib/gcc/arm-none-eabi/9.2.1/libgcc.a(_udivsi3.o)
 .data          0x00000000400000ec        0x0 /usr/lib/gcc/arm-none-eabi/9.2.1/../../../arm-none-eabi/lib/libnosys.a(_exit.o)
 .data          0x00000000400000ec        0x0 /usr/lib/gcc/arm-none-eabi/9.2.1/crtend.o
 .data          0x00000000400000ec        0x0 /usr/lib/gcc/arm-none-eabi/9.2.1/crtn.o

.init_array     0x00000000400000ec        0x4 load address 0x0000000000005f4c
 .init_array    0x00000000400000ec        0x4 /usr/lib/gcc/arm-none-eabi/9.2.1/crtbegin.o

.fini_array     0x00000000400000f0        0x4 load address 0x0000000000005f50
 .fini_array    0x00000000400000f0        0x4 /usr/lib/gcc/arm-none-eabi/9.2.1/crtbegin.o

.tm_clone_table
                0x00000000400000f4        0x0 load address 0x0000000000005f54
 .tm_clone_table
                0x00000000400000f4        0x0 /usr/lib/gcc/arm-none-eabi/9.2.1/crtbegin.o
 .tm_clone_table
                0x00000000400000f4        0x0 /usr/lib/gcc/arm-none-eabi/9.2.1/crtend.o

.igot.plt       0x00000000400000f4        0x0 load address 0x0000000000005f54
 .igot.plt      0x00000000400000f4        0x0 /usr/lib/gcc/arm-none-eabi/9.2.1/crtbegin.o
                0x00000000400000f4                . = ALIGN (0x4)
                0x00000000400000f4                _edata = .
                [!provide]                        PROVIDE (edata = .)

.bss            0x00000000400000f4     0x28cc load address 0x0000000000005f54
                0x00000000400000f4                _bss = .
                0x00000000400000f4                __bss_start = .
                0x00000000400000f4                __bss_start__ = .
 *(.bss)
 .bss           0x00000000400000f4        0x0 /usr/lib/gcc/arm-none-eabi/9.2.1/crti.o
 .bss           0x00000000400000f4       0x1c /usr/lib/gcc/arm-none-eabi/9.2.1/crtbegin.o
 .bss           0x0000000040000110        0x0 /usr/lib/gcc/arm-none-eabi/9.2.1/../../../arm-none-eabi/lib/crt0.o
 .bss           0x0000000040000110        0x4 dhry_1.o
                0x0000000040000110                Reg
 .bss           0x0000000040000114        0x0 dhry_2.o
 .bss           0x0000000040000114        0x4 reloc.o
 .bss           0x0000000040000118        0x4 framework.o
                0x0000000040000118                timeval
 .bss           0x000000004000011c        0x0 stack.o
 .bss           0x000000004000011c        0x0 startup.o
 .bss           0x000000004000011c        0x0 /usr/lib/gcc/arm-none-eabi/9.2.1/libgcc.a(_arm_muldf3.o)
 .bss           0x000000004000011c        0x0 /usr/lib/gcc/arm-none-eabi/9.2.1/libgcc.a(_divsi3.o)
 .bss           0x000000004000011c        0x0 /usr/lib/gcc/arm-none-eabi/9.2.1/libgcc.a(_dvmd_tls.o)
 .bss           0x000000004000011c        0x0 /usr/lib/gcc/arm-none-eabi/9.2.1/libgcc.a(_arm_addsubdf3.o)
 .bss           0x000000004000011c        0x0 /usr/lib/gcc/arm-none-eabi/9.2.1/libgcc.a(_arm_muldivdf3.o)
 .bss           0x000000004000011c        0x0 /usr/lib/gcc/arm-none-eabi/9.2.1/libgcc.a(_arm_truncdfsf2.o)
 .bss           0x000000004000011c        0x0 /usr/lib/gcc/arm-none-eabi/9.2.1/libgcc.a(_arm_addsubsf3.o)
 .bss           0x000000004000011c        0x0 /usr/lib/gcc/arm-none-eabi/9.2.1/libgcc.a(_arm_muldivsf3.o)
 .bss           0x000000004000011c        0x0 /usr/lib/gcc/arm-none-eabi/9.2.1/libgcc.a(_arm_fixsfsi.o)
 .bss           0x000000004000011c        0x0 /usr/lib/gcc/arm-none-eabi/9.2.1/../../../arm-none-eabi/lib/libc_nano.a(lib_a-atexit.o)
 .bss           0x000000004000011c        0x0 /usr/lib/gcc/arm-none-eabi/9.2.1/../../../arm-none-eabi/lib/libc_nano.a(lib_a-exit.o)
 .bss           0x000000004000011c        0x0 /usr/lib/gcc/arm-none-eabi/9.2.1/../../../arm-none-eabi/lib/libc_nano.a(lib_a-fini.o)
 .bss           0x000000004000011c        0x0 /usr/lib/gcc/arm-none-eabi/9.2.1/../../../arm-none-eabi/lib/libc_nano.a(lib_a-impure.o)
 .bss           0x000000004000011c        0x0 /usr/lib/gcc/arm-none-eabi/9.2.1/../../../arm-none-eabi/lib/libc_nano.a(lib_a-init.o)
 .bss           0x000000004000011c        0x0 /usr/lib/gcc/arm-none-eabi/9.2.1/../../../arm-none-eabi/lib/libc_nano.a(lib_a-malloc.o)
 .bss           0x000000004000011c        0x0 /usr/lib/gcc/arm-none-eabi/9.2.1/../../../arm-none-eabi/lib/libc_nano.a(lib_a-memset.o)
 .bss           0x000000004000011c        0x0 /usr/lib/gcc/arm-none-eabi/9.2.1/../../../arm-none-eabi/lib/libc_nano.a(lib_a-nano-freer.o)
 .bss           0x000000004000011c        0x8 /usr/lib/gcc/arm-none-eabi/9.2.1/../../../arm-none-eabi/lib/libc_nano.a(lib_a-nano-mallocr.o)
                0x000000004000011c                __malloc_free_list
                0x0000000040000120                __malloc_sbrk_start
 .bss           0x0000000040000124        0x0 /usr/lib/gcc/arm-none-eabi/9.2.1/../../../arm-none-eabi/lib/libc_nano.a(lib_a-printf.o)
 .bss           0x0000000040000124        0x0 /usr/lib/gcc/arm-none-eabi/9.2.1/../../../arm-none-eabi/lib/libc_nano.a(lib_a-putchar.o)
 .bss           0x0000000040000124        0x0 /usr/lib/gcc/arm-none-eabi/9.2.1/../../../arm-none-eabi/lib/libc_nano.a(lib_a-puts.o)
 .bss           0x0000000040000124        0x0 /usr/lib/gcc/arm-none-eabi/9.2.1/../../../arm-none-eabi/lib/libc_nano.a(lib_a-sbrkr.o)
 .bss           0x0000000040000124        0x0 /usr/lib/gcc/arm-none-eabi/9.2.1/../../../arm-none-eabi/lib/libc_nano.a(lib_a-strcmp.o)
 .bss           0x0000000040000124        0x0 /usr/lib/gcc/arm-none-eabi/9.2.1/../../../arm-none-eabi/lib/libc_nano.a(lib_a-strcpy.o)
 .bss           0x0000000040000124        0x0 /usr/lib/gcc/arm-none-eabi/9.2.1/../../../arm-none-eabi/lib/libc_nano.a(lib_a-wbuf.o)
 .bss           0x0000000040000124        0x0 /usr/lib/gcc/arm-none-eabi/9.2.1/../../../arm-none-eabi/lib/libc_nano.a(lib_a-wsetup.o)
 .bss           0x0000000040000124       0x8c /usr/lib/gcc/arm-none-eabi/9.2.1/../../../arm-none-eabi/lib/libc_nano.a(lib_a-__atexit.o)
 .bss           0x00000000400001b0        0x4 /usr/lib/gcc/arm-none-eabi/9.2.1/../../../arm-none-eabi/lib/libc_nano.a(lib_a-__call_atexit.o)
                0x00000000400001b0                _global_atexit
 .bss           0x00000000400001b4        0x0 /usr/lib/gcc/arm-none-eabi/9.2.1/../../../arm-none-eabi/lib/libc_nano.a(lib_a-fflush.o)
 .bss           0x00000000400001b4        0x0 /usr/lib/gcc/arm-none-eabi/9.2.1/../../../arm-none-eabi/lib/libc_nano.a(lib_a-findfp.o)
 .bss           0x00000000400001b4        0x0 /usr/lib/gcc/arm-none-eabi/9.2.1/../../../arm-none-eabi/lib/libc_nano.a(lib_a-fwalk.o)
 .bss           0x00000000400001b4        0x0 /usr/lib/gcc/arm-none-eabi/9.2.1/../../../arm-none-eabi/lib/libc_nano.a(lib_a-makebuf.o)
 .bss           0x00000000400001b4        0x0 /usr/lib/gcc/arm-none-eabi/9.2.1/../../../arm-none-eabi/lib/libc_nano.a(lib_a-mlock.o)
 .bss           0x00000000400001b4        0x0 /usr/lib/gcc/arm-none-eabi/9.2.1/../../../arm-none-eabi/lib/libc_nano.a(lib_a-nano-vfprintf.o)
 .bss           0x00000000400001b4        0x0 /usr/lib/gcc/arm-none-eabi/9.2.1/../../../arm-none-eabi/lib/libc_nano.a(lib_a-nano-vfprintf_i.o)
 .bss           0x00000000400001b4        0x0 /usr/lib/gcc/arm-none-eabi/9.2.1/../../../arm-none-eabi/lib/libc_nano.a(lib_a-putc.o)
 .bss           0x00000000400001b4        0x0 /usr/lib/gcc/arm-none-eabi/9.2.1/../../../arm-none-eabi/lib/libc_nano.a(lib_a-reent.o)
 .bss           0x00000000400001b4        0x0 /usr/lib/gcc/arm-none-eabi/9.2.1/../../../arm-none-eabi/lib/libc_nano.a(lib_a-stdio.o)
 .bss           0x00000000400001b4        0x0 /usr/lib/gcc/arm-none-eabi/9.2.1/../../../arm-none-eabi/lib/libc_nano.a(lib_a-writer.o)
 .bss           0x00000000400001b4        0x0 /usr/lib/gcc/arm-none-eabi/9.2.1/../../../arm-none-eabi/lib/libc_nano.a(lib_a-closer.o)
 .bss           0x00000000400001b4        0x0 /usr/lib/gcc/arm-none-eabi/9.2.1/../../../arm-none-eabi/lib/libc_nano.a(lib_a-fstatr.o)
 .bss           0x00000000400001b4        0x0 /usr/lib/gcc/arm-none-eabi/9.2.1/../../../arm-none-eabi/lib/libc_nano.a(lib_a-fvwrite.o)
 .bss           0x00000000400001b4        0x0 /usr/lib/gcc/arm-none-eabi/9.2.1/../../../arm-none-eabi/lib/libc_nano.a(lib_a-isattyr.o)
 .bss           0x00000000400001b4        0x0 /usr/lib/gcc/arm-none-eabi/9.2.1/../../../arm-none-eabi/lib/libc_nano.a(lib_a-lseekr.o)
 .bss           0x00000000400001b4        0x0 /usr/lib/gcc/arm-none-eabi/9.2.1/../../../arm-none-eabi/lib/libc_nano.a(lib_a-memchr-stub.o)
 .bss           0x00000000400001b4        0x0 /usr/lib/gcc/arm-none-eabi/9.2.1/../../../arm-none-eabi/lib/libc_nano.a(lib_a-memcpy-stub.o)
 .bss           0x00000000400001b4        0x0 /usr/lib/gcc/arm-none-eabi/9.2.1/../../../arm-none-eabi/lib/libc_nano.a(lib_a-memmove.o)
 .bss           0x00000000400001b4        0x0 /usr/lib/gcc/arm-none-eabi/9.2.1/../../../arm-none-eabi/lib/libc_nano.a(lib_a-nano-reallocr.o)
 .bss           0x00000000400001b4        0x0 /usr/lib/gcc/arm-none-eabi/9.2.1/../../../arm-none-eabi/lib/libc_nano.a(lib_a-readr.o)
 .bss           0x00000000400001b4        0x0 /usr/lib/gcc/arm-none-eabi/9.2.1/../../../arm-none-eabi/lib/libc_nano.a(lib_a-nano-msizer.o)
 .bss           0x00000000400001b4        0x0 /usr/lib/gcc/arm-none-eabi/9.2.1/libgcc.a(_udivsi3.o)
 .bss           0x00000000400001b4        0x0 /usr/lib/gcc/arm-none-eabi/9.2.1/../../../arm-none-eabi/lib/libnosys.a(_exit.o)
 .bss           0x00000000400001b4        0x0 /usr/lib/gcc/arm-none-eabi/9.2.1/crtend.o
 .bss           0x00000000400001b4        0x0 /usr/lib/gcc/arm-none-eabi/9.2.1/crtn.o
 *(COMMON)
 COMMON         0x00000000400001b4     0x2800 dhry_1.o
                0x00000000400001b4                Microseconds
                0x00000000400001b8                Dhrystones_Per_Second
                0x00000000400001bc                User_Time
                0x00000000400001c0                Begin_Time
                0x00000000400001c4                Arr_2_Glob
                0x00000000400028d4                End_Time
                0x00000000400028d8                Next_Ptr_Glob
                0x00000000400028dc                Int_Glob
                0x00000000400028e0                Ch_1_Glob
                0x00000000400028e1                Ch_2_Glob
                0x00000000400028e4                Ptr_Glob
                0x00000000400028e8                Arr_1_Glob
                0x00000000400029b0                Bool_Glob
 COMMON         0x00000000400029b4        0x8 framework.o
                0x00000000400029b4                pHeapEnd
                0x00000000400029b8                pHeapStart
 COMMON         0x00000000400029bc        0x4 /usr/lib/gcc/arm-none-eabi/9.2.1/../../../arm-none-eabi/lib/libc_nano.a(lib_a-reent.o)
                0x00000000400029bc                errno
                0x00000000400029c0                . = ALIGN (0x4)
                0x00000000400029c0                . = ALIGN (0x4)
                0x00000000400029c0                __bss_end = .
                0x00000000400029c0                __bss_end__ = .
                0x00000000400029c0                _end = .
                0x00000000400029c0                PROVIDE (end = .)
OUTPUT(dhry.elf elf32-littlearm)
LOAD linker stubs

.ARM.attributes
                0x0000000000000000       0x26
 .ARM.attributes
                0x0000000000000000       0x1c /usr/lib/gcc/arm-none-eabi/9.2.1/crti.o
 .ARM.attributes
                0x000000000000001c       0x2a /usr/lib/gcc/arm-none-eabi/9.2.1/crtbegin.o
 .ARM.attributes
                0x0000000000000046       0x1a /usr/lib/gcc/arm-none-eabi/9.2.1/../../../arm-none-eabi/lib/crt0.o
 .ARM.attributes
                0x0000000000000060       0x2a dhry_1.o
 .ARM.attributes
                0x000000000000008a       0x2a dhry_2.o
 .ARM.attributes
                0x00000000000000b4       0x2a reloc.o
 .ARM.attributes
                0x00000000000000de       0x2a framework.o
 .ARM.attributes
                0x0000000000000108       0x30 stack.o
 .ARM.attributes
                0x0000000000000138       0x1a startup.o
 .ARM.attributes
                0x0000000000000152       0x1c /usr/lib/gcc/arm-none-eabi/9.2.1/libgcc.a(_arm_muldf3.o)
 .ARM.attributes
                0x000000000000016e       0x1c /usr/lib/gcc/arm-none-eabi/9.2.1/libgcc.a(_divsi3.o)
 .ARM.attributes
                0x000000000000018a       0x1c /usr/lib/gcc/arm-none-eabi/9.2.1/libgcc.a(_dvmd_tls.o)
 .ARM.attributes
                0x00000000000001a6       0x1c /usr/lib/gcc/arm-none-eabi/9.2.1/libgcc.a(_arm_addsubdf3.o)
 .ARM.attributes
                0x00000000000001c2       0x1c /usr/lib/gcc/arm-none-eabi/9.2.1/libgcc.a(_arm_muldivdf3.o)
 .ARM.attributes
                0x00000000000001de       0x1c /usr/lib/gcc/arm-none-eabi/9.2.1/libgcc.a(_arm_truncdfsf2.o)
 .ARM.attributes
                0x00000000000001fa       0x1c /usr/lib/gcc/arm-none-eabi/9.2.1/libgcc.a(_arm_addsubsf3.o)
 .ARM.attributes
                0x0000000000000216       0x1c /usr/lib/gcc/arm-none-eabi/9.2.1/libgcc.a(_arm_muldivsf3.o)
 .ARM.attributes
                0x0000000000000232       0x1c /usr/lib/gcc/arm-none-eabi/9.2.1/libgcc.a(_arm_fixsfsi.o)
 .ARM.attributes
                0x000000000000024e       0x2a /usr/lib/gcc/arm-none-eabi/9.2.1/../../../arm-none-eabi/lib/libc_nano.a(lib_a-atexit.o)
 .ARM.attributes
                0x0000000000000278       0x2a /usr/lib/gcc/arm-none-eabi/9.2.1/../../../arm-none-eabi/lib/libc_nano.a(lib_a-exit.o)
 .ARM.attributes
                0x00000000000002a2       0x2a /usr/lib/gcc/arm-none-eabi/9.2.1/../../../arm-none-eabi/lib/libc_nano.a(lib_a-fini.o)
 .ARM.attributes
                0x00000000000002cc       0x30 /usr/lib/gcc/arm-none-eabi/9.2.1/../../../arm-none-eabi/lib/libc_nano.a(lib_a-impure.o)
 .ARM.attributes
                0x00000000000002fc       0x2a /usr/lib/gcc/arm-none-eabi/9.2.1/../../../arm-none-eabi/lib/libc_nano.a(lib_a-init.o)
 .ARM.attributes
                0x0000000000000326       0x2a /usr/lib/gcc/arm-none-eabi/9.2.1/../../../arm-none-eabi/lib/libc_nano.a(lib_a-malloc.o)
 .ARM.attributes
                0x0000000000000350       0x2a /usr/lib/gcc/arm-none-eabi/9.2.1/../../../arm-none-eabi/lib/libc_nano.a(lib_a-memset.o)
 .ARM.attributes
                0x000000000000037a       0x2a /usr/lib/gcc/arm-none-eabi/9.2.1/../../../arm-none-eabi/lib/libc_nano.a(lib_a-nano-freer.o)
 .ARM.attributes
                0x00000000000003a4       0x2a /usr/lib/gcc/arm-none-eabi/9.2.1/../../../arm-none-eabi/lib/libc_nano.a(lib_a-nano-mallocr.o)
 .ARM.attributes
                0x00000000000003ce       0x2a /usr/lib/gcc/arm-none-eabi/9.2.1/../../../arm-none-eabi/lib/libc_nano.a(lib_a-printf.o)
 .ARM.attributes
                0x00000000000003f8       0x2a /usr/lib/gcc/arm-none-eabi/9.2.1/../../../arm-none-eabi/lib/libc_nano.a(lib_a-putchar.o)
 .ARM.attributes
                0x0000000000000422       0x2a /usr/lib/gcc/arm-none-eabi/9.2.1/../../../arm-none-eabi/lib/libc_nano.a(lib_a-puts.o)
 .ARM.attributes
                0x000000000000044c       0x2a /usr/lib/gcc/arm-none-eabi/9.2.1/../../../arm-none-eabi/lib/libc_nano.a(lib_a-sbrkr.o)
 .ARM.attributes
                0x0000000000000476       0x1a /usr/lib/gcc/arm-none-eabi/9.2.1/../../../arm-none-eabi/lib/libc_nano.a(lib_a-strcmp.o)
 .ARM.attributes
                0x0000000000000490       0x2a /usr/lib/gcc/arm-none-eabi/9.2.1/../../../arm-none-eabi/lib/libc_nano.a(lib_a-strcpy.o)
 .ARM.attributes
                0x00000000000004ba       0x2a /usr/lib/gcc/arm-none-eabi/9.2.1/../../../arm-none-eabi/lib/libc_nano.a(lib_a-wbuf.o)
 .ARM.attributes
                0x00000000000004e4       0x2a /usr/lib/gcc/arm-none-eabi/9.2.1/../../../arm-none-eabi/lib/libc_nano.a(lib_a-wsetup.o)
 .ARM.attributes
                0x000000000000050e       0x2a /usr/lib/gcc/arm-none-eabi/9.2.1/../../../arm-none-eabi/lib/libc_nano.a(lib_a-__atexit.o)
 .ARM.attributes
                0x0000000000000538       0x2a /usr/lib/gcc/arm-none-eabi/9.2.1/../../../arm-none-eabi/lib/libc_nano.a(lib_a-__call_atexit.o)
 .ARM.attributes
                0x0000000000000562       0x2a /usr/lib/gcc/arm-none-eabi/9.2.1/../../../arm-none-eabi/lib/libc_nano.a(lib_a-fflush.o)
 .ARM.attributes
                0x000000000000058c       0x2a /usr/lib/gcc/arm-none-eabi/9.2.1/../../../arm-none-eabi/lib/libc_nano.a(lib_a-findfp.o)
 .ARM.attributes
                0x00000000000005b6       0x2a /usr/lib/gcc/arm-none-eabi/9.2.1/../../../arm-none-eabi/lib/libc_nano.a(lib_a-fwalk.o)
 .ARM.attributes
                0x00000000000005e0       0x2a /usr/lib/gcc/arm-none-eabi/9.2.1/../../../arm-none-eabi/lib/libc_nano.a(lib_a-makebuf.o)
 .ARM.attributes
                0x000000000000060a       0x2a /usr/lib/gcc/arm-none-eabi/9.2.1/../../../arm-none-eabi/lib/libc_nano.a(lib_a-mlock.o)
 .ARM.attributes
                0x0000000000000634       0x2a /usr/lib/gcc/arm-none-eabi/9.2.1/../../../arm-none-eabi/lib/libc_nano.a(lib_a-nano-vfprintf.o)
 .ARM.attributes
                0x000000000000065e       0x2a /usr/lib/gcc/arm-none-eabi/9.2.1/../../../arm-none-eabi/lib/libc_nano.a(lib_a-nano-vfprintf_i.o)
 .ARM.attributes
                0x0000000000000688       0x2a /usr/lib/gcc/arm-none-eabi/9.2.1/../../../arm-none-eabi/lib/libc_nano.a(lib_a-putc.o)
 .ARM.attributes
                0x00000000000006b2       0x2a /usr/lib/gcc/arm-none-eabi/9.2.1/../../../arm-none-eabi/lib/libc_nano.a(lib_a-reent.o)
 .ARM.attributes
                0x00000000000006dc       0x2a /usr/lib/gcc/arm-none-eabi/9.2.1/../../../arm-none-eabi/lib/libc_nano.a(lib_a-stdio.o)
 .ARM.attributes
                0x0000000000000706       0x2a /usr/lib/gcc/arm-none-eabi/9.2.1/../../../arm-none-eabi/lib/libc_nano.a(lib_a-writer.o)
 .ARM.attributes
                0x0000000000000730       0x2a /usr/lib/gcc/arm-none-eabi/9.2.1/../../../arm-none-eabi/lib/libc_nano.a(lib_a-closer.o)
 .ARM.attributes
                0x000000000000075a       0x2a /usr/lib/gcc/arm-none-eabi/9.2.1/../../../arm-none-eabi/lib/libc_nano.a(lib_a-fstatr.o)
 .ARM.attributes
                0x0000000000000784       0x2a /usr/lib/gcc/arm-none-eabi/9.2.1/../../../arm-none-eabi/lib/libc_nano.a(lib_a-fvwrite.o)
 .ARM.attributes
                0x00000000000007ae       0x2a /usr/lib/gcc/arm-none-eabi/9.2.1/../../../arm-none-eabi/lib/libc_nano.a(lib_a-isattyr.o)
 .ARM.attributes
                0x00000000000007d8       0x2a /usr/lib/gcc/arm-none-eabi/9.2.1/../../../arm-none-eabi/lib/libc_nano.a(lib_a-lseekr.o)
 .ARM.attributes
                0x0000000000000802       0x2a /usr/lib/gcc/arm-none-eabi/9.2.1/../../../arm-none-eabi/lib/libc_nano.a(lib_a-memchr-stub.o)
 .ARM.attributes
                0x000000000000082c       0x2a /usr/lib/gcc/arm-none-eabi/9.2.1/../../../arm-none-eabi/lib/libc_nano.a(lib_a-memcpy-stub.o)
 .ARM.attributes
                0x0000000000000856       0x2a /usr/lib/gcc/arm-none-eabi/9.2.1/../../../arm-none-eabi/lib/libc_nano.a(lib_a-memmove.o)
 .ARM.attributes
                0x0000000000000880       0x2a /usr/lib/gcc/arm-none-eabi/9.2.1/../../../arm-none-eabi/lib/libc_nano.a(lib_a-nano-reallocr.o)
 .ARM.attributes
                0x00000000000008aa       0x2a /usr/lib/gcc/arm-none-eabi/9.2.1/../../../arm-none-eabi/lib/libc_nano.a(lib_a-readr.o)
 .ARM.attributes
                0x00000000000008d4       0x2a /usr/lib/gcc/arm-none-eabi/9.2.1/../../../arm-none-eabi/lib/libc_nano.a(lib_a-nano-msizer.o)
 .ARM.attributes
                0x00000000000008fe       0x1c /usr/lib/gcc/arm-none-eabi/9.2.1/libgcc.a(_udivsi3.o)
 .ARM.attributes
                0x000000000000091a       0x2a /usr/lib/gcc/arm-none-eabi/9.2.1/../../../arm-none-eabi/lib/libnosys.a(_exit.o)
 .ARM.attributes
                0x0000000000000944       0x30 /usr/lib/gcc/arm-none-eabi/9.2.1/crtend.o
 .ARM.attributes
                0x0000000000000974       0x1c /usr/lib/gcc/arm-none-eabi/9.2.1/crtn.o

.comment        0x0000000000000000       0xa7
 .comment       0x0000000000000000       0x59 /usr/lib/gcc/arm-none-eabi/9.2.1/crtbegin.o
                                         0x5a (size before relaxing)
 .comment       0x0000000000000059       0x5a dhry_1.o
 .comment       0x0000000000000059       0x5a dhry_2.o
 .comment       0x0000000000000059       0x5a reloc.o
 .comment       0x0000000000000059       0x5a framework.o
 .comment       0x0000000000000059       0x5a stack.o
 .comment       0x0000000000000059       0x4e /usr/lib/gcc/arm-none-eabi/9.2.1/../../../arm-none-eabi/lib/libc_nano.a(lib_a-atexit.o)
                                         0x4f (size before relaxing)
 .comment       0x00000000000000a7       0x4f /usr/lib/gcc/arm-none-eabi/9.2.1/../../../arm-none-eabi/lib/libc_nano.a(lib_a-exit.o)
 .comment       0x00000000000000a7       0x4f /usr/lib/gcc/arm-none-eabi/9.2.1/../../../arm-none-eabi/lib/libc_nano.a(lib_a-fini.o)
 .comment       0x00000000000000a7       0x4f /usr/lib/gcc/arm-none-eabi/9.2.1/../../../arm-none-eabi/lib/libc_nano.a(lib_a-impure.o)
 .comment       0x00000000000000a7       0x4f /usr/lib/gcc/arm-none-eabi/9.2.1/../../../arm-none-eabi/lib/libc_nano.a(lib_a-init.o)
 .comment       0x00000000000000a7       0x4f /usr/lib/gcc/arm-none-eabi/9.2.1/../../../arm-none-eabi/lib/libc_nano.a(lib_a-malloc.o)
 .comment       0x00000000000000a7       0x4f /usr/lib/gcc/arm-none-eabi/9.2.1/../../../arm-none-eabi/lib/libc_nano.a(lib_a-memset.o)
 .comment       0x00000000000000a7       0x4f /usr/lib/gcc/arm-none-eabi/9.2.1/../../../arm-none-eabi/lib/libc_nano.a(lib_a-nano-freer.o)
 .comment       0x00000000000000a7       0x4f /usr/lib/gcc/arm-none-eabi/9.2.1/../../../arm-none-eabi/lib/libc_nano.a(lib_a-nano-mallocr.o)
 .comment       0x00000000000000a7       0x4f /usr/lib/gcc/arm-none-eabi/9.2.1/../../../arm-none-eabi/lib/libc_nano.a(lib_a-printf.o)
 .comment       0x00000000000000a7       0x4f /usr/lib/gcc/arm-none-eabi/9.2.1/../../../arm-none-eabi/lib/libc_nano.a(lib_a-putchar.o)
 .comment       0x00000000000000a7       0x4f /usr/lib/gcc/arm-none-eabi/9.2.1/../../../arm-none-eabi/lib/libc_nano.a(lib_a-puts.o)
 .comment       0x00000000000000a7       0x4f /usr/lib/gcc/arm-none-eabi/9.2.1/../../../arm-none-eabi/lib/libc_nano.a(lib_a-sbrkr.o)
 .comment       0x00000000000000a7       0x4f /usr/lib/gcc/arm-none-eabi/9.2.1/../../../arm-none-eabi/lib/libc_nano.a(lib_a-strcpy.o)
 .comment       0x00000000000000a7       0x4f /usr/lib/gcc/arm-none-eabi/9.2.1/../../../arm-none-eabi/lib/libc_nano.a(lib_a-wbuf.o)
 .comment       0x00000000000000a7       0x4f /usr/lib/gcc/arm-none-eabi/9.2.1/../../../arm-none-eabi/lib/libc_nano.a(lib_a-wsetup.o)
 .comment       0x00000000000000a7       0x4f /usr/lib/gcc/arm-none-eabi/9.2.1/../../../arm-none-eabi/lib/libc_nano.a(lib_a-__atexit.o)
 .comment       0x00000000000000a7       0x4f /usr/lib/gcc/arm-none-eabi/9.2.1/../../../arm-none-eabi/lib/libc_nano.a(lib_a-__call_atexit.o)
 .comment       0x00000000000000a7       0x4f /usr/lib/gcc/arm-none-eabi/9.2.1/../../../arm-none-eabi/lib/libc_nano.a(lib_a-fflush.o)
 .comment       0x00000000000000a7       0x4f /usr/lib/gcc/arm-none-eabi/9.2.1/../../../arm-none-eabi/lib/libc_nano.a(lib_a-findfp.o)
 .comment       0x00000000000000a7       0x4f /usr/lib/gcc/arm-none-eabi/9.2.1/../../../arm-none-eabi/lib/libc_nano.a(lib_a-fwalk.o)
 .comment       0x00000000000000a7       0x4f /usr/lib/gcc/arm-none-eabi/9.2.1/../../../arm-none-eabi/lib/libc_nano.a(lib_a-makebuf.o)
 .comment       0x00000000000000a7       0x4f /usr/lib/gcc/arm-none-eabi/9.2.1/../../../arm-none-eabi/lib/libc_nano.a(lib_a-mlock.o)
 .comment       0x00000000000000a7       0x4f /usr/lib/gcc/arm-none-eabi/9.2.1/../../../arm-none-eabi/lib/libc_nano.a(lib_a-nano-vfprintf.o)
 .comment       0x00000000000000a7       0x4f /usr/lib/gcc/arm-none-eabi/9.2.1/../../../arm-none-eabi/lib/libc_nano.a(lib_a-nano-vfprintf_i.o)
 .comment       0x00000000000000a7       0x4f /usr/lib/gcc/arm-none-eabi/9.2.1/../../../arm-none-eabi/lib/libc_nano.a(lib_a-putc.o)
 .comment       0x00000000000000a7       0x4f /usr/lib/gcc/arm-none-eabi/9.2.1/../../../arm-none-eabi/lib/libc_nano.a(lib_a-reent.o)
 .comment       0x00000000000000a7       0x4f /usr/lib/gcc/arm-none-eabi/9.2.1/../../../arm-none-eabi/lib/libc_nano.a(lib_a-stdio.o)
 .comment       0x00000000000000a7       0x4f /usr/lib/gcc/arm-none-eabi/9.2.1/../../../arm-none-eabi/lib/libc_nano.a(lib_a-writer.o)
 .comment       0x00000000000000a7       0x4f /usr/lib/gcc/arm-none-eabi/9.2.1/../../../arm-none-eabi/lib/libc_nano.a(lib_a-closer.o)
 .comment       0x00000000000000a7       0x4f /usr/lib/gcc/arm-none-eabi/9.2.1/../../../arm-none-eabi/lib/libc_nano.a(lib_a-fstatr.o)
 .comment       0x00000000000000a7       0x4f /usr/lib/gcc/arm-none-eabi/9.2.1/../../../arm-none-eabi/lib/libc_nano.a(lib_a-fvwrite.o)
 .comment       0x00000000000000a7       0x4f /usr/lib/gcc/arm-none-eabi/9.2.1/../../../arm-none-eabi/lib/libc_nano.a(lib_a-isattyr.o)
 .comment       0x00000000000000a7       0x4f /usr/lib/gcc/arm-none-eabi/9.2.1/../../../arm-none-eabi/lib/libc_nano.a(lib_a-lseekr.o)
 .comment       0x00000000000000a7       0x4f /usr/lib/gcc/arm-none-eabi/9.2.1/../../../arm-none-eabi/lib/libc_nano.a(lib_a-memchr-stub.o)
 .comment       0x00000000000000a7       0x4f /usr/lib/gcc/arm-none-eabi/9.2.1/../../../arm-none-eabi/lib/libc_nano.a(lib_a-memcpy-stub.o)
 .comment       0x00000000000000a7       0x4f /usr/lib/gcc/arm-none-eabi/9.2.1/../../../arm-none-eabi/lib/libc_nano.a(lib_a-memmove.o)
 .comment       0x00000000000000a7       0x4f /usr/lib/gcc/arm-none-eabi/9.2.1/../../../arm-none-eabi/lib/libc_nano.a(lib_a-nano-reallocr.o)
 .comment       0x00000000000000a7       0x4f /usr/lib/gcc/arm-none-eabi/9.2.1/../../../arm-none-eabi/lib/libc_nano.a(lib_a-readr.o)
 .comment       0x00000000000000a7       0x4f /usr/lib/gcc/arm-none-eabi/9.2.1/../../../arm-none-eabi/lib/libc_nano.a(lib_a-nano-msizer.o)
 .comment       0x00000000000000a7       0x4f /usr/lib/gcc/arm-none-eabi/9.2.1/../../../arm-none-eabi/lib/libnosys.a(_exit.o)
 .comment       0x00000000000000a7       0x5a /usr/lib/gcc/arm-none-eabi/9.2.1/crtend.o

.debug_line     0x0000000000000000     0x6bc8
 .debug_line    0x0000000000000000       0xa3 /usr/lib/gcc/arm-none-eabi/9.2.1/../../../arm-none-eabi/lib/crt0.o
 .debug_line    0x00000000000000a3       0xf2 /usr/lib/gcc/arm-none-eabi/9.2.1/libgcc.a(_arm_muldf3.o)
 .debug_line    0x0000000000000195       0x80 /usr/lib/gcc/arm-none-eabi/9.2.1/libgcc.a(_divsi3.o)
 .debug_line    0x0000000000000215       0x57 /usr/lib/gcc/arm-none-eabi/9.2.1/libgcc.a(_dvmd_tls.o)
 .debug_line    0x000000000000026c      0x166 /usr/lib/gcc/arm-none-eabi/9.2.1/libgcc.a(_arm_addsubdf3.o)
 .debug_line    0x00000000000003d2      0x175 /usr/lib/gcc/arm-none-eabi/9.2.1/libgcc.a(_arm_muldivdf3.o)
 .debug_line    0x0000000000000547       0x7f /usr/lib/gcc/arm-none-eabi/9.2.1/libgcc.a(_arm_truncdfsf2.o)
 .debug_line    0x00000000000005c6      0x10d /usr/lib/gcc/arm-none-eabi/9.2.1/libgcc.a(_arm_addsubsf3.o)
 .debug_line    0x00000000000006d3      0x117 /usr/lib/gcc/arm-none-eabi/9.2.1/libgcc.a(_arm_muldivsf3.o)
 .debug_line    0x00000000000007ea       0x6e /usr/lib/gcc/arm-none-eabi/9.2.1/libgcc.a(_arm_fixsfsi.o)
 .debug_line    0x0000000000000858      0x14b /usr/lib/gcc/arm-none-eabi/9.2.1/../../../arm-none-eabi/lib/libc_nano.a(lib_a-atexit.o)
 .debug_line    0x00000000000009a3      0x161 /usr/lib/gcc/arm-none-eabi/9.2.1/../../../arm-none-eabi/lib/libc_nano.a(lib_a-exit.o)
 .debug_line    0x0000000000000b04       0xc5 /usr/lib/gcc/arm-none-eabi/9.2.1/../../../arm-none-eabi/lib/libc_nano.a(lib_a-fini.o)
 .debug_line    0x0000000000000bc9       0xda /usr/lib/gcc/arm-none-eabi/9.2.1/../../../arm-none-eabi/lib/libc_nano.a(lib_a-impure.o)
 .debug_line    0x0000000000000ca3       0xf6 /usr/lib/gcc/arm-none-eabi/9.2.1/../../../arm-none-eabi/lib/libc_nano.a(lib_a-init.o)
 .debug_line    0x0000000000000d99      0x159 /usr/lib/gcc/arm-none-eabi/9.2.1/../../../arm-none-eabi/lib/libc_nano.a(lib_a-malloc.o)
 .debug_line    0x0000000000000ef2      0x279 /usr/lib/gcc/arm-none-eabi/9.2.1/../../../arm-none-eabi/lib/libc_nano.a(lib_a-memset.o)
 .debug_line    0x000000000000116b      0x287 /usr/lib/gcc/arm-none-eabi/9.2.1/../../../arm-none-eabi/lib/libc_nano.a(lib_a-nano-freer.o)
 .debug_line    0x00000000000013f2      0x2c4 /usr/lib/gcc/arm-none-eabi/9.2.1/../../../arm-none-eabi/lib/libc_nano.a(lib_a-nano-mallocr.o)
 .debug_line    0x00000000000016b6      0x1f2 /usr/lib/gcc/arm-none-eabi/9.2.1/../../../arm-none-eabi/lib/libc_nano.a(lib_a-printf.o)
 .debug_line    0x00000000000018a8      0x1ba /usr/lib/gcc/arm-none-eabi/9.2.1/../../../arm-none-eabi/lib/libc_nano.a(lib_a-putchar.o)
 .debug_line    0x0000000000001a62      0x2b4 /usr/lib/gcc/arm-none-eabi/9.2.1/../../../arm-none-eabi/lib/libc_nano.a(lib_a-puts.o)
 .debug_line    0x0000000000001d16      0x191 /usr/lib/gcc/arm-none-eabi/9.2.1/../../../arm-none-eabi/lib/libc_nano.a(lib_a-sbrkr.o)
 .debug_line    0x0000000000001ea7       0xf9 /usr/lib/gcc/arm-none-eabi/9.2.1/../../../arm-none-eabi/lib/libc_nano.a(lib_a-strcmp.o)
 .debug_line    0x0000000000001fa0      0x140 /usr/lib/gcc/arm-none-eabi/9.2.1/../../../arm-none-eabi/lib/libc_nano.a(lib_a-strcpy.o)
 .debug_line    0x00000000000020e0      0x270 /usr/lib/gcc/arm-none-eabi/9.2.1/../../../arm-none-eabi/lib/libc_nano.a(lib_a-wbuf.o)
 .debug_line    0x0000000000002350      0x2f3 /usr/lib/gcc/arm-none-eabi/9.2.1/../../../arm-none-eabi/lib/libc_nano.a(lib_a-wsetup.o)
 .debug_line    0x0000000000002643      0x231 /usr/lib/gcc/arm-none-eabi/9.2.1/../../../arm-none-eabi/lib/libc_nano.a(lib_a-__atexit.o)
 .debug_line    0x0000000000002874      0x22d /usr/lib/gcc/arm-none-eabi/9.2.1/../../../arm-none-eabi/lib/libc_nano.a(lib_a-__call_atexit.o)
 .debug_line    0x0000000000002aa1      0x414 /usr/lib/gcc/arm-none-eabi/9.2.1/../../../arm-none-eabi/lib/libc_nano.a(lib_a-fflush.o)
 .debug_line    0x0000000000002eb5      0x5b5 /usr/lib/gcc/arm-none-eabi/9.2.1/../../../arm-none-eabi/lib/libc_nano.a(lib_a-findfp.o)
 .debug_line    0x000000000000346a      0x26b /usr/lib/gcc/arm-none-eabi/9.2.1/../../../arm-none-eabi/lib/libc_nano.a(lib_a-fwalk.o)
 .debug_line    0x00000000000036d5      0x373 /usr/lib/gcc/arm-none-eabi/9.2.1/../../../arm-none-eabi/lib/libc_nano.a(lib_a-makebuf.o)
 .debug_line    0x0000000000003a48      0x134 /usr/lib/gcc/arm-none-eabi/9.2.1/../../../arm-none-eabi/lib/libc_nano.a(lib_a-mlock.o)
 .debug_line    0x0000000000003b7c      0x6e1 /usr/lib/gcc/arm-none-eabi/9.2.1/../../../arm-none-eabi/lib/libc_nano.a(lib_a-nano-vfprintf.o)
 .debug_line    0x000000000000425d      0x796 /usr/lib/gcc/arm-none-eabi/9.2.1/../../../arm-none-eabi/lib/libc_nano.a(lib_a-nano-vfprintf_i.o)
 .debug_line    0x00000000000049f3      0x29d /usr/lib/gcc/arm-none-eabi/9.2.1/../../../arm-none-eabi/lib/libc_nano.a(lib_a-putc.o)
 .debug_line    0x0000000000004c90      0x266 /usr/lib/gcc/arm-none-eabi/9.2.1/../../../arm-none-eabi/lib/libc_nano.a(lib_a-reent.o)
 .debug_line    0x0000000000004ef6      0x253 /usr/lib/gcc/arm-none-eabi/9.2.1/../../../arm-none-eabi/lib/libc_nano.a(lib_a-stdio.o)
 .debug_line    0x0000000000005149      0x187 /usr/lib/gcc/arm-none-eabi/9.2.1/../../../arm-none-eabi/lib/libc_nano.a(lib_a-writer.o)
 .debug_line    0x00000000000052d0      0x185 /usr/lib/gcc/arm-none-eabi/9.2.1/../../../arm-none-eabi/lib/libc_nano.a(lib_a-closer.o)
 .debug_line    0x0000000000005455      0x217 /usr/lib/gcc/arm-none-eabi/9.2.1/../../../arm-none-eabi/lib/libc_nano.a(lib_a-fstatr.o)
 .debug_line    0x000000000000566c      0x5d0 /usr/lib/gcc/arm-none-eabi/9.2.1/../../../arm-none-eabi/lib/libc_nano.a(lib_a-fvwrite.o)
 .debug_line    0x0000000000005c3c      0x186 /usr/lib/gcc/arm-none-eabi/9.2.1/../../../arm-none-eabi/lib/libc_nano.a(lib_a-isattyr.o)
 .debug_line    0x0000000000005dc2      0x187 /usr/lib/gcc/arm-none-eabi/9.2.1/../../../arm-none-eabi/lib/libc_nano.a(lib_a-lseekr.o)
 .debug_line    0x0000000000005f49      0x209 /usr/lib/gcc/arm-none-eabi/9.2.1/../../../arm-none-eabi/lib/libc_nano.a(lib_a-memchr-stub.o)
 .debug_line    0x0000000000006152      0x263 /usr/lib/gcc/arm-none-eabi/9.2.1/../../../arm-none-eabi/lib/libc_nano.a(lib_a-memcpy-stub.o)
 .debug_line    0x00000000000063b5      0x290 /usr/lib/gcc/arm-none-eabi/9.2.1/../../../arm-none-eabi/lib/libc_nano.a(lib_a-memmove.o)
 .debug_line    0x0000000000006645      0x1c5 /usr/lib/gcc/arm-none-eabi/9.2.1/../../../arm-none-eabi/lib/libc_nano.a(lib_a-nano-reallocr.o)
 .debug_line    0x000000000000680a      0x186 /usr/lib/gcc/arm-none-eabi/9.2.1/../../../arm-none-eabi/lib/libc_nano.a(lib_a-readr.o)
 .debug_line    0x0000000000006990      0x15f /usr/lib/gcc/arm-none-eabi/9.2.1/../../../arm-none-eabi/lib/libc_nano.a(lib_a-nano-msizer.o)
 .debug_line    0x0000000000006aef       0x74 /usr/lib/gcc/arm-none-eabi/9.2.1/libgcc.a(_udivsi3.o)
 .debug_line    0x0000000000006b63       0x65 /usr/lib/gcc/arm-none-eabi/9.2.1/../../../arm-none-eabi/lib/libnosys.a(_exit.o)

.debug_info     0x0000000000000000    0x1db2f
 .debug_info    0x0000000000000000       0x26 /usr/lib/gcc/arm-none-eabi/9.2.1/../../../arm-none-eabi/lib/crt0.o
 .debug_info    0x0000000000000026       0x26 /usr/lib/gcc/arm-none-eabi/9.2.1/libgcc.a(_arm_muldf3.o)
 .debug_info    0x000000000000004c       0x26 /usr/lib/gcc/arm-none-eabi/9.2.1/libgcc.a(_divsi3.o)
 .debug_info    0x0000000000000072       0x26 /usr/lib/gcc/arm-none-eabi/9.2.1/libgcc.a(_dvmd_tls.o)
 .debug_info    0x0000000000000098       0x26 /usr/lib/gcc/arm-none-eabi/9.2.1/libgcc.a(_arm_addsubdf3.o)
 .debug_info    0x00000000000000be       0x26 /usr/lib/gcc/arm-none-eabi/9.2.1/libgcc.a(_arm_muldivdf3.o)
 .debug_info    0x00000000000000e4       0x26 /usr/lib/gcc/arm-none-eabi/9.2.1/libgcc.a(_arm_truncdfsf2.o)
 .debug_info    0x000000000000010a       0x26 /usr/lib/gcc/arm-none-eabi/9.2.1/libgcc.a(_arm_addsubsf3.o)
 .debug_info    0x0000000000000130       0x26 /usr/lib/gcc/arm-none-eabi/9.2.1/libgcc.a(_arm_muldivsf3.o)
 .debug_info    0x0000000000000156       0x26 /usr/lib/gcc/arm-none-eabi/9.2.1/libgcc.a(_arm_fixsfsi.o)
 .debug_info    0x000000000000017c      0x995 /usr/lib/gcc/arm-none-eabi/9.2.1/../../../arm-none-eabi/lib/libc_nano.a(lib_a-atexit.o)
 .debug_info    0x0000000000000b11      0x9e7 /usr/lib/gcc/arm-none-eabi/9.2.1/../../../arm-none-eabi/lib/libc_nano.a(lib_a-exit.o)
 .debug_info    0x00000000000014f8      0x102 /usr/lib/gcc/arm-none-eabi/9.2.1/../../../arm-none-eabi/lib/libc_nano.a(lib_a-fini.o)
 .debug_info    0x00000000000015fa      0x92a /usr/lib/gcc/arm-none-eabi/9.2.1/../../../arm-none-eabi/lib/libc_nano.a(lib_a-impure.o)
 .debug_info    0x0000000000001f24      0x11a /usr/lib/gcc/arm-none-eabi/9.2.1/../../../arm-none-eabi/lib/libc_nano.a(lib_a-init.o)
 .debug_info    0x000000000000203e      0x9b6 /usr/lib/gcc/arm-none-eabi/9.2.1/../../../arm-none-eabi/lib/libc_nano.a(lib_a-malloc.o)
 .debug_info    0x00000000000029f4      0xf21 /usr/lib/gcc/arm-none-eabi/9.2.1/../../../arm-none-eabi/lib/libc_nano.a(lib_a-memset.o)
 .debug_info    0x0000000000003915      0xb82 /usr/lib/gcc/arm-none-eabi/9.2.1/../../../arm-none-eabi/lib/libc_nano.a(lib_a-nano-freer.o)
 .debug_info    0x0000000000004497      0xc92 /usr/lib/gcc/arm-none-eabi/9.2.1/../../../arm-none-eabi/lib/libc_nano.a(lib_a-nano-mallocr.o)
 .debug_info    0x0000000000005129      0xc67 /usr/lib/gcc/arm-none-eabi/9.2.1/../../../arm-none-eabi/lib/libc_nano.a(lib_a-printf.o)
 .debug_info    0x0000000000005d90      0xbdf /usr/lib/gcc/arm-none-eabi/9.2.1/../../../arm-none-eabi/lib/libc_nano.a(lib_a-putchar.o)
 .debug_info    0x000000000000696f      0xd24 /usr/lib/gcc/arm-none-eabi/9.2.1/../../../arm-none-eabi/lib/libc_nano.a(lib_a-puts.o)
 .debug_info    0x0000000000007693      0x9fb /usr/lib/gcc/arm-none-eabi/9.2.1/../../../arm-none-eabi/lib/libc_nano.a(lib_a-sbrkr.o)
 .debug_info    0x000000000000808e       0x26 /usr/lib/gcc/arm-none-eabi/9.2.1/../../../arm-none-eabi/lib/libc_nano.a(lib_a-strcmp.o)
 .debug_info    0x00000000000080b4      0x943 /usr/lib/gcc/arm-none-eabi/9.2.1/../../../arm-none-eabi/lib/libc_nano.a(lib_a-strcpy.o)
 .debug_info    0x00000000000089f7      0xc90 /usr/lib/gcc/arm-none-eabi/9.2.1/../../../arm-none-eabi/lib/libc_nano.a(lib_a-wbuf.o)
 .debug_info    0x0000000000009687      0xbfa /usr/lib/gcc/arm-none-eabi/9.2.1/../../../arm-none-eabi/lib/libc_nano.a(lib_a-wsetup.o)
 .debug_info    0x000000000000a281      0xa3c /usr/lib/gcc/arm-none-eabi/9.2.1/../../../arm-none-eabi/lib/libc_nano.a(lib_a-__atexit.o)
 .debug_info    0x000000000000acbd      0xa10 /usr/lib/gcc/arm-none-eabi/9.2.1/../../../arm-none-eabi/lib/libc_nano.a(lib_a-__call_atexit.o)
 .debug_info    0x000000000000b6cd      0xd7d /usr/lib/gcc/arm-none-eabi/9.2.1/../../../arm-none-eabi/lib/libc_nano.a(lib_a-fflush.o)
 .debug_info    0x000000000000c44a     0x11a8 /usr/lib/gcc/arm-none-eabi/9.2.1/../../../arm-none-eabi/lib/libc_nano.a(lib_a-findfp.o)
 .debug_info    0x000000000000d5f2      0xca4 /usr/lib/gcc/arm-none-eabi/9.2.1/../../../arm-none-eabi/lib/libc_nano.a(lib_a-fwalk.o)
 .debug_info    0x000000000000e296      0xf62 /usr/lib/gcc/arm-none-eabi/9.2.1/../../../arm-none-eabi/lib/libc_nano.a(lib_a-makebuf.o)
 .debug_info    0x000000000000f1f8      0x961 /usr/lib/gcc/arm-none-eabi/9.2.1/../../../arm-none-eabi/lib/libc_nano.a(lib_a-mlock.o)
 .debug_info    0x000000000000fb59     0x1769 /usr/lib/gcc/arm-none-eabi/9.2.1/../../../arm-none-eabi/lib/libc_nano.a(lib_a-nano-vfprintf.o)
 .debug_info    0x00000000000112c2     0x1591 /usr/lib/gcc/arm-none-eabi/9.2.1/../../../arm-none-eabi/lib/libc_nano.a(lib_a-nano-vfprintf_i.o)
 .debug_info    0x0000000000012853      0xd23 /usr/lib/gcc/arm-none-eabi/9.2.1/../../../arm-none-eabi/lib/libc_nano.a(lib_a-putc.o)
 .debug_info    0x0000000000013576      0xb0d /usr/lib/gcc/arm-none-eabi/9.2.1/../../../arm-none-eabi/lib/libc_nano.a(lib_a-reent.o)
 .debug_info    0x0000000000014083      0xe6c /usr/lib/gcc/arm-none-eabi/9.2.1/../../../arm-none-eabi/lib/libc_nano.a(lib_a-stdio.o)
 .debug_info    0x0000000000014eef      0xa2d /usr/lib/gcc/arm-none-eabi/9.2.1/../../../arm-none-eabi/lib/libc_nano.a(lib_a-writer.o)
 .debug_info    0x000000000001591c      0x9d8 /usr/lib/gcc/arm-none-eabi/9.2.1/../../../arm-none-eabi/lib/libc_nano.a(lib_a-closer.o)
 .debug_info    0x00000000000162f4      0xc24 /usr/lib/gcc/arm-none-eabi/9.2.1/../../../arm-none-eabi/lib/libc_nano.a(lib_a-fstatr.o)
 .debug_info    0x0000000000016f18      0xee3 /usr/lib/gcc/arm-none-eabi/9.2.1/../../../arm-none-eabi/lib/libc_nano.a(lib_a-fvwrite.o)
 .debug_info    0x0000000000017dfb      0x9d8 /usr/lib/gcc/arm-none-eabi/9.2.1/../../../arm-none-eabi/lib/libc_nano.a(lib_a-isattyr.o)
 .debug_info    0x00000000000187d3      0xa0e /usr/lib/gcc/arm-none-eabi/9.2.1/../../../arm-none-eabi/lib/libc_nano.a(lib_a-lseekr.o)
 .debug_info    0x00000000000191e1      0x9e3 /usr/lib/gcc/arm-none-eabi/9.2.1/../../../arm-none-eabi/lib/libc_nano.a(lib_a-memchr-stub.o)
 .debug_info    0x0000000000019bc4      0xf35 /usr/lib/gcc/arm-none-eabi/9.2.1/../../../arm-none-eabi/lib/libc_nano.a(lib_a-memcpy-stub.o)
 .debug_info    0x000000000001aaf9      0xf2b /usr/lib/gcc/arm-none-eabi/9.2.1/../../../arm-none-eabi/lib/libc_nano.a(lib_a-memmove.o)
 .debug_info    0x000000000001ba24      0xb76 /usr/lib/gcc/arm-none-eabi/9.2.1/../../../arm-none-eabi/lib/libc_nano.a(lib_a-nano-reallocr.o)
 .debug_info    0x000000000001c59a      0xa26 /usr/lib/gcc/arm-none-eabi/9.2.1/../../../arm-none-eabi/lib/libc_nano.a(lib_a-readr.o)
 .debug_info    0x000000000001cfc0      0xaa6 /usr/lib/gcc/arm-none-eabi/9.2.1/../../../arm-none-eabi/lib/libc_nano.a(lib_a-nano-msizer.o)
 .debug_info    0x000000000001da66       0x26 /usr/lib/gcc/arm-none-eabi/9.2.1/libgcc.a(_udivsi3.o)
 .debug_info    0x000000000001da8c       0xa3 /usr/lib/gcc/arm-none-eabi/9.2.1/../../../arm-none-eabi/lib/libnosys.a(_exit.o)

.debug_abbrev   0x0000000000000000     0x5926
 .debug_abbrev  0x0000000000000000       0x14 /usr/lib/gcc/arm-none-eabi/9.2.1/../../../arm-none-eabi/lib/crt0.o
 .debug_abbrev  0x0000000000000014       0x14 /usr/lib/gcc/arm-none-eabi/9.2.1/libgcc.a(_arm_muldf3.o)
 .debug_abbrev  0x0000000000000028       0x14 /usr/lib/gcc/arm-none-eabi/9.2.1/libgcc.a(_divsi3.o)
 .debug_abbrev  0x000000000000003c       0x14 /usr/lib/gcc/arm-none-eabi/9.2.1/libgcc.a(_dvmd_tls.o)
 .debug_abbrev  0x0000000000000050       0x14 /usr/lib/gcc/arm-none-eabi/9.2.1/libgcc.a(_arm_addsubdf3.o)
 .debug_abbrev  0x0000000000000064       0x14 /usr/lib/gcc/arm-none-eabi/9.2.1/libgcc.a(_arm_muldivdf3.o)
 .debug_abbrev  0x0000000000000078       0x14 /usr/lib/gcc/arm-none-eabi/9.2.1/libgcc.a(_arm_truncdfsf2.o)
 .debug_abbrev  0x000000000000008c       0x14 /usr/lib/gcc/arm-none-eabi/9.2.1/libgcc.a(_arm_addsubsf3.o)
 .debug_abbrev  0x00000000000000a0       0x14 /usr/lib/gcc/arm-none-eabi/9.2.1/libgcc.a(_arm_muldivsf3.o)
 .debug_abbrev  0x00000000000000b4       0x14 /usr/lib/gcc/arm-none-eabi/9.2.1/libgcc.a(_arm_fixsfsi.o)
 .debug_abbrev  0x00000000000000c8      0x1f1 /usr/lib/gcc/arm-none-eabi/9.2.1/../../../arm-none-eabi/lib/libc_nano.a(lib_a-atexit.o)
 .debug_abbrev  0x00000000000002b9      0x1f6 /usr/lib/gcc/arm-none-eabi/9.2.1/../../../arm-none-eabi/lib/libc_nano.a(lib_a-exit.o)
 .debug_abbrev  0x00000000000004af       0xcc /usr/lib/gcc/arm-none-eabi/9.2.1/../../../arm-none-eabi/lib/libc_nano.a(lib_a-fini.o)
 .debug_abbrev  0x000000000000057b      0x17a /usr/lib/gcc/arm-none-eabi/9.2.1/../../../arm-none-eabi/lib/libc_nano.a(lib_a-impure.o)
 .debug_abbrev  0x00000000000006f5       0xcc /usr/lib/gcc/arm-none-eabi/9.2.1/../../../arm-none-eabi/lib/libc_nano.a(lib_a-init.o)
 .debug_abbrev  0x00000000000007c1      0x1ef /usr/lib/gcc/arm-none-eabi/9.2.1/../../../arm-none-eabi/lib/libc_nano.a(lib_a-malloc.o)
 .debug_abbrev  0x00000000000009b0      0x1d9 /usr/lib/gcc/arm-none-eabi/9.2.1/../../../arm-none-eabi/lib/libc_nano.a(lib_a-memset.o)
 .debug_abbrev  0x0000000000000b89      0x273 /usr/lib/gcc/arm-none-eabi/9.2.1/../../../arm-none-eabi/lib/libc_nano.a(lib_a-nano-freer.o)
 .debug_abbrev  0x0000000000000dfc      0x2d1 /usr/lib/gcc/arm-none-eabi/9.2.1/../../../arm-none-eabi/lib/libc_nano.a(lib_a-nano-mallocr.o)
 .debug_abbrev  0x00000000000010cd      0x29f /usr/lib/gcc/arm-none-eabi/9.2.1/../../../arm-none-eabi/lib/libc_nano.a(lib_a-printf.o)
 .debug_abbrev  0x000000000000136c      0x255 /usr/lib/gcc/arm-none-eabi/9.2.1/../../../arm-none-eabi/lib/libc_nano.a(lib_a-putchar.o)
 .debug_abbrev  0x00000000000015c1      0x2eb /usr/lib/gcc/arm-none-eabi/9.2.1/../../../arm-none-eabi/lib/libc_nano.a(lib_a-puts.o)
 .debug_abbrev  0x00000000000018ac      0x212 /usr/lib/gcc/arm-none-eabi/9.2.1/../../../arm-none-eabi/lib/libc_nano.a(lib_a-sbrkr.o)
 .debug_abbrev  0x0000000000001abe       0x14 /usr/lib/gcc/arm-none-eabi/9.2.1/../../../arm-none-eabi/lib/libc_nano.a(lib_a-strcmp.o)
 .debug_abbrev  0x0000000000001ad2      0x1a5 /usr/lib/gcc/arm-none-eabi/9.2.1/../../../arm-none-eabi/lib/libc_nano.a(lib_a-strcpy.o)
 .debug_abbrev  0x0000000000001c77      0x285 /usr/lib/gcc/arm-none-eabi/9.2.1/../../../arm-none-eabi/lib/libc_nano.a(lib_a-wbuf.o)
 .debug_abbrev  0x0000000000001efc      0x23a /usr/lib/gcc/arm-none-eabi/9.2.1/../../../arm-none-eabi/lib/libc_nano.a(lib_a-wsetup.o)
 .debug_abbrev  0x0000000000002136      0x261 /usr/lib/gcc/arm-none-eabi/9.2.1/../../../arm-none-eabi/lib/libc_nano.a(lib_a-__atexit.o)
 .debug_abbrev  0x0000000000002397      0x237 /usr/lib/gcc/arm-none-eabi/9.2.1/../../../arm-none-eabi/lib/libc_nano.a(lib_a-__call_atexit.o)
 .debug_abbrev  0x00000000000025ce      0x2ef /usr/lib/gcc/arm-none-eabi/9.2.1/../../../arm-none-eabi/lib/libc_nano.a(lib_a-fflush.o)
 .debug_abbrev  0x00000000000028bd      0x3d9 /usr/lib/gcc/arm-none-eabi/9.2.1/../../../arm-none-eabi/lib/libc_nano.a(lib_a-findfp.o)
 .debug_abbrev  0x0000000000002c96      0x210 /usr/lib/gcc/arm-none-eabi/9.2.1/../../../arm-none-eabi/lib/libc_nano.a(lib_a-fwalk.o)
 .debug_abbrev  0x0000000000002ea6      0x2f6 /usr/lib/gcc/arm-none-eabi/9.2.1/../../../arm-none-eabi/lib/libc_nano.a(lib_a-makebuf.o)
 .debug_abbrev  0x000000000000319c      0x1c5 /usr/lib/gcc/arm-none-eabi/9.2.1/../../../arm-none-eabi/lib/libc_nano.a(lib_a-mlock.o)
 .debug_abbrev  0x0000000000003361      0x329 /usr/lib/gcc/arm-none-eabi/9.2.1/../../../arm-none-eabi/lib/libc_nano.a(lib_a-nano-vfprintf.o)
 .debug_abbrev  0x000000000000368a      0x30b /usr/lib/gcc/arm-none-eabi/9.2.1/../../../arm-none-eabi/lib/libc_nano.a(lib_a-nano-vfprintf_i.o)
 .debug_abbrev  0x0000000000003995      0x2a4 /usr/lib/gcc/arm-none-eabi/9.2.1/../../../arm-none-eabi/lib/libc_nano.a(lib_a-putc.o)
 .debug_abbrev  0x0000000000003c39      0x268 /usr/lib/gcc/arm-none-eabi/9.2.1/../../../arm-none-eabi/lib/libc_nano.a(lib_a-reent.o)
 .debug_abbrev  0x0000000000003ea1      0x24f /usr/lib/gcc/arm-none-eabi/9.2.1/../../../arm-none-eabi/lib/libc_nano.a(lib_a-stdio.o)
 .debug_abbrev  0x00000000000040f0      0x1ec /usr/lib/gcc/arm-none-eabi/9.2.1/../../../arm-none-eabi/lib/libc_nano.a(lib_a-writer.o)
 .debug_abbrev  0x00000000000042dc      0x1e7 /usr/lib/gcc/arm-none-eabi/9.2.1/../../../arm-none-eabi/lib/libc_nano.a(lib_a-closer.o)
 .debug_abbrev  0x00000000000044c3      0x1fb /usr/lib/gcc/arm-none-eabi/9.2.1/../../../arm-none-eabi/lib/libc_nano.a(lib_a-fstatr.o)
 .debug_abbrev  0x00000000000046be      0x27b /usr/lib/gcc/arm-none-eabi/9.2.1/../../../arm-none-eabi/lib/libc_nano.a(lib_a-fvwrite.o)
 .debug_abbrev  0x0000000000004939      0x1e7 /usr/lib/gcc/arm-none-eabi/9.2.1/../../../arm-none-eabi/lib/libc_nano.a(lib_a-isattyr.o)
 .debug_abbrev  0x0000000000004b20      0x1fb /usr/lib/gcc/arm-none-eabi/9.2.1/../../../arm-none-eabi/lib/libc_nano.a(lib_a-lseekr.o)
 .debug_abbrev  0x0000000000004d1b      0x1d7 /usr/lib/gcc/arm-none-eabi/9.2.1/../../../arm-none-eabi/lib/libc_nano.a(lib_a-memchr-stub.o)
 .debug_abbrev  0x0000000000004ef2      0x1e5 /usr/lib/gcc/arm-none-eabi/9.2.1/../../../arm-none-eabi/lib/libc_nano.a(lib_a-memcpy-stub.o)
 .debug_abbrev  0x00000000000050d7      0x1de /usr/lib/gcc/arm-none-eabi/9.2.1/../../../arm-none-eabi/lib/libc_nano.a(lib_a-memmove.o)
 .debug_abbrev  0x00000000000052b5      0x227 /usr/lib/gcc/arm-none-eabi/9.2.1/../../../arm-none-eabi/lib/libc_nano.a(lib_a-nano-reallocr.o)
 .debug_abbrev  0x00000000000054dc      0x1e7 /usr/lib/gcc/arm-none-eabi/9.2.1/../../../arm-none-eabi/lib/libc_nano.a(lib_a-readr.o)
 .debug_abbrev  0x00000000000056c3      0x1e5 /usr/lib/gcc/arm-none-eabi/9.2.1/../../../arm-none-eabi/lib/libc_nano.a(lib_a-nano-msizer.o)
 .debug_abbrev  0x00000000000058a8       0x14 /usr/lib/gcc/arm-none-eabi/9.2.1/libgcc.a(_udivsi3.o)
 .debug_abbrev  0x00000000000058bc       0x6a /usr/lib/gcc/arm-none-eabi/9.2.1/../../../arm-none-eabi/lib/libnosys.a(_exit.o)

.debug_aranges  0x0000000000000000      0x698
 .debug_aranges
                0x0000000000000000       0x20 /usr/lib/gcc/arm-none-eabi/9.2.1/../../../arm-none-eabi/lib/crt0.o
 .debug_aranges
                0x0000000000000020       0x20 /usr/lib/gcc/arm-none-eabi/9.2.1/libgcc.a(_arm_muldf3.o)
 .debug_aranges
                0x0000000000000040       0x20 /usr/lib/gcc/arm-none-eabi/9.2.1/libgcc.a(_divsi3.o)
 .debug_aranges
                0x0000000000000060       0x20 /usr/lib/gcc/arm-none-eabi/9.2.1/libgcc.a(_dvmd_tls.o)
 .debug_aranges
                0x0000000000000080       0x20 /usr/lib/gcc/arm-none-eabi/9.2.1/libgcc.a(_arm_addsubdf3.o)
 .debug_aranges
                0x00000000000000a0       0x20 /usr/lib/gcc/arm-none-eabi/9.2.1/libgcc.a(_arm_muldivdf3.o)
 .debug_aranges
                0x00000000000000c0       0x20 /usr/lib/gcc/arm-none-eabi/9.2.1/libgcc.a(_arm_truncdfsf2.o)
 .debug_aranges
                0x00000000000000e0       0x20 /usr/lib/gcc/arm-none-eabi/9.2.1/libgcc.a(_arm_addsubsf3.o)
 .debug_aranges
                0x0000000000000100       0x20 /usr/lib/gcc/arm-none-eabi/9.2.1/libgcc.a(_arm_muldivsf3.o)
 .debug_aranges
                0x0000000000000120       0x20 /usr/lib/gcc/arm-none-eabi/9.2.1/libgcc.a(_arm_fixsfsi.o)
 .debug_aranges
                0x0000000000000140       0x20 /usr/lib/gcc/arm-none-eabi/9.2.1/../../../arm-none-eabi/lib/libc_nano.a(lib_a-atexit.o)
 .debug_aranges
                0x0000000000000160       0x20 /usr/lib/gcc/arm-none-eabi/9.2.1/../../../arm-none-eabi/lib/libc_nano.a(lib_a-exit.o)
 .debug_aranges
                0x0000000000000180       0x20 /usr/lib/gcc/arm-none-eabi/9.2.1/../../../arm-none-eabi/lib/libc_nano.a(lib_a-fini.o)
 .debug_aranges
                0x00000000000001a0       0x18 /usr/lib/gcc/arm-none-eabi/9.2.1/../../../arm-none-eabi/lib/libc_nano.a(lib_a-impure.o)
 .debug_aranges
                0x00000000000001b8       0x20 /usr/lib/gcc/arm-none-eabi/9.2.1/../../../arm-none-eabi/lib/libc_nano.a(lib_a-init.o)
 .debug_aranges
                0x00000000000001d8       0x20 /usr/lib/gcc/arm-none-eabi/9.2.1/../../../arm-none-eabi/lib/libc_nano.a(lib_a-malloc.o)
 .debug_aranges
                0x00000000000001f8       0x20 /usr/lib/gcc/arm-none-eabi/9.2.1/../../../arm-none-eabi/lib/libc_nano.a(lib_a-memset.o)
 .debug_aranges
                0x0000000000000218       0x20 /usr/lib/gcc/arm-none-eabi/9.2.1/../../../arm-none-eabi/lib/libc_nano.a(lib_a-nano-freer.o)
 .debug_aranges
                0x0000000000000238       0x20 /usr/lib/gcc/arm-none-eabi/9.2.1/../../../arm-none-eabi/lib/libc_nano.a(lib_a-nano-mallocr.o)
 .debug_aranges
                0x0000000000000258       0x20 /usr/lib/gcc/arm-none-eabi/9.2.1/../../../arm-none-eabi/lib/libc_nano.a(lib_a-printf.o)
 .debug_aranges
                0x0000000000000278       0x20 /usr/lib/gcc/arm-none-eabi/9.2.1/../../../arm-none-eabi/lib/libc_nano.a(lib_a-putchar.o)
 .debug_aranges
                0x0000000000000298       0x20 /usr/lib/gcc/arm-none-eabi/9.2.1/../../../arm-none-eabi/lib/libc_nano.a(lib_a-puts.o)
 .debug_aranges
                0x00000000000002b8       0x20 /usr/lib/gcc/arm-none-eabi/9.2.1/../../../arm-none-eabi/lib/libc_nano.a(lib_a-sbrkr.o)
 .debug_aranges
                0x00000000000002d8       0x20 /usr/lib/gcc/arm-none-eabi/9.2.1/../../../arm-none-eabi/lib/libc_nano.a(lib_a-strcmp.o)
 .debug_aranges
                0x00000000000002f8       0x20 /usr/lib/gcc/arm-none-eabi/9.2.1/../../../arm-none-eabi/lib/libc_nano.a(lib_a-strcpy.o)
 .debug_aranges
                0x0000000000000318       0x20 /usr/lib/gcc/arm-none-eabi/9.2.1/../../../arm-none-eabi/lib/libc_nano.a(lib_a-wbuf.o)
 .debug_aranges
                0x0000000000000338       0x20 /usr/lib/gcc/arm-none-eabi/9.2.1/../../../arm-none-eabi/lib/libc_nano.a(lib_a-wsetup.o)
 .debug_aranges
                0x0000000000000358       0x20 /usr/lib/gcc/arm-none-eabi/9.2.1/../../../arm-none-eabi/lib/libc_nano.a(lib_a-__atexit.o)
 .debug_aranges
                0x0000000000000378       0x20 /usr/lib/gcc/arm-none-eabi/9.2.1/../../../arm-none-eabi/lib/libc_nano.a(lib_a-__call_atexit.o)
 .debug_aranges
                0x0000000000000398       0x20 /usr/lib/gcc/arm-none-eabi/9.2.1/../../../arm-none-eabi/lib/libc_nano.a(lib_a-fflush.o)
 .debug_aranges
                0x00000000000003b8       0x20 /usr/lib/gcc/arm-none-eabi/9.2.1/../../../arm-none-eabi/lib/libc_nano.a(lib_a-findfp.o)
 .debug_aranges
                0x00000000000003d8       0x20 /usr/lib/gcc/arm-none-eabi/9.2.1/../../../arm-none-eabi/lib/libc_nano.a(lib_a-fwalk.o)
 .debug_aranges
                0x00000000000003f8       0x20 /usr/lib/gcc/arm-none-eabi/9.2.1/../../../arm-none-eabi/lib/libc_nano.a(lib_a-makebuf.o)
 .debug_aranges
                0x0000000000000418       0x20 /usr/lib/gcc/arm-none-eabi/9.2.1/../../../arm-none-eabi/lib/libc_nano.a(lib_a-mlock.o)
 .debug_aranges
                0x0000000000000438       0x20 /usr/lib/gcc/arm-none-eabi/9.2.1/../../../arm-none-eabi/lib/libc_nano.a(lib_a-nano-vfprintf.o)
 .debug_aranges
                0x0000000000000458       0x20 /usr/lib/gcc/arm-none-eabi/9.2.1/../../../arm-none-eabi/lib/libc_nano.a(lib_a-nano-vfprintf_i.o)
 .debug_aranges
                0x0000000000000478       0x20 /usr/lib/gcc/arm-none-eabi/9.2.1/../../../arm-none-eabi/lib/libc_nano.a(lib_a-putc.o)
 .debug_aranges
                0x0000000000000498       0x20 /usr/lib/gcc/arm-none-eabi/9.2.1/../../../arm-none-eabi/lib/libc_nano.a(lib_a-reent.o)
 .debug_aranges
                0x00000000000004b8       0x20 /usr/lib/gcc/arm-none-eabi/9.2.1/../../../arm-none-eabi/lib/libc_nano.a(lib_a-stdio.o)
 .debug_aranges
                0x00000000000004d8       0x20 /usr/lib/gcc/arm-none-eabi/9.2.1/../../../arm-none-eabi/lib/libc_nano.a(lib_a-writer.o)
 .debug_aranges
                0x00000000000004f8       0x20 /usr/lib/gcc/arm-none-eabi/9.2.1/../../../arm-none-eabi/lib/libc_nano.a(lib_a-closer.o)
 .debug_aranges
                0x0000000000000518       0x20 /usr/lib/gcc/arm-none-eabi/9.2.1/../../../arm-none-eabi/lib/libc_nano.a(lib_a-fstatr.o)
 .debug_aranges
                0x0000000000000538       0x20 /usr/lib/gcc/arm-none-eabi/9.2.1/../../../arm-none-eabi/lib/libc_nano.a(lib_a-fvwrite.o)
 .debug_aranges
                0x0000000000000558       0x20 /usr/lib/gcc/arm-none-eabi/9.2.1/../../../arm-none-eabi/lib/libc_nano.a(lib_a-isattyr.o)
 .debug_aranges
                0x0000000000000578       0x20 /usr/lib/gcc/arm-none-eabi/9.2.1/../../../arm-none-eabi/lib/libc_nano.a(lib_a-lseekr.o)
 .debug_aranges
                0x0000000000000598       0x20 /usr/lib/gcc/arm-none-eabi/9.2.1/../../../arm-none-eabi/lib/libc_nano.a(lib_a-memchr-stub.o)
 .debug_aranges
                0x00000000000005b8       0x20 /usr/lib/gcc/arm-none-eabi/9.2.1/../../../arm-none-eabi/lib/libc_nano.a(lib_a-memcpy-stub.o)
 .debug_aranges
                0x00000000000005d8       0x20 /usr/lib/gcc/arm-none-eabi/9.2.1/../../../arm-none-eabi/lib/libc_nano.a(lib_a-memmove.o)
 .debug_aranges
                0x00000000000005f8       0x20 /usr/lib/gcc/arm-none-eabi/9.2.1/../../../arm-none-eabi/lib/libc_nano.a(lib_a-nano-reallocr.o)
 .debug_aranges
                0x0000000000000618       0x20 /usr/lib/gcc/arm-none-eabi/9.2.1/../../../arm-none-eabi/lib/libc_nano.a(lib_a-readr.o)
 .debug_aranges
                0x0000000000000638       0x20 /usr/lib/gcc/arm-none-eabi/9.2.1/../../../arm-none-eabi/lib/libc_nano.a(lib_a-nano-msizer.o)
 .debug_aranges
                0x0000000000000658       0x20 /usr/lib/gcc/arm-none-eabi/9.2.1/libgcc.a(_udivsi3.o)
 .debug_aranges
                0x0000000000000678       0x20 /usr/lib/gcc/arm-none-eabi/9.2.1/../../../arm-none-eabi/lib/libnosys.a(_exit.o)

.debug_str      0x0000000000000000     0x1c0e
 .debug_str     0x0000000000000000       0x7b /usr/lib/gcc/arm-none-eabi/9.2.1/../../../arm-none-eabi/lib/crt0.o
 .debug_str     0x000000000000007b       0x7f /usr/lib/gcc/arm-none-eabi/9.2.1/libgcc.a(_arm_muldf3.o)
                                         0x8b (size before relaxing)
 .debug_str     0x00000000000000fa       0x27 /usr/lib/gcc/arm-none-eabi/9.2.1/libgcc.a(_divsi3.o)
                                         0x8a (size before relaxing)
 .debug_str     0x0000000000000121       0x8a /usr/lib/gcc/arm-none-eabi/9.2.1/libgcc.a(_dvmd_tls.o)
 .debug_str     0x0000000000000121       0x8b /usr/lib/gcc/arm-none-eabi/9.2.1/libgcc.a(_arm_addsubdf3.o)
 .debug_str     0x0000000000000121       0x8b /usr/lib/gcc/arm-none-eabi/9.2.1/libgcc.a(_arm_muldivdf3.o)
 .debug_str     0x0000000000000121       0x8b /usr/lib/gcc/arm-none-eabi/9.2.1/libgcc.a(_arm_truncdfsf2.o)
 .debug_str     0x0000000000000121       0x28 /usr/lib/gcc/arm-none-eabi/9.2.1/libgcc.a(_arm_addsubsf3.o)
                                         0x8b (size before relaxing)
 .debug_str     0x0000000000000149       0x8b /usr/lib/gcc/arm-none-eabi/9.2.1/libgcc.a(_arm_muldivsf3.o)
 .debug_str     0x0000000000000149       0x8b /usr/lib/gcc/arm-none-eabi/9.2.1/libgcc.a(_arm_fixsfsi.o)
 .debug_str     0x0000000000000149      0x530 /usr/lib/gcc/arm-none-eabi/9.2.1/../../../arm-none-eabi/lib/libc_nano.a(lib_a-atexit.o)
                                        0x607 (size before relaxing)
 .debug_str     0x0000000000000679       0x6b /usr/lib/gcc/arm-none-eabi/9.2.1/../../../arm-none-eabi/lib/libc_nano.a(lib_a-exit.o)
                                        0x608 (size before relaxing)
 .debug_str     0x00000000000006e4       0xaf /usr/lib/gcc/arm-none-eabi/9.2.1/../../../arm-none-eabi/lib/libc_nano.a(lib_a-fini.o)
                                        0x1d9 (size before relaxing)
 .debug_str     0x0000000000000793       0x83 /usr/lib/gcc/arm-none-eabi/9.2.1/../../../arm-none-eabi/lib/libc_nano.a(lib_a-impure.o)
                                        0x5bc (size before relaxing)
 .debug_str     0x0000000000000816       0x87 /usr/lib/gcc/arm-none-eabi/9.2.1/../../../arm-none-eabi/lib/libc_nano.a(lib_a-init.o)
                                        0x203 (size before relaxing)
 .debug_str     0x000000000000089d       0x50 /usr/lib/gcc/arm-none-eabi/9.2.1/../../../arm-none-eabi/lib/libc_nano.a(lib_a-malloc.o)
                                        0x5ed (size before relaxing)
 .debug_str     0x00000000000008ed      0x2ff /usr/lib/gcc/arm-none-eabi/9.2.1/../../../arm-none-eabi/lib/libc_nano.a(lib_a-memset.o)
                                        0x8e9 (size before relaxing)
 .debug_str     0x0000000000000bec      0x12e /usr/lib/gcc/arm-none-eabi/9.2.1/../../../arm-none-eabi/lib/libc_nano.a(lib_a-nano-freer.o)
                                        0x6ec (size before relaxing)
 .debug_str     0x0000000000000d1a       0x32 /usr/lib/gcc/arm-none-eabi/9.2.1/../../../arm-none-eabi/lib/libc_nano.a(lib_a-nano-mallocr.o)
                                        0x703 (size before relaxing)
 .debug_str     0x0000000000000d4c      0x1ad /usr/lib/gcc/arm-none-eabi/9.2.1/../../../arm-none-eabi/lib/libc_nano.a(lib_a-printf.o)
                                        0x736 (size before relaxing)
 .debug_str     0x0000000000000ef9       0x46 /usr/lib/gcc/arm-none-eabi/9.2.1/../../../arm-none-eabi/lib/libc_nano.a(lib_a-putchar.o)
                                        0x715 (size before relaxing)
 .debug_str     0x0000000000000f3f       0x65 /usr/lib/gcc/arm-none-eabi/9.2.1/../../../arm-none-eabi/lib/libc_nano.a(lib_a-puts.o)
                                        0x73f (size before relaxing)
 .debug_str     0x0000000000000fa4       0x3e /usr/lib/gcc/arm-none-eabi/9.2.1/../../../arm-none-eabi/lib/libc_nano.a(lib_a-sbrkr.o)
                                        0x5ff (size before relaxing)
 .debug_str     0x0000000000000fe2       0x8c /usr/lib/gcc/arm-none-eabi/9.2.1/../../../arm-none-eabi/lib/libc_nano.a(lib_a-strcmp.o)
                                         0x98 (size before relaxing)
 .debug_str     0x000000000000106e       0x3a /usr/lib/gcc/arm-none-eabi/9.2.1/../../../arm-none-eabi/lib/libc_nano.a(lib_a-strcpy.o)
                                        0x5c6 (size before relaxing)
 .debug_str     0x00000000000010a8       0x3a /usr/lib/gcc/arm-none-eabi/9.2.1/../../../arm-none-eabi/lib/libc_nano.a(lib_a-wbuf.o)
                                        0x745 (size before relaxing)
 .debug_str     0x00000000000010e2       0x37 /usr/lib/gcc/arm-none-eabi/9.2.1/../../../arm-none-eabi/lib/libc_nano.a(lib_a-wsetup.o)
                                        0x740 (size before relaxing)
 .debug_str     0x0000000000001119       0x79 /usr/lib/gcc/arm-none-eabi/9.2.1/../../../arm-none-eabi/lib/libc_nano.a(lib_a-__atexit.o)
                                        0x65a (size before relaxing)
 .debug_str     0x0000000000001192       0x40 /usr/lib/gcc/arm-none-eabi/9.2.1/../../../arm-none-eabi/lib/libc_nano.a(lib_a-__call_atexit.o)
                                        0x605 (size before relaxing)
 .debug_str     0x00000000000011d2       0x5a /usr/lib/gcc/arm-none-eabi/9.2.1/../../../arm-none-eabi/lib/libc_nano.a(lib_a-fflush.o)
                                        0x76e (size before relaxing)
 .debug_str     0x000000000000122c      0x162 /usr/lib/gcc/arm-none-eabi/9.2.1/../../../arm-none-eabi/lib/libc_nano.a(lib_a-findfp.o)
                                        0x87e (size before relaxing)
 .debug_str     0x000000000000138e       0x38 /usr/lib/gcc/arm-none-eabi/9.2.1/../../../arm-none-eabi/lib/libc_nano.a(lib_a-fwalk.o)
                                        0x732 (size before relaxing)
 .debug_str     0x00000000000013c6      0x163 /usr/lib/gcc/arm-none-eabi/9.2.1/../../../arm-none-eabi/lib/libc_nano.a(lib_a-makebuf.o)
                                        0x8b3 (size before relaxing)
 .debug_str     0x0000000000001529       0x43 /usr/lib/gcc/arm-none-eabi/9.2.1/../../../arm-none-eabi/lib/libc_nano.a(lib_a-mlock.o)
                                        0x5e8 (size before relaxing)
 .debug_str     0x000000000000156c      0x185 /usr/lib/gcc/arm-none-eabi/9.2.1/../../../arm-none-eabi/lib/libc_nano.a(lib_a-nano-vfprintf.o)
                                        0xc08 (size before relaxing)
 .debug_str     0x00000000000016f1       0x8b /usr/lib/gcc/arm-none-eabi/9.2.1/../../../arm-none-eabi/lib/libc_nano.a(lib_a-nano-vfprintf_i.o)
                                        0xb86 (size before relaxing)
 .debug_str     0x000000000000177c       0x2d /usr/lib/gcc/arm-none-eabi/9.2.1/../../../arm-none-eabi/lib/libc_nano.a(lib_a-putc.o)
                                        0x739 (size before relaxing)
 .debug_str     0x00000000000017a9       0x55 /usr/lib/gcc/arm-none-eabi/9.2.1/../../../arm-none-eabi/lib/libc_nano.a(lib_a-reent.o)
                                        0x5f8 (size before relaxing)
 .debug_str     0x00000000000017fe       0x89 /usr/lib/gcc/arm-none-eabi/9.2.1/../../../arm-none-eabi/lib/libc_nano.a(lib_a-stdio.o)
                                        0x786 (size before relaxing)
 .debug_str     0x0000000000001887       0x2a /usr/lib/gcc/arm-none-eabi/9.2.1/../../../arm-none-eabi/lib/libc_nano.a(lib_a-writer.o)
                                        0x5fc (size before relaxing)
 .debug_str     0x00000000000018b1       0x2a /usr/lib/gcc/arm-none-eabi/9.2.1/../../../arm-none-eabi/lib/libc_nano.a(lib_a-closer.o)
                                        0x5ec (size before relaxing)
 .debug_str     0x00000000000018db       0x37 /usr/lib/gcc/arm-none-eabi/9.2.1/../../../arm-none-eabi/lib/libc_nano.a(lib_a-fstatr.o)
                                        0x75a (size before relaxing)
 .debug_str     0x0000000000001912       0x63 /usr/lib/gcc/arm-none-eabi/9.2.1/../../../arm-none-eabi/lib/libc_nano.a(lib_a-fvwrite.o)
                                        0x7bf (size before relaxing)
 .debug_str     0x0000000000001975       0x33 /usr/lib/gcc/arm-none-eabi/9.2.1/../../../arm-none-eabi/lib/libc_nano.a(lib_a-isattyr.o)
                                        0x5f6 (size before relaxing)
 .debug_str     0x00000000000019a8       0x31 /usr/lib/gcc/arm-none-eabi/9.2.1/../../../arm-none-eabi/lib/libc_nano.a(lib_a-lseekr.o)
                                        0x5fa (size before relaxing)
 .debug_str     0x00000000000019d9       0x52 /usr/lib/gcc/arm-none-eabi/9.2.1/../../../arm-none-eabi/lib/libc_nano.a(lib_a-memchr-stub.o)
                                        0x5ec (size before relaxing)
 .debug_str     0x0000000000001a2b       0x5f /usr/lib/gcc/arm-none-eabi/9.2.1/../../../arm-none-eabi/lib/libc_nano.a(lib_a-memcpy-stub.o)
                                        0x90e (size before relaxing)
 .debug_str     0x0000000000001a8a       0x35 /usr/lib/gcc/arm-none-eabi/9.2.1/../../../arm-none-eabi/lib/libc_nano.a(lib_a-memmove.o)
                                        0x908 (size before relaxing)
 .debug_str     0x0000000000001abf       0x23 /usr/lib/gcc/arm-none-eabi/9.2.1/../../../arm-none-eabi/lib/libc_nano.a(lib_a-nano-reallocr.o)
                                        0x6e9 (size before relaxing)
 .debug_str     0x0000000000001ae2       0x29 /usr/lib/gcc/arm-none-eabi/9.2.1/../../../arm-none-eabi/lib/libc_nano.a(lib_a-readr.o)
                                        0x5fa (size before relaxing)
 .debug_str     0x0000000000001b0b        0xf /usr/lib/gcc/arm-none-eabi/9.2.1/../../../arm-none-eabi/lib/libc_nano.a(lib_a-nano-msizer.o)
                                        0x6c7 (size before relaxing)
 .debug_str     0x0000000000001b1a       0x8a /usr/lib/gcc/arm-none-eabi/9.2.1/libgcc.a(_udivsi3.o)
 .debug_str     0x0000000000001b1a       0xf4 /usr/lib/gcc/arm-none-eabi/9.2.1/../../../arm-none-eabi/lib/libnosys.a(_exit.o)
                                        0x18a (size before relaxing)

.debug_frame    0x0000000000000000     0x1010
 .debug_frame   0x0000000000000000       0x30 /usr/lib/gcc/arm-none-eabi/9.2.1/libgcc.a(_arm_muldf3.o)
 .debug_frame   0x0000000000000030       0x20 /usr/lib/gcc/arm-none-eabi/9.2.1/libgcc.a(_divsi3.o)
 .debug_frame   0x0000000000000050       0xac /usr/lib/gcc/arm-none-eabi/9.2.1/libgcc.a(_arm_addsubdf3.o)
 .debug_frame   0x00000000000000fc       0x50 /usr/lib/gcc/arm-none-eabi/9.2.1/libgcc.a(_arm_muldivdf3.o)
 .debug_frame   0x000000000000014c       0x24 /usr/lib/gcc/arm-none-eabi/9.2.1/libgcc.a(_arm_truncdfsf2.o)
 .debug_frame   0x0000000000000170       0x4c /usr/lib/gcc/arm-none-eabi/9.2.1/libgcc.a(_arm_addsubsf3.o)
 .debug_frame   0x00000000000001bc       0x38 /usr/lib/gcc/arm-none-eabi/9.2.1/libgcc.a(_arm_muldivsf3.o)
 .debug_frame   0x00000000000001f4       0x24 /usr/lib/gcc/arm-none-eabi/9.2.1/libgcc.a(_arm_fixsfsi.o)
 .debug_frame   0x0000000000000218       0x2c /usr/lib/gcc/arm-none-eabi/9.2.1/../../../arm-none-eabi/lib/libc_nano.a(lib_a-atexit.o)
 .debug_frame   0x0000000000000244       0x28 /usr/lib/gcc/arm-none-eabi/9.2.1/../../../arm-none-eabi/lib/libc_nano.a(lib_a-exit.o)
 .debug_frame   0x000000000000026c       0x34 /usr/lib/gcc/arm-none-eabi/9.2.1/../../../arm-none-eabi/lib/libc_nano.a(lib_a-fini.o)
 .debug_frame   0x00000000000002a0       0x34 /usr/lib/gcc/arm-none-eabi/9.2.1/../../../arm-none-eabi/lib/libc_nano.a(lib_a-init.o)