Archive member included to satisfy reference by file (symbol)

/usr/lib/gcc/arm-none-eabi/10.3.1/../../../arm-none-eabi/lib/libc_nano.a(lib_a-atexit.o)
                              /usr/lib/gcc/arm-none-eabi/10.3.1/../../../arm-none-eabi/lib/crt0.o (atexit)
/usr/lib/gcc/arm-none-eabi/10.3.1/../../../arm-none-eabi/lib/libc_nano.a(lib_a-exit.o)
                              /usr/lib/gcc/arm-none-eabi/10.3.1/../../../arm-none-eabi/lib/crt0.o (exit)
/usr/lib/gcc/arm-none-eabi/10.3.1/../../../arm-none-eabi/lib/libc_nano.a(lib_a-fini.o)
                              /usr/lib/gcc/arm-none-eabi/10.3.1/../../../arm-none-eabi/lib/crt0.o (__libc_fini_array)
/usr/lib/gcc/arm-none-eabi/10.3.1/../../../arm-none-eabi/lib/libc_nano.a(lib_a-impure.o)
                              /usr/lib/gcc/arm-none-eabi/10.3.1/../../../arm-none-eabi/lib/libc_nano.a(lib_a-exit.o) (_global_impure_ptr)
/usr/lib/gcc/arm-none-eabi/10.3.1/../../../arm-none-eabi/lib/libc_nano.a(lib_a-init.o)
                              /usr/lib/gcc/arm-none-eabi/10.3.1/../../../arm-none-eabi/lib/crt0.o (__libc_init_array)
/usr/lib/gcc/arm-none-eabi/10.3.1/../../../arm-none-eabi/lib/libc_nano.a(lib_a-memset.o)
                              /usr/lib/gcc/arm-none-eabi/10.3.1/../../../arm-none-eabi/lib/crt0.o (memset)
/usr/lib/gcc/arm-none-eabi/10.3.1/../../../arm-none-eabi/lib/libc_nano.a(lib_a-nano-vfprintf_float.o)
                              (_printf_float)
/usr/lib/gcc/arm-none-eabi/10.3.1/../../../arm-none-eabi/lib/libc_nano.a(lib_a-nano-vfprintf_i.o)
                              /usr/lib/gcc/arm-none-eabi/10.3.1/../../../arm-none-eabi/lib/libc_nano.a(lib_a-nano-vfprintf_float.o) (_printf_common)
/usr/lib/gcc/arm-none-eabi/10.3.1/../../../arm-none-eabi/lib/libc_nano.a(lib_a-printf.o)
                              hello.o (printf)
/usr/lib/gcc/arm-none-eabi/10.3.1/../../../arm-none-eabi/lib/libc_nano.a(lib_a-strlen-stub.o)
                              /usr/lib/gcc/arm-none-eabi/10.3.1/../../../arm-none-eabi/lib/libc_nano.a(lib_a-nano-vfprintf_float.o) (strlen)
/usr/lib/gcc/arm-none-eabi/10.3.1/../../../arm-none-eabi/lib/libc_nano.a(lib_a-__atexit.o)
                              /usr/lib/gcc/arm-none-eabi/10.3.1/../../../arm-none-eabi/lib/libc_nano.a(lib_a-atexit.o) (__register_exitproc)
/usr/lib/gcc/arm-none-eabi/10.3.1/../../../arm-none-eabi/lib/libc_nano.a(lib_a-__call_atexit.o)
                              /usr/lib/gcc/arm-none-eabi/10.3.1/../../../arm-none-eabi/lib/libc_nano.a(lib_a-__atexit.o) (__call_exitprocs)
/usr/lib/gcc/arm-none-eabi/10.3.1/../../../arm-none-eabi/lib/libc_nano.a(lib_a-dtoa.o)
                              /usr/lib/gcc/arm-none-eabi/10.3.1/../../../arm-none-eabi/lib/libc_nano.a(lib_a-nano-vfprintf_float.o) (_dtoa_r)
/usr/lib/gcc/arm-none-eabi/10.3.1/../../../arm-none-eabi/lib/libc_nano.a(lib_a-findfp.o)
                              /usr/lib/gcc/arm-none-eabi/10.3.1/../../../arm-none-eabi/lib/libc_nano.a(lib_a-printf.o) (__sinit)
/usr/lib/gcc/arm-none-eabi/10.3.1/../../../arm-none-eabi/lib/libc_nano.a(lib_a-fwalk.o)
                              /usr/lib/gcc/arm-none-eabi/10.3.1/../../../arm-none-eabi/lib/libc_nano.a(lib_a-findfp.o) (_fwalk)
/usr/lib/gcc/arm-none-eabi/10.3.1/../../../arm-none-eabi/lib/libc_nano.a(lib_a-localeconv.o)
                              /usr/lib/gcc/arm-none-eabi/10.3.1/../../../arm-none-eabi/lib/libc_nano.a(lib_a-nano-vfprintf_float.o) (_localeconv_r)
/usr/lib/gcc/arm-none-eabi/10.3.1/../../../arm-none-eabi/lib/libc_nano.a(lib_a-malloc.o)
                              /usr/lib/gcc/arm-none-eabi/10.3.1/../../../arm-none-eabi/lib/libc_nano.a(lib_a-dtoa.o) (malloc)
/usr/lib/gcc/arm-none-eabi/10.3.1/../../../arm-none-eabi/lib/libc_nano.a(lib_a-memchr-stub.o)
                              /usr/lib/gcc/arm-none-eabi/10.3.1/../../../arm-none-eabi/lib/libc_nano.a(lib_a-nano-vfprintf_i.o) (memchr)
/usr/lib/gcc/arm-none-eabi/10.3.1/../../../arm-none-eabi/lib/libc_nano.a(lib_a-memcpy-stub.o)
                              /usr/lib/gcc/arm-none-eabi/10.3.1/../../../arm-none-eabi/lib/libc_nano.a(lib_a-dtoa.o) (memcpy)
/usr/lib/gcc/arm-none-eabi/10.3.1/../../../arm-none-eabi/lib/libc_nano.a(lib_a-mprec.o)
                              /usr/lib/gcc/arm-none-eabi/10.3.1/../../../arm-none-eabi/lib/libc_nano.a(lib_a-dtoa.o) (_Balloc)
/usr/lib/gcc/arm-none-eabi/10.3.1/../../../arm-none-eabi/lib/libc_nano.a(lib_a-nano-callocr.o)
                              /usr/lib/gcc/arm-none-eabi/10.3.1/../../../arm-none-eabi/lib/libc_nano.a(lib_a-mprec.o) (_calloc_r)
/usr/lib/gcc/arm-none-eabi/10.3.1/../../../arm-none-eabi/lib/libc_nano.a(lib_a-nano-freer.o)
                              /usr/lib/gcc/arm-none-eabi/10.3.1/../../../arm-none-eabi/lib/libc_nano.a(lib_a-malloc.o) (_free_r)
/usr/lib/gcc/arm-none-eabi/10.3.1/../../../arm-none-eabi/lib/libc_nano.a(lib_a-nano-mallocr.o)
                              /usr/lib/gcc/arm-none-eabi/10.3.1/../../../arm-none-eabi/lib/libc_nano.a(lib_a-findfp.o) (_malloc_r)
[...]
Memory Configuration

Name             Origin             Length             Attributes
FLASH            0x0000000000000000 0x0000000000008000 xr
RAM              0x0000000040000000 0x0000000000004000 rw
*default*        0x0000000000000000 0xffffffffffffffff

Linker script and memory map

LOAD /usr/lib/gcc/arm-none-eabi/10.3.1/crti.o
LOAD /usr/lib/gcc/arm-none-eabi/10.3.1/crtbegin.o
LOAD /usr/lib/gcc/arm-none-eabi/10.3.1/../../../arm-none-eabi/lib/crt0.o
LOAD hello.o
LOAD startup.o
LOAD reloc.o
LOAD framework.o
LOAD stack.o
START GROUP
LOAD /usr/lib/gcc/arm-none-eabi/10.3.1/libgcc.a
LOAD /usr/lib/gcc/arm-none-eabi/10.3.1/../../../arm-none-eabi/lib/libc_nano.a
END GROUP
START GROUP
LOAD /usr/lib/gcc/arm-none-eabi/10.3.1/libgcc.a
LOAD /usr/lib/gcc/arm-none-eabi/10.3.1/../../../arm-none-eabi/lib/libc_nano.a
LOAD /usr/lib/gcc/arm-none-eabi/10.3.1/../../../arm-none-eabi/lib/libnosys.a
END GROUP
START GROUP
LOAD /usr/lib/gcc/arm-none-eabi/10.3.1/libgcc.a
LOAD /usr/lib/gcc/arm-none-eabi/10.3.1/../../../arm-none-eabi/lib/libc_nano.a
LOAD /usr/lib/gcc/arm-none-eabi/10.3.1/../../../arm-none-eabi/lib/libnosys.a
END GROUP
LOAD /usr/lib/gcc/arm-none-eabi/10.3.1/crtend.o
LOAD /usr/lib/gcc/arm-none-eabi/10.3.1/crtn.o
                0x0000000000001000                _heap_size = 0x1000
                0x0000000000000488                _stack_size = 0x488
                0x0000000040004000                _estack = (ORIGIN (RAM) + LENGTH (RAM))

.text           0x0000000000000000     0x7ed0
 *startup.o(.text)
 .text          0x0000000000000000      0x184 startup.o
                0x0000000000000000                _startup
 *(.text)
 .text          0x0000000000000184        0x0 /usr/lib/gcc/arm-none-eabi/10.3.1/crti.o
 .text          0x0000000000000184       0xdc /usr/lib/gcc/arm-none-eabi/10.3.1/crtbegin.o
 .text          0x0000000000000260      0x128 /usr/lib/gcc/arm-none-eabi/10.3.1/../../../arm-none-eabi/lib/crt0.o
                0x0000000000000260                _stack_init
                0x00000000000002e8                _mainCRTStartup
                0x00000000000002e8                _start
 .text          0x0000000000000388        0x0 hello.o
 .text          0x0000000000000388        0x0 reloc.o
 .text          0x0000000000000388        0x0 framework.o
 .text          0x0000000000000388        0x0 stack.o
 .text          0x0000000000000388       0x20 /usr/lib/gcc/arm-none-eabi/10.3.1/../../../arm-none-eabi/lib/libc_nano.a(lib_a-atexit.o)
                0x0000000000000388                atexit
 .text          0x00000000000003a8       0x40 /usr/lib/gcc/arm-none-eabi/10.3.1/../../../arm-none-eabi/lib/libc_nano.a(lib_a-exit.o)
                0x00000000000003a8                exit
 .text          0x00000000000003e8       0x44 /usr/lib/gcc/arm-none-eabi/10.3.1/../../../arm-none-eabi/lib/libc_nano.a(lib_a-fini.o)
                0x00000000000003e8                __libc_fini_array
 .text          0x000000000000042c        0x0 /usr/lib/gcc/arm-none-eabi/10.3.1/../../../arm-none-eabi/lib/libc_nano.a(lib_a-impure.o)
 .text          0x000000000000042c       0x88 /usr/lib/gcc/arm-none-eabi/10.3.1/../../../arm-none-eabi/lib/libc_nano.a(lib_a-init.o)
                0x000000000000042c                __libc_init_array
 .text          0x00000000000004b4      0x11c /usr/lib/gcc/arm-none-eabi/10.3.1/../../../arm-none-eabi/lib/libc_nano.a(lib_a-memset.o)
                0x00000000000004b4                memset
 .text          0x00000000000005d0      0xb0c /usr/lib/gcc/arm-none-eabi/10.3.1/../../../arm-none-eabi/lib/libc_nano.a(lib_a-nano-vfprintf_float.o)
                0x00000000000005d0                __cvt
                0x0000000000000770                __exponent
                0x0000000000000858                _printf_float
 .text          0x00000000000010dc      0x640 /usr/lib/gcc/arm-none-eabi/10.3.1/../../../arm-none-eabi/lib/libc_nano.a(lib_a-nano-vfprintf_i.o)
                0x00000000000010dc                _printf_common
                0x00000000000012ac                _printf_i
 .text          0x000000000000171c       0xb0 /usr/lib/gcc/arm-none-eabi/10.3.1/../../../arm-none-eabi/lib/libc_nano.a(lib_a-printf.o)
                0x000000000000171c                _printf_r
                0x000000000000171c                _iprintf_r
                0x000000000000176c                printf
                0x000000000000176c                iprintf
 .text          0x00000000000017cc       0x60 /usr/lib/gcc/arm-none-eabi/10.3.1/../../../arm-none-eabi/lib/libc_nano.a(lib_a-strlen-stub.o)
                0x00000000000017cc                strlen
 .text          0x000000000000182c      0x108 /usr/lib/gcc/arm-none-eabi/10.3.1/../../../arm-none-eabi/lib/libc_nano.a(lib_a-__atexit.o)
                0x000000000000182c                __register_exitproc
 .text          0x0000000000001934      0x130 /usr/lib/gcc/arm-none-eabi/10.3.1/../../../arm-none-eabi/lib/libc_nano.a(lib_a-__call_atexit.o)
                0x0000000000001934                __call_exitprocs
 *fill*         0x0000000000001a64        0x4 00000000
 .text          0x0000000000001a68     0x1958 /usr/lib/gcc/arm-none-eabi/10.3.1/../../../arm-none-eabi/lib/libc_nano.a(lib_a-dtoa.o)
                0x0000000000001c28                _dtoa_r
 .text          0x00000000000033c0      0x398 /usr/lib/gcc/arm-none-eabi/10.3.1/../../../arm-none-eabi/lib/libc_nano.a(lib_a-findfp.o)
                0x00000000000033c8                _cleanup_r
                0x00000000000033e8                __sfmoreglue
                0x0000000000003438                __sfp
                0x00000000000036cc                _cleanup
                0x00000000000036f0                __sinit
                0x0000000000003700                __sfp_lock_acquire
                0x0000000000003704                __sfp_lock_release
                0x0000000000003708                __sinit_lock_acquire
                0x000000000000370c                __sinit_lock_release
                0x0000000000003710                __fp_lock_all
                0x0000000000003734                __fp_unlock_all
 .text          0x0000000000003758       0xe8 /usr/lib/gcc/arm-none-eabi/10.3.1/../../../arm-none-eabi/lib/libc_nano.a(lib_a-fwalk.o)
                0x0000000000003758                _fwalk
                0x00000000000037c8                _fwalk_reent
 .text          0x0000000000003840       0x20 /usr/lib/gcc/arm-none-eabi/10.3.1/../../../arm-none-eabi/lib/libc_nano.a(lib_a-localeconv.o)
                0x0000000000003840                __localeconv_l
                0x0000000000003848                _localeconv_r
                0x0000000000003854                localeconv
 .text          0x0000000000003860       0x40 /usr/lib/gcc/arm-none-eabi/10.3.1/../../../arm-none-eabi/lib/libc_nano.a(lib_a-malloc.o)
                0x0000000000003860                malloc
                0x0000000000003880                free
 .text          0x00000000000038a0       0xf0 /usr/lib/gcc/arm-none-eabi/10.3.1/../../../arm-none-eabi/lib/libc_nano.a(lib_a-memchr-stub.o)
                0x00000000000038a0                memchr
 .text          0x0000000000003990      0x120 /usr/lib/gcc/arm-none-eabi/10.3.1/../../../arm-none-eabi/lib/libc_nano.a(lib_a-memcpy-stub.o)
                0x0000000000003990                memcpy
 .text          0x0000000000003ab0     0x102c /usr/lib/gcc/arm-none-eabi/10.3.1/../../../arm-none-eabi/lib/libc_nano.a(lib_a-mprec.o)
                0x0000000000003ab0                _Balloc
                0x0000000000003b98                _Bfree
                0x0000000000003c18                __multadd
                0x0000000000003d10                __s2b
                0x0000000000003e24                __hi0bits
                0x0000000000003e7c                __lo0bits
                0x0000000000003f18                __i2b
                0x0000000000003f5c                __multiply
                0x0000000000004170                __pow5mult
                0x00000000000042e0                __lshift
                0x000000000000441c                __mcmp
                0x000000000000447c                __mdiff
                0x0000000000004670                __ulp
                0x00000000000046d4                __b2d
                0x00000000000047c4                __d2b
                0x0000000000004908                __ratio
                0x000000000000498c                _mprec_log10
                0x00000000000049ec                __copybits
                0x0000000000004a78                __any_on
 .text          0x0000000000004adc       0x2c /usr/lib/gcc/arm-none-eabi/10.3.1/../../../arm-none-eabi/lib/libc_nano.a(lib_a-nano-callocr.o)
                0x0000000000004adc                _calloc_r
 .text          0x0000000000004b08      0x128 /usr/lib/gcc/arm-none-eabi/10.3.1/../../../arm-none-eabi/lib/libc_nano.a(lib_a-nano-freer.o)
                0x0000000000004b08                _free_r
 .text          0x0000000000004c30      0x13c /usr/lib/gcc/arm-none-eabi/10.3.1/../../../arm-none-eabi/lib/libc_nano.a(lib_a-nano-mallocr.o)
                0x0000000000004c30                _malloc_r
 .text          0x0000000000004d6c      0x4e0 /usr/lib/gcc/arm-none-eabi/10.3.1/../../../arm-none-eabi/lib/libc_nano.a(lib_a-nano-vfprintf.o)
                0x0000000000004dd4                __sfputs_r
                0x0000000000004e34                __sprint_r
                0x0000000000004e68                _vfiprintf_r
                0x0000000000004e68                _vfprintf_r
                0x0000000000005220                vfiprintf
                0x0000000000005220                vfprintf
 .text          0x000000000000524c       0x44 /usr/lib/gcc/arm-none-eabi/10.3.1/../../../arm-none-eabi/lib/libc_nano.a(lib_a-sbrkr.o)
                0x000000000000524c                _sbrk_r
 .text          0x0000000000005290       0xdc /usr/lib/gcc/arm-none-eabi/10.3.1/../../../arm-none-eabi/lib/libc_nano.a(lib_a-stdio.o)
                0x0000000000005290                __sread
                0x00000000000052c4                __seofread
                0x00000000000052cc                __swrite
                0x0000000000005328                __sseek
                0x0000000000005358                __sclose
 .text          0x000000000000536c      0x164 /usr/lib/gcc/arm-none-eabi/10.3.1/../../../arm-none-eabi/lib/libc_nano.a(lib_a-wbuf.o)
                0x000000000000536c                __swbuf_r
                0x00000000000054b4                __swbuf
 .text          0x00000000000054d0       0x48 /usr/lib/gcc/arm-none-eabi/10.3.1/../../../arm-none-eabi/lib/libc_nano.a(lib_a-writer.o)
                0x00000000000054d0                _write_r
 .text          0x0000000000005518      0x1a4 /usr/lib/gcc/arm-none-eabi/10.3.1/../../../arm-none-eabi/lib/libc_nano.a(lib_a-wsetup.o)
                0x0000000000005518                __swsetup_r
 .text          0x00000000000056bc       0x6c /usr/lib/gcc/arm-none-eabi/10.3.1/../../../arm-none-eabi/lib/libc_nano.a(lib_a-assert.o)
                0x00000000000056bc                __assert_func
                0x0000000000005718                __assert
 .text          0x0000000000005728       0x3c /usr/lib/gcc/arm-none-eabi/10.3.1/../../../arm-none-eabi/lib/libc_nano.a(lib_a-closer.o)
                0x0000000000005728                _close_r
 .text          0x0000000000005764      0x38c /usr/lib/gcc/arm-none-eabi/10.3.1/../../../arm-none-eabi/lib/libc_nano.a(lib_a-fflush.o)
                0x0000000000005764                __sflush_r
                0x0000000000005980                _fflush_r
                0x0000000000005a1c                fflush
 .text          0x0000000000005af0       0x68 /usr/lib/gcc/arm-none-eabi/10.3.1/../../../arm-none-eabi/lib/libc_nano.a(lib_a-fprintf.o)
                0x0000000000005af0                _fprintf_r
                0x0000000000005af0                _fiprintf_r
                0x0000000000005b1c                fprintf
                0x0000000000005b1c                fiprintf
 .text          0x0000000000005b58      0x4c4 /usr/lib/gcc/arm-none-eabi/10.3.1/../../../arm-none-eabi/lib/libc_nano.a(lib_a-fvwrite.o)
                0x0000000000005b58                __sfvwrite_r
 .text          0x000000000000601c       0xe0 /usr/lib/gcc/arm-none-eabi/10.3.1/../../../arm-none-eabi/lib/libc_nano.a(lib_a-locale.o)
                0x000000000000601c                _setlocale_r
                0x0000000000006084                __locale_mb_cur_max
                0x0000000000006094                setlocale
 .text          0x00000000000060fc       0x48 /usr/lib/gcc/arm-none-eabi/10.3.1/../../../arm-none-eabi/lib/libc_nano.a(lib_a-lseekr.o)
                0x00000000000060fc                _lseek_r
 .text          0x0000000000006144      0x1b8 /usr/lib/gcc/arm-none-eabi/10.3.1/../../../arm-none-eabi/lib/libc_nano.a(lib_a-makebuf.o)
                0x0000000000006144                __smakebuf_r
                0x0000000000006268                __swhatbuf_r
 .text          0x00000000000062fc       0x60 /usr/lib/gcc/arm-none-eabi/10.3.1/../../../arm-none-eabi/lib/libc_nano.a(lib_a-mbtowc_r.o)
                0x00000000000062fc                _mbtowc_r
                0x0000000000006318                __ascii_mbtowc
 .text          0x000000000000635c      0x158 /usr/lib/gcc/arm-none-eabi/10.3.1/../../../arm-none-eabi/lib/libc_nano.a(lib_a-memmove.o)
                0x000000000000635c                memmove
 .text          0x00000000000064b4        0x8 /usr/lib/gcc/arm-none-eabi/10.3.1/../../../arm-none-eabi/lib/libc_nano.a(lib_a-mlock.o)
                0x00000000000064b4                __malloc_lock
                0x00000000000064b8                __malloc_unlock
 .text          0x00000000000064bc       0x94 /usr/lib/gcc/arm-none-eabi/10.3.1/../../../arm-none-eabi/lib/libc_nano.a(lib_a-nano-reallocr.o)
                0x00000000000064bc                _realloc_r
 .text          0x0000000000006550       0x48 /usr/lib/gcc/arm-none-eabi/10.3.1/../../../arm-none-eabi/lib/libc_nano.a(lib_a-readr.o)
                0x0000000000006550                _read_r
 .text          0x0000000000006598      0x1ec /usr/lib/gcc/arm-none-eabi/10.3.1/../../../arm-none-eabi/lib/libc_nano.a(lib_a-reent.o)
                0x0000000000006598                cleanup_glue
                0x000000000000660c                _reclaim_reent
 .text          0x0000000000006784      0x224 /usr/lib/gcc/arm-none-eabi/10.3.1/../../../arm-none-eabi/lib/libc_nano.a(lib_a-strcmp.o)
                0x0000000000006784                strcmp
 .text          0x00000000000069a8       0x4c /usr/lib/gcc/arm-none-eabi/10.3.1/../../../arm-none-eabi/lib/libc_nano.a(lib_a-wctomb_r.o)
                0x00000000000069a8                _wctomb_r
                0x00000000000069c4                __ascii_wctomb
 .text          0x00000000000069f4       0x14 /usr/lib/gcc/arm-none-eabi/10.3.1/../../../arm-none-eabi/lib/libc_nano.a(lib_a-abort.o)
                0x00000000000069f4                abort
 .text          0x0000000000006a08        0x0 /usr/lib/gcc/arm-none-eabi/10.3.1/../../../arm-none-eabi/lib/libc_nano.a(lib_a-ctype_.o)
 .text          0x0000000000006a08       0x40 /usr/lib/gcc/arm-none-eabi/10.3.1/../../../arm-none-eabi/lib/libc_nano.a(lib_a-fstatr.o)
                0x0000000000006a08                _fstat_r
 .text          0x0000000000006a48       0x3c /usr/lib/gcc/arm-none-eabi/10.3.1/../../../arm-none-eabi/lib/libc_nano.a(lib_a-isattyr.o)
                0x0000000000006a48                _isatty_r
 .text          0x0000000000006a84       0x18 /usr/lib/gcc/arm-none-eabi/10.3.1/../../../arm-none-eabi/lib/libc_nano.a(lib_a-nano-msizer.o)
                0x0000000000006a84                _malloc_usable_size_r
 .text          0x0000000000006a9c      0x458 /usr/lib/gcc/arm-none-eabi/10.3.1/../../../arm-none-eabi/lib/libc_nano.a(lib_a-signal.o)
                0x0000000000006a9c                _init_signal_r
                0x0000000000006af0                _signal_r
                0x0000000000006b6c                _raise_r
                0x0000000000006c04                __sigtramp_r
                0x0000000000006cb8                raise
                0x0000000000006d54                signal
                0x0000000000006ddc                _init_signal
                0x0000000000006e3c                __sigtramp
 .text          0x0000000000006ef4       0x50 /usr/lib/gcc/arm-none-eabi/10.3.1/../../../arm-none-eabi/lib/libc_nano.a(lib_a-signalr.o)
                0x0000000000006ef4                _kill_r
                0x0000000000006f34                _getpid_r
 .text          0x0000000000006f44      0x290 /usr/lib/gcc/arm-none-eabi/10.3.1/libgcc.a(_arm_muldf3.o)
 .text          0x00000000000071d4      0x114 /usr/lib/gcc/arm-none-eabi/10.3.1/libgcc.a(_udivsi3.o)
                0x00000000000071d4                __udivsi3
                0x00000000000071d4                __aeabi_uidiv
                0x00000000000072c8                __aeabi_uidivmod
 .text          0x00000000000072e8      0x148 /usr/lib/gcc/arm-none-eabi/10.3.1/libgcc.a(_divsi3.o)
                0x00000000000072e8                __aeabi_idiv
                0x00000000000072e8                __divsi3
                0x0000000000007410                __aeabi_idivmod
 .text          0x0000000000007430        0x4 /usr/lib/gcc/arm-none-eabi/10.3.1/libgcc.a(_dvmd_tls.o)
                0x0000000000007430                __aeabi_ldiv0
                0x0000000000007430                __aeabi_idiv0
 .text          0x0000000000007434      0x424 /usr/lib/gcc/arm-none-eabi/10.3.1/libgcc.a(_arm_addsubdf3.o)
                0x0000000000007434                __aeabi_drsub
                0x000000000000743c                __aeabi_dsub
                0x000000000000743c                __subdf3
                0x0000000000007440                __adddf3
                0x0000000000007440                __aeabi_dadd
                0x0000000000007750                __aeabi_ui2d
                0x0000000000007750                __floatunsidf
                0x0000000000007774                __floatsidf
                0x0000000000007774                __aeabi_i2d
                0x000000000000779c                __extendsfdf2
                0x000000000000779c                __aeabi_f2d
                0x00000000000077e4                __aeabi_ul2d
                0x00000000000077e4                __floatundidf
                0x00000000000077f8                __floatdidf
                0x00000000000077f8                __aeabi_l2d
 .text          0x0000000000007858      0x49c /usr/lib/gcc/arm-none-eabi/10.3.1/libgcc.a(_arm_muldivdf3.o)
                0x0000000000007858                __aeabi_dmul
                0x0000000000007858                __muldf3
                0x0000000000007ae8                __aeabi_ddiv
                0x0000000000007ae8                __divdf3
 .text          0x0000000000007cf4      0x144 /usr/lib/gcc/arm-none-eabi/10.3.1/libgcc.a(_arm_cmpdf2.o)
                0x0000000000007cf4                __gtdf2
                0x0000000000007cf4                __gedf2
                0x0000000000007cfc                __ltdf2
                0x0000000000007cfc                __ledf2
                0x0000000000007d04                __cmpdf2
                0x0000000000007d04                __eqdf2
                0x0000000000007d04                __nedf2
                0x0000000000007d8c                __aeabi_cdrcmple
                0x0000000000007da8                __aeabi_cdcmple
                0x0000000000007da8                __aeabi_cdcmpeq
                0x0000000000007dc0                __aeabi_dcmpeq
                0x0000000000007dd8                __aeabi_dcmplt
                0x0000000000007df0                __aeabi_dcmple
                0x0000000000007e08                __aeabi_dcmpge
                0x0000000000007e20                __aeabi_dcmpgt
 .text          0x0000000000007e38       0x38 /usr/lib/gcc/arm-none-eabi/10.3.1/libgcc.a(_arm_unorddf2.o)
                0x0000000000007e38                __aeabi_dcmpun
                0x0000000000007e38                __unorddf2
 .text          0x0000000000007e70       0x5c /usr/lib/gcc/arm-none-eabi/10.3.1/libgcc.a(_arm_fixdfsi.o)
                0x0000000000007e70                __fixdfsi
                0x0000000000007e70                __aeabi_d2iz
 .text          0x0000000000007ecc        0x4 /usr/lib/gcc/arm-none-eabi/10.3.1/../../../arm-none-eabi/lib/libnosys.a(_exit.o)
                0x0000000000007ecc                _exit
 .text          0x0000000000007ed0        0x0 /usr/lib/gcc/arm-none-eabi/10.3.1/crtend.o
 .text          0x0000000000007ed0        0x0 /usr/lib/gcc/arm-none-eabi/10.3.1/crtn.o
 *(.glue_7)
 .glue_7        0x0000000000007ed0        0x0 linker stubs
 *(.glue_7t)
 .glue_7t       0x0000000000007ed0        0x0 linker stubs

.vfp11_veneer   0x0000000000007ed0        0x0
 .vfp11_veneer  0x0000000000007ed0        0x0 linker stubs

.v4_bx          0x0000000000007ed0        0x0
 .v4_bx         0x0000000000007ed0        0x0 linker stubs

.init           0x0000000000007ed0       0x18
 .init          0x0000000000007ed0        0xc /usr/lib/gcc/arm-none-eabi/10.3.1/crti.o
                0x0000000000007ed0                _init
 .init          0x0000000000007edc        0xc /usr/lib/gcc/arm-none-eabi/10.3.1/crtn.o

.fini           0x0000000000007ee8       0x18
 .fini          0x0000000000007ee8        0xc /usr/lib/gcc/arm-none-eabi/10.3.1/crti.o
                0x0000000000007ee8                _fini
 .fini          0x0000000000007ef4        0xc /usr/lib/gcc/arm-none-eabi/10.3.1/crtn.o

.iplt           0x0000000000007f00        0x0
 .iplt          0x0000000000007f00        0x0 /usr/lib/gcc/arm-none-eabi/10.3.1/crtbegin.o

.text.startup.main
                0x0000000000007f00       0x5c
 .text.startup.main
                0x0000000000007f00       0x5c hello.o
                0x0000000000007f00                main

.text.clock     0x0000000000007f5c       0x10
 .text.clock    0x0000000000007f5c       0x10 reloc.o
                0x0000000000007f5c                clock

.text._clock_init
                0x0000000000007f6c       0x14
 .text._clock_init
                0x0000000000007f6c       0x14 reloc.o
                0x0000000000007f6c                _clock_init

.text.sendchar  0x0000000000007f80       0x3c
 .text.sendchar
                0x0000000000007f80       0x3c reloc.o
                0x0000000000007f80                sendchar

.text.getkey    0x0000000000007fbc       0x18
 .text.getkey   0x0000000000007fbc       0x18 reloc.o
                0x0000000000007fbc                getkey

.text._sbrk     0x0000000000007fd4       0x30
 .text._sbrk    0x0000000000007fd4       0x30 reloc.o
                0x0000000000007fd4                _sbrk

.text._close    0x0000000000008004        0x8
 .text._close   0x0000000000008004        0x8 reloc.o
                0x0000000000008004                _close

.text._fstat    0x000000000000800c       0x10
 .text._fstat   0x000000000000800c       0x10 reloc.o
                0x000000000000800c                _fstat

.text._isatty   0x000000000000801c        0x8
 .text._isatty  0x000000000000801c        0x8 reloc.o
                0x000000000000801c                _isatty

.text._lseek    0x0000000000008024        0x8
 .text._lseek   0x0000000000008024        0x8 reloc.o
                0x0000000000008024                _lseek

.text._kill     0x000000000000802c        0x4
 .text._kill    0x000000000000802c        0x4 reloc.o
                0x000000000000802c                _kill

.text._getpid   0x0000000000008030        0x8
 .text._getpid  0x0000000000008030        0x8 reloc.o
                0x0000000000008030                _getpid

.text._write    0x0000000000008038       0x48
 .text._write   0x0000000000008038       0x48 reloc.o
                0x0000000000008038                _write

.text._read     0x0000000000008080       0x48
 .text._read    0x0000000000008080       0x48 reloc.o
                0x0000000000008080                _read

.text.exceptionHandlerIrq
                0x00000000000080c8       0x20
 .text.exceptionHandlerIrq
                0x00000000000080c8       0x20 framework.o

.text.exceptionHandlerFiq
                0x00000000000080e8       0x20
 .text.exceptionHandlerFiq
                0x00000000000080e8       0x20 framework.o

.text.exceptionHandlerDabort
                0x0000000000008108       0x20
 .text.exceptionHandlerDabort
                0x0000000000008108       0x20 framework.o

.text.exceptionHandlerPabort
                0x0000000000008128       0x20
 .text.exceptionHandlerPabort
                0x0000000000008128       0x20 framework.o

.text.exceptionHandlerSwi
                0x0000000000008148       0x20
 .text.exceptionHandlerSwi
                0x0000000000008148       0x20 framework.o

.text.exceptionHandlerUndef
                0x0000000000008168       0x20
 .text.exceptionHandlerUndef
                0x0000000000008168       0x20 framework.o

.text.exceptionHandlerInit
                0x0000000000008188       0x78
 .text.exceptionHandlerInit
                0x0000000000008188       0x78 framework.o
                0x0000000000008188                exceptionHandlerInit

.text.lowLevelInit
                0x0000000000008200        0x4
 .text.lowLevelInit
                0x0000000000008200        0x4 framework.o
                0x0000000000008200                lowLevelInit

.text.eaInit    0x0000000000008204        0x4
 .text.eaInit   0x0000000000008204        0x4 framework.o
                0x0000000000008204                eaInit
                0x0000000000008208                . = ALIGN (0x4)

.rodata         0x0000000000008208      0x4fa
 *(.rodata)
 .rodata        0x0000000000008208       0x24 /usr/lib/gcc/arm-none-eabi/10.3.1/crtbegin.o
 .rodata        0x000000000000822c        0x4 /usr/lib/gcc/arm-none-eabi/10.3.1/../../../arm-none-eabi/lib/libc_nano.a(lib_a-impure.o)
                0x000000000000822c                _global_impure_ptr
 .rodata        0x0000000000008230       0x60 /usr/lib/gcc/arm-none-eabi/10.3.1/../../../arm-none-eabi/lib/libc_nano.a(lib_a-findfp.o)
                0x0000000000008230                __sf_fake_stderr
                0x0000000000008250                __sf_fake_stdout
                0x0000000000008270                __sf_fake_stdin
 .rodata        0x0000000000008290      0x128 /usr/lib/gcc/arm-none-eabi/10.3.1/../../../arm-none-eabi/lib/libc_nano.a(lib_a-mprec.o)
                0x00000000000082a0                __mprec_tens
                0x0000000000008368                __mprec_tinytens
                0x0000000000008390                __mprec_bigtens
 .rodata        0x00000000000083b8      0x101 /usr/lib/gcc/arm-none-eabi/10.3.1/../../../arm-none-eabi/lib/libc_nano.a(lib_a-ctype_.o)
                0x00000000000083b8                _ctype_
 *fill*         0x00000000000084b9        0x3 
 .rodata        0x00000000000084bc       0x24 /usr/lib/gcc/arm-none-eabi/10.3.1/crtend.o
 *(.rodata*)
 .rodata.main.str1.1
                0x00000000000084e0       0x26 hello.o
                                         0x2a (size before relaxing)
 .rodata.exceptionHandlerFiq.str1.1
                0x0000000000008506       0x23 framework.o
 .rodata.exceptionHandlerDabort.str1.1
                0x0000000000008529       0x26 framework.o
 .rodata.exceptionHandlerPabort.str1.1
                0x000000000000854f       0x26 framework.o
 .rodata.exceptionHandlerSwi.str1.1
                0x0000000000008575       0x23 framework.o
 .rodata.exceptionHandlerUndef.str1.1
                0x0000000000008598       0x35 framework.o
 *fill*         0x00000000000085cd        0x3 
 .rodata.str1.4
                0x00000000000085d0       0x12 /usr/lib/gcc/arm-none-eabi/10.3.1/../../../arm-none-eabi/lib/libc_nano.a(lib_a-nano-vfprintf_float.o)
 *fill*         0x00000000000085e2        0x2 
 .rodata.str1.4
                0x00000000000085e4       0x25 /usr/lib/gcc/arm-none-eabi/10.3.1/../../../arm-none-eabi/lib/libc_nano.a(lib_a-nano-vfprintf_i.o)
 *fill*         0x0000000000008609        0x3 
 .rodata.str1.4
                0x000000000000860c       0x65 /usr/lib/gcc/arm-none-eabi/10.3.1/../../../arm-none-eabi/lib/libc_nano.a(lib_a-dtoa.o)
                                         0x69 (size before relaxing)
 *fill*         0x0000000000008671        0x3 
 .rodata.str1.4
                0x0000000000008674       0x2a /usr/lib/gcc/arm-none-eabi/10.3.1/../../../arm-none-eabi/lib/libc_nano.a(lib_a-mprec.o)
                                         0x55 (size before relaxing)
 *fill*         0x000000000000869e        0x2 
 .rodata.str1.4
                0x00000000000086a0       0x13 /usr/lib/gcc/arm-none-eabi/10.3.1/../../../arm-none-eabi/lib/libc_nano.a(lib_a-nano-vfprintf.o)
 *fill*         0x00000000000086b3        0x1 
 .rodata.str1.4
                0x00000000000086b4       0x3f /usr/lib/gcc/arm-none-eabi/10.3.1/../../../arm-none-eabi/lib/libc_nano.a(lib_a-assert.o)
                                         0x43 (size before relaxing)
 *fill*         0x00000000000086f3        0x1 
 .rodata.str1.4
                0x00000000000086f4        0xe /usr/lib/gcc/arm-none-eabi/10.3.1/../../../arm-none-eabi/lib/libc_nano.a(lib_a-locale.o)
                                         0x12 (size before relaxing)

.eh_frame       0x0000000000008704        0x4
 .eh_frame      0x0000000000008704        0x0 /usr/lib/gcc/arm-none-eabi/10.3.1/crtbegin.o
 .eh_frame      0x0000000000008704        0x4 /usr/lib/gcc/arm-none-eabi/10.3.1/crtend.o

.ARM.extab      0x0000000000008708        0x0
 .ARM.extab     0x0000000000008708        0x0 /usr/lib/gcc/arm-none-eabi/10.3.1/../../../arm-none-eabi/lib/crt0.o

.ARM.exidx      0x0000000000008708        0x8
 .ARM.exidx     0x0000000000008708        0x8 /usr/lib/gcc/arm-none-eabi/10.3.1/../../../arm-none-eabi/lib/crt0.o
                                         0x10 (size before relaxing)

.rel.dyn        0x0000000000008710        0x0
 .rel.iplt      0x0000000000008710        0x0 /usr/lib/gcc/arm-none-eabi/10.3.1/crtbegin.o
                0x0000000000008710                . = ALIGN (0x4)
                0x0000000000008710                _etext = .
                [!provide]                        PROVIDE (etext = .)

.data           0x0000000040000080      0x1d8 load address 0x0000000000008710
                0x0000000040000080                _data = .
 *(.data)
 .data          0x0000000040000080        0x0 /usr/lib/gcc/arm-none-eabi/10.3.1/crti.o
 .data          0x0000000040000080        0x4 /usr/lib/gcc/arm-none-eabi/10.3.1/crtbegin.o
                0x0000000040000080                __dso_handle
 .data          0x0000000040000084        0x0 /usr/lib/gcc/arm-none-eabi/10.3.1/../../../arm-none-eabi/lib/crt0.o
 .data          0x0000000040000084        0x0 hello.o
 .data          0x0000000040000084        0x0 startup.o
 .data          0x0000000040000084        0x0 reloc.o
 .data          0x0000000040000084        0x0 framework.o
 .data          0x0000000040000084        0x0 stack.o
 .data          0x0000000040000084        0x0 /usr/lib/gcc/arm-none-eabi/10.3.1/../../../arm-none-eabi/lib/libc_nano.a(lib_a-atexit.o)
 .data          0x0000000040000084        0x0 /usr/lib/gcc/arm-none-eabi/10.3.1/../../../arm-none-eabi/lib/libc_nano.a(lib_a-exit.o)
 .data          0x0000000040000084        0x0 /usr/lib/gcc/arm-none-eabi/10.3.1/../../../arm-none-eabi/lib/libc_nano.a(lib_a-fini.o)
 .data          0x0000000040000084       0x64 /usr/lib/gcc/arm-none-eabi/10.3.1/../../../arm-none-eabi/lib/libc_nano.a(lib_a-impure.o)
                0x0000000040000084                _impure_ptr
 .data          0x00000000400000e8        0x0 /usr/lib/gcc/arm-none-eabi/10.3.1/../../../arm-none-eabi/lib/libc_nano.a(lib_a-init.o)
 .data          0x00000000400000e8        0x0 /usr/lib/gcc/arm-none-eabi/10.3.1/../../../arm-none-eabi/lib/libc_nano.a(lib_a-memset.o)
 .data          0x00000000400000e8        0x0 /usr/lib/gcc/arm-none-eabi/10.3.1/../../../arm-none-eabi/lib/libc_nano.a(lib_a-nano-vfprintf_float.o)
 .data          0x00000000400000e8        0x0 /usr/lib/gcc/arm-none-eabi/10.3.1/../../../arm-none-eabi/lib/libc_nano.a(lib_a-nano-vfprintf_i.o)
 .data          0x00000000400000e8        0x0 /usr/lib/gcc/arm-none-eabi/10.3.1/../../../arm-none-eabi/lib/libc_nano.a(lib_a-printf.o)
 .data          0x00000000400000e8        0x0 /usr/lib/gcc/arm-none-eabi/10.3.1/../../../arm-none-eabi/lib/libc_nano.a(lib_a-strlen-stub.o)
 .data          0x00000000400000e8        0x4 /usr/lib/gcc/arm-none-eabi/10.3.1/../../../arm-none-eabi/lib/libc_nano.a(lib_a-__atexit.o)
                0x00000000400000e8                __atexit_dummy
 .data          0x00000000400000ec        0x0 /usr/lib/gcc/arm-none-eabi/10.3.1/../../../arm-none-eabi/lib/libc_nano.a(lib_a-__call_atexit.o)
 .data          0x00000000400000ec        0x0 /usr/lib/gcc/arm-none-eabi/10.3.1/../../../arm-none-eabi/lib/libc_nano.a(lib_a-dtoa.o)
 .data          0x00000000400000ec        0x0 /usr/lib/gcc/arm-none-eabi/10.3.1/../../../arm-none-eabi/lib/libc_nano.a(lib_a-findfp.o)
 .data          0x00000000400000ec        0x0 /usr/lib/gcc/arm-none-eabi/10.3.1/../../../arm-none-eabi/lib/libc_nano.a(lib_a-fwalk.o)
 .data          0x00000000400000ec        0x0 /usr/lib/gcc/arm-none-eabi/10.3.1/../../../arm-none-eabi/lib/libc_nano.a(lib_a-localeconv.o)
 .data          0x00000000400000ec        0x0 /usr/lib/gcc/arm-none-eabi/10.3.1/../../../arm-none-eabi/lib/libc_nano.a(lib_a-malloc.o)
 .data          0x00000000400000ec        0x0 /usr/lib/gcc/arm-none-eabi/10.3.1/../../../arm-none-eabi/lib/libc_nano.a(lib_a-memchr-stub.o)
 .data          0x00000000400000ec        0x0 /usr/lib/gcc/arm-none-eabi/10.3.1/../../../arm-none-eabi/lib/libc_nano.a(lib_a-memcpy-stub.o)
 .data          0x00000000400000ec        0x0 /usr/lib/gcc/arm-none-eabi/10.3.1/../../../arm-none-eabi/lib/libc_nano.a(lib_a-mprec.o)
 .data          0x00000000400000ec        0x0 /usr/lib/gcc/arm-none-eabi/10.3.1/../../../arm-none-eabi/lib/libc_nano.a(lib_a-nano-callocr.o)
 .data          0x00000000400000ec        0x0 /usr/lib/gcc/arm-none-eabi/10.3.1/../../../arm-none-eabi/lib/libc_nano.a(lib_a-nano-freer.o)
 .data          0x00000000400000ec        0x0 /usr/lib/gcc/arm-none-eabi/10.3.1/../../../arm-none-eabi/lib/libc_nano.a(lib_a-nano-mallocr.o)
 .data          0x00000000400000ec        0x0 /usr/lib/gcc/arm-none-eabi/10.3.1/../../../arm-none-eabi/lib/libc_nano.a(lib_a-nano-vfprintf.o)
 .data          0x00000000400000ec        0x0 /usr/lib/gcc/arm-none-eabi/10.3.1/../../../arm-none-eabi/lib/libc_nano.a(lib_a-sbrkr.o)
 .data          0x00000000400000ec        0x0 /usr/lib/gcc/arm-none-eabi/10.3.1/../../../arm-none-eabi/lib/libc_nano.a(lib_a-stdio.o)
 .data          0x00000000400000ec        0x0 /usr/lib/gcc/arm-none-eabi/10.3.1/../../../arm-none-eabi/lib/libc_nano.a(lib_a-wbuf.o)
 .data          0x00000000400000ec        0x0 /usr/lib/gcc/arm-none-eabi/10.3.1/../../../arm-none-eabi/lib/libc_nano.a(lib_a-writer.o)
 .data          0x00000000400000ec        0x0 /usr/lib/gcc/arm-none-eabi/10.3.1/../../../arm-none-eabi/lib/libc_nano.a(lib_a-wsetup.o)
 .data          0x00000000400000ec        0x0 /usr/lib/gcc/arm-none-eabi/10.3.1/../../../arm-none-eabi/lib/libc_nano.a(lib_a-assert.o)
 .data          0x00000000400000ec        0x0 /usr/lib/gcc/arm-none-eabi/10.3.1/../../../arm-none-eabi/lib/libc_nano.a(lib_a-closer.o)
 .data          0x00000000400000ec        0x0 /usr/lib/gcc/arm-none-eabi/10.3.1/../../../arm-none-eabi/lib/libc_nano.a(lib_a-fflush.o)
 .data          0x00000000400000ec        0x0 /usr/lib/gcc/arm-none-eabi/10.3.1/../../../arm-none-eabi/lib/libc_nano.a(lib_a-fprintf.o)
 .data          0x00000000400000ec        0x0 /usr/lib/gcc/arm-none-eabi/10.3.1/../../../arm-none-eabi/lib/libc_nano.a(lib_a-fvwrite.o)
 .data          0x00000000400000ec      0x16c /usr/lib/gcc/arm-none-eabi/10.3.1/../../../arm-none-eabi/lib/libc_nano.a(lib_a-locale.o)
                0x00000000400000ec                __global_locale
 .data          0x0000000040000258        0x0 /usr/lib/gcc/arm-none-eabi/10.3.1/../../../arm-none-eabi/lib/libc_nano.a(lib_a-lseekr.o)
 .data          0x0000000040000258        0x0 /usr/lib/gcc/arm-none-eabi/10.3.1/../../../arm-none-eabi/lib/libc_nano.a(lib_a-makebuf.o)
 .data          0x0000000040000258        0x0 /usr/lib/gcc/arm-none-eabi/10.3.1/../../../arm-none-eabi/lib/libc_nano.a(lib_a-mbtowc_r.o)
 .data          0x0000000040000258        0x0 /usr/lib/gcc/arm-none-eabi/10.3.1/../../../arm-none-eabi/lib/libc_nano.a(lib_a-memmove.o)
 .data          0x0000000040000258        0x0 /usr/lib/gcc/arm-none-eabi/10.3.1/../../../arm-none-eabi/lib/libc_nano.a(lib_a-mlock.o)
 .data          0x0000000040000258        0x0 /usr/lib/gcc/arm-none-eabi/10.3.1/../../../arm-none-eabi/lib/libc_nano.a(lib_a-nano-reallocr.o)
 .data          0x0000000040000258        0x0 /usr/lib/gcc/arm-none-eabi/10.3.1/../../../arm-none-eabi/lib/libc_nano.a(lib_a-readr.o)
 .data          0x0000000040000258        0x0 /usr/lib/gcc/arm-none-eabi/10.3.1/../../../arm-none-eabi/lib/libc_nano.a(lib_a-reent.o)
 .data          0x0000000040000258        0x0 /usr/lib/gcc/arm-none-eabi/10.3.1/../../../arm-none-eabi/lib/libc_nano.a(lib_a-strcmp.o)
 .data          0x0000000040000258        0x0 /usr/lib/gcc/arm-none-eabi/10.3.1/../../../arm-none-eabi/lib/libc_nano.a(lib_a-wctomb_r.o)
 .data          0x0000000040000258        0x0 /usr/lib/gcc/arm-none-eabi/10.3.1/../../../arm-none-eabi/lib/libc_nano.a(lib_a-abort.o)
 .data          0x0000000040000258        0x0 /usr/lib/gcc/arm-none-eabi/10.3.1/../../../arm-none-eabi/lib/libc_nano.a(lib_a-ctype_.o)
 .data          0x0000000040000258        0x0 /usr/lib/gcc/arm-none-eabi/10.3.1/../../../arm-none-eabi/lib/libc_nano.a(lib_a-fstatr.o)
 .data          0x0000000040000258        0x0 /usr/lib/gcc/arm-none-eabi/10.3.1/../../../arm-none-eabi/lib/libc_nano.a(lib_a-isattyr.o)
 .data          0x0000000040000258        0x0 /usr/lib/gcc/arm-none-eabi/10.3.1/../../../arm-none-eabi/lib/libc_nano.a(lib_a-nano-msizer.o)
 .data          0x0000000040000258        0x0 /usr/lib/gcc/arm-none-eabi/10.3.1/../../../arm-none-eabi/lib/libc_nano.a(lib_a-signal.o)
 .data          0x0000000040000258        0x0 /usr/lib/gcc/arm-none-eabi/10.3.1/../../../arm-none-eabi/lib/libc_nano.a(lib_a-signalr.o)
 .data          0x0000000040000258        0x0 /usr/lib/gcc/arm-none-eabi/10.3.1/libgcc.a(_arm_muldf3.o)
 .data          0x0000000040000258        0x0 /usr/lib/gcc/arm-none-eabi/10.3.1/libgcc.a(_udivsi3.o)
 .data          0x0000000040000258        0x0 /usr/lib/gcc/arm-none-eabi/10.3.1/libgcc.a(_divsi3.o)
 .data          0x0000000040000258        0x0 /usr/lib/gcc/arm-none-eabi/10.3.1/libgcc.a(_dvmd_tls.o)
 .data          0x0000000040000258        0x0 /usr/lib/gcc/arm-none-eabi/10.3.1/libgcc.a(_arm_addsubdf3.o)
 .data          0x0000000040000258        0x0 /usr/lib/gcc/arm-none-eabi/10.3.1/libgcc.a(_arm_muldivdf3.o)
 .data          0x0000000040000258        0x0 /usr/lib/gcc/arm-none-eabi/10.3.1/libgcc.a(_arm_cmpdf2.o)
 .data          0x0000000040000258        0x0 /usr/lib/gcc/arm-none-eabi/10.3.1/libgcc.a(_arm_unorddf2.o)
 .data          0x0000000040000258        0x0 /usr/lib/gcc/arm-none-eabi/10.3.1/libgcc.a(_arm_fixdfsi.o)
 .data          0x0000000040000258        0x0 /usr/lib/gcc/arm-none-eabi/10.3.1/../../../arm-none-eabi/lib/libnosys.a(_exit.o)
 .data          0x0000000040000258        0x0 /usr/lib/gcc/arm-none-eabi/10.3.1/crtend.o
 .data          0x0000000040000258        0x0 /usr/lib/gcc/arm-none-eabi/10.3.1/crtn.o

.init_array     0x0000000040000258        0x4 load address 0x00000000000088e8
 .init_array    0x0000000040000258        0x4 /usr/lib/gcc/arm-none-eabi/10.3.1/crtbegin.o

.fini_array     0x000000004000025c        0x4 load address 0x00000000000088ec
 .fini_array    0x000000004000025c        0x4 /usr/lib/gcc/arm-none-eabi/10.3.1/crtbegin.o

.tm_clone_table
                0x0000000040000260        0x0 load address 0x00000000000088f0
 .tm_clone_table
                0x0000000040000260        0x0 /usr/lib/gcc/arm-none-eabi/10.3.1/crtbegin.o
 .tm_clone_table
                0x0000000040000260        0x0 /usr/lib/gcc/arm-none-eabi/10.3.1/crtend.o

.igot.plt       0x0000000040000260        0x0 load address 0x00000000000088f0
 .igot.plt      0x0000000040000260        0x0 /usr/lib/gcc/arm-none-eabi/10.3.1/crtbegin.o
                0x0000000040000260                . = ALIGN (0x4)
                0x0000000040000260                _edata = .
                [!provide]                        PROVIDE (edata = .)

.bss            0x0000000040000260       0xbc load address 0x00000000000088f0
                0x0000000040000260                _bss = .
                0x0000000040000260                __bss_start = .
                0x0000000040000260                __bss_start__ = .
 *(.bss)
 .bss           0x0000000040000260        0x0 /usr/lib/gcc/arm-none-eabi/10.3.1/crti.o
 .bss           0x0000000040000260       0x1c /usr/lib/gcc/arm-none-eabi/10.3.1/crtbegin.o
 .bss           0x000000004000027c        0x0 /usr/lib/gcc/arm-none-eabi/10.3.1/../../../arm-none-eabi/lib/crt0.o
 .bss           0x000000004000027c        0x0 hello.o
 .bss           0x000000004000027c        0x0 startup.o
 .bss           0x000000004000027c        0x0 reloc.o
 .bss           0x000000004000027c        0x0 framework.o
 .bss           0x000000004000027c        0x0 stack.o
 .bss           0x000000004000027c        0x0 /usr/lib/gcc/arm-none-eabi/10.3.1/../../../arm-none-eabi/lib/libc_nano.a(lib_a-atexit.o)
 .bss           0x000000004000027c        0x0 /usr/lib/gcc/arm-none-eabi/10.3.1/../../../arm-none-eabi/lib/libc_nano.a(lib_a-exit.o)
 .bss           0x000000004000027c        0x0 /usr/lib/gcc/arm-none-eabi/10.3.1/../../../arm-none-eabi/lib/libc_nano.a(lib_a-fini.o)
 .bss           0x000000004000027c        0x0 /usr/lib/gcc/arm-none-eabi/10.3.1/../../../arm-none-eabi/lib/libc_nano.a(lib_a-impure.o)
 .bss           0x000000004000027c        0x0 /usr/lib/gcc/arm-none-eabi/10.3.1/../../../arm-none-eabi/lib/libc_nano.a(lib_a-init.o)
 .bss           0x000000004000027c        0x0 /usr/lib/gcc/arm-none-eabi/10.3.1/../../../arm-none-eabi/lib/libc_nano.a(lib_a-memset.o)
 .bss           0x000000004000027c        0x0 /usr/lib/gcc/arm-none-eabi/10.3.1/../../../arm-none-eabi/lib/libc_nano.a(lib_a-nano-vfprintf_float.o)
 .bss           0x000000004000027c        0x0 /usr/lib/gcc/arm-none-eabi/10.3.1/../../../arm-none-eabi/lib/libc_nano.a(lib_a-nano-vfprintf_i.o)
 .bss           0x000000004000027c        0x0 /usr/lib/gcc/arm-none-eabi/10.3.1/../../../arm-none-eabi/lib/libc_nano.a(lib_a-printf.o)
 .bss           0x000000004000027c        0x0 /usr/lib/gcc/arm-none-eabi/10.3.1/../../../arm-none-eabi/lib/libc_nano.a(lib_a-strlen-stub.o)
 .bss           0x000000004000027c       0x8c /usr/lib/gcc/arm-none-eabi/10.3.1/../../../arm-none-eabi/lib/libc_nano.a(lib_a-__atexit.o)
 .bss           0x0000000040000308        0x4 /usr/lib/gcc/arm-none-eabi/10.3.1/../../../arm-none-eabi/lib/libc_nano.a(lib_a-__call_atexit.o)
                0x0000000040000308                _global_atexit
 .bss           0x000000004000030c        0x0 /usr/lib/gcc/arm-none-eabi/10.3.1/../../../arm-none-eabi/lib/libc_nano.a(lib_a-dtoa.o)
 .bss           0x000000004000030c        0x0 /usr/lib/gcc/arm-none-eabi/10.3.1/../../../arm-none-eabi/lib/libc_nano.a(lib_a-findfp.o)
 .bss           0x000000004000030c        0x0 /usr/lib/gcc/arm-none-eabi/10.3.1/../../../arm-none-eabi/lib/libc_nano.a(lib_a-fwalk.o)
 .bss           0x000000004000030c        0x0 /usr/lib/gcc/arm-none-eabi/10.3.1/../../../arm-none-eabi/lib/libc_nano.a(lib_a-localeconv.o)
 .bss           0x000000004000030c        0x0 /usr/lib/gcc/arm-none-eabi/10.3.1/../../../arm-none-eabi/lib/libc_nano.a(lib_a-malloc.o)
 .bss           0x000000004000030c        0x0 /usr/lib/gcc/arm-none-eabi/10.3.1/../../../arm-none-eabi/lib/libc_nano.a(lib_a-memchr-stub.o)
 .bss           0x000000004000030c        0x0 /usr/lib/gcc/arm-none-eabi/10.3.1/../../../arm-none-eabi/lib/libc_nano.a(lib_a-memcpy-stub.o)
 .bss           0x000000004000030c        0x0 /usr/lib/gcc/arm-none-eabi/10.3.1/../../../arm-none-eabi/lib/libc_nano.a(lib_a-mprec.o)
 .bss           0x000000004000030c        0x0 /usr/lib/gcc/arm-none-eabi/10.3.1/../../../arm-none-eabi/lib/libc_nano.a(lib_a-nano-callocr.o)
 .bss           0x000000004000030c        0x0 /usr/lib/gcc/arm-none-eabi/10.3.1/../../../arm-none-eabi/lib/libc_nano.a(lib_a-nano-freer.o)
 .bss           0x000000004000030c        0x8 /usr/lib/gcc/arm-none-eabi/10.3.1/../../../arm-none-eabi/lib/libc_nano.a(lib_a-nano-mallocr.o)
                0x000000004000030c                __malloc_free_list
                0x0000000040000310                __malloc_sbrk_start
 .bss           0x0000000040000314        0x0 /usr/lib/gcc/arm-none-eabi/10.3.1/../../../arm-none-eabi/lib/libc_nano.a(lib_a-nano-vfprintf.o)
 .bss           0x0000000040000314        0x0 /usr/lib/gcc/arm-none-eabi/10.3.1/../../../arm-none-eabi/lib/libc_nano.a(lib_a-sbrkr.o)
 .bss           0x0000000040000314        0x0 /usr/lib/gcc/arm-none-eabi/10.3.1/../../../arm-none-eabi/lib/libc_nano.a(lib_a-stdio.o)
 .bss           0x0000000040000314        0x0 /usr/lib/gcc/arm-none-eabi/10.3.1/../../../arm-none-eabi/lib/libc_nano.a(lib_a-wbuf.o)
 .bss           0x0000000040000314        0x0 /usr/lib/gcc/arm-none-eabi/10.3.1/../../../arm-none-eabi/lib/libc_nano.a(lib_a-writer.o)
 .bss           0x0000000040000314        0x0 /usr/lib/gcc/arm-none-eabi/10.3.1/../../../arm-none-eabi/lib/libc_nano.a(lib_a-wsetup.o)
 .bss           0x0000000040000314        0x0 /usr/lib/gcc/arm-none-eabi/10.3.1/../../../arm-none-eabi/lib/libc_nano.a(lib_a-assert.o)
 .bss           0x0000000040000314        0x0 /usr/lib/gcc/arm-none-eabi/10.3.1/../../../arm-none-eabi/lib/libc_nano.a(lib_a-closer.o)
 .bss           0x0000000040000314        0x0 /usr/lib/gcc/arm-none-eabi/10.3.1/../../../arm-none-eabi/lib/libc_nano.a(lib_a-fflush.o)
 .bss           0x0000000040000314        0x0 /usr/lib/gcc/arm-none-eabi/10.3.1/../../../arm-none-eabi/lib/libc_nano.a(lib_a-fprintf.o)
 .bss           0x0000000040000314        0x0 /usr/lib/gcc/arm-none-eabi/10.3.1/../../../arm-none-eabi/lib/libc_nano.a(lib_a-fvwrite.o)
 .bss           0x0000000040000314        0x4 /usr/lib/gcc/arm-none-eabi/10.3.1/../../../arm-none-eabi/lib/libc_nano.a(lib_a-locale.o)
                0x0000000040000314                _PathLocale
 .bss           0x0000000040000318        0x0 /usr/lib/gcc/arm-none-eabi/10.3.1/../../../arm-none-eabi/lib/libc_nano.a(lib_a-lseekr.o)
 .bss           0x0000000040000318        0x0 /usr/lib/gcc/arm-none-eabi/10.3.1/../../../arm-none-eabi/lib/libc_nano.a(lib_a-makebuf.o)
 .bss           0x0000000040000318        0x0 /usr/lib/gcc/arm-none-eabi/10.3.1/../../../arm-none-eabi/lib/libc_nano.a(lib_a-mbtowc_r.o)
 .bss           0x0000000040000318        0x0 /usr/lib/gcc/arm-none-eabi/10.3.1/../../../arm-none-eabi/lib/libc_nano.a(lib_a-memmove.o)
 .bss           0x0000000040000318        0x0 /usr/lib/gcc/arm-none-eabi/10.3.1/../../../arm-none-eabi/lib/libc_nano.a(lib_a-mlock.o)
 .bss           0x0000000040000318        0x0 /usr/lib/gcc/arm-none-eabi/10.3.1/../../../arm-none-eabi/lib/libc_nano.a(lib_a-nano-reallocr.o)
 .bss           0x0000000040000318        0x0 /usr/lib/gcc/arm-none-eabi/10.3.1/../../../arm-none-eabi/lib/libc_nano.a(lib_a-readr.o)
 .bss           0x0000000040000318        0x4 /usr/lib/gcc/arm-none-eabi/10.3.1/../../../arm-none-eabi/lib/libc_nano.a(lib_a-reent.o)
                0x0000000040000318                errno
 .bss           0x000000004000031c        0x0 /usr/lib/gcc/arm-none-eabi/10.3.1/../../../arm-none-eabi/lib/libc_nano.a(lib_a-strcmp.o)
 .bss           0x000000004000031c        0x0 /usr/lib/gcc/arm-none-eabi/10.3.1/../../../arm-none-eabi/lib/libc_nano.a(lib_a-wctomb_r.o)
 .bss           0x000000004000031c        0x0 /usr/lib/gcc/arm-none-eabi/10.3.1/../../../arm-none-eabi/lib/libc_nano.a(lib_a-abort.o)
 .bss           0x000000004000031c        0x0 /usr/lib/gcc/arm-none-eabi/10.3.1/../../../arm-none-eabi/lib/libc_nano.a(lib_a-ctype_.o)
 .bss           0x000000004000031c        0x0 /usr/lib/gcc/arm-none-eabi/10.3.1/../../../arm-none-eabi/lib/libc_nano.a(lib_a-fstatr.o)
 .bss           0x000000004000031c        0x0 /usr/lib/gcc/arm-none-eabi/10.3.1/../../../arm-none-eabi/lib/libc_nano.a(lib_a-isattyr.o)
 .bss           0x000000004000031c        0x0 /usr/lib/gcc/arm-none-eabi/10.3.1/../../../arm-none-eabi/lib/libc_nano.a(lib_a-nano-msizer.o)
 .bss           0x000000004000031c        0x0 /usr/lib/gcc/arm-none-eabi/10.3.1/../../../arm-none-eabi/lib/libc_nano.a(lib_a-signal.o)
 .bss           0x000000004000031c        0x0 /usr/lib/gcc/arm-none-eabi/10.3.1/../../../arm-none-eabi/lib/libc_nano.a(lib_a-signalr.o)
 .bss           0x000000004000031c        0x0 /usr/lib/gcc/arm-none-eabi/10.3.1/libgcc.a(_arm_muldf3.o)
 .bss           0x000000004000031c        0x0 /usr/lib/gcc/arm-none-eabi/10.3.1/libgcc.a(_udivsi3.o)
 .bss           0x000000004000031c        0x0 /usr/lib/gcc/arm-none-eabi/10.3.1/libgcc.a(_divsi3.o)
 .bss           0x000000004000031c        0x0 /usr/lib/gcc/arm-none-eabi/10.3.1/libgcc.a(_dvmd_tls.o)
 .bss           0x000000004000031c        0x0 /usr/lib/gcc/arm-none-eabi/10.3.1/libgcc.a(_arm_addsubdf3.o)
 .bss           0x000000004000031c        0x0 /usr/lib/gcc/arm-none-eabi/10.3.1/libgcc.a(_arm_muldivdf3.o)
 .bss           0x000000004000031c        0x0 /usr/lib/gcc/arm-none-eabi/10.3.1/libgcc.a(_arm_cmpdf2.o)
 .bss           0x000000004000031c        0x0 /usr/lib/gcc/arm-none-eabi/10.3.1/libgcc.a(_arm_unorddf2.o)
 .bss           0x000000004000031c        0x0 /usr/lib/gcc/arm-none-eabi/10.3.1/libgcc.a(_arm_fixdfsi.o)
 .bss           0x000000004000031c        0x0 /usr/lib/gcc/arm-none-eabi/10.3.1/../../../arm-none-eabi/lib/libnosys.a(_exit.o)
 .bss           0x000000004000031c        0x0 /usr/lib/gcc/arm-none-eabi/10.3.1/crtend.o
 .bss           0x000000004000031c        0x0 /usr/lib/gcc/arm-none-eabi/10.3.1/crtn.o
 *(COMMON)
                0x000000004000031c                . = ALIGN (0x4)
                0x000000004000031c                . = ALIGN (0x4)
                0x000000004000031c                __bss_end = .
                0x000000004000031c                __bss_end__ = .
                0x000000004000031c                _end = .
                0x000000004000031c                PROVIDE (end = .)
OUTPUT(hello.elf elf32-littlearm)
LOAD linker stubs

.bss.heap.0     0x000000004000031c        0x4 load address 0x00000000000089ac
 .bss.heap.0    0x000000004000031c        0x4 reloc.o

.bss.pHeapEnd   0x0000000040000320        0x4 load address 0x00000000000089b0
 .bss.pHeapEnd  0x0000000040000320        0x4 framework.o
                0x0000000040000320                pHeapEnd

.bss.pHeapStart
                0x0000000040000324        0x4 load address 0x00000000000089b4
 .bss.pHeapStart
                0x0000000040000324        0x4 framework.o
                0x0000000040000324                pHeapStart

.bss.timeval    0x0000000040000328        0x4 load address 0x00000000000089b8
 .bss.timeval   0x0000000040000328        0x4 framework.o
                0x0000000040000328                timeval

.ARM.attributes
                0x0000000000000000       0x26
 .ARM.attributes
                0x0000000000000000       0x1c /usr/lib/gcc/arm-none-eabi/10.3.1/crti.o
 .ARM.attributes
                0x000000000000001c       0x2a /usr/lib/gcc/arm-none-eabi/10.3.1/crtbegin.o
 .ARM.attributes
                0x0000000000000046       0x1a /usr/lib/gcc/arm-none-eabi/10.3.1/../../../arm-none-eabi/lib/crt0.o
 .ARM.attributes
                0x0000000000000060       0x2a hello.o
 .ARM.attributes
                0x000000000000008a       0x1a startup.o
 .ARM.attributes
                0x00000000000000a4       0x2a reloc.o
 .ARM.attributes
                0x00000000000000ce       0x2a framework.o
 .ARM.attributes
                0x00000000000000f8       0x30 stack.o
 .ARM.attributes
                0x0000000000000128       0x2a /usr/lib/gcc/arm-none-eabi/10.3.1/../../../arm-none-eabi/lib/libc_nano.a(lib_a-atexit.o)
 .ARM.attributes
                0x0000000000000152       0x2a /usr/lib/gcc/arm-none-eabi/10.3.1/../../../arm-none-eabi/lib/libc_nano.a(lib_a-exit.o)
 .ARM.attributes
                0x000000000000017c       0x2a /usr/lib/gcc/arm-none-eabi/10.3.1/../../../arm-none-eabi/lib/libc_nano.a(lib_a-fini.o)
 .ARM.attributes
                0x00000000000001a6       0x30 /usr/lib/gcc/arm-none-eabi/10.3.1/../../../arm-none-eabi/lib/libc_nano.a(lib_a-impure.o)
 .ARM.attributes
                0x00000000000001d6       0x2a /usr/lib/gcc/arm-none-eabi/10.3.1/../../../arm-none-eabi/lib/libc_nano.a(lib_a-init.o)
 .ARM.attributes
                0x0000000000000200       0x2a /usr/lib/gcc/arm-none-eabi/10.3.1/../../../arm-none-eabi/lib/libc_nano.a(lib_a-memset.o)
 .ARM.attributes
                0x000000000000022a       0x2a /usr/lib/gcc/arm-none-eabi/10.3.1/../../../arm-none-eabi/lib/libc_nano.a(lib_a-nano-vfprintf_float.o)
 .ARM.attributes
                0x0000000000000254       0x2a /usr/lib/gcc/arm-none-eabi/10.3.1/../../../arm-none-eabi/lib/libc_nano.a(lib_a-nano-vfprintf_i.o)
 .ARM.attributes
                0x000000000000027e       0x2a /usr/lib/gcc/arm-none-eabi/10.3.1/../../../arm-none-eabi/lib/libc_nano.a(lib_a-printf.o)
 .ARM.attributes
                0x00000000000002a8       0x2a /usr/lib/gcc/arm-none-eabi/10.3.1/../../../arm-none-eabi/lib/libc_nano.a(lib_a-strlen-stub.o)
 .ARM.attributes
                0x00000000000002d2       0x2a /usr/lib/gcc/arm-none-eabi/10.3.1/../../../arm-none-eabi/lib/libc_nano.a(lib_a-__atexit.o)
 .ARM.attributes
                0x00000000000002fc       0x2a /usr/lib/gcc/arm-none-eabi/10.3.1/../../../arm-none-eabi/lib/libc_nano.a(lib_a-__call_atexit.o)
 .ARM.attributes
                0x0000000000000326       0x2a /usr/lib/gcc/arm-none-eabi/10.3.1/../../../arm-none-eabi/lib/libc_nano.a(lib_a-dtoa.o)
 .ARM.attributes
                0x0000000000000350       0x2a /usr/lib/gcc/arm-none-eabi/10.3.1/../../../arm-none-eabi/lib/libc_nano.a(lib_a-findfp.o)
 .ARM.attributes
                0x000000000000037a       0x2a /usr/lib/gcc/arm-none-eabi/10.3.1/../../../arm-none-eabi/lib/libc_nano.a(lib_a-fwalk.o)
 .ARM.attributes
                0x00000000000003a4       0x2a /usr/lib/gcc/arm-none-eabi/10.3.1/../../../arm-none-eabi/lib/libc_nano.a(lib_a-localeconv.o)
 .ARM.attributes
                0x00000000000003ce       0x2a /usr/lib/gcc/arm-none-eabi/10.3.1/../../../arm-none-eabi/lib/libc_nano.a(lib_a-malloc.o)
 .ARM.attributes
                0x00000000000003f8       0x2a /usr/lib/gcc/arm-none-eabi/10.3.1/../../../arm-none-eabi/lib/libc_nano.a(lib_a-memchr-stub.o)
 .ARM.attributes
                0x0000000000000422       0x2a /usr/lib/gcc/arm-none-eabi/10.3.1/../../../arm-none-eabi/lib/libc_nano.a(lib_a-memcpy-stub.o)
 .ARM.attributes
                0x000000000000044c       0x2a /usr/lib/gcc/arm-none-eabi/10.3.1/../../../arm-none-eabi/lib/libc_nano.a(lib_a-mprec.o)
 .ARM.attributes
                0x0000000000000476       0x2a /usr/lib/gcc/arm-none-eabi/10.3.1/../../../arm-none-eabi/lib/libc_nano.a(lib_a-nano-callocr.o)
 .ARM.attributes
                0x00000000000004a0       0x2a /usr/lib/gcc/arm-none-eabi/10.3.1/../../../arm-none-eabi/lib/libc_nano.a(lib_a-nano-freer.o)
 .ARM.attributes
                0x00000000000004ca       0x2a /usr/lib/gcc/arm-none-eabi/10.3.1/../../../arm-none-eabi/lib/libc_nano.a(lib_a-nano-mallocr.o)
 .ARM.attributes
                0x00000000000004f4       0x2a /usr/lib/gcc/arm-none-eabi/10.3.1/../../../arm-none-eabi/lib/libc_nano.a(lib_a-nano-vfprintf.o)
 .ARM.attributes
                0x000000000000051e       0x2a /usr/lib/gcc/arm-none-eabi/10.3.1/../../../arm-none-eabi/lib/libc_nano.a(lib_a-sbrkr.o)
 .ARM.attributes
                0x0000000000000548       0x2a /usr/lib/gcc/arm-none-eabi/10.3.1/../../../arm-none-eabi/lib/libc_nano.a(lib_a-stdio.o)
 .ARM.attributes
                0x0000000000000572       0x2a /usr/lib/gcc/arm-none-eabi/10.3.1/../../../arm-none-eabi/lib/libc_nano.a(lib_a-wbuf.o)
 .ARM.attributes
                0x000000000000059c       0x2a /usr/lib/gcc/arm-none-eabi/10.3.1/../../../arm-none-eabi/lib/libc_nano.a(lib_a-writer.o)
 .ARM.attributes
                0x00000000000005c6       0x2a /usr/lib/gcc/arm-none-eabi/10.3.1/../../../arm-none-eabi/lib/libc_nano.a(lib_a-wsetup.o)
 .ARM.attributes
                0x00000000000005f0       0x2a /usr/lib/gcc/arm-none-eabi/10.3.1/../../../arm-none-eabi/lib/libc_nano.a(lib_a-assert.o)
 .ARM.attributes
                0x000000000000061a       0x2a /usr/lib/gcc/arm-none-eabi/10.3.1/../../../arm-none-eabi/lib/libc_nano.a(lib_a-closer.o)
 .ARM.attributes
                0x0000000000000644       0x2a /usr/lib/gcc/arm-none-eabi/10.3.1/../../../arm-none-eabi/lib/libc_nano.a(lib_a-fflush.o)
 .ARM.attributes
                0x000000000000066e       0x2a /usr/lib/gcc/arm-none-eabi/10.3.1/../../../arm-none-eabi/lib/libc_nano.a(lib_a-fprintf.o)
 .ARM.attributes
                0x0000000000000698       0x2a /usr/lib/gcc/arm-none-eabi/10.3.1/../../../arm-none-eabi/lib/libc_nano.a(lib_a-fvwrite.o)
 .ARM.attributes
                0x00000000000006c2       0x2a /usr/lib/gcc/arm-none-eabi/10.3.1/../../../arm-none-eabi/lib/libc_nano.a(lib_a-locale.o)
 .ARM.attributes
                0x00000000000006ec       0x2a /usr/lib/gcc/arm-none-eabi/10.3.1/../../../arm-none-eabi/lib/libc_nano.a(lib_a-lseekr.o)
 .ARM.attributes
                0x0000000000000716       0x2a /usr/lib/gcc/arm-none-eabi/10.3.1/../../../arm-none-eabi/lib/libc_nano.a(lib_a-makebuf.o)
 .ARM.attributes
                0x0000000000000740       0x2a /usr/lib/gcc/arm-none-eabi/10.3.1/../../../arm-none-eabi/lib/libc_nano.a(lib_a-mbtowc_r.o)
 .ARM.attributes
                0x000000000000076a       0x2a /usr/lib/gcc/arm-none-eabi/10.3.1/../../../arm-none-eabi/lib/libc_nano.a(lib_a-memmove.o)
 .ARM.attributes
                0x0000000000000794       0x2a /usr/lib/gcc/arm-none-eabi/10.3.1/../../../arm-none-eabi/lib/libc_nano.a(lib_a-mlock.o)
 .ARM.attributes
                0x00000000000007be       0x2a /usr/lib/gcc/arm-none-eabi/10.3.1/../../../arm-none-eabi/lib/libc_nano.a(lib_a-nano-reallocr.o)
 .ARM.attributes
                0x00000000000007e8       0x2a /usr/lib/gcc/arm-none-eabi/10.3.1/../../../arm-none-eabi/lib/libc_nano.a(lib_a-readr.o)
 .ARM.attributes
                0x0000000000000812       0x2a /usr/lib/gcc/arm-none-eabi/10.3.1/../../../arm-none-eabi/lib/libc_nano.a(lib_a-reent.o)
 .ARM.attributes
                0x000000000000083c       0x1a /usr/lib/gcc/arm-none-eabi/10.3.1/../../../arm-none-eabi/lib/libc_nano.a(lib_a-strcmp.o)
 .ARM.attributes
                0x0000000000000856       0x2a /usr/lib/gcc/arm-none-eabi/10.3.1/../../../arm-none-eabi/lib/libc_nano.a(lib_a-wctomb_r.o)
 .ARM.attributes
                0x0000000000000880       0x2a /usr/lib/gcc/arm-none-eabi/10.3.1/../../../arm-none-eabi/lib/libc_nano.a(lib_a-abort.o)
 .ARM.attributes
                0x00000000000008aa       0x30 /usr/lib/gcc/arm-none-eabi/10.3.1/../../../arm-none-eabi/lib/libc_nano.a(lib_a-ctype_.o)
 .ARM.attributes
                0x00000000000008da       0x2a /usr/lib/gcc/arm-none-eabi/10.3.1/../../../arm-none-eabi/lib/libc_nano.a(lib_a-fstatr.o)
 .ARM.attributes
                0x0000000000000904       0x2a /usr/lib/gcc/arm-none-eabi/10.3.1/../../../arm-none-eabi/lib/libc_nano.a(lib_a-isattyr.o)
 .ARM.attributes
                0x000000000000092e       0x2a /usr/lib/gcc/arm-none-eabi/10.3.1/../../../arm-none-eabi/lib/libc_nano.a(lib_a-nano-msizer.o)
 .ARM.attributes
                0x0000000000000958       0x2a /usr/lib/gcc/arm-none-eabi/10.3.1/../../../arm-none-eabi/lib/libc_nano.a(lib_a-signal.o)
 .ARM.attributes
                0x0000000000000982       0x2a /usr/lib/gcc/arm-none-eabi/10.3.1/../../../arm-none-eabi/lib/libc_nano.a(lib_a-signalr.o)
 .ARM.attributes
                0x00000000000009ac       0x1c /usr/lib/gcc/arm-none-eabi/10.3.1/libgcc.a(_arm_muldf3.o)
 .ARM.attributes
                0x00000000000009c8       0x1c /usr/lib/gcc/arm-none-eabi/10.3.1/libgcc.a(_udivsi3.o)
 .ARM.attributes
                0x00000000000009e4       0x1c /usr/lib/gcc/arm-none-eabi/10.3.1/libgcc.a(_divsi3.o)
 .ARM.attributes
                0x0000000000000a00       0x1c /usr/lib/gcc/arm-none-eabi/10.3.1/libgcc.a(_dvmd_tls.o)
 .ARM.attributes
                0x0000000000000a1c       0x1c /usr/lib/gcc/arm-none-eabi/10.3.1/libgcc.a(_arm_addsubdf3.o)
 .ARM.attributes
                0x0000000000000a38       0x1c /usr/lib/gcc/arm-none-eabi/10.3.1/libgcc.a(_arm_muldivdf3.o)
 .ARM.attributes
                0x0000000000000a54       0x1c /usr/lib/gcc/arm-none-eabi/10.3.1/libgcc.a(_arm_cmpdf2.o)
 .ARM.attributes
                0x0000000000000a70       0x1c /usr/lib/gcc/arm-none-eabi/10.3.1/libgcc.a(_arm_unorddf2.o)
 .ARM.attributes
                0x0000000000000a8c       0x1c /usr/lib/gcc/arm-none-eabi/10.3.1/libgcc.a(_arm_fixdfsi.o)
 .ARM.attributes
                0x0000000000000aa8       0x2a /usr/lib/gcc/arm-none-eabi/10.3.1/../../../arm-none-eabi/lib/libnosys.a(_exit.o)
 .ARM.attributes
                0x0000000000000ad2       0x30 /usr/lib/gcc/arm-none-eabi/10.3.1/crtend.o
 .ARM.attributes
                0x0000000000000b02       0x1c /usr/lib/gcc/arm-none-eabi/10.3.1/crtn.o

.comment        0x0000000000000000       0x33
 .comment       0x0000000000000000       0x33 /usr/lib/gcc/arm-none-eabi/10.3.1/crtbegin.o
                                         0x34 (size before relaxing)
 .comment       0x0000000000000033       0x34 hello.o
 .comment       0x0000000000000033       0x34 reloc.o
 .comment       0x0000000000000033       0x34 framework.o
 .comment       0x0000000000000033       0x34 stack.o
 .comment       0x0000000000000033       0x34 /usr/lib/gcc/arm-none-eabi/10.3.1/../../../arm-none-eabi/lib/libc_nano.a(lib_a-atexit.o)
 .comment       0x0000000000000033       0x34 /usr/lib/gcc/arm-none-eabi/10.3.1/../../../arm-none-eabi/lib/libc_nano.a(lib_a-exit.o)
 .comment       0x0000000000000033       0x34 /usr/lib/gcc/arm-none-eabi/10.3.1/../../../arm-none-eabi/lib/libc_nano.a(lib_a-fini.o)
 .comment       0x0000000000000033       0x34 /usr/lib/gcc/arm-none-eabi/10.3.1/../../../arm-none-eabi/lib/libc_nano.a(lib_a-impure.o)
 .comment       0x0000000000000033       0x34 /usr/lib/gcc/arm-none-eabi/10.3.1/../../../arm-none-eabi/lib/libc_nano.a(lib_a-init.o)
 .comment       0x0000000000000033       0x34 /usr/lib/gcc/arm-none-eabi/10.3.1/../../../arm-none-eabi/lib/libc_nano.a(lib_a-memset.o)
 .comment       0x0000000000000033       0x34 /usr/lib/gcc/arm-none-eabi/10.3.1/../../../arm-none-eabi/lib/libc_nano.a(lib_a-nano-vfprintf_float.o)
 .comment       0x0000000000000033       0x34 /usr/lib/gcc/arm-none-eabi/10.3.1/../../../arm-none-eabi/lib/libc_nano.a(lib_a-nano-vfprintf_i.o)
 .comment       0x0000000000000033       0x34 /usr/lib/gcc/arm-none-eabi/10.3.1/../../../arm-none-eabi/lib/libc_nano.a(lib_a-printf.o)
 .comment       0x0000000000000033       0x34 /usr/lib/gcc/arm-none-eabi/10.3.1/../../../arm-none-eabi/lib/libc_nano.a(lib_a-strlen-stub.o)
 .comment       0x0000000000000033       0x34 /usr/lib/gcc/arm-none-eabi/10.3.1/../../../arm-none-eabi/lib/libc_nano.a(lib_a-__atexit.o)
 .comment       0x0000000000000033       0x34 /usr/lib/gcc/arm-none-eabi/10.3.1/../../../arm-none-eabi/lib/libc_nano.a(lib_a-__call_atexit.o)
 .comment       0x0000000000000033       0x34 /usr/lib/gcc/arm-none-eabi/10.3.1/../../../arm-none-eabi/lib/libc_nano.a(lib_a-dtoa.o)
 .comment       0x0000000000000033       0x34 /usr/lib/gcc/arm-none-eabi/10.3.1/../../../arm-none-eabi/lib/libc_nano.a(lib_a-findfp.o)
 .comment       0x0000000000000033       0x34 /usr/lib/gcc/arm-none-eabi/10.3.1/../../../arm-none-eabi/lib/libc_nano.a(lib_a-fwalk.o)
 .comment       0x0000000000000033       0x34 /usr/lib/gcc/arm-none-eabi/10.3.1/../../../arm-none-eabi/lib/libc_nano.a(lib_a-localeconv.o)
 .comment       0x0000000000000033       0x34 /usr/lib/gcc/arm-none-eabi/10.3.1/../../../arm-none-eabi/lib/libc_nano.a(lib_a-malloc.o)
 .comment       0x0000000000000033       0x34 /usr/lib/gcc/arm-none-eabi/10.3.1/../../../arm-none-eabi/lib/libc_nano.a(lib_a-memchr-stub.o)
 .comment       0x0000000000000033       0x34 /usr/lib/gcc/arm-none-eabi/10.3.1/../../../arm-none-eabi/lib/libc_nano.a(lib_a-memcpy-stub.o)
 .comment       0x0000000000000033       0x34 /usr/lib/gcc/arm-none-eabi/10.3.1/../../../arm-none-eabi/lib/libc_nano.a(lib_a-mprec.o)
 .comment       0x0000000000000033       0x34 /usr/lib/gcc/arm-none-eabi/10.3.1/../../../arm-none-eabi/lib/libc_nano.a(lib_a-nano-callocr.o)
 .comment       0x0000000000000033       0x34 /usr/lib/gcc/arm-none-eabi/10.3.1/../../../arm-none-eabi/lib/libc_nano.a(lib_a-nano-freer.o)
 .comment       0x0000000000000033       0x34 /usr/lib/gcc/arm-none-eabi/10.3.1/../../../arm-none-eabi/lib/libc_nano.a(lib_a-nano-mallocr.o)
 .comment       0x0000000000000033       0x34 /usr/lib/gcc/arm-none-eabi/10.3.1/../../../arm-none-eabi/lib/libc_nano.a(lib_a-nano-vfprintf.o)
 .comment       0x0000000000000033       0x34 /usr/lib/gcc/arm-none-eabi/10.3.1/../../../arm-none-eabi/lib/libc_nano.a(lib_a-sbrkr.o)
 .comment       0x0000000000000033       0x34 /usr/lib/gcc/arm-none-eabi/10.3.1/../../../arm-none-eabi/lib/libc_nano.a(lib_a-stdio.o)
 .comment       0x0000000000000033       0x34 /usr/lib/gcc/arm-none-eabi/10.3.1/../../../arm-none-eabi/lib/libc_nano.a(lib_a-wbuf.o)
 .comment       0x0000000000000033       0x34 /usr/lib/gcc/arm-none-eabi/10.3.1/../../../arm-none-eabi/lib/libc_nano.a(lib_a-writer.o)
 .comment       0x0000000000000033       0x34 /usr/lib/gcc/arm-none-eabi/10.3.1/../../../arm-none-eabi/lib/libc_nano.a(lib_a-wsetup.o)
 .comment       0x0000000000000033       0x34 /usr/lib/gcc/arm-none-eabi/10.3.1/../../../arm-none-eabi/lib/libc_nano.a(lib_a-assert.o)
 .comment       0x0000000000000033       0x34 /usr/lib/gcc/arm-none-eabi/10.3.1/../../../arm-none-eabi/lib/libc_nano.a(lib_a-closer.o)
 .comment       0x0000000000000033       0x34 /usr/lib/gcc/arm-none-eabi/10.3.1/../../../arm-none-eabi/lib/libc_nano.a(lib_a-fflush.o)
 .comment       0x0000000000000033       0x34 /usr/lib/gcc/arm-none-eabi/10.3.1/../../../arm-none-eabi/lib/libc_nano.a(lib_a-fprintf.o)
 .comment       0x0000000000000033       0x34 /usr/lib/gcc/arm-none-eabi/10.3.1/../../../arm-none-eabi/lib/libc_nano.a(lib_a-fvwrite.o)
 .comment       0x0000000000000033       0x34 /usr/lib/gcc/arm-none-eabi/10.3.1/../../../arm-none-eabi/lib/libc_nano.a(lib_a-locale.o)
 .comment       0x0000000000000033       0x34 /usr/lib/gcc/arm-none-eabi/10.3.1/../../../arm-none-eabi/lib/libc_nano.a(lib_a-lseekr.o)
 .comment       0x0000000000000033       0x34 /usr/lib/gcc/arm-none-eabi/10.3.1/../../../arm-none-eabi/lib/libc_nano.a(lib_a-makebuf.o)
 .comment       0x0000000000000033       0x34 /usr/lib/gcc/arm-none-eabi/10.3.1/../../../arm-none-eabi/lib/libc_nano.a(lib_a-mbtowc_r.o)
 .comment       0x0000000000000033       0x34 /usr/lib/gcc/arm-none-eabi/10.3.1/../../../arm-none-eabi/lib/libc_nano.a(lib_a-memmove.o)
 .comment       0x0000000000000033       0x34 /usr/lib/gcc/arm-none-eabi/10.3.1/../../../arm-none-eabi/lib/libc_nano.a(lib_a-mlock.o)
 .comment       0x0000000000000033       0x34 /usr/lib/gcc/arm-none-eabi/10.3.1/../../../arm-none-eabi/lib/libc_nano.a(lib_a-nano-reallocr.o)
 .comment       0x0000000000000033       0x34 /usr/lib/gcc/arm-none-eabi/10.3.1/../../../arm-none-eabi/lib/libc_nano.a(lib_a-readr.o)
 .comment       0x0000000000000033       0x34 /usr/lib/gcc/arm-none-eabi/10.3.1/../../../arm-none-eabi/lib/libc_nano.a(lib_a-reent.o)
 .comment       0x0000000000000033       0x34 /usr/lib/gcc/arm-none-eabi/10.3.1/../../../arm-none-eabi/lib/libc_nano.a(lib_a-wctomb_r.o)
 .comment       0x0000000000000033       0x34 /usr/lib/gcc/arm-none-eabi/10.3.1/../../../arm-none-eabi/lib/libc_nano.a(lib_a-abort.o)
 .comment       0x0000000000000033       0x34 /usr/lib/gcc/arm-none-eabi/10.3.1/../../../arm-none-eabi/lib/libc_nano.a(lib_a-ctype_.o)
 .comment       0x0000000000000033       0x34 /usr/lib/gcc/arm-none-eabi/10.3.1/../../../arm-none-eabi/lib/libc_nano.a(lib_a-fstatr.o)
 .comment       0x0000000000000033       0x34 /usr/lib/gcc/arm-none-eabi/10.3.1/../../../arm-none-eabi/lib/libc_nano.a(lib_a-isattyr.o)
 .comment       0x0000000000000033       0x34 /usr/lib/gcc/arm-none-eabi/10.3.1/../../../arm-none-eabi/lib/libc_nano.a(lib_a-nano-msizer.o)
 .comment       0x0000000000000033       0x34 /usr/lib/gcc/arm-none-eabi/10.3.1/../../../arm-none-eabi/lib/libc_nano.a(lib_a-signal.o)
 .comment       0x0000000000000033       0x34 /usr/lib/gcc/arm-none-eabi/10.3.1/../../../arm-none-eabi/lib/libc_nano.a(lib_a-signalr.o)
 .comment       0x0000000000000033       0x34 /usr/lib/gcc/arm-none-eabi/10.3.1/../../../arm-none-eabi/lib/libnosys.a(_exit.o)
 .comment       0x0000000000000033       0x34 /usr/lib/gcc/arm-none-eabi/10.3.1/crtend.o

.debug_line     0x0000000000000000     0xa9b3
 .debug_line    0x0000000000000000       0xa3 /usr/lib/gcc/arm-none-eabi/10.3.1/../../../arm-none-eabi/lib/crt0.o
 .debug_line    0x00000000000000a3       0xbc /usr/lib/gcc/arm-none-eabi/10.3.1/../../../arm-none-eabi/lib/libc_nano.a(lib_a-atexit.o)
 .debug_line    0x000000000000015f      0x162 /usr/lib/gcc/arm-none-eabi/10.3.1/../../../arm-none-eabi/lib/libc_nano.a(lib_a-exit.o)
 .debug_line    0x00000000000002c1       0xdb /usr/lib/gcc/arm-none-eabi/10.3.1/../../../arm-none-eabi/lib/libc_nano.a(lib_a-fini.o)
 .debug_line    0x000000000000039c       0xdb /usr/lib/gcc/arm-none-eabi/10.3.1/../../../arm-none-eabi/lib/libc_nano.a(lib_a-impure.o)
 .debug_line    0x0000000000000477      0x121 /usr/lib/gcc/arm-none-eabi/10.3.1/../../../arm-none-eabi/lib/libc_nano.a(lib_a-init.o)
 .debug_line    0x0000000000000598      0x1d5 /usr/lib/gcc/arm-none-eabi/10.3.1/../../../arm-none-eabi/lib/libc_nano.a(lib_a-memset.o)
 .debug_line    0x000000000000076d      0x9dc /usr/lib/gcc/arm-none-eabi/10.3.1/../../../arm-none-eabi/lib/libc_nano.a(lib_a-nano-vfprintf_float.o)
 .debug_line    0x0000000000001149      0x73d /usr/lib/gcc/arm-none-eabi/10.3.1/../../../arm-none-eabi/lib/libc_nano.a(lib_a-nano-vfprintf_i.o)
 .debug_line    0x0000000000001886      0x222 /usr/lib/gcc/arm-none-eabi/10.3.1/../../../arm-none-eabi/lib/libc_nano.a(lib_a-printf.o)
 .debug_line    0x0000000000001aa8       0xeb /usr/lib/gcc/arm-none-eabi/10.3.1/../../../arm-none-eabi/lib/libc_nano.a(lib_a-strlen-stub.o)
 .debug_line    0x0000000000001b93      0x1ef /usr/lib/gcc/arm-none-eabi/10.3.1/../../../arm-none-eabi/lib/libc_nano.a(lib_a-__atexit.o)
 .debug_line    0x0000000000001d82      0x1ee /usr/lib/gcc/arm-none-eabi/10.3.1/../../../arm-none-eabi/lib/libc_nano.a(lib_a-__call_atexit.o)
 .debug_line    0x0000000000001f70     0x1499 /usr/lib/gcc/arm-none-eabi/10.3.1/../../../arm-none-eabi/lib/libc_nano.a(lib_a-dtoa.o)
 .debug_line    0x0000000000003409      0x5b0 /usr/lib/gcc/arm-none-eabi/10.3.1/../../../arm-none-eabi/lib/libc_nano.a(lib_a-findfp.o)
 .debug_line    0x00000000000039b9      0x276 /usr/lib/gcc/arm-none-eabi/10.3.1/../../../arm-none-eabi/lib/libc_nano.a(lib_a-fwalk.o)
 .debug_line    0x0000000000003c2f      0x1b6 /usr/lib/gcc/arm-none-eabi/10.3.1/../../../arm-none-eabi/lib/libc_nano.a(lib_a-localeconv.o)
 .debug_line    0x0000000000003de5      0x15a /usr/lib/gcc/arm-none-eabi/10.3.1/../../../arm-none-eabi/lib/libc_nano.a(lib_a-malloc.o)
 .debug_line    0x0000000000003f3f      0x1b5 /usr/lib/gcc/arm-none-eabi/10.3.1/../../../arm-none-eabi/lib/libc_nano.a(lib_a-memchr-stub.o)
 .debug_line    0x00000000000040f4      0x1ba /usr/lib/gcc/arm-none-eabi/10.3.1/../../../arm-none-eabi/lib/libc_nano.a(lib_a-memcpy-stub.o)
 .debug_line    0x00000000000042ae     0x1619 /usr/lib/gcc/arm-none-eabi/10.3.1/../../../arm-none-eabi/lib/libc_nano.a(lib_a-mprec.o)
 .debug_line    0x00000000000058c7      0x169 /usr/lib/gcc/arm-none-eabi/10.3.1/../../../arm-none-eabi/lib/libc_nano.a(lib_a-nano-callocr.o)
 .debug_line    0x0000000000005a30      0x28a /usr/lib/gcc/arm-none-eabi/10.3.1/../../../arm-none-eabi/lib/libc_nano.a(lib_a-nano-freer.o)
 .debug_line    0x0000000000005cba      0x2a2 /usr/lib/gcc/arm-none-eabi/10.3.1/../../../arm-none-eabi/lib/libc_nano.a(lib_a-nano-mallocr.o)
 .debug_line    0x0000000000005f5c      0x687 /usr/lib/gcc/arm-none-eabi/10.3.1/../../../arm-none-eabi/lib/libc_nano.a(lib_a-nano-vfprintf.o)
 .debug_line    0x00000000000065e3      0x192 /usr/lib/gcc/arm-none-eabi/10.3.1/../../../arm-none-eabi/lib/libc_nano.a(lib_a-sbrkr.o)
 .debug_line    0x0000000000006775      0x226 /usr/lib/gcc/arm-none-eabi/10.3.1/../../../arm-none-eabi/lib/libc_nano.a(lib_a-stdio.o)
 .debug_line    0x000000000000699b      0x274 /usr/lib/gcc/arm-none-eabi/10.3.1/../../../arm-none-eabi/lib/libc_nano.a(lib_a-wbuf.o)
 .debug_line    0x0000000000006c0f      0x183 /usr/lib/gcc/arm-none-eabi/10.3.1/../../../arm-none-eabi/lib/libc_nano.a(lib_a-writer.o)
 .debug_line    0x0000000000006d92      0x33b /usr/lib/gcc/arm-none-eabi/10.3.1/../../../arm-none-eabi/lib/libc_nano.a(lib_a-wsetup.o)
 .debug_line    0x00000000000070cd      0x171 /usr/lib/gcc/arm-none-eabi/10.3.1/../../../arm-none-eabi/lib/libc_nano.a(lib_a-assert.o)
 .debug_line    0x000000000000723e      0x186 /usr/lib/gcc/arm-none-eabi/10.3.1/../../../arm-none-eabi/lib/libc_nano.a(lib_a-closer.o)
 .debug_line    0x00000000000073c4      0x45b /usr/lib/gcc/arm-none-eabi/10.3.1/../../../arm-none-eabi/lib/libc_nano.a(lib_a-fflush.o)
 .debug_line    0x000000000000781f      0x194 /usr/lib/gcc/arm-none-eabi/10.3.1/../../../arm-none-eabi/lib/libc_nano.a(lib_a-fprintf.o)
 .debug_line    0x00000000000079b3      0x5ef /usr/lib/gcc/arm-none-eabi/10.3.1/../../../arm-none-eabi/lib/libc_nano.a(lib_a-fvwrite.o)
 .debug_line    0x0000000000007fa2      0x234 /usr/lib/gcc/arm-none-eabi/10.3.1/../../../arm-none-eabi/lib/libc_nano.a(lib_a-locale.o)
 .debug_line    0x00000000000081d6      0x183 /usr/lib/gcc/arm-none-eabi/10.3.1/../../../arm-none-eabi/lib/libc_nano.a(lib_a-lseekr.o)
 .debug_line    0x0000000000008359      0x394 /usr/lib/gcc/arm-none-eabi/10.3.1/../../../arm-none-eabi/lib/libc_nano.a(lib_a-makebuf.o)
 .debug_line    0x00000000000086ed      0x1f8 /usr/lib/gcc/arm-none-eabi/10.3.1/../../../arm-none-eabi/lib/libc_nano.a(lib_a-mbtowc_r.o)
 .debug_line    0x00000000000088e5      0x1fd /usr/lib/gcc/arm-none-eabi/10.3.1/../../../arm-none-eabi/lib/libc_nano.a(lib_a-memmove.o)
 .debug_line    0x0000000000008ae2      0x135 /usr/lib/gcc/arm-none-eabi/10.3.1/../../../arm-none-eabi/lib/libc_nano.a(lib_a-mlock.o)
 .debug_line    0x0000000000008c17      0x1bb /usr/lib/gcc/arm-none-eabi/10.3.1/../../../arm-none-eabi/lib/libc_nano.a(lib_a-nano-reallocr.o)
 .debug_line    0x0000000000008dd2      0x182 /usr/lib/gcc/arm-none-eabi/10.3.1/../../../arm-none-eabi/lib/libc_nano.a(lib_a-readr.o)
 .debug_line    0x0000000000008f54      0x2b8 /usr/lib/gcc/arm-none-eabi/10.3.1/../../../arm-none-eabi/lib/libc_nano.a(lib_a-reent.o)
 .debug_line    0x000000000000920c       0xf9 /usr/lib/gcc/arm-none-eabi/10.3.1/../../../arm-none-eabi/lib/libc_nano.a(lib_a-strcmp.o)
 .debug_line    0x0000000000009305      0x1fb /usr/lib/gcc/arm-none-eabi/10.3.1/../../../arm-none-eabi/lib/libc_nano.a(lib_a-wctomb_r.o)
 .debug_line    0x0000000000009500      0x100 /usr/lib/gcc/arm-none-eabi/10.3.1/../../../arm-none-eabi/lib/libc_nano.a(lib_a-abort.o)
 .debug_line    0x0000000000009600       0x5e /usr/lib/gcc/arm-none-eabi/10.3.1/../../../arm-none-eabi/lib/libc_nano.a(lib_a-ctype_.o)
 .debug_line    0x000000000000965e      0x1ff /usr/lib/gcc/arm-none-eabi/10.3.1/../../../arm-none-eabi/lib/libc_nano.a(lib_a-fstatr.o)
 .debug_line    0x000000000000985d      0x187 /usr/lib/gcc/arm-none-eabi/10.3.1/../../../arm-none-eabi/lib/libc_nano.a(lib_a-isattyr.o)
 .debug_line    0x00000000000099e4      0x153 /usr/lib/gcc/arm-none-eabi/10.3.1/../../../arm-none-eabi/lib/libc_nano.a(lib_a-nano-msizer.o)
 .debug_line    0x0000000000009b37      0x5d2 /usr/lib/gcc/arm-none-eabi/10.3.1/../../../arm-none-eabi/lib/libc_nano.a(lib_a-signal.o)
 .debug_line    0x000000000000a109      0x1ab /usr/lib/gcc/arm-none-eabi/10.3.1/../../../arm-none-eabi/lib/libc_nano.a(lib_a-signalr.o)
 .debug_line    0x000000000000a2b4       0xf2 /usr/lib/gcc/arm-none-eabi/10.3.1/libgcc.a(_arm_muldf3.o)
 .debug_line    0x000000000000a3a6       0x74 /usr/lib/gcc/arm-none-eabi/10.3.1/libgcc.a(_udivsi3.o)
 .debug_line    0x000000000000a41a       0x80 /usr/lib/gcc/arm-none-eabi/10.3.1/libgcc.a(_divsi3.o)
 .debug_line    0x000000000000a49a       0x57 /usr/lib/gcc/arm-none-eabi/10.3.1/libgcc.a(_dvmd_tls.o)
 .debug_line    0x000000000000a4f1      0x166 /usr/lib/gcc/arm-none-eabi/10.3.1/libgcc.a(_arm_addsubdf3.o)
 .debug_line    0x000000000000a657      0x175 /usr/lib/gcc/arm-none-eabi/10.3.1/libgcc.a(_arm_muldivdf3.o)
 .debug_line    0x000000000000a7cc       0xa8 /usr/lib/gcc/arm-none-eabi/10.3.1/libgcc.a(_arm_cmpdf2.o)
 .debug_line    0x000000000000a874       0x65 /usr/lib/gcc/arm-none-eabi/10.3.1/libgcc.a(_arm_unorddf2.o)
 .debug_line    0x000000000000a8d9       0x6e /usr/lib/gcc/arm-none-eabi/10.3.1/libgcc.a(_arm_fixdfsi.o)
 .debug_line    0x000000000000a947       0x6c /usr/lib/gcc/arm-none-eabi/10.3.1/../../../arm-none-eabi/lib/libnosys.a(_exit.o)

.debug_info     0x0000000000000000    0x1ca92
 .debug_info    0x0000000000000000       0x26 /usr/lib/gcc/arm-none-eabi/10.3.1/../../../arm-none-eabi/lib/crt0.o
 .debug_info    0x0000000000000026      0x100 /usr/lib/gcc/arm-none-eabi/10.3.1/../../../arm-none-eabi/lib/libc_nano.a(lib_a-atexit.o)
 .debug_info    0x0000000000000126      0x81a /usr/lib/gcc/arm-none-eabi/10.3.1/../../../arm-none-eabi/lib/libc_nano.a(lib_a-exit.o)
 .debug_info    0x0000000000000940      0x102 /usr/lib/gcc/arm-none-eabi/10.3.1/../../../arm-none-eabi/lib/libc_nano.a(lib_a-fini.o)
 .debug_info    0x0000000000000a42      0x863 /usr/lib/gcc/arm-none-eabi/10.3.1/../../../arm-none-eabi/lib/libc_nano.a(lib_a-impure.o)
 .debug_info    0x00000000000012a5      0x11a /usr/lib/gcc/arm-none-eabi/10.3.1/../../../arm-none-eabi/lib/libc_nano.a(lib_a-init.o)
 .debug_info    0x00000000000013bf      0x13d /usr/lib/gcc/arm-none-eabi/10.3.1/../../../arm-none-eabi/lib/libc_nano.a(lib_a-memset.o)
 .debug_info    0x00000000000014fc     0x140b /usr/lib/gcc/arm-none-eabi/10.3.1/../../../arm-none-eabi/lib/libc_nano.a(lib_a-nano-vfprintf_float.o)
 .debug_info    0x0000000000002907      0xeaf /usr/lib/gcc/arm-none-eabi/10.3.1/../../../arm-none-eabi/lib/libc_nano.a(lib_a-nano-vfprintf_i.o)
 .debug_info    0x00000000000037b6      0x8fd /usr/lib/gcc/arm-none-eabi/10.3.1/../../../arm-none-eabi/lib/libc_nano.a(lib_a-printf.o)
 .debug_info    0x00000000000040b3       0xbc /usr/lib/gcc/arm-none-eabi/10.3.1/../../../arm-none-eabi/lib/libc_nano.a(lib_a-strlen-stub.o)
 .debug_info    0x000000000000416f      0x269 /usr/lib/gcc/arm-none-eabi/10.3.1/../../../arm-none-eabi/lib/libc_nano.a(lib_a-__atexit.o)
 .debug_info    0x00000000000043d8      0x249 /usr/lib/gcc/arm-none-eabi/10.3.1/../../../arm-none-eabi/lib/libc_nano.a(lib_a-__call_atexit.o)
 .debug_info    0x0000000000004621     0x194d /usr/lib/gcc/arm-none-eabi/10.3.1/../../../arm-none-eabi/lib/libc_nano.a(lib_a-dtoa.o)
 .debug_info    0x0000000000005f6e      0xfb4 /usr/lib/gcc/arm-none-eabi/10.3.1/../../../arm-none-eabi/lib/libc_nano.a(lib_a-findfp.o)
 .debug_info    0x0000000000006f22      0x900 /usr/lib/gcc/arm-none-eabi/10.3.1/../../../arm-none-eabi/lib/libc_nano.a(lib_a-fwalk.o)
 .debug_info    0x0000000000007822      0xad8 /usr/lib/gcc/arm-none-eabi/10.3.1/../../../arm-none-eabi/lib/libc_nano.a(lib_a-localeconv.o)
 .debug_info    0x00000000000082fa      0x832 /usr/lib/gcc/arm-none-eabi/10.3.1/../../../arm-none-eabi/lib/libc_nano.a(lib_a-malloc.o)
 .debug_info    0x0000000000008b2c      0x155 /usr/lib/gcc/arm-none-eabi/10.3.1/../../../arm-none-eabi/lib/libc_nano.a(lib_a-memchr-stub.o)
 .debug_info    0x0000000000008c81      0x15c /usr/lib/gcc/arm-none-eabi/10.3.1/../../../arm-none-eabi/lib/libc_nano.a(lib_a-memcpy-stub.o)
 .debug_info    0x0000000000008ddd     0x1ff1 /usr/lib/gcc/arm-none-eabi/10.3.1/../../../arm-none-eabi/lib/libc_nano.a(lib_a-mprec.o)
 .debug_info    0x000000000000adce      0x858 /usr/lib/gcc/arm-none-eabi/10.3.1/../../../arm-none-eabi/lib/libc_nano.a(lib_a-nano-callocr.o)
 .debug_info    0x000000000000b626      0x93c /usr/lib/gcc/arm-none-eabi/10.3.1/../../../arm-none-eabi/lib/libc_nano.a(lib_a-nano-freer.o)
 .debug_info    0x000000000000bf62      0xa44 /usr/lib/gcc/arm-none-eabi/10.3.1/../../../arm-none-eabi/lib/libc_nano.a(lib_a-nano-mallocr.o)
 .debug_info    0x000000000000c9a6     0x1175 /usr/lib/gcc/arm-none-eabi/10.3.1/../../../arm-none-eabi/lib/libc_nano.a(lib_a-nano-vfprintf.o)
 .debug_info    0x000000000000db1b      0x828 /usr/lib/gcc/arm-none-eabi/10.3.1/../../../arm-none-eabi/lib/libc_nano.a(lib_a-sbrkr.o)
 .debug_info    0x000000000000e343      0xac1 /usr/lib/gcc/arm-none-eabi/10.3.1/../../../arm-none-eabi/lib/libc_nano.a(lib_a-stdio.o)
 .debug_info    0x000000000000ee04      0x998 /usr/lib/gcc/arm-none-eabi/10.3.1/../../../arm-none-eabi/lib/libc_nano.a(lib_a-wbuf.o)
 .debug_info    0x000000000000f79c      0x85a /usr/lib/gcc/arm-none-eabi/10.3.1/../../../arm-none-eabi/lib/libc_nano.a(lib_a-writer.o)
 .debug_info    0x000000000000fff6      0x902 /usr/lib/gcc/arm-none-eabi/10.3.1/../../../arm-none-eabi/lib/libc_nano.a(lib_a-wsetup.o)
 .debug_info    0x00000000000108f8      0x90f /usr/lib/gcc/arm-none-eabi/10.3.1/../../../arm-none-eabi/lib/libc_nano.a(lib_a-assert.o)
 .debug_info    0x0000000000011207      0x805 /usr/lib/gcc/arm-none-eabi/10.3.1/../../../arm-none-eabi/lib/libc_nano.a(lib_a-closer.o)
 .debug_info    0x0000000000011a0c      0xb16 /usr/lib/gcc/arm-none-eabi/10.3.1/../../../arm-none-eabi/lib/libc_nano.a(lib_a-fflush.o)
 .debug_info    0x0000000000012522      0x902 /usr/lib/gcc/arm-none-eabi/10.3.1/../../../arm-none-eabi/lib/libc_nano.a(lib_a-fprintf.o)
 .debug_info    0x0000000000012e24      0xb55 /usr/lib/gcc/arm-none-eabi/10.3.1/../../../arm-none-eabi/lib/libc_nano.a(lib_a-fvwrite.o)
 .debug_info    0x0000000000013979      0xca4 /usr/lib/gcc/arm-none-eabi/10.3.1/../../../arm-none-eabi/lib/libc_nano.a(lib_a-locale.o)
 .debug_info    0x000000000001461d      0x83b /usr/lib/gcc/arm-none-eabi/10.3.1/../../../arm-none-eabi/lib/libc_nano.a(lib_a-lseekr.o)
 .debug_info    0x0000000000014e58      0xc6e /usr/lib/gcc/arm-none-eabi/10.3.1/../../../arm-none-eabi/lib/libc_nano.a(lib_a-makebuf.o)
 .debug_info    0x0000000000015ac6      0xb5d /usr/lib/gcc/arm-none-eabi/10.3.1/../../../arm-none-eabi/lib/libc_nano.a(lib_a-mbtowc_r.o)
 .debug_info    0x0000000000016623      0x152 /usr/lib/gcc/arm-none-eabi/10.3.1/../../../arm-none-eabi/lib/libc_nano.a(lib_a-memmove.o)
 .debug_info    0x0000000000016775      0x7dc /usr/lib/gcc/arm-none-eabi/10.3.1/../../../arm-none-eabi/lib/libc_nano.a(lib_a-mlock.o)
 .debug_info    0x0000000000016f51      0x910 /usr/lib/gcc/arm-none-eabi/10.3.1/../../../arm-none-eabi/lib/libc_nano.a(lib_a-nano-reallocr.o)
 .debug_info    0x0000000000017861      0x853 /usr/lib/gcc/arm-none-eabi/10.3.1/../../../arm-none-eabi/lib/libc_nano.a(lib_a-readr.o)
 .debug_info    0x00000000000180b4      0xa7c /usr/lib/gcc/arm-none-eabi/10.3.1/../../../arm-none-eabi/lib/libc_nano.a(lib_a-reent.o)
 .debug_info    0x0000000000018b30       0x26 /usr/lib/gcc/arm-none-eabi/10.3.1/../../../arm-none-eabi/lib/libc_nano.a(lib_a-strcmp.o)
 .debug_info    0x0000000000018b56      0xb26 /usr/lib/gcc/arm-none-eabi/10.3.1/../../../arm-none-eabi/lib/libc_nano.a(lib_a-wctomb_r.o)
 .debug_info    0x000000000001967c       0xcb /usr/lib/gcc/arm-none-eabi/10.3.1/../../../arm-none-eabi/lib/libc_nano.a(lib_a-abort.o)
 .debug_info    0x0000000000019747       0xb8 /usr/lib/gcc/arm-none-eabi/10.3.1/../../../arm-none-eabi/lib/libc_nano.a(lib_a-ctype_.o)
 .debug_info    0x00000000000197ff      0xa1d /usr/lib/gcc/arm-none-eabi/10.3.1/../../../arm-none-eabi/lib/libc_nano.a(lib_a-fstatr.o)
 .debug_info    0x000000000001a21c      0x805 /usr/lib/gcc/arm-none-eabi/10.3.1/../../../arm-none-eabi/lib/libc_nano.a(lib_a-isattyr.o)
 .debug_info    0x000000000001aa21      0x840 /usr/lib/gcc/arm-none-eabi/10.3.1/../../../arm-none-eabi/lib/libc_nano.a(lib_a-nano-msizer.o)
 .debug_info    0x000000000001b261      0xdbf /usr/lib/gcc/arm-none-eabi/10.3.1/../../../arm-none-eabi/lib/libc_nano.a(lib_a-signal.o)
 .debug_info    0x000000000001c020      0x879 /usr/lib/gcc/arm-none-eabi/10.3.1/../../../arm-none-eabi/lib/libc_nano.a(lib_a-signalr.o)
 .debug_info    0x000000000001c899       0x26 /usr/lib/gcc/arm-none-eabi/10.3.1/libgcc.a(_arm_muldf3.o)
 .debug_info    0x000000000001c8bf       0x26 /usr/lib/gcc/arm-none-eabi/10.3.1/libgcc.a(_udivsi3.o)
 .debug_info    0x000000000001c8e5       0x26 /usr/lib/gcc/arm-none-eabi/10.3.1/libgcc.a(_divsi3.o)
 .debug_info    0x000000000001c90b       0x26 /usr/lib/gcc/arm-none-eabi/10.3.1/libgcc.a(_dvmd_tls.o)
 .debug_info    0x000000000001c931       0x26 /usr/lib/gcc/arm-none-eabi/10.3.1/libgcc.a(_arm_addsubdf3.o)
 .debug_info    0x000000000001c957       0x26 /usr/lib/gcc/arm-none-eabi/10.3.1/libgcc.a(_arm_muldivdf3.o)
 .debug_info    0x000000000001c97d       0x26 /usr/lib/gcc/arm-none-eabi/10.3.1/libgcc.a(_arm_cmpdf2.o)
 .debug_info    0x000000000001c9a3       0x26 /usr/lib/gcc/arm-none-eabi/10.3.1/libgcc.a(_arm_unorddf2.o)
 .debug_info    0x000000000001c9c9       0x26 /usr/lib/gcc/arm-none-eabi/10.3.1/libgcc.a(_arm_fixdfsi.o)
 .debug_info    0x000000000001c9ef       0xa3 /usr/lib/gcc/arm-none-eabi/10.3.1/../../../arm-none-eabi/lib/libnosys.a(_exit.o)

.debug_abbrev   0x0000000000000000     0x5fe7
 .debug_abbrev  0x0000000000000000       0x14 /usr/lib/gcc/arm-none-eabi/10.3.1/../../../arm-none-eabi/lib/crt0.o
 .debug_abbrev  0x0000000000000014       0xb4 /usr/lib/gcc/arm-none-eabi/10.3.1/../../../arm-none-eabi/lib/libc_nano.a(lib_a-atexit.o)
 .debug_abbrev  0x00000000000000c8      0x1ba /usr/lib/gcc/arm-none-eabi/10.3.1/../../../arm-none-eabi/lib/libc_nano.a(lib_a-exit.o)
 .debug_abbrev  0x0000000000000282       0xcc /usr/lib/gcc/arm-none-eabi/10.3.1/../../../arm-none-eabi/lib/libc_nano.a(lib_a-fini.o)
 .debug_abbrev  0x000000000000034e      0x151 /usr/lib/gcc/arm-none-eabi/10.3.1/../../../arm-none-eabi/lib/libc_nano.a(lib_a-impure.o)
 .debug_abbrev  0x000000000000049f       0xcc /usr/lib/gcc/arm-none-eabi/10.3.1/../../../arm-none-eabi/lib/libc_nano.a(lib_a-init.o)
 .debug_abbrev  0x000000000000056b       0xb4 /usr/lib/gcc/arm-none-eabi/10.3.1/../../../arm-none-eabi/lib/libc_nano.a(lib_a-memset.o)
 .debug_abbrev  0x000000000000061f      0x2fb /usr/lib/gcc/arm-none-eabi/10.3.1/../../../arm-none-eabi/lib/libc_nano.a(lib_a-nano-vfprintf_float.o)
 .debug_abbrev  0x000000000000091a      0x287 /usr/lib/gcc/arm-none-eabi/10.3.1/../../../arm-none-eabi/lib/libc_nano.a(lib_a-nano-vfprintf_i.o)
 .debug_abbrev  0x0000000000000ba1      0x23e /usr/lib/gcc/arm-none-eabi/10.3.1/../../../arm-none-eabi/lib/libc_nano.a(lib_a-printf.o)
 .debug_abbrev  0x0000000000000ddf       0x79 /usr/lib/gcc/arm-none-eabi/10.3.1/../../../arm-none-eabi/lib/libc_nano.a(lib_a-strlen-stub.o)
 .debug_abbrev  0x0000000000000e58      0x1bd /usr/lib/gcc/arm-none-eabi/10.3.1/../../../arm-none-eabi/lib/libc_nano.a(lib_a-__atexit.o)
 .debug_abbrev  0x0000000000001015      0x179 /usr/lib/gcc/arm-none-eabi/10.3.1/../../../arm-none-eabi/lib/libc_nano.a(lib_a-__call_atexit.o)
 .debug_abbrev  0x000000000000118e      0x30b /usr/lib/gcc/arm-none-eabi/10.3.1/../../../arm-none-eabi/lib/libc_nano.a(lib_a-dtoa.o)
 .debug_abbrev  0x0000000000001499      0x3ca /usr/lib/gcc/arm-none-eabi/10.3.1/../../../arm-none-eabi/lib/libc_nano.a(lib_a-findfp.o)
 .debug_abbrev  0x0000000000001863      0x197 /usr/lib/gcc/arm-none-eabi/10.3.1/../../../arm-none-eabi/lib/libc_nano.a(lib_a-fwalk.o)
 .debug_abbrev  0x00000000000019fa      0x225 /usr/lib/gcc/arm-none-eabi/10.3.1/../../../arm-none-eabi/lib/libc_nano.a(lib_a-localeconv.o)
 .debug_abbrev  0x0000000000001c1f      0x1b3 /usr/lib/gcc/arm-none-eabi/10.3.1/../../../arm-none-eabi/lib/libc_nano.a(lib_a-malloc.o)
 .debug_abbrev  0x0000000000001dd2       0xc3 /usr/lib/gcc/arm-none-eabi/10.3.1/../../../arm-none-eabi/lib/libc_nano.a(lib_a-memchr-stub.o)
 .debug_abbrev  0x0000000000001e95       0xc7 /usr/lib/gcc/arm-none-eabi/10.3.1/../../../arm-none-eabi/lib/libc_nano.a(lib_a-memcpy-stub.o)
 .debug_abbrev  0x0000000000001f5c      0x432 /usr/lib/gcc/arm-none-eabi/10.3.1/../../../arm-none-eabi/lib/libc_nano.a(lib_a-mprec.o)
 .debug_abbrev  0x000000000000238e      0x1b9 /usr/lib/gcc/arm-none-eabi/10.3.1/../../../arm-none-eabi/lib/libc_nano.a(lib_a-nano-callocr.o)
 .debug_abbrev  0x0000000000002547      0x232 /usr/lib/gcc/arm-none-eabi/10.3.1/../../../arm-none-eabi/lib/libc_nano.a(lib_a-nano-freer.o)
 .debug_abbrev  0x0000000000002779      0x290 /usr/lib/gcc/arm-none-eabi/10.3.1/../../../arm-none-eabi/lib/libc_nano.a(lib_a-nano-mallocr.o)
 .debug_abbrev  0x0000000000002a09      0x345 /usr/lib/gcc/arm-none-eabi/10.3.1/../../../arm-none-eabi/lib/libc_nano.a(lib_a-nano-vfprintf.o)
 .debug_abbrev  0x0000000000002d4e      0x1d6 /usr/lib/gcc/arm-none-eabi/10.3.1/../../../arm-none-eabi/lib/libc_nano.a(lib_a-sbrkr.o)
 .debug_abbrev  0x0000000000002f24      0x1db /usr/lib/gcc/arm-none-eabi/10.3.1/../../../arm-none-eabi/lib/libc_nano.a(lib_a-stdio.o)
 .debug_abbrev  0x00000000000030ff      0x21f /usr/lib/gcc/arm-none-eabi/10.3.1/../../../arm-none-eabi/lib/libc_nano.a(lib_a-wbuf.o)
 .debug_abbrev  0x000000000000331e      0x1b0 /usr/lib/gcc/arm-none-eabi/10.3.1/../../../arm-none-eabi/lib/libc_nano.a(lib_a-writer.o)
 .debug_abbrev  0x00000000000034ce      0x1d4 /usr/lib/gcc/arm-none-eabi/10.3.1/../../../arm-none-eabi/lib/libc_nano.a(lib_a-wsetup.o)
 .debug_abbrev  0x00000000000036a2      0x1c3 /usr/lib/gcc/arm-none-eabi/10.3.1/../../../arm-none-eabi/lib/libc_nano.a(lib_a-assert.o)
 .debug_abbrev  0x0000000000003865      0x1ab /usr/lib/gcc/arm-none-eabi/10.3.1/../../../arm-none-eabi/lib/libc_nano.a(lib_a-closer.o)
 .debug_abbrev  0x0000000000003a10      0x2ee /usr/lib/gcc/arm-none-eabi/10.3.1/../../../arm-none-eabi/lib/libc_nano.a(lib_a-fflush.o)
 .debug_abbrev  0x0000000000003cfe      0x213 /usr/lib/gcc/arm-none-eabi/10.3.1/../../../arm-none-eabi/lib/libc_nano.a(lib_a-fprintf.o)
 .debug_abbrev  0x0000000000003f11      0x20f /usr/lib/gcc/arm-none-eabi/10.3.1/../../../arm-none-eabi/lib/libc_nano.a(lib_a-fvwrite.o)
 .debug_abbrev  0x0000000000004120      0x2b0 /usr/lib/gcc/arm-none-eabi/10.3.1/../../../arm-none-eabi/lib/libc_nano.a(lib_a-locale.o)
 .debug_abbrev  0x00000000000043d0      0x1bf /usr/lib/gcc/arm-none-eabi/10.3.1/../../../arm-none-eabi/lib/libc_nano.a(lib_a-lseekr.o)
 .debug_abbrev  0x000000000000458f      0x290 /usr/lib/gcc/arm-none-eabi/10.3.1/../../../arm-none-eabi/lib/libc_nano.a(lib_a-makebuf.o)
 .debug_abbrev  0x000000000000481f      0x1ff /usr/lib/gcc/arm-none-eabi/10.3.1/../../../arm-none-eabi/lib/libc_nano.a(lib_a-mbtowc_r.o)
 .debug_abbrev  0x0000000000004a1e       0xc0 /usr/lib/gcc/arm-none-eabi/10.3.1/../../../arm-none-eabi/lib/libc_nano.a(lib_a-memmove.o)
 .debug_abbrev  0x0000000000004ade      0x189 /usr/lib/gcc/arm-none-eabi/10.3.1/../../../arm-none-eabi/lib/libc_nano.a(lib_a-mlock.o)
 .debug_abbrev  0x0000000000004c67      0x1d3 /usr/lib/gcc/arm-none-eabi/10.3.1/../../../arm-none-eabi/lib/libc_nano.a(lib_a-nano-reallocr.o)
 .debug_abbrev  0x0000000000004e3a      0x1ab /usr/lib/gcc/arm-none-eabi/10.3.1/../../../arm-none-eabi/lib/libc_nano.a(lib_a-readr.o)
 .debug_abbrev  0x0000000000004fe5      0x265 /usr/lib/gcc/arm-none-eabi/10.3.1/../../../arm-none-eabi/lib/libc_nano.a(lib_a-reent.o)
 .debug_abbrev  0x000000000000524a       0x14 /usr/lib/gcc/arm-none-eabi/10.3.1/../../../arm-none-eabi/lib/libc_nano.a(lib_a-strcmp.o)
 .debug_abbrev  0x000000000000525e      0x1fb /usr/lib/gcc/arm-none-eabi/10.3.1/../../../arm-none-eabi/lib/libc_nano.a(lib_a-wctomb_r.o)
 .debug_abbrev  0x0000000000005459       0x80 /usr/lib/gcc/arm-none-eabi/10.3.1/../../../arm-none-eabi/lib/libc_nano.a(lib_a-abort.o)
 .debug_abbrev  0x00000000000054d9       0x62 /usr/lib/gcc/arm-none-eabi/10.3.1/../../../arm-none-eabi/lib/libc_nano.a(lib_a-ctype_.o)
 .debug_abbrev  0x000000000000553b      0x1bf /usr/lib/gcc/arm-none-eabi/10.3.1/../../../arm-none-eabi/lib/libc_nano.a(lib_a-fstatr.o)
 .debug_abbrev  0x00000000000056fa      0x1ab /usr/lib/gcc/arm-none-eabi/10.3.1/../../../arm-none-eabi/lib/libc_nano.a(lib_a-isattyr.o)
 .debug_abbrev  0x00000000000058a5      0x191 /usr/lib/gcc/arm-none-eabi/10.3.1/../../../arm-none-eabi/lib/libc_nano.a(lib_a-nano-msizer.o)
 .debug_abbrev  0x0000000000005a36      0x2ca /usr/lib/gcc/arm-none-eabi/10.3.1/../../../arm-none-eabi/lib/libc_nano.a(lib_a-signal.o)
 .debug_abbrev  0x0000000000005d00      0x1c9 /usr/lib/gcc/arm-none-eabi/10.3.1/../../../arm-none-eabi/lib/libc_nano.a(lib_a-signalr.o)
 .debug_abbrev  0x0000000000005ec9       0x14 /usr/lib/gcc/arm-none-eabi/10.3.1/libgcc.a(_arm_muldf3.o)
 .debug_abbrev  0x0000000000005edd       0x14 /usr/lib/gcc/arm-none-eabi/10.3.1/libgcc.a(_udivsi3.o)
 .debug_abbrev  0x0000000000005ef1       0x14 /usr/lib/gcc/arm-none-eabi/10.3.1/libgcc.a(_divsi3.o)
 .debug_abbrev  0x0000000000005f05       0x14 /usr/lib/gcc/arm-none-eabi/10.3.1/libgcc.a(_dvmd_tls.o)
 .debug_abbrev  0x0000000000005f19       0x14 /usr/lib/gcc/arm-none-eabi/10.3.1/libgcc.a(_arm_addsubdf3.o)
 .debug_abbrev  0x0000000000005f2d       0x14 /usr/lib/gcc/arm-none-eabi/10.3.1/libgcc.a(_arm_muldivdf3.o)
 .debug_abbrev  0x0000000000005f41       0x14 /usr/lib/gcc/arm-none-eabi/10.3.1/libgcc.a(_arm_cmpdf2.o)
 .debug_abbrev  0x0000000000005f55       0x14 /usr/lib/gcc/arm-none-eabi/10.3.1/libgcc.a(_arm_unorddf2.o)
 .debug_abbrev  0x0000000000005f69       0x14 /usr/lib/gcc/arm-none-eabi/10.3.1/libgcc.a(_arm_fixdfsi.o)
 .debug_abbrev  0x0000000000005f7d       0x6a /usr/lib/gcc/arm-none-eabi/10.3.1/../../../arm-none-eabi/lib/libnosys.a(_exit.o)

.debug_aranges  0x0000000000000000      0x7d0
 .debug_aranges
                0x0000000000000000       0x20 /usr/lib/gcc/arm-none-eabi/10.3.1/../../../arm-none-eabi/lib/crt0.o
 .debug_aranges
                0x0000000000000020       0x20 /usr/lib/gcc/arm-none-eabi/10.3.1/../../../arm-none-eabi/lib/libc_nano.a(lib_a-atexit.o)
 .debug_aranges
                0x0000000000000040       0x20 /usr/lib/gcc/arm-none-eabi/10.3.1/../../../arm-none-eabi/lib/libc_nano.a(lib_a-exit.o)
 .debug_aranges
                0x0000000000000060       0x20 /usr/lib/gcc/arm-none-eabi/10.3.1/../../../arm-none-eabi/lib/libc_nano.a(lib_a-fini.o)
 .debug_aranges