<html>
<body>
<pre>
<h1>µVision Build Log</h1>
<h2>Project:</h2>
D:\keil\DHRY\DHRY.uvproj
Project File Date:  10/19/2010

<h2>Output:</h2>
Rebuild target 'AT91R40008'
assembling Startup.s...
Startup.s(263): error: A1163E: Unknown opcode IRQ_Handler , expecting opcode or Macro
compiling Retarget.c...
compiling Serial.c...
compiling Time.c...
Time.c(18): error:  #20: identifier "AIC_EOICR" is undefined
Time.c(18): error:  #20: identifier "TC0_SR" is undefined
Time.c(24): error:  #20: identifier "TC0_CMR" is undefined
Time.c(24): error:  #20: identifier "TC_CAPT" is undefined
Time.c(24): error:  #20: identifier "TC_CPCTRG" is undefined
Time.c(24): error:  #20: identifier "TC_CLKS_MCK8" is undefined
Time.c(25): error:  #20: identifier "TC0_RC" is undefined
Time.c(26): error:  #20: identifier "TC0_IER" is undefined
Time.c(26): error:  #20: identifier "TC_CPCS" is undefined
Time.c(27): error:  #20: identifier "AIC_SVR4" is undefined
Time.c(28): error:  #20: identifier "AIC_SMR4" is undefined
Time.c(28): error:  #20: identifier "AIC_SRCTYPE_INT_EDGE_TRIGGERED" is undefined
Time.c(29): error:  #20: identifier "AIC_IECR" is undefined
Time.c(29): error:  #20: identifier "TC0_ID" is undefined
Time.c(31): error:  #20: identifier "TC0_CCR" is undefined
Time.c(31): error:  #20: identifier "TC_CLKEN" is undefined
Time.c(31): error:  #20: identifier "TC_SWTRG" is undefined
compiling dhry_1.c...
compiling dhry_2.c...
Target not created
Rebuild target 'AT91R40008'
assembling Startup.s...
compiling Retarget.c...
compiling Serial.c...
compiling Time.c...
compiling dhry_1.c...
compiling dhry_2.c...
linking...
.\Obj\DHRY.axf: Error: L6218E: Undefined symbol IRQ_Handler (referred from startup.o).
Target not created
Rebuild target 'AT91R40008'
assembling Startup.s...
compiling Retarget.c...
compiling Serial.c...
compiling Time.c...
compiling dhry_1.c...
compiling dhry_2.c...
linking...
Program Size: Code=17680 RO-data=480 RW-data=56 ZI-data=11456  
".\Obj\DHRY.axf" - 0 Error(s), 0 Warning(s).
Rebuild target 'AT91R40008'
assembling Startup.s...
compiling Retarget.c...
compiling Serial.c...
compiling Time.c...
compiling dhry_1.c...
compiling dhry_2.c...
linking...
Program Size: Code=17680 RO-data=480 RW-data=56 ZI-data=11456  
User command #1: C:\Keil\ARM\BIN40\fromelf.exe --bin -o ./obj/DHRY.bin ./obj/DHRY.axf
".\Obj\DHRY.axf" - 0 Error(s), 0 Warning(s).
Rebuild target 'AT91R40008'
assembling Startup.s...
compiling Retarget.c...
compiling Serial.c...
compiling Time.c...
compiling dhry_1.c...
compiling dhry_2.c...
linking...
Program Size: Code=17280 RO-data=480 RW-data=56 ZI-data=11456  
User command #1: C:\Keil\ARM\BIN40\fromelf.exe --bin -o ./obj/DHRY.bin ./obj/DHRY.axf
".\Obj\DHRY.axf" - 0 Error(s), 0 Warning(s).
Rebuild target 'AT91R40008'
assembling Startup.s...
compiling Retarget.c...
compiling Serial.c...
compiling Time.c...
compiling dhry_1.c...
compiling dhry_2.c...
linking...
Program Size: Code=17284 RO-data=480 RW-data=56 ZI-data=15552  
User command #1: C:\Keil\ARM\BIN40\fromelf.exe --bin -o ./obj/DHRY.bin ./obj/DHRY.axf
".\Obj\DHRY.axf" - 0 Error(s), 0 Warning(s).
Rebuild target 'AT91R40008'
assembling Startup.s...
compiling Retarget.c...
compiling Serial.c...
compiling Time.c...
compiling dhry_1.c...
compiling dhry_2.c...
linking...
Program Size: Code=14384 RO-data=208 RW-data=52 ZI-data=15556  
User command #1: C:\Keil\ARM\BIN40\fromelf.exe --bin -o ./obj/DHRY.bin ./obj/DHRY.axf
".\Obj\DHRY.axf" - 0 Error(s), 0 Warning(s).
