ARM Linker, 4.1 [Build 894] [Evaluation]

==============================================================================

Section Cross References

    startup.o(STACK) refers (Special) to heapauxi.o(.text) for __use_two_region_memory
    startup.o(HEAP) refers (Special) to heapauxi.o(.text) for __use_two_region_memory
    startup.o(RESET) refers (Special) to heapauxi.o(.text) for __use_two_region_memory
    startup.o(RESET) refers to time.o(.text) for IRQ_Handler
    startup.o(RESET) refers to startup.o(STACK) for Stack_Top
    startup.o(RESET) refers to __main.o(!!!main) for __main
    startup.o(.text) refers (Special) to heapauxi.o(.text) for __use_two_region_memory
    startup.o(.text) refers to startup.o(HEAP) for Heap_Mem
    startup.o(.text) refers to startup.o(STACK) for Stack_Mem
    retarget.o(.text) refers (Special) to use_no_semi.o(.text) for __use_no_semihosting_swi
    retarget.o(.text) refers to serial.o(.text) for sendchar
    retarget.o(.text) refers to time.o(.data) for timeval
    retarget.o(.data) refers (Special) to use_no_semi.o(.text) for __use_no_semihosting_swi
    retarget.o(.data) refers (Special) to use_no_semi.o(.text) for __use_no_semihosting_swi
    time.o(.text) refers to time.o(.data) for .data
    dhry_1.o(.text) refers to _printf_percent.o(.ARM.Collect$$_printf_percent$$00000000) for _printf_percent
    dhry_1.o(.text) refers to _printf_d.o(.ARM.Collect$$_printf_percent$$00000009) for _printf_d
    dhry_1.o(.text) refers to _printf_dec.o(.text) for _printf_int_dec
    dhry_1.o(.text) refers to _printf_c.o(.ARM.Collect$$_printf_percent$$00000013) for _printf_c
    dhry_1.o(.text) refers to _printf_str.o(.text) for _printf_str
    dhry_1.o(.text) refers to _printf_s.o(.ARM.Collect$$_printf_percent$$00000014) for _printf_s
    dhry_1.o(.text) refers to _printf_pad.o(.text) for _printf_pre_padding
    dhry_1.o(.text) refers to _printf_f.o(.ARM.Collect$$_printf_percent$$00000003) for _printf_f
    dhry_1.o(.text) refers to printf1.o(x$fpl$printf1) for _printf_fp_dec
    dhry_1.o(.text) refers to dhry_2.o(.text) for Proc_7
    dhry_1.o(.text) refers to h1_alloc.o(.text) for malloc
    dhry_1.o(.text) refers to rt_memcpy_w.o(.text) for __aeabi_memcpy4
    dhry_1.o(.text) refers to noretval__2printf.o(.text) for __2printf
    dhry_1.o(.text) refers to retarget.o(.text) for clock
    dhry_1.o(.text) refers to aeabi_sdivfast.o(.text) for __aeabi_idivmod
    dhry_1.o(.text) refers to dhry_1.o(.data) for .data
    dhry_1.o(.text) refers to dhry_1.o(.bss) for .bss
    dhry_1.o(.text) refers to fflt_noclz.o(x$fpl$fflt) for __aeabi_i2f
    dhry_1.o(.text) refers to f2d.o(x$fpl$f2d) for __aeabi_f2d
    dhry_1.o(.text) refers to dmul.o(x$fpl$dmul) for __aeabi_dmul
    dhry_1.o(.text) refers to ddiv.o(x$fpl$ddiv) for __aeabi_ddiv
    dhry_1.o(.text) refers to d2f.o(x$fpl$d2f) for __aeabi_d2f
    dhry_1.o(.text) refers to fdiv.o(x$fpl$fdiv) for __aeabi_fdiv
    dhry_2.o(.text) refers to strcmpfast.o(.text) for strcmp
    dhry_2.o(.text) refers to dhry_1.o(.data) for Int_Glob
    malloc.o(.text) refers (Special) to hguard.o(.text) for __heap$guard
    malloc.o(.text) refers (Special) to init_alloc.o(.text) for _init_alloc
    malloc.o(.text) refers to rt_heap_descriptor_intlibspace.o(.text) for __rt_heap_descriptor
    malloc.o(.text) refers to heapstubs.o(.text) for __Heap_Alloc
    h1_alloc.o(.text) refers (Special) to h1_init.o(.text) for __Heap_Initialize
    h1_alloc.o(.text) refers to rt_heap_descriptor_intlibspace.o(.text) for __rt_heap_descriptor
    h1_alloc.o(.text) refers to init_alloc.o(.text) for __Heap_Full
    h1_alloc_mt.o(.text) refers (Special) to h1_init.o(.text) for __Heap_Initialize
    h1_alloc_mt.o(.text) refers to init_alloc.o(.text) for __Heap_Full
    h1_alloc_mt.o(.text) refers to rt_heap_descriptor_intlibspace.o(.text) for __rt_heap_descriptor
    heap2.o(i._FDIterate) refers to heap2.o(.constdata) for .constdata
    heap2.o(i.___Heap_ProvideMemory$realtime) refers to fdtree.o(i._FDTree_Delete) for _FDTree_Delete
    heap2.o(i.___Heap_ProvideMemory$realtime) refers to fdtree.o(i._FDTree_Insert) for _FDTree_Insert
    heap2.o(i.___Heap_Stats$realtime) refers to heap2.o(i._Heap2_StatsIterate) for _Heap2_StatsIterate
    heap2.o(i.___Heap_Stats$realtime) refers to aeabi_sdivfast.o(.text_udiv) for __aeabi_uidivmod
    heap2.o(i.___Heap_Valid$realtime) refers to heap2.o(i._FDIterate) for _FDIterate
    heap2.o(i.___Heap_Valid$realtime) refers to heap2.o(.constdata) for .constdata
    heap2.o(i._free$realtime) refers to rt_heap_descriptor_intlibspace.o(.text) for __rt_heap_descriptor
    heap2.o(i._free$realtime) refers to fdtree.o(i._FDTree_Delete) for _FDTree_Delete
    heap2.o(i._free$realtime) refers to fdtree.o(i._FDTree_Insert) for _FDTree_Insert
    heap2.o(i._malloc$realtime) refers to rt_heap_descriptor_intlibspace.o(.text) for __rt_heap_descriptor
[...]
    fflt_noclz.o(x$fpl$ffltu) refers (Special) to usenofp.o(x$fpl$usenofp) for __I$use$fp
    fflt_noclz.o(x$fpl$ffltu) refers to fflt_noclz.o(x$fpl$fflt) for __fflt_normalise
    fflt_noclz.o(x$fpl$fflt) refers (Special) to usenofp.o(x$fpl$usenofp) for __I$use$fp
    printf1.o(x$fpl$printf1) refers to _printf_fp_dec.o(.text) for _printf_fp_dec_real
    rtentry.o(.ARM.Collect$$rtentry$$00000000) refers (Special) to rtentry2.o(.ARM.Collect$$rtentry$$0000000A) for __rt_entry_li
    rtentry.o(.ARM.Collect$$rtentry$$00000000) refers (Special) to rtentry2.o(.ARM.Collect$$rtentry$$0000000D) for __rt_entry_main
    rtentry.o(.ARM.Collect$$rtentry$$00000000) refers (Special) to rtentry2.o(.ARM.Collect$$rtentry$$0000000C) for __rt_entry_postli_1
    rtentry.o(.ARM.Collect$$rtentry$$00000000) refers (Special) to rtentry2.o(.ARM.Collect$$rtentry$$00000009) for __rt_entry_postsh_1
    rtentry.o(.ARM.Collect$$rtentry$$00000000) refers (Special) to rtentry2.o(.ARM.Collect$$rtentry$$00000002) for __rt_entry_presh_1
    rtentry.o(.ARM.Collect$$rtentry$$00000000) refers (Special) to rtentry4.o(.ARM.Collect$$rtentry$$00000004) for __rt_entry_sh
    aeabi_idiv0_sigfpe.o(.text) refers to rt_div0.o(.text) for __rt_div0
    rt_heap_descriptor.o(.text) refers to rt_heap_descriptor.o(.bss) for __rt_heap_descriptor_data
    rt_heap_descriptor_intlibspace.o(.text) refers to libspace.o(.bss) for __libspace_start
    init_alloc.o(.text) refers (Special) to hguard.o(.text) for __heap$guard
    init_alloc.o(.text) refers (Special) to libinit2.o(.ARM.Collect$$libinit$$00000001) for __rt_lib_init_heap_2
    init_alloc.o(.text) refers (Special) to maybetermalloc1.o(.emb_text) for _maybe_terminate_alloc
    init_alloc.o(.text) refers to h1_extend.o(.text) for __Heap_ProvideMemory
    init_alloc.o(.text) refers to defsig_rtmem_outer.o(.text) for __rt_SIGRTMEM
    init_alloc.o(.text) refers to rt_heap_descriptor_intlibspace.o(.text) for __rt_heap_descriptor
    init_alloc.o(.text) refers to h1_init.o(.text) for __Heap_Initialize
    free.o(.text) refers (Special) to hguard.o(.text) for __heap$guard
    free.o(.text) refers to rt_heap_descriptor_intlibspace.o(.text) for __rt_heap_descriptor
    free.o(.text) refers to heapstubs.o(.text) for __Heap_Free
    h1_free.o(.text) refers to rt_heap_descriptor_intlibspace.o(.text) for __rt_heap_descriptor
    h1_init_mt.o(.text) refers to mutex_dummy.o(.text) for _mutex_initialize
    h1_free_mt.o(.text) refers to rt_heap_descriptor_intlibspace.o(.text) for __rt_heap_descriptor
    _printf_intcommon.o(.text) refers (Weak) to _printf_pad.o(.text) for _printf_pre_padding
    _printf_intcommon.o(.text) refers (Weak) to _printf_pad.o(.text) for _printf_pre_padding
    _printf_intcommon.o(.text) refers (Weak) to _printf_pad.o(.text) for _printf_post_padding
    _printf_fp_dec.o(.text) refers (Special) to usenofp.o(x$fpl$usenofp) for __I$use$fp
    _printf_fp_dec.o(.text) refers (Special) to lc_numeric_c.o(locale$$code) for _get_lc_numeric
    _printf_fp_dec.o(.text) refers to bigflt0.o(.text) for _btod_etento
    _printf_fp_dec.o(.text) refers to btod.o(CL$$btod_d2e) for _btod_d2e
    _printf_fp_dec.o(.text) refers to btod.o(CL$$btod_ediv) for _btod_ediv
    _printf_fp_dec.o(.text) refers to btod.o(CL$$btod_emul) for _btod_emul
    _printf_fp_dec.o(.text) refers to lludiv10.o(.text) for _ll_udiv10
    _printf_fp_dec.o(.text) refers to fpclassify.o(i.__ARM_fpclassify) for __ARM_fpclassify
    _printf_fp_dec.o(.text) refers to _printf_fp_infnan.o(.text) for _printf_fp_infnan
    _printf_fp_dec.o(.text) refers to rtudiv10.o(.text) for __rt_udiv10
    _printf_fp_dec.o(.text) refers (Weak) to _printf_pad.o(.text) for _printf_pre_padding
    _printf_fp_dec.o(.text) refers (Weak) to _printf_pad.o(.text) for _printf_pre_padding
    _printf_fp_dec.o(.text) refers to rt_locale_intlibspace.o(.text) for __rt_locale
    _printf_fp_dec.o(.text) refers (Weak) to _printf_pad.o(.text) for _printf_post_padding
    _printf_char.o(.text) refers (Weak) to _printf_str.o(.text) for _printf_str
    _printf_char_file.o(.text) refers to _printf_char_common.o(.text) for _printf_char_common
    _printf_char_file.o(.text) refers to retarget.o(.text) for ferror
    _get_argv.o(.text) refers (Special) to hrguard.o(.text) for __heap_region$guard
    _get_argv.o(.text) refers to h1_alloc.o(.text) for malloc
    _get_argv.o(.text) refers to defsig_rtmem_outer.o(.text) for __rt_SIGRTMEM
    _get_argv.o(.text) refers to sys_command.o(.text) for _sys_command_string
    libinit2.o(.ARM.Collect$$libinit$$00000001) refers (Weak) to init_alloc.o(.text) for _init_alloc
    libinit2.o(.ARM.Collect$$libinit$$0000000B) refers (Weak) to rt_locale_intlibspace.o(.text) for __rt_locale
    libinit2.o(.ARM.Collect$$libinit$$0000000C) refers to libinit2.o(.ARM.Collect$$libinit$$0000000B) for .ARM.Collect$$libinit$$0000000B
    libinit2.o(.ARM.Collect$$libinit$$0000000E) refers to libinit2.o(.ARM.Collect$$libinit$$0000000B) for .ARM.Collect$$libinit$$0000000B
    libinit2.o(.ARM.Collect$$libinit$$00000010) refers to libinit2.o(.ARM.Collect$$libinit$$0000000B) for .ARM.Collect$$libinit$$0000000B
    libinit2.o(.ARM.Collect$$libinit$$00000012) refers to libinit2.o(.ARM.Collect$$libinit$$0000000B) for .ARM.Collect$$libinit$$0000000B
    libinit2.o(.ARM.Collect$$libinit$$00000012) refers (Weak) to lc_numeric_c.o(locale$$code) for _get_lc_numeric
    libinit2.o(.ARM.Collect$$libinit$$00000014) refers to libinit2.o(.ARM.Collect$$libinit$$0000000B) for .ARM.Collect$$libinit$$0000000B
    libinit2.o(.ARM.Collect$$libinit$$0000001C) refers (Weak) to retarget.o(.text) for _clock_init
    libinit2.o(.ARM.Collect$$libinit$$00000022) refers to argv_veneer.o(.emb_text) for __ARM_argv_veneer
    libinit2.o(.ARM.Collect$$libinit$$00000023) refers to argv_veneer.o(.emb_text) for __ARM_argv_veneer
    dnaninf.o(x$fpl$dnaninf) refers (Special) to usenofp.o(x$fpl$usenofp) for __I$use$fp
    dretinf.o(x$fpl$dretinf) refers (Special) to usenofp.o(x$fpl$usenofp) for __I$use$fp
    fnaninf.o(x$fpl$fnaninf) refers (Special) to usenofp.o(x$fpl$usenofp) for __I$use$fp
    fretinf.o(x$fpl$fretinf) refers (Special) to usenofp.o(x$fpl$usenofp) for __I$use$fp
    sys_command.o(.text) refers (Special) to use_no_semi.o(.text) for __I$use$semihosting
    sys_command.o(.text) refers (Special) to indicate_semi.o(.text) for __semihosting_library_function
    libspace.o(.text) refers to libspace.o(.bss) for __libspace_start
    rtentry2.o(.ARM.Collect$$rtentry$$00000008) refers to boardinit2.o(.text) for _platform_post_stackheap_init
    rtentry2.o(.ARM.Collect$$rtentry$$0000000A) refers to libinit.o(.ARM.Collect$$libinit$$00000000) for __rt_lib_init
    rtentry2.o(.ARM.Collect$$rtentry$$0000000B) refers to boardinit3.o(.text) for _platform_post_lib_init
    rtentry2.o(.ARM.Collect$$rtentry$$0000000D) refers to dhry_1.o(.text) for main
    rtentry2.o(.ARM.Collect$$rtentry$$0000000D) refers to exit.o(.text) for exit
    rtentry2.o(.ARM.exidx) refers to rtentry2.o(.ARM.Collect$$rtentry$$00000001) for .ARM.Collect$$rtentry$$00000001
    rtentry2.o(.ARM.exidx) refers to rtentry2.o(.ARM.Collect$$rtentry$$00000008) for .ARM.Collect$$rtentry$$00000008
    rtentry2.o(.ARM.exidx) refers to rtentry2.o(.ARM.Collect$$rtentry$$0000000A) for .ARM.Collect$$rtentry$$0000000A
    rtentry2.o(.ARM.exidx) refers to rtentry2.o(.ARM.Collect$$rtentry$$0000000B) for .ARM.Collect$$rtentry$$0000000B
    rtentry2.o(.ARM.exidx) refers to rtentry2.o(.ARM.Collect$$rtentry$$0000000D) for .ARM.Collect$$rtentry$$0000000D
    rtentry4.o(.ARM.Collect$$rtentry$$00000004) refers to sys_stackheap_outer.o(.text) for __user_setup_stackheap
    rtentry4.o(.ARM.exidx) refers to rtentry4.o(.ARM.Collect$$rtentry$$00000004) for .ARM.Collect$$rtentry$$00000004
    rt_div0.o(.text) refers to defsig_fpe_outer.o(.text) for __rt_SIGFPE
    rt_locale.o(.text) refers to rt_locale.o(.bss) for __rt_locale_data
    rt_locale_intlibspace.o(.text) refers to libspace.o(.bss) for __libspace_start
    maybetermalloc2.o(.emb_text) refers (Special) to term_alloc.o(.text) for _terminate_alloc
    h1_extend.o(.text) refers to h1_free.o(.text) for free
    h1_extend_mt.o(.text) refers to h1_free_mt.o(.text) for _free_internal
    _printf_char_common.o(.text) refers to __printf_wp.o(.text) for __printf
    _printf_fp_infnan.o(.text) refers (Weak) to _printf_pad.o(.text) for _printf_pre_padding
    _printf_fp_infnan.o(.text) refers (Weak) to _printf_pad.o(.text) for _printf_post_padding
    bigflt0.o(.text) refers (Special) to usenofp.o(x$fpl$usenofp) for __I$use$fp
    bigflt0.o(.text) refers to aeabi_sdivfast.o(.text) for __aeabi_idivmod
    bigflt0.o(.text) refers to btod.o(CL$$btod_emul) for _btod_emul
    bigflt0.o(.text) refers to btod.o(CL$$btod_ediv) for _btod_ediv
    bigflt0.o(.text) refers to bigflt0.o(.constdata) for .constdata
    bigflt0.o(.constdata) refers (Special) to usenofp.o(x$fpl$usenofp) for __I$use$fp
    btod.o(CL$$btod_d2e) refers (Special) to usenofp.o(x$fpl$usenofp) for __I$use$fp
    btod.o(CL$$btod_d2e) refers to btod.o(CL$$btod_d2e_norm_op1) for _d2e_norm_op1
    btod.o(CL$$btod_d2e_norm_op1) refers (Special) to usenofp.o(x$fpl$usenofp) for __I$use$fp
    btod.o(CL$$btod_d2e_norm_op1) refers to btod.o(CL$$btod_d2e_denorm_low) for _d2e_denorm_low
    btod.o(CL$$btod_d2e_denorm_low) refers (Special) to usenofp.o(x$fpl$usenofp) for __I$use$fp
    btod.o(CL$$btod_emul) refers (Special) to usenofp.o(x$fpl$usenofp) for __I$use$fp
    btod.o(CL$$btod_emul) refers to btod.o(CL$$btod_mult_common) for __btod_mult_common
    btod.o(CL$$btod_emul) refers to btod.o(CL$$btod_e2e) for _e2e
    btod.o(CL$$btod_ediv) refers (Special) to usenofp.o(x$fpl$usenofp) for __I$use$fp
    btod.o(CL$$btod_ediv) refers to btod.o(CL$$btod_div_common) for __btod_div_common
    btod.o(CL$$btod_ediv) refers to btod.o(CL$$btod_e2e) for _e2e
    btod.o(CL$$btod_emuld) refers (Special) to usenofp.o(x$fpl$usenofp) for __I$use$fp
    btod.o(CL$$btod_emuld) refers to btod.o(CL$$btod_mult_common) for __btod_mult_common
    btod.o(CL$$btod_emuld) refers to btod.o(CL$$btod_e2d) for _e2d
    btod.o(CL$$btod_edivd) refers (Special) to usenofp.o(x$fpl$usenofp) for __I$use$fp
    btod.o(CL$$btod_edivd) refers to btod.o(CL$$btod_div_common) for __btod_div_common
    btod.o(CL$$btod_edivd) refers to btod.o(CL$$btod_e2d) for _e2d
    btod.o(CL$$btod_e2e) refers (Special) to usenofp.o(x$fpl$usenofp) for __I$use$fp
    btod.o(CL$$btod_e2d) refers (Special) to usenofp.o(x$fpl$usenofp) for __I$use$fp
    btod.o(CL$$btod_e2d) refers to btod.o(CL$$btod_e2e) for _e2e
    btod.o(CL$$btod_mult_common) refers (Special) to usenofp.o(x$fpl$usenofp) for __I$use$fp
    btod.o(CL$$btod_div_common) refers (Special) to usenofp.o(x$fpl$usenofp) for __I$use$fp
    lc_numeric_c.o(locale$$data) refers (Special) to libinit2.o(.ARM.Collect$$libinit$$00000012) for __rt_lib_init_lc_numeric_2
    lc_numeric_c.o(locale$$code) refers (Special) to libinit2.o(.ARM.Collect$$libinit$$00000012) for __rt_lib_init_lc_numeric_2
    lc_numeric_c.o(locale$$code) refers to strcmpfast.o(.text) for strcmp
    lc_numeric_c.o(locale$$code) refers to lc_numeric_c.o(locale$$data) for __lcnum_c_name
    defsig_rtmem_outer.o(.text) refers to defsig_rtmem_inner.o(.text) for __rt_SIGRTMEM_inner
    defsig_rtmem_outer.o(.text) refers to defsig_exit.o(.text) for __sig_exit
    defsig_rtmem_formal.o(.text) refers to rt_raise.o(.text) for __rt_raise
    heapauxa.o(.text) refers to heapauxa.o(.data) for .data
    argv_veneer.o(.emb_text) refers to no_argv.o(.text) for __ARM_get_argv
    istatus.o(x$fpl$ieeestatus) refers (Special) to usenofp.o(x$fpl$usenofp) for __I$use$fp
    fpclassify.o(i.__ARM_fpclassify) refers (Special) to usenofp.o(x$fpl$usenofp) for __I$use$fp
    sys_stackheap_outer.o(.text) refers to libspace.o(.text) for __user_perproc_libspace
    sys_stackheap_outer.o(.text) refers to startup.o(.text) for __user_initial_stackheap
    rt_raise.o(.text) refers to __raise.o(.text) for __raise
    rt_raise.o(.text) refers to retarget.o(.text) for _sys_exit
    term_alloc.o(.text) refers (Special) to libshutdown2.o(.ARM.Collect$$libshutdown$$0000000D) for __rt_lib_shutdown_heap_2
    term_alloc.o(.text) refers to rt_heap_descriptor_intlibspace.o(.text) for __rt_heap_descriptor
    term_alloc.o(.text) refers to h1_final.o(.text) for __Heap_Finalize
    exit.o(.text) refers to rtexit.o(.ARM.Collect$$rtexit$$00000000) for __rt_exit
    defsig_exit.o(.text) refers to retarget.o(.text) for _sys_exit
    defsig_fpe_outer.o(.text) refers to defsig_fpe_inner.o(.text) for __rt_SIGFPE_inner
    defsig_fpe_outer.o(.text) refers to defsig_exit.o(.text) for __sig_exit
    defsig_fpe_formal.o(.text) refers to rt_raise.o(.text) for __rt_raise
    defsig_rtmem_inner.o(.text) refers to defsig_general.o(.text) for __default_signal_display
    _get_argv_nomalloc.o(.text) refers (Special) to hrguard.o(.text) for __heap_region$guard
    _get_argv_nomalloc.o(.text) refers to defsig_rtmem_outer.o(.text) for __rt_SIGRTMEM
    _get_argv_nomalloc.o(.text) refers to sys_command.o(.text) for _sys_command_string
    libinit.o(.ARM.Collect$$libinit$$00000000) refers (Special) to libinit2.o(.ARM.Collect$$libinit$$0000002A) for __rt_lib_init_alloca_1
    libinit.o(.ARM.Collect$$libinit$$00000000) refers (Special) to libinit2.o(.ARM.Collect$$libinit$$00000028) for __rt_lib_init_argv_1
    libinit.o(.ARM.Collect$$libinit$$00000000) refers (Special) to libinit2.o(.ARM.Collect$$libinit$$00000017) for __rt_lib_init_atexit_1
    libinit.o(.ARM.Collect$$libinit$$00000000) refers (Special) to libinit2.o(.ARM.Collect$$libinit$$0000001C) for __rt_lib_init_clock_1
    libinit.o(.ARM.Collect$$libinit$$00000000) refers (Special) to libinit2.o(.ARM.Collect$$libinit$$0000002E) for __rt_lib_init_cpp_1
    libinit.o(.ARM.Collect$$libinit$$00000000) refers (Special) to libinit2.o(.ARM.Collect$$libinit$$0000002C) for __rt_lib_init_exceptions_1
    libinit.o(.ARM.Collect$$libinit$$00000000) refers (Special) to libinit2.o(.ARM.Collect$$libinit$$0000001B) for __rt_lib_init_fp_trap_1
    libinit.o(.ARM.Collect$$libinit$$00000000) refers (Special) to libinit2.o(.ARM.Collect$$libinit$$0000001F) for __rt_lib_init_getenv_1
    libinit.o(.ARM.Collect$$libinit$$00000000) refers (Special) to libinit2.o(.ARM.Collect$$libinit$$00000006) for __rt_lib_init_heap_1
    libinit.o(.ARM.Collect$$libinit$$00000000) refers (Special) to libinit2.o(.ARM.Collect$$libinit$$0000000D) for __rt_lib_init_lc_collate_1
    libinit.o(.ARM.Collect$$libinit$$00000000) refers (Special) to libinit2.o(.ARM.Collect$$libinit$$0000000F) for __rt_lib_init_lc_ctype_1
    libinit.o(.ARM.Collect$$libinit$$00000000) refers (Special) to libinit2.o(.ARM.Collect$$libinit$$00000011) for __rt_lib_init_lc_monetary_1
    libinit.o(.ARM.Collect$$libinit$$00000000) refers (Special) to libinit2.o(.ARM.Collect$$libinit$$00000013) for __rt_lib_init_lc_numeric_1
    libinit.o(.ARM.Collect$$libinit$$00000000) refers (Special) to libinit2.o(.ARM.Collect$$libinit$$00000015) for __rt_lib_init_lc_time_1
    libinit.o(.ARM.Collect$$libinit$$00000000) refers (Special) to libinit2.o(.ARM.Collect$$libinit$$0000000A) for __rt_lib_init_rand_1
    libinit.o(.ARM.Collect$$libinit$$00000000) refers (Special) to libinit2.o(.ARM.Collect$$libinit$$0000002F) for __rt_lib_init_return
    libinit.o(.ARM.Collect$$libinit$$00000000) refers (Special) to libinit2.o(.ARM.Collect$$libinit$$00000019) for __rt_lib_init_signal_1
    libinit.o(.ARM.Collect$$libinit$$00000000) refers (Special) to libinit2.o(.ARM.Collect$$libinit$$00000021) for __rt_lib_init_stdio_1
    libinit.o(.ARM.Collect$$libinit$$00000000) refers (Special) to libinit2.o(.ARM.Collect$$libinit$$00000008) for __rt_lib_init_user_alloc_1
    libinit.o(.ARM.Collect$$libinit$$00000000) refers to fpinit.o(x$fpl$fpinit) for _fp_init
    rtexit.o(.ARM.Collect$$rtexit$$00000000) refers (Special) to rtexit2.o(.ARM.Collect$$rtexit$$00000004) for __rt_exit_exit
    rtexit.o(.ARM.Collect$$rtexit$$00000000) refers (Special) to rtexit2.o(.ARM.Collect$$rtexit$$00000003) for __rt_exit_ls
    rtexit.o(.ARM.Collect$$rtexit$$00000000) refers (Special) to rtexit2.o(.ARM.Collect$$rtexit$$00000002) for __rt_exit_prels_1
    rtexit.o(.ARM.exidx) refers (Special) to rtexit2.o(.ARM.Collect$$rtexit$$00000004) for __rt_exit_exit
    rtexit.o(.ARM.exidx) refers (Special) to rtexit2.o(.ARM.Collect$$rtexit$$00000003) for __rt_exit_ls
    rtexit.o(.ARM.exidx) refers (Special) to rtexit2.o(.ARM.Collect$$rtexit$$00000002) for __rt_exit_prels_1
    rtexit.o(.ARM.exidx) refers to rtexit.o(.ARM.Collect$$rtexit$$00000000) for .ARM.Collect$$rtexit$$00000000
    __raise.o(.text) refers to defsig.o(CL$$defsig) for __default_signal_handler
    defsig_general.o(.text) refers to retarget.o(.text) for _ttywrch
    defsig_fpe_inner.o(.text) refers to defsig_general.o(.text) for __default_signal_display
    libshutdown2.o(.ARM.Collect$$libshutdown$$0000000C) refers (Weak) to term_alloc.o(.text) for _terminate_alloc
    fpinit.o(x$fpl$fpinit) refers to rt_fp_status_addr_intlibspace.o(.text) for __rt_fp_status_addr
    rtexit2.o(.ARM.Collect$$rtexit$$00000003) refers to libshutdown.o(.ARM.Collect$$libshutdown$$00000000) for __rt_lib_shutdown
    rtexit2.o(.ARM.Collect$$rtexit$$00000004) refers to retarget.o(.text) for _sys_exit
    rtexit2.o(.ARM.exidx) refers to rtexit2.o(.ARM.Collect$$rtexit$$00000001) for .ARM.Collect$$rtexit$$00000001
    rtexit2.o(.ARM.exidx) refers to rtexit2.o(.ARM.Collect$$rtexit$$00000003) for .ARM.Collect$$rtexit$$00000003
    rtexit2.o(.ARM.exidx) refers to rtexit2.o(.ARM.Collect$$rtexit$$00000004) for .ARM.Collect$$rtexit$$00000004
    rt_fp_status_addr.o(.text) refers to rt_fp_status_addr.o(.bss) for __rt_fp_status_addr_data
    rt_fp_status_addr_intlibspace.o(.text) refers to libspace.o(.bss) for __libspace_start
    defsig.o(CL$$defsig) refers to defsig_fpe_inner.o(.text) for __rt_SIGFPE_inner
    defsig.o(CL$$defsig) refers to defsig_rtmem_inner.o(.text) for __rt_SIGRTMEM_inner
    defsig_abrt_inner.o(.text) refers to defsig_general.o(.text) for __default_signal_display
    defsig_rtred_inner.o(.text) refers to defsig_general.o(.text) for __default_signal_display
    defsig_stak_inner.o(.text) refers to defsig_general.o(.text) for __default_signal_display
    defsig_pvfn_inner.o(.text) refers to defsig_general.o(.text) for __default_signal_display
    defsig_cppl_inner.o(.text) refers to defsig_general.o(.text) for __default_signal_display
    defsig_segv_inner.o(.text) refers to defsig_general.o(.text) for __default_signal_display
    defsig_other.o(.text) refers to defsig_general.o(.text) for __default_signal_display
    libshutdown.o(.ARM.Collect$$libshutdown$$00000000) refers (Special) to libshutdown2.o(.ARM.Collect$$libshutdown$$00000006) for __rt_lib_shutdown_fp_trap_1
    libshutdown.o(.ARM.Collect$$libshutdown$$00000000) refers (Special) to libshutdown2.o(.ARM.Collect$$libshutdown$$0000000E) for __rt_lib_shutdown_heap_1
    libshutdown.o(.ARM.Collect$$libshutdown$$00000000) refers (Special) to libshutdown2.o(.ARM.Collect$$libshutdown$$0000000F) for __rt_lib_shutdown_return
    libshutdown.o(.ARM.Collect$$libshutdown$$00000000) refers (Special) to libshutdown2.o(.ARM.Collect$$libshutdown$$00000009) for __rt_lib_shutdown_signal_1
    libshutdown.o(.ARM.Collect$$libshutdown$$00000000) refers (Special) to libshutdown2.o(.ARM.Collect$$libshutdown$$00000003) for __rt_lib_shutdown_stdio_1
    libshutdown.o(.ARM.Collect$$libshutdown$$00000000) refers (Special) to libshutdown2.o(.ARM.Collect$$libshutdown$$0000000B) for __rt_lib_shutdown_user_alloc_1


==============================================================================

Removing Unused input sections from the image.

    Removing retarget.o(.data), (4 bytes).

1 unused section(s) (total 4 bytes) removed from the image.

==============================================================================

Image Symbol Table

    Local Symbols

    Symbol Name                              Value     Ov Type        Size  Object(Section)

    RESET                                    0x00000000   Section      176  startup.o(RESET)
    ../../angel/boardlib.s                   0x00000000   Number         0  boardshut.o ABSOLUTE
    ../../angel/boardlib.s                   0x00000000   Number         0  boardinit3.o ABSOLUTE
    ../../angel/boardlib.s                   0x00000000   Number         0  boardinit1.o ABSOLUTE
    ../../angel/boardlib.s                   0x00000000   Number         0  boardinit2.o ABSOLUTE
    ../../angel/handlers.s                   0x00000000   Number         0  __scatter_copy.o ABSOLUTE
    ../../angel/handlers.s                   0x00000000   Number         0  __scatter_zi.o ABSOLUTE
    ../../angel/kernel.s                     0x00000000   Number         0  rtentry4.o ABSOLUTE
    ../../angel/kernel.s                     0x00000000   Number         0  rtentry2.o ABSOLUTE
    ../../angel/kernel.s                     0x00000000   Number         0  rtexit2.o ABSOLUTE
    ../../angel/kernel.s                     0x00000000   Number         0  rtexit.o ABSOLUTE
    ../../angel/kernel.s                     0x00000000   Number         0  rtentry.o ABSOLUTE
    ../../angel/rt.s                         0x00000000   Number         0  rt_heap_descriptor.o ABSOLUTE
    ../../angel/rt.s                         0x00000000   Number         0  aeabi_idiv0_sigfpe.o ABSOLUTE
    ../../angel/rt.s                         0x00000000   Number         0  aeabi_idiv0.o ABSOLUTE
    ../../angel/rt.s                         0x00000000   Number         0  rt_div0.o ABSOLUTE
    ../../angel/rt.s                         0x00000000   Number         0  rt_fp_status_addr_intlibspace.o ABSOLUTE
    ../../angel/rt.s                         0x00000000   Number         0  rt_fp_status_addr.o ABSOLUTE
    ../../angel/rt.s                         0x00000000   Number         0  rt_raise.o ABSOLUTE
    ../../angel/rt.s                         0x00000000   Number         0  rt_locale.o ABSOLUTE
    ../../angel/rt.s                         0x00000000   Number         0  rt_locale_intlibspace.o ABSOLUTE
    ../../angel/rt.s                         0x00000000   Number         0  rt_heap_descriptor_intlibspace.o ABSOLUTE
    ../../angel/scatter.s                    0x00000000   Number         0  __scatter.o ABSOLUTE
    ../../angel/startup.s                    0x00000000   Number         0  __main.o ABSOLUTE
    ../../angel/sys.s                        0x00000000   Number         0  libspace.o ABSOLUTE
    ../../angel/sys.s                        0x00000000   Number         0  indicate_semi.o ABSOLUTE
    ../../angel/sys.s                        0x00000000   Number         0  use_no_semi.o ABSOLUTE
    ../../angel/sys.s                        0x00000000   Number         0  sys_stackheap_outer.o ABSOLUTE
    ../../angel/sys.s                        0x00000000   Number         0  mutex_dummy.o ABSOLUTE
    ../../angel/sysapp.c                     0x00000000   Number         0  sys_command.o ABSOLUTE
    ../../armsys.c                           0x00000000   Number         0  argv_veneer.o ABSOLUTE
    ../../armsys.c                           0x00000000   Number         0  _get_argv.o ABSOLUTE
    ../../armsys.c                           0x00000000   Number         0  _get_argv_nomalloc.o ABSOLUTE
    ../../armsys.c                           0x00000000   Number         0  no_argv.o ABSOLUTE
    ../../armsys.c                           0x00000000   Number         0  argv_veneer.o ABSOLUTE
    ../../bigflt.c                           0x00000000   Number         0  bigflt0.o ABSOLUTE
    ../../btod.s                             0x00000000   Number         0  btod.o ABSOLUTE
    ../../d2f.s                              0x00000000   Number         0  d2f.o ABSOLUTE
    ../../ddiv.s                             0x00000000   Number         0  ddiv.o ABSOLUTE
    ../../division.s                         0x00000000   Number         0  aeabi_sdivfast.o ABSOLUTE
    ../../division.s                         0x00000000   Number         0  rtudiv10.o ABSOLUTE
    ../../division.s                         0x00000000   Number         0  aeabi_sdivfast_div0.o ABSOLUTE
    ../../divrt.s                            0x00000000   Number         0  divrt_7tdmi.o ABSOLUTE
    ../../divrt.s                            0x00000000   Number         0  divrt_7tdmi_div0.o ABSOLUTE
    ../../dmul.s                             0x00000000   Number         0  dmul.o ABSOLUTE
    ../../dnaninf.s                          0x00000000   Number         0  dnaninf.o ABSOLUTE
    ../../dretinf.s                          0x00000000   Number         0  dretinf.o ABSOLUTE
    ../../f2d.s                              0x00000000   Number         0  f2d.o ABSOLUTE
    ../../fdiv.s                             0x00000000   Number         0  fdiv.o ABSOLUTE
    ../../fflt.s                             0x00000000   Number         0  fflt_noclz.o ABSOLUTE
    ../../fnaninf.s                          0x00000000   Number         0  fnaninf.o ABSOLUTE
    ../../fpclassify.c                       0x00000000   Number         0  fpclassify.o ABSOLUTE
    ../../fpinit.s                           0x00000000   Number         0  fpinit.o ABSOLUTE
    ../../fretinf.s                          0x00000000   Number         0  fretinf.o ABSOLUTE
    ../../heap1.c                            0x00000000   Number         0  h1_free.o ABSOLUTE
    ../../heap1.c                            0x00000000   Number         0  h1_final.o ABSOLUTE
    ../../heap1.c                            0x00000000   Number         0  h1_final_mt.o ABSOLUTE
    ../../heap1.c                            0x00000000   Number         0  h1_free_mt.o ABSOLUTE
    ../../heap1.c                            0x00000000   Number         0  h1_init.o ABSOLUTE
    ../../heap1.c                            0x00000000   Number         0  h1_alloc.o ABSOLUTE
    ../../heap1.c                            0x00000000   Number         0  h1_extend_mt.o ABSOLUTE
    ../../heap1.c                            0x00000000   Number         0  h1_init_mt.o ABSOLUTE
    ../../heap1.c                            0x00000000   Number         0  h1_alloc_mt.o ABSOLUTE
    ../../heap1.c                            0x00000000   Number         0  h1_extend.o ABSOLUTE
    ../../heap2.c                            0x00000000   Number         0  heap2mt.o ABSOLUTE
    ../../heap2.c                            0x00000000   Number         0  fdtree.o ABSOLUTE
    ../../heap2.c                            0x00000000   Number         0  heap2.o ABSOLUTE
    ../../heapalloc.c                        0x00000000   Number         0  term_alloc.o ABSOLUTE
    ../../heapalloc.c                        0x00000000   Number         0  free.o ABSOLUTE
    ../../heapalloc.c                        0x00000000   Number         0  hguard.o ABSOLUTE
    ../../heapalloc.c                        0x00000000   Number         0  heapstubs.o ABSOLUTE
    ../../heapalloc.c                        0x00000000   Number         0  malloc.o ABSOLUTE
    ../../heapalloc.c                        0x00000000   Number         0  maybetermalloc2.o ABSOLUTE
    ../../heapalloc.c                        0x00000000   Number         0  maybetermalloc2.o ABSOLUTE
    ../../heapalloc.c                        0x00000000   Number         0  maybetermalloc1.o ABSOLUTE
    ../../heapalloc.c                        0x00000000   Number         0  maybetermalloc1.o ABSOLUTE
    ../../heapalloc.c                        0x00000000   Number         0  hrguard.o ABSOLUTE
    ../../heapalloc.c                        0x00000000   Number         0  init_alloc.o ABSOLUTE
    ../../heapaux.c                          0x00000000   Number         0  heapauxa.o ABSOLUTE
    ../../heapaux.c                          0x00000000   Number         0  heapauxi.o ABSOLUTE
    ../../istatus.s                          0x00000000   Number         0  istatus.o ABSOLUTE
    ../../libinit.s                          0x00000000   Number         0  libshutdown.o ABSOLUTE
    ../../libinit.s                          0x00000000   Number         0  libshutdown2.o ABSOLUTE
    ../../libinit.s                          0x00000000   Number         0  libinit.o ABSOLUTE
    ../../libinit.s                          0x00000000   Number         0  libinit2.o ABSOLUTE
    ../../locale.s                           0x00000000   Number         0  lc_numeric_c.o ABSOLUTE
    ../../longlong.s                         0x00000000   Number         0  lludiv10.o ABSOLUTE
    ../../memcpset.s                         0x00000000   Number         0  strcmpfast.o ABSOLUTE
    ../../memcpset.s                         0x00000000   Number         0  rt_memcpy_w.o ABSOLUTE
    ../../misc.s                             0x00000000   Number         0  printf_stubs.o ABSOLUTE
    ../../printf.c                           0x00000000   Number         0  _printf_char_common.o ABSOLUTE
    ../../printf.c                           0x00000000   Number         0  _printf_dec.o ABSOLUTE
    ../../printf.c                           0x00000000   Number         0  __printf_flags_wp.o ABSOLUTE
    ../../printf.c                           0x00000000   Number         0  __printf_ss_wp.o ABSOLUTE
    ../../printf.c                           0x00000000   Number         0  __printf_wp.o ABSOLUTE
    ../../printf.c                           0x00000000   Number         0  __printf_flags_ss_wp.o ABSOLUTE
    ../../printf.c                           0x00000000   Number         0  _printf_intcommon.o ABSOLUTE
    ../../printf.c                           0x00000000   Number         0  __printf_flags_ss.o ABSOLUTE
    ../../printf.c                           0x00000000   Number         0  _printf_fp_dec.o ABSOLUTE
    ../../printf.c                           0x00000000   Number         0  __printf_flags.o ABSOLUTE
    ../../printf.c                           0x00000000   Number         0  __printf_nopercent.o ABSOLUTE
    ../../printf.c                           0x00000000   Number         0  __printf_ss.o ABSOLUTE
    ../../printf.c                           0x00000000   Number         0  _printf_char_file.o ABSOLUTE
    ../../printf.c                           0x00000000   Number         0  _printf_str.o ABSOLUTE
    ../../printf.c                           0x00000000   Number         0  _printf_pad.o ABSOLUTE
    ../../printf.c                           0x00000000   Number         0  __2printf.o ABSOLUTE
    ../../printf.c                           0x00000000   Number         0  __printf.o ABSOLUTE
    ../../printf.c                           0x00000000   Number         0  _printf_fp_infnan.o ABSOLUTE
    ../../printf.c                           0x00000000   Number         0  noretval__2printf.o ABSOLUTE
    ../../printf.c                           0x00000000   Number         0  _printf_char.o ABSOLUTE
    ../../printf1.s                          0x00000000   Number         0  printf1.o ABSOLUTE
    ../../printf_percent.s                   0x00000000   Number         0  _printf_percent_end.o ABSOLUTE
    ../../printf_percent.s                   0x00000000   Number         0  _printf_s.o ABSOLUTE
    ../../printf_percent.s                   0x00000000   Number         0  _printf_f.o ABSOLUTE
    ../../printf_percent.s                   0x00000000   Number         0  _printf_percent.o ABSOLUTE
    ../../printf_percent.s                   0x00000000   Number         0  _printf_c.o ABSOLUTE
    ../../printf_percent.s                   0x00000000   Number         0  _printf_d.o ABSOLUTE
    ../../signal.c                           0x00000000   Number         0  defsig_cppl_inner.o ABSOLUTE
    ../../signal.c                           0x00000000   Number         0  defsig_fpe_inner.o ABSOLUTE
    ../../signal.c                           0x00000000   Number         0  defsig_pvfn_inner.o ABSOLUTE
    ../../signal.c                           0x00000000   Number         0  defsig_stak_inner.o ABSOLUTE
    ../../signal.c                           0x00000000   Number         0  defsig_abrt_inner.o ABSOLUTE
    ../../signal.c                           0x00000000   Number         0  defsig_rtmem_formal.o ABSOLUTE
    ../../signal.c                           0x00000000   Number         0  defsig_fpe_formal.o ABSOLUTE
    ../../signal.c                           0x00000000   Number         0  defsig_fpe_outer.o ABSOLUTE
    ../../signal.c                           0x00000000   Number         0  defsig_rtmem_inner.o ABSOLUTE
    ../../signal.c                           0x00000000   Number         0  defsig_exit.o ABSOLUTE
    ../../signal.c                           0x00000000   Number         0  defsig_rtmem_outer.o ABSOLUTE
    ../../signal.c                           0x00000000   Number         0  __raise.o ABSOLUTE
    ../../signal.c                           0x00000000   Number         0  defsig_rtred_inner.o ABSOLUTE
    ../../signal.c                           0x00000000   Number         0  defsig_other.o ABSOLUTE
    ../../signal.c                           0x00000000   Number         0  defsig_general.o ABSOLUTE
    ../../signal.c                           0x00000000   Number         0  defsig_segv_inner.o ABSOLUTE
    ../../signal.s                           0x00000000   Number         0  defsig.o ABSOLUTE
    ../../stdlib.c                           0x00000000   Number         0  exit.o ABSOLUTE
    ../../usenofp.s                          0x00000000   Number         0  usenofp.o ABSOLUTE
    Retarget.c                               0x00000000   Number         0  retarget.o ABSOLUTE
    Serial.c                                 0x00000000   Number         0  serial.o ABSOLUTE
    Startup.s                                0x00000000   Number         0  startup.o ABSOLUTE
    Time.c                                   0x00000000   Number         0  time.o ABSOLUTE
    dc.s                                     0x00000000   Number         0  dc.o ABSOLUTE
    dhry_1.c                                 0x00000000   Number         0  dhry_1.o ABSOLUTE
    dhry_2.c                                 0x00000000   Number         0  dhry_2.o ABSOLUTE
    Undef_Handler                            0x00000040   ARM Code       4  startup.o(RESET)
    SWI_Handler                              0x00000044   ARM Code       4  startup.o(RESET)
    PAbt_Handler                             0x00000048   ARM Code       4  startup.o(RESET)
    DAbt_Handler                             0x0000004c   ARM Code       4  startup.o(RESET)
    FIQ_Handler                              0x00000050   ARM Code       4  startup.o(RESET)
    !!!main                                  0x000000b0   Section        8  __main.o(!!!main)
    !!!scatter                               0x000000b8   Section       60  __scatter.o(!!!scatter)
    !!handler_copy                           0x000000f4   Section       40  __scatter_copy.o(!!handler_copy)
    !!handler_zi                             0x0000011c   Section       44  __scatter_zi.o(!!handler_zi)
    .ARM.Collect$$_printf_percent$$00000000  0x00000148   Section        0  _printf_percent.o(.ARM.Collect$$_printf_percent$$00000000)
    .ARM.Collect$$_printf_percent$$00000003  0x00000148   Section        8  _printf_f.o(.ARM.Collect$$_printf_percent$$00000003)
    .ARM.Collect$$_printf_percent$$00000009  0x00000150   Section        8  _printf_d.o(.ARM.Collect$$_printf_percent$$00000009)
    .ARM.Collect$$_printf_percent$$00000013  0x00000158   Section        8  _printf_c.o(.ARM.Collect$$_printf_percent$$00000013)
    .ARM.Collect$$_printf_percent$$00000014  0x00000160   Section        8  _printf_s.o(.ARM.Collect$$_printf_percent$$00000014)
    .ARM.Collect$$_printf_percent$$00000017  0x00000168   Section        8  _printf_percent_end.o(.ARM.Collect$$_printf_percent$$00000017)
    .ARM.Collect$$libinit$$00000000          0x00000170   Section        8  libinit.o(.ARM.Collect$$libinit$$00000000)
    .ARM.Collect$$libinit$$00000001          0x00000178   Section        8  libinit2.o(.ARM.Collect$$libinit$$00000001)
    .ARM.Collect$$libinit$$00000006          0x00000180   Section        0  libinit2.o(.ARM.Collect$$libinit$$00000006)
    .ARM.Collect$$libinit$$00000008          0x00000180   Section        0  libinit2.o(.ARM.Collect$$libinit$$00000008)
    .ARM.Collect$$libinit$$0000000A          0x00000180   Section        0  libinit2.o(.ARM.Collect$$libinit$$0000000A)
    .ARM.Collect$$libinit$$0000000B          0x00000180   Section        8  libinit2.o(.ARM.Collect$$libinit$$0000000B)
    .ARM.Collect$$libinit$$0000000D          0x00000188   Section        0  libinit2.o(.ARM.Collect$$libinit$$0000000D)
    .ARM.Collect$$libinit$$0000000F          0x00000188   Section        0  libinit2.o(.ARM.Collect$$libinit$$0000000F)
    .ARM.Collect$$libinit$$00000011          0x00000188   Section        0  libinit2.o(.ARM.Collect$$libinit$$00000011)
    .ARM.Collect$$libinit$$00000012          0x00000188   Section       16  libinit2.o(.ARM.Collect$$libinit$$00000012)
    .ARM.Collect$$libinit$$00000013          0x00000198   Section        0  libinit2.o(.ARM.Collect$$libinit$$00000013)
    .ARM.Collect$$libinit$$00000015          0x00000198   Section        0  libinit2.o(.ARM.Collect$$libinit$$00000015)
    .ARM.Collect$$libinit$$00000017          0x00000198   Section        0  libinit2.o(.ARM.Collect$$libinit$$00000017)
    .ARM.Collect$$libinit$$00000019          0x00000198   Section        0  libinit2.o(.ARM.Collect$$libinit$$00000019)
    .ARM.Collect$$libinit$$0000001B          0x00000198   Section        0  libinit2.o(.ARM.Collect$$libinit$$0000001B)
    .ARM.Collect$$libinit$$0000001C          0x00000198   Section        4  libinit2.o(.ARM.Collect$$libinit$$0000001C)
    .ARM.Collect$$libinit$$0000001F          0x0000019c   Section        0  libinit2.o(.ARM.Collect$$libinit$$0000001F)
    .ARM.Collect$$libinit$$00000021          0x0000019c   Section        0  libinit2.o(.ARM.Collect$$libinit$$00000021)
    .ARM.Collect$$libinit$$00000028          0x0000019c   Section        0  libinit2.o(.ARM.Collect$$libinit$$00000028)
    .ARM.Collect$$libinit$$0000002A          0x0000019c   Section        0  libinit2.o(.ARM.Collect$$libinit$$0000002A)
    .ARM.Collect$$libinit$$0000002C          0x0000019c   Section        0  libinit2.o(.ARM.Collect$$libinit$$0000002C)
    .ARM.Collect$$libinit$$0000002E          0x0000019c   Section        0  libinit2.o(.ARM.Collect$$libinit$$0000002E)
    .ARM.Collect$$libinit$$0000002F          0x0000019c   Section        4  libinit2.o(.ARM.Collect$$libinit$$0000002F)
    .ARM.Collect$$libshutdown$$00000000      0x000001a0   Section        4  libshutdown.o(.ARM.Collect$$libshutdown$$00000000)
    .ARM.Collect$$libshutdown$$00000003      0x000001a4   Section        0  libshutdown2.o(.ARM.Collect$$libshutdown$$00000003)
    .ARM.Collect$$libshutdown$$00000006      0x000001a4   Section        0  libshutdown2.o(.ARM.Collect$$libshutdown$$00000006)
    .ARM.Collect$$libshutdown$$00000009      0x000001a4   Section        0  libshutdown2.o(.ARM.Collect$$libshutdown$$00000009)
    .ARM.Collect$$libshutdown$$0000000B      0x000001a4   Section        0  libshutdown2.o(.ARM.Collect$$libshutdown$$0000000B)
    .ARM.Collect$$libshutdown$$0000000E      0x000001a4   Section        0  libshutdown2.o(.ARM.Collect$$libshutdown$$0000000E)
    .ARM.Collect$$libshutdown$$0000000F      0x000001a4   Section        4  libshutdown2.o(.ARM.Collect$$libshutdown$$0000000F)
    .ARM.Collect$$rtentry$$00000000          0x000001a8   Section        0  rtentry.o(.ARM.Collect$$rtentry$$00000000)
    .ARM.Collect$$rtentry$$00000002          0x000001a8   Section        0  rtentry2.o(.ARM.Collect$$rtentry$$00000002)
    .ARM.Collect$$rtentry$$00000004          0x000001a8   Section        8  rtentry4.o(.ARM.Collect$$rtentry$$00000004)
    .ARM.Collect$$rtentry$$00000009          0x000001b0   Section        0  rtentry2.o(.ARM.Collect$$rtentry$$00000009)
    .ARM.Collect$$rtentry$$0000000A          0x000001b0   Section        4  rtentry2.o(.ARM.Collect$$rtentry$$0000000A)
    .ARM.Collect$$rtentry$$0000000C          0x000001b4   Section        0  rtentry2.o(.ARM.Collect$$rtentry$$0000000C)
    .ARM.Collect$$rtentry$$0000000D          0x000001b4   Section        8  rtentry2.o(.ARM.Collect$$rtentry$$0000000D)
    .ARM.Collect$$rtexit$$00000000           0x000001bc   Section        4  rtexit.o(.ARM.Collect$$rtexit$$00000000)
    .ARM.Collect$$rtexit$$00000002           0x000001c0   Section        0  rtexit2.o(.ARM.Collect$$rtexit$$00000002)
    .ARM.Collect$$rtexit$$00000003           0x000001c0   Section        4  rtexit2.o(.ARM.Collect$$rtexit$$00000003)
    .ARM.Collect$$rtexit$$00000004           0x000001c4   Section        8  rtexit2.o(.ARM.Collect$$rtexit$$00000004)
    .emb_text                                0x000001cc   Section        0  maybetermalloc1.o(.emb_text)
    .text                                    0x000001cc   Section       36  startup.o(.text)
    .text                                    0x000001f0   Section        0  retarget.o(.text)
    .text                                    0x00000234   Section        0  serial.o(.text)
    .text                                    0x00000284   Section        0  time.o(.text)
    .text                                    0x000002a4   Section        0  dhry_1.o(.text)
    .text                                    0x00000fc8   Section        0  dhry_2.o(.text)
    __switch$$                               0x00001000   ARM Code       0  dhry_2.o(.text)
    .text                                    0x00001140   Section        4  use_no_semi.o(.text)
    .text                                    0x00001144   Section        0  h1_alloc.o(.text)
    .text                                    0x000011e8   Section        0  noretval__2printf.o(.text)
    .text                                    0x0000120c   Section        0  _printf_pad.o(.text)
    .text                                    0x000012a8   Section        0  _printf_str.o(.text)
    .text                                    0x00001338   Section        0  _printf_dec.o(.text)
    .text                                    0x000013ec   Section        0  __printf_wp.o(.text)
    .text                                    0x000015a4   Section      100  rt_memcpy_w.o(.text)
    .text                                    0x00001608   Section      188  strcmpfast.o(.text)
    .text                                    0x000016c4   Section      552  aeabi_sdivfast.o(.text)
    __arm_div_large_positive                 0x000016f8   ARM Code       0  aeabi_sdivfast.o(.text)
    __arm_div16                              0x00001720   ARM Code       0  aeabi_sdivfast.o(.text)
    __arm_div12                              0x00001750   ARM Code       0  aeabi_sdivfast.o(.text)
    __arm_div8                               0x00001784   ARM Code       0  aeabi_sdivfast.o(.text)
    __arm_div5                               0x000017a8   ARM Code       0  aeabi_sdivfast.o(.text)
    __arm_div2                               0x000017cc   ARM Code       0  aeabi_sdivfast.o(.text)
    .text                                    0x000018ec   Section        0  heapauxi.o(.text)
    .text                                    0x000018f8   Section       12  rt_heap_descriptor_intlibspace.o(.text)
    .text                                    0x00001904   Section        0  hguard.o(.text)
    .text                                    0x0000190c   Section        0  init_alloc.o(.text)
    .text                                    0x000019ec   Section        0  h1_init.o(.text)
    .text                                    0x00001a08   Section        0  h1_free.o(.text)
    .text                                    0x00001a8c   Section        0  _printf_intcommon.o(.text)
    .text                                    0x00001bb4   Section        0  _printf_fp_dec.o(.text)
    _fp_digits                               0x00001bb8   ARM Code     632  _printf_fp_dec.o(.text)
    .text                                    0x000021ec   Section        0  _printf_char.o(.text)
    .text                                    0x00002238   Section        0  _printf_char_file.o(.text)
    .text                                    0x0000226c   Section       44  rtudiv10.o(.text)
    .text                                    0x00002298   Section       12  libspace.o(.text)
    .text                                    0x000022a4   Section       12  rt_locale_intlibspace.o(.text)
    .text                                    0x000022b0   Section        0  h1_extend.o(.text)
    .text                                    0x00002304   Section      152  lludiv10.o(.text)
    .text                                    0x0000239c   Section        0  _printf_char_common.o(.text)
    _printf_input_char                       0x0000239c   ARM Code      20  _printf_char_common.o(.text)
    .text                                    0x000023f0   Section        0  _printf_fp_infnan.o(.text)
    .text                                    0x000024cc   Section        0  bigflt0.o(.text)
    .text                                    0x0000260c   Section        0  defsig_rtmem_outer.o(.text)
    .text                                    0x0000261c   Section       96  sys_stackheap_outer.o(.text)
    .text                                    0x0000267c   Section        0  exit.o(.text)
    .text                                    0x0000268c   Section        0  defsig_exit.o(.text)
    .text                                    0x00002698   Section        0  defsig_rtmem_inner.o(.text)
    .text                                    0x000026f0   Section        0  defsig_general.o(.text)
    .text                                    0x00002740   Section       12  rt_fp_status_addr_intlibspace.o(.text)
    CL$$btod_d2e                             0x0000274c   Section       56  btod.o(CL$$btod_d2e)
    CL$$btod_d2e_denorm_low                  0x00002784   Section       84  btod.o(CL$$btod_d2e_denorm_low)
    CL$$btod_d2e_norm_op1                    0x000027d8   Section      104  btod.o(CL$$btod_d2e_norm_op1)
    CL$$btod_div_common                      0x00002840   Section      840  btod.o(CL$$btod_div_common)
    CL$$btod_e2e                             0x00002b88   Section      220  btod.o(CL$$btod_e2e)
    CL$$btod_ediv                            0x00002c64   Section       48  btod.o(CL$$btod_ediv)
    CL$$btod_emul                            0x00002c94   Section       48  btod.o(CL$$btod_emul)
    CL$$btod_mult_common                     0x00002cc4   Section      612  btod.o(CL$$btod_mult_common)
    i.__ARM_fpclassify                       0x00002f28   Section        0  fpclassify.o(i.__ARM_fpclassify)
    locale$$code                             0x00002f58   Section       68  lc_numeric_c.o(locale$$code)
    x$fpl$d2f                                0x00002f9c   Section      108  d2f.o(x$fpl$d2f)
    x$fpl$ddiv                               0x00003008   Section      720  ddiv.o(x$fpl$ddiv)
    ddiv_entry                               0x00003010   ARM Code       0  ddiv.o(x$fpl$ddiv)
    x$fpl$dmul                               0x000032d8   Section      376  dmul.o(x$fpl$dmul)
    x$fpl$dnaninf                            0x00003450   Section      184  dnaninf.o(x$fpl$dnaninf)
    x$fpl$dretinf                            0x00003508   Section       16  dretinf.o(x$fpl$dretinf)
    x$fpl$f2d                                0x00003518   Section      100  f2d.o(x$fpl$f2d)
    x$fpl$fdiv                               0x0000357c   Section      400  fdiv.o(x$fpl$fdiv)
    _fdiv1                                   0x0000357c   ARM Code       0  fdiv.o(x$fpl$fdiv)
    x$fpl$fflt                               0x0000370c   Section       92  fflt_noclz.o(x$fpl$fflt)
    x$fpl$fnaninf                            0x00003768   Section      160  fnaninf.o(x$fpl$fnaninf)
    x$fpl$fpinit                             0x00003808   Section       20  fpinit.o(x$fpl$fpinit)
    x$fpl$fretinf                            0x0000381c   Section       16  fretinf.o(x$fpl$fretinf)
    x$fpl$printf1                            0x0000382c   Section        4  printf1.o(x$fpl$printf1)
    .constdata                               0x00003830   Section      148  bigflt0.o(.constdata)
    x$fpl$usenofp                            0x00003830   Section        0  usenofp.o(x$fpl$usenofp)
    tenpwrs_x                                0x00003830   Data          60  bigflt0.o(.constdata)
    tenpwrs_i                                0x0000386c   Data          64  bigflt0.o(.constdata)
    locale$$data                             0x000038e4   Section       28  lc_numeric_c.o(locale$$data)
    __lcnum_c_name                           0x000038e8   Data           2  lc_numeric_c.o(locale$$data)
    __lcnum_c_start                          0x000038f0   Data           0  lc_numeric_c.o(locale$$data)
    __lcnum_c_point                          0x000038fc   Data           0  lc_numeric_c.o(locale$$data)
    __lcnum_c_thousands                      0x000038fe   Data           0  lc_numeric_c.o(locale$$data)
    __lcnum_c_grouping                       0x000038ff   Data           0  lc_numeric_c.o(locale$$data)
    __lcnum_c_end                            0x00003900   Data           0  lc_numeric_c.o(locale$$data)
    .data                                    0x40000000   Section        4  retarget.o(.data)
    .data                                    0x40000004   Section        4  time.o(.data)
    .data                                    0x40000008   Section       44  dhry_1.o(.data)
    .bss                                     0x40000034   Section    10200  dhry_1.o(.bss)
    .bss                                     0x4000280c   Section       96  libspace.o(.bss)
    HEAP                                     0x40002870   Section     4096  startup.o(HEAP)
    Heap_Mem                                 0x40002870   Data        4096  startup.o(HEAP)
    STACK                                    0x40003870   Section     1160  startup.o(STACK)
    Stack_Mem                                0x40003870   Data        1024  startup.o(STACK)
    Stack_Top                                0x40003cf8   Data           0  startup.o(STACK)

    Global Symbols

    Symbol Name                              Value     Ov Type        Size  Object(Section)

    BuildAttributes$$ARM_ISAv4$S$PE$A:L22$X:L11$S22$IEEE1$~IW$USESV6$~STKCKD$USESV7$~SHL$OTIME$ROPI$IEEEJ$EBA8$UX$STANDARDLIB$REQ8$PRES8$EABIv2 0x00000000   Number         0  anon$$obj.o ABSOLUTE
    __ARM_use_no_argv                        0x00000000   Number         0  dhry_1.o ABSOLUTE
    _printf_flags                            0x00000000   Number         0  printf_stubs.o ABSOLUTE
    _printf_return_value                     0x00000000   Number         0  printf_stubs.o ABSOLUTE
    _printf_sizespec                         0x00000000   Number         0  printf_stubs.o ABSOLUTE
    _printf_widthprec                        0x00000000   Number         0  printf_stubs.o ABSOLUTE
    __ARM_exceptions_init                     - Undefined Weak Reference
    __alloca_initialize                       - Undefined Weak Reference
    __cpp_initialize__aeabi_                  - Undefined Weak Reference
    __cxa_finalize                            - Undefined Weak Reference
    __sigvec_lookup                           - Undefined Weak Reference
    __user_heap_extent                        - Undefined Weak Reference
    _atexit_init                              - Undefined Weak Reference
    _call_atexit_fns                          - Undefined Weak Reference
    _fp_trap_init                             - Undefined Weak Reference
    _fp_trap_shutdown                         - Undefined Weak Reference
    _get_lc_collate                           - Undefined Weak Reference
    _get_lc_ctype                             - Undefined Weak Reference
    _get_lc_monetary                          - Undefined Weak Reference
    _get_lc_time                              - Undefined Weak Reference
    _getenv_init                              - Undefined Weak Reference
    _handle_redirection                       - Undefined Weak Reference
    _initio                                   - Undefined Weak Reference
    _mutex_acquire                            - Undefined Weak Reference
    _mutex_free                               - Undefined Weak Reference
    _mutex_release                            - Undefined Weak Reference
    _printf_mbtowc                            - Undefined Weak Reference
    _printf_truncate_signed                   - Undefined Weak Reference
    _printf_truncate_unsigned                 - Undefined Weak Reference
    _rand_init                                - Undefined Weak Reference
    _signal_finish                            - Undefined Weak Reference
    _signal_init                              - Undefined Weak Reference
    _terminateio                              - Undefined Weak Reference
    Reset_Handler                            0x00000054   ARM Code       0  startup.o(RESET)
    __main                                   0x000000b0   ARM Code       8  __main.o(!!!main)
    __scatterload                            0x000000b8   ARM Code       0  __scatter.o(!!!scatter)
    __scatterload_rt2                        0x000000b8   ARM Code      52  __scatter.o(!!!scatter)
    __scatterload_null                       0x000000cc   ARM Code       0  __scatter.o(!!!scatter)
    __scatterload_copy                       0x000000f4   ARM Code      40  __scatter_copy.o(!!handler_copy)
    __scatterload_zeroinit                   0x0000011c   ARM Code      44  __scatter_zi.o(!!handler_zi)
    _printf_f                                0x00000148   ARM Code       0  _printf_f.o(.ARM.Collect$$_printf_percent$$00000003)
    _printf_percent                          0x00000148   ARM Code       0  _printf_percent.o(.ARM.Collect$$_printf_percent$$00000000)
    _printf_d                                0x00000150   ARM Code       0  _printf_d.o(.ARM.Collect$$_printf_percent$$00000009)
    _printf_c                                0x00000158   ARM Code       0  _printf_c.o(.ARM.Collect$$_printf_percent$$00000013)
    _printf_s                                0x00000160   ARM Code       0  _printf_s.o(.ARM.Collect$$_printf_percent$$00000014)
    _printf_percent_end                      0x00000168   ARM Code       0  _printf_percent_end.o(.ARM.Collect$$_printf_percent$$00000017)
    __rt_lib_init                            0x00000170   ARM Code       0  libinit.o(.ARM.Collect$$libinit$$00000000)
    __rt_lib_init_heap_2                     0x00000178   ARM Code       0  libinit2.o(.ARM.Collect$$libinit$$00000001)
    __rt_lib_init_heap_1                     0x00000180   ARM Code       0  libinit2.o(.ARM.Collect$$libinit$$00000006)
    __rt_lib_init_lc_common                  0x00000180   ARM Code       0  libinit2.o(.ARM.Collect$$libinit$$0000000B)
    __rt_lib_init_rand_1                     0x00000180   ARM Code       0  libinit2.o(.ARM.Collect$$libinit$$0000000A)
    __rt_lib_init_user_alloc_1               0x00000180   ARM Code       0  libinit2.o(.ARM.Collect$$libinit$$00000008)
    __rt_lib_init_lc_collate_1               0x00000188   ARM Code       0  libinit2.o(.ARM.Collect$$libinit$$0000000D)
    __rt_lib_init_lc_ctype_1                 0x00000188   ARM Code       0  libinit2.o(.ARM.Collect$$libinit$$0000000F)
    __rt_lib_init_lc_monetary_1              0x00000188   ARM Code       0  libinit2.o(.ARM.Collect$$libinit$$00000011)
    __rt_lib_init_lc_numeric_2               0x00000188   ARM Code       0  libinit2.o(.ARM.Collect$$libinit$$00000012)
    __rt_lib_init_atexit_1                   0x00000198   ARM Code       0  libinit2.o(.ARM.Collect$$libinit$$00000017)
    __rt_lib_init_clock_1                    0x00000198   ARM Code       0  libinit2.o(.ARM.Collect$$libinit$$0000001C)
    __rt_lib_init_fp_trap_1                  0x00000198   ARM Code       0  libinit2.o(.ARM.Collect$$libinit$$0000001B)
    __rt_lib_init_lc_numeric_1               0x00000198   ARM Code       0  libinit2.o(.ARM.Collect$$libinit$$00000013)
    __rt_lib_init_lc_time_1                  0x00000198   ARM Code       0  libinit2.o(.ARM.Collect$$libinit$$00000015)
    __rt_lib_init_signal_1                   0x00000198   ARM Code       0  libinit2.o(.ARM.Collect$$libinit$$00000019)
    __rt_lib_init_alloca_1                   0x0000019c   ARM Code       0  libinit2.o(.ARM.Collect$$libinit$$0000002A)
    __rt_lib_init_argv_1                     0x0000019c   ARM Code       0  libinit2.o(.ARM.Collect$$libinit$$00000028)
    __rt_lib_init_cpp_1                      0x0000019c   ARM Code       0  libinit2.o(.ARM.Collect$$libinit$$0000002E)
    __rt_lib_init_exceptions_1               0x0000019c   ARM Code       0  libinit2.o(.ARM.Collect$$libinit$$0000002C)
    __rt_lib_init_getenv_1                   0x0000019c   ARM Code       0  libinit2.o(.ARM.Collect$$libinit$$0000001F)
    __rt_lib_init_return                     0x0000019c   ARM Code       0  libinit2.o(.ARM.Collect$$libinit$$0000002F)
    __rt_lib_init_stdio_1                    0x0000019c   ARM Code       0  libinit2.o(.ARM.Collect$$libinit$$00000021)
    __rt_lib_shutdown                        0x000001a0   ARM Code       0  libshutdown.o(.ARM.Collect$$libshutdown$$00000000)
    __rt_lib_shutdown_fp_trap_1              0x000001a4   ARM Code       0  libshutdown2.o(.ARM.Collect$$libshutdown$$00000006)
    __rt_lib_shutdown_heap_1                 0x000001a4   ARM Code       0  libshutdown2.o(.ARM.Collect$$libshutdown$$0000000E)
    __rt_lib_shutdown_return                 0x000001a4   ARM Code       0  libshutdown2.o(.ARM.Collect$$libshutdown$$0000000F)
    __rt_lib_shutdown_signal_1               0x000001a4   ARM Code       0  libshutdown2.o(.ARM.Collect$$libshutdown$$00000009)
    __rt_lib_shutdown_stdio_1                0x000001a4   ARM Code       0  libshutdown2.o(.ARM.Collect$$libshutdown$$00000003)
    __rt_lib_shutdown_user_alloc_1           0x000001a4   ARM Code       0  libshutdown2.o(.ARM.Collect$$libshutdown$$0000000B)
    __rt_entry                               0x000001a8   ARM Code       0  rtentry.o(.ARM.Collect$$rtentry$$00000000)
    __rt_entry_presh_1                       0x000001a8   ARM Code       0  rtentry2.o(.ARM.Collect$$rtentry$$00000002)
    __rt_entry_sh                            0x000001a8   ARM Code       0  rtentry4.o(.ARM.Collect$$rtentry$$00000004)
    __rt_entry_li                            0x000001b0   ARM Code       0  rtentry2.o(.ARM.Collect$$rtentry$$0000000A)
    __rt_entry_postsh_1                      0x000001b0   ARM Code       0  rtentry2.o(.ARM.Collect$$rtentry$$00000009)
    __rt_entry_main                          0x000001b4   ARM Code       0  rtentry2.o(.ARM.Collect$$rtentry$$0000000D)
    __rt_entry_postli_1                      0x000001b4   ARM Code       0  rtentry2.o(.ARM.Collect$$rtentry$$0000000C)
    __rt_exit                                0x000001bc   ARM Code       0  rtexit.o(.ARM.Collect$$rtexit$$00000000)
    __rt_exit_ls                             0x000001c0   ARM Code       0  rtexit2.o(.ARM.Collect$$rtexit$$00000003)
    __rt_exit_prels_1                        0x000001c0   ARM Code       0  rtexit2.o(.ARM.Collect$$rtexit$$00000002)
    __rt_exit_exit                           0x000001c4   ARM Code       0  rtexit2.o(.ARM.Collect$$rtexit$$00000004)
    __user_initial_stackheap                 0x000001cc   ARM Code       0  startup.o(.text)
    _maybe_terminate_alloc                   0x000001cc   ARM Code       0  maybetermalloc1.o(.emb_text)
    fputc                                    0x000001f0   ARM Code       4  retarget.o(.text)
    fgetc                                    0x000001f4   ARM Code      16  retarget.o(.text)
    ferror                                   0x00000204   ARM Code       8  retarget.o(.text)
    _ttywrch                                 0x0000020c   ARM Code       4  retarget.o(.text)
    clock                                    0x00000210   ARM Code      12  retarget.o(.text)
    _clock_init                              0x0000021c   ARM Code      16  retarget.o(.text)
    _sys_exit                                0x0000022c   ARM Code       4  retarget.o(.text)
    sendchar                                 0x00000234   ARM Code      56  serial.o(.text)
    getkey                                   0x0000026c   ARM Code      24  serial.o(.text)
    IRQ_Handler                              0x00000284   ARM Code      28  time.o(.text)
    Proc_3                                   0x000002a4   ARM Code      40  dhry_1.o(.text)
    Proc_1                                   0x000002cc   ARM Code     216  dhry_1.o(.text)
    Proc_2                                   0x000003a4   ARM Code      56  dhry_1.o(.text)
    Proc_4                                   0x000003dc   ARM Code      44  dhry_1.o(.text)
    Proc_5                                   0x00000408   ARM Code      24  dhry_1.o(.text)
    main                                     0x00000420   ARM Code    2984  dhry_1.o(.text)
    Func_3                                   0x00000fc8   ARM Code      16  dhry_2.o(.text)
    Proc_6                                   0x00000fd8   ARM Code     112  dhry_2.o(.text)
    Proc_7                                   0x00001048   ARM Code      16  dhry_2.o(.text)
    Proc_8                                   0x00001058   ARM Code      80  dhry_2.o(.text)
    Func_1                                   0x000010a8   ARM Code      24  dhry_2.o(.text)
    Func_2                                   0x000010c0   ARM Code     120  dhry_2.o(.text)
    __I$use$semihosting                      0x00001140   ARM Code       0  use_no_semi.o(.text)
    __use_no_semihosting_swi                 0x00001140   ARM Code       4  use_no_semi.o(.text)
    malloc                                   0x00001144   ARM Code     164  h1_alloc.o(.text)
    __2printf                                0x000011e8   ARM Code      32  noretval__2printf.o(.text)
    _printf_pre_padding                      0x0000120c   ARM Code      84  _printf_pad.o(.text)
    _printf_post_padding                     0x00001260   ARM Code      72  _printf_pad.o(.text)
    _printf_str                              0x000012a8   ARM Code     144  _printf_str.o(.text)
    _printf_int_dec                          0x00001338   ARM Code     164  _printf_dec.o(.text)
    __printf                                 0x000013ec   ARM Code     440  __printf_wp.o(.text)
    __aeabi_memcpy4                          0x000015a4   ARM Code       0  rt_memcpy_w.o(.text)
    __aeabi_memcpy8                          0x000015a4   ARM Code       0  rt_memcpy_w.o(.text)
    __rt_memcpy_w                            0x000015a4   ARM Code     100  rt_memcpy_w.o(.text)
    _memcpy_lastbytes_aligned                0x000015f0   ARM Code       0  rt_memcpy_w.o(.text)
    strcmp                                   0x00001608   ARM Code     184  strcmpfast.o(.text)
    __aeabi_idiv                             0x000016c4   ARM Code       0  aeabi_sdivfast.o(.text)
    __aeabi_idivmod                          0x000016c4   ARM Code     552  aeabi_sdivfast.o(.text)
    __use_two_region_memory                  0x000018ec   ARM Code       4  heapauxi.o(.text)
    __rt_heap_escrow                         0x000018f0   ARM Code       4  heapauxi.o(.text)
    __rt_heap_expand                         0x000018f4   ARM Code       4  heapauxi.o(.text)
    __rt_heap_descriptor                     0x000018f8   ARM Code      12  rt_heap_descriptor_intlibspace.o(.text)
    __use_no_heap                            0x00001904   ARM Code       4  hguard.o(.text)
    __heap$guard                             0x00001908   ARM Code       4  hguard.o(.text)
    _terminate_user_alloc                    0x0000190c   ARM Code       4  init_alloc.o(.text)
    _init_user_alloc                         0x00001910   ARM Code       4  init_alloc.o(.text)
    __Heap_Full                              0x00001914   ARM Code      56  init_alloc.o(.text)
    __Heap_Broken                            0x0000194c   ARM Code       8  init_alloc.o(.text)
    _init_alloc                              0x00001954   ARM Code     152  init_alloc.o(.text)
    __Heap_Initialize                        0x000019ec   ARM Code      20  h1_init.o(.text)
    __Heap_DescSize                          0x00001a00   ARM Code       8  h1_init.o(.text)
    free                                     0x00001a08   ARM Code     132  h1_free.o(.text)
    _printf_int_common                       0x00001a8c   ARM Code     296  _printf_intcommon.o(.text)
    __lib_sel_fp_printf                      0x00001bb4   ARM Code       4  _printf_fp_dec.o(.text)
    _printf_fp_dec_real                      0x00001e30   ARM Code     952  _printf_fp_dec.o(.text)
    _printf_cs_common                        0x000021ec   ARM Code      36  _printf_char.o(.text)
    _printf_char                             0x00002210   ARM Code      28  _printf_char.o(.text)
    _printf_string                           0x0000222c   ARM Code      12  _printf_char.o(.text)
    _printf_char_file                        0x00002238   ARM Code      48  _printf_char_file.o(.text)
    __rt_udiv10                              0x0000226c   ARM Code      44  rtudiv10.o(.text)
    __user_libspace                          0x00002298   ARM Code      12  libspace.o(.text)
    __user_perproc_libspace                  0x00002298   ARM Code       0  libspace.o(.text)
    __user_perthread_libspace                0x00002298   ARM Code       0  libspace.o(.text)
    __rt_locale                              0x000022a4   ARM Code      12  rt_locale_intlibspace.o(.text)
    __Heap_ProvideMemory                     0x000022b0   ARM Code      84  h1_extend.o(.text)
    _ll_udiv10                               0x00002304   ARM Code     152  lludiv10.o(.text)
    _printf_char_common                      0x000023b0   ARM Code      60  _printf_char_common.o(.text)
    _printf_fp_infnan                        0x000023f0   ARM Code     204  _printf_fp_infnan.o(.text)
    _btod_etento                             0x000024cc   ARM Code     308  bigflt0.o(.text)
    __rt_SIGRTMEM                            0x0000260c   ARM Code      16  defsig_rtmem_outer.o(.text)
    __user_setup_stackheap                   0x0000261c   ARM Code      96  sys_stackheap_outer.o(.text)
    exit                                     0x0000267c   ARM Code      16  exit.o(.text)
    __sig_exit                               0x0000268c   ARM Code      12  defsig_exit.o(.text)
    __rt_SIGRTMEM_inner                      0x00002698   ARM Code      32  defsig_rtmem_inner.o(.text)
    __default_signal_display                 0x000026f0   ARM Code      80  defsig_general.o(.text)
    __rt_fp_status_addr                      0x00002740   ARM Code      12  rt_fp_status_addr_intlibspace.o(.text)
    _btod_d2e                                0x0000274c   ARM Code      56  btod.o(CL$$btod_d2e)
    _d2e_denorm_low                          0x00002784   ARM Code      84  btod.o(CL$$btod_d2e_denorm_low)
    _d2e_norm_op1                            0x000027d8   ARM Code     104  btod.o(CL$$btod_d2e_norm_op1)
    __btod_div_common                        0x00002840   ARM Code     712  btod.o(CL$$btod_div_common)
    _e2e                                     0x00002b88   ARM Code     220  btod.o(CL$$btod_e2e)
    _btod_ediv                               0x00002c64   ARM Code      48  btod.o(CL$$btod_ediv)
    _btod_emul                               0x00002c94   ARM Code      48  btod.o(CL$$btod_emul)
    __btod_mult_common                       0x00002cc4   ARM Code     612  btod.o(CL$$btod_mult_common)
    __ARM_fpclassify                         0x00002f28   ARM Code      48  fpclassify.o(i.__ARM_fpclassify)
    _get_lc_numeric                          0x00002f58   ARM Code      68  lc_numeric_c.o(locale$$code)
    __aeabi_d2f                              0x00002f9c   ARM Code       0  d2f.o(x$fpl$d2f)
    _d2f                                     0x00002f9c   ARM Code     108  d2f.o(x$fpl$d2f)
    __aeabi_ddiv                             0x00003008   ARM Code       0  ddiv.o(x$fpl$ddiv)
    _ddiv                                    0x00003008   ARM Code     584  ddiv.o(x$fpl$ddiv)
    __aeabi_dmul                             0x000032d8   ARM Code       0  dmul.o(x$fpl$dmul)
    _dmul                                    0x000032d8   ARM Code     364  dmul.o(x$fpl$dmul)
    __fpl_dnaninf                            0x00003450   ARM Code     184  dnaninf.o(x$fpl$dnaninf)
    __fpl_dretinf                            0x00003508   ARM Code      16  dretinf.o(x$fpl$dretinf)
    __aeabi_f2d                              0x00003518   ARM Code       0  f2d.o(x$fpl$f2d)
    _f2d                                     0x00003518   ARM Code     100  f2d.o(x$fpl$f2d)
    __aeabi_fdiv                             0x0000357c   ARM Code       0  fdiv.o(x$fpl$fdiv)
    _fdiv                                    0x0000357c   ARM Code     396  fdiv.o(x$fpl$fdiv)
    __aeabi_i2f                              0x0000370c   ARM Code       0  fflt_noclz.o(x$fpl$fflt)
    _fflt                                    0x0000370c   ARM Code      92  fflt_noclz.o(x$fpl$fflt)
    __fflt_normalise                         0x00003718   ARM Code       0  fflt_noclz.o(x$fpl$fflt)
    __fpl_fnaninf                            0x00003768   ARM Code     160  fnaninf.o(x$fpl$fnaninf)
    _fp_init                                 0x00003808   ARM Code      20  fpinit.o(x$fpl$fpinit)
    __fplib_config_pureend_doubles           0x00003818   ARM Code       0  fpinit.o(x$fpl$fpinit)
    __fpl_fretinf                            0x0000381c   ARM Code      16  fretinf.o(x$fpl$fretinf)
    _printf_fp_dec                           0x0000382c   ARM Code       4  printf1.o(x$fpl$printf1)
    __I$use$fp                               0x00003830   ARM Code       0  usenofp.o(x$fpl$usenofp)
    Region$$Table$$Base                      0x000038c4   Number         0  anon$$obj.o(Region$$Table)
    Region$$Table$$Limit                     0x000038e4   Number         0  anon$$obj.o(Region$$Table)
    __stdout                                 0x40000000   Data           4  retarget.o(.data)
    timeval                                  0x40000004   Data           4  time.o(.data)
    Ch_1_Glob                                0x40000008   Data           1  dhry_1.o(.data)
    Ch_2_Glob                                0x40000009   Data           1  dhry_1.o(.data)
    Reg                                      0x4000000c   Data           4  dhry_1.o(.data)
    Ptr_Glob                                 0x40000010   Data           4  dhry_1.o(.data)
    Next_Ptr_Glob                            0x40000014   Data           4  dhry_1.o(.data)
    Int_Glob                                 0x40000018   Data           4  dhry_1.o(.data)
    Bool_Glob                                0x4000001c   Data           4  dhry_1.o(.data)
    Begin_Time                               0x40000020   Data           4  dhry_1.o(.data)
    End_Time                                 0x40000024   Data           4  dhry_1.o(.data)
    User_Time                                0x40000028   Data           4  dhry_1.o(.data)
    Microseconds                             0x4000002c   Data           4  dhry_1.o(.data)
    Dhrystones_Per_Second                    0x40000030   Data           4  dhry_1.o(.data)
    Arr_1_Glob                               0x40000034   Data         200  dhry_1.o(.bss)
    Arr_2_Glob                               0x400000fc   Data       10000  dhry_1.o(.bss)
    __libspace_start                         0x4000280c   Data          96  libspace.o(.bss)
    __temporary_stack_top$libspace           0x4000286c   Data           0  libspace.o(.bss)



==============================================================================

Memory Map of the image

  Image Entry point : 0x000000b0

  Load Region LR_IROM1 (Base: 0x00000000, Size: 0x00003934, Max: 0x00008000, ABSOLUTE)

    Execution Region ER_IROM1 (Base: 0x00000000, Size: 0x00003900, Max: 0x00008000, ABSOLUTE)

    Base Addr    Size         Type   Attr      Idx    E Section Name        Object

    0x00000000   0x000000b0   Code   RO            3    RESET               startup.o
    0x000000b0   0x00000008   Code   RO          225  * !!!main             c_4.l(__main.o)
    0x000000b8   0x0000003c   Code   RO          521    !!!scatter          c_4.l(__scatter.o)
    0x000000f4   0x00000028   Code   RO          523    !!handler_copy      c_4.l(__scatter_copy.o)
    0x0000011c   0x0000002c   Code   RO          525    !!handler_zi        c_4.l(__scatter_zi.o)
    0x00000148   0x00000000   Code   RO          202    .ARM.Collect$$_printf_percent$$00000000  c_4.l(_printf_percent.o)
    0x00000148   0x00000008   Code   RO          201    .ARM.Collect$$_printf_percent$$00000003  c_4.l(_printf_f.o)
    0x00000150   0x00000008   Code   RO          200    .ARM.Collect$$_printf_percent$$00000009  c_4.l(_printf_d.o)
    0x00000158   0x00000008   Code   RO          198    .ARM.Collect$$_printf_percent$$00000013  c_4.l(_printf_c.o)
    0x00000160   0x00000008   Code   RO          199    .ARM.Collect$$_printf_percent$$00000014  c_4.l(_printf_s.o)
    0x00000168   0x00000008   Code   RO          293    .ARM.Collect$$_printf_percent$$00000017  c_4.l(_printf_percent_end.o)
    0x00000170   0x00000008   Code   RO          458    .ARM.Collect$$libinit$$00000000  c_4.l(libinit.o)
    0x00000178   0x00000008   Code   RO          298    .ARM.Collect$$libinit$$00000001  c_4.l(libinit2.o)
    0x00000180   0x00000000   Code   RO          300    .ARM.Collect$$libinit$$00000006  c_4.l(libinit2.o)
    0x00000180   0x00000000   Code   RO          302    .ARM.Collect$$libinit$$00000008  c_4.l(libinit2.o)
    0x00000180   0x00000000   Code   RO          304    .ARM.Collect$$libinit$$0000000A  c_4.l(libinit2.o)
    0x00000180   0x00000008   Code   RO          305    .ARM.Collect$$libinit$$0000000B  c_4.l(libinit2.o)
    0x00000188   0x00000000   Code   RO          307    .ARM.Collect$$libinit$$0000000D  c_4.l(libinit2.o)
    0x00000188   0x00000000   Code   RO          309    .ARM.Collect$$libinit$$0000000F  c_4.l(libinit2.o)
    0x00000188   0x00000000   Code   RO          311    .ARM.Collect$$libinit$$00000011  c_4.l(libinit2.o)
    0x00000188   0x00000010   Code   RO          312    .ARM.Collect$$libinit$$00000012  c_4.l(libinit2.o)
    0x00000198   0x00000000   Code   RO          313    .ARM.Collect$$libinit$$00000013  c_4.l(libinit2.o)
    0x00000198   0x00000000   Code   RO          315    .ARM.Collect$$libinit$$00000015  c_4.l(libinit2.o)
    0x00000198   0x00000000   Code   RO          317    .ARM.Collect$$libinit$$00000017  c_4.l(libinit2.o)
    0x00000198   0x00000000   Code   RO          319    .ARM.Collect$$libinit$$00000019  c_4.l(libinit2.o)
    0x00000198   0x00000000   Code   RO          321    .ARM.Collect$$libinit$$0000001B  c_4.l(libinit2.o)
    0x00000198   0x00000004   Code   RO          322    .ARM.Collect$$libinit$$0000001C  c_4.l(libinit2.o)
    0x0000019c   0x00000000   Code   RO          325    .ARM.Collect$$libinit$$0000001F  c_4.l(libinit2.o)
    0x0000019c   0x00000000   Code   RO          327    .ARM.Collect$$libinit$$00000021  c_4.l(libinit2.o)
    0x0000019c   0x00000000   Code   RO          331    .ARM.Collect$$libinit$$00000028  c_4.l(libinit2.o)
    0x0000019c   0x00000000   Code   RO          333    .ARM.Collect$$libinit$$0000002A  c_4.l(libinit2.o)
    0x0000019c   0x00000000   Code   RO          335    .ARM.Collect$$libinit$$0000002C  c_4.l(libinit2.o)
    0x0000019c   0x00000000   Code   RO          337    .ARM.Collect$$libinit$$0000002E  c_4.l(libinit2.o)
    0x0000019c   0x00000004   Code   RO          338    .ARM.Collect$$libinit$$0000002F  c_4.l(libinit2.o)
    0x000001a0   0x00000004   Code   RO          518    .ARM.Collect$$libshutdown$$00000000  c_4.l(libshutdown.o)
    0x000001a4   0x00000000   Code   RO          473    .ARM.Collect$$libshutdown$$00000003  c_4.l(libshutdown2.o)
    0x000001a4   0x00000000   Code   RO          476    .ARM.Collect$$libshutdown$$00000006  c_4.l(libshutdown2.o)
    0x000001a4   0x00000000   Code   RO          479    .ARM.Collect$$libshutdown$$00000009  c_4.l(libshutdown2.o)
    0x000001a4   0x00000000   Code   RO          481    .ARM.Collect$$libshutdown$$0000000B  c_4.l(libshutdown2.o)
    0x000001a4   0x00000000   Code   RO          484    .ARM.Collect$$libshutdown$$0000000E  c_4.l(libshutdown2.o)
    0x000001a4   0x00000004   Code   RO          485    .ARM.Collect$$libshutdown$$0000000F  c_4.l(libshutdown2.o)
    0x000001a8   0x00000000   Code   RO          249    .ARM.Collect$$rtentry$$00000000  c_4.l(rtentry.o)
    0x000001a8   0x00000000   Code   RO          354    .ARM.Collect$$rtentry$$00000002  c_4.l(rtentry2.o)
    0x000001a8   0x00000008   Code   RO          366    .ARM.Collect$$rtentry$$00000004  c_4.l(rtentry4.o)
    0x000001b0   0x00000000   Code   RO          356    .ARM.Collect$$rtentry$$00000009  c_4.l(rtentry2.o)
    0x000001b0   0x00000004   Code   RO          357    .ARM.Collect$$rtentry$$0000000A  c_4.l(rtentry2.o)
    0x000001b4   0x00000000   Code   RO          359    .ARM.Collect$$rtentry$$0000000C  c_4.l(rtentry2.o)
    0x000001b4   0x00000008   Code   RO          360    .ARM.Collect$$rtentry$$0000000D  c_4.l(rtentry2.o)
    0x000001bc   0x00000004   Code   RO          459    .ARM.Collect$$rtexit$$00000000  c_4.l(rtexit.o)
    0x000001c0   0x00000000   Code   RO          489    .ARM.Collect$$rtexit$$00000002  c_4.l(rtexit2.o)
    0x000001c0   0x00000004   Code   RO          490    .ARM.Collect$$rtexit$$00000003  c_4.l(rtexit2.o)
    0x000001c4   0x00000008   Code   RO          491    .ARM.Collect$$rtexit$$00000004  c_4.l(rtexit2.o)
    0x000001cc   0x00000000   Code   RO          377    .emb_text           c_4.l(maybetermalloc1.o)
    0x000001cc   0x00000024   Code   RO            4    .text               startup.o
    0x000001f0   0x00000044   Code   RO           11    .text               retarget.o
    0x00000234   0x00000050   Code   RO           39    .text               serial.o
    0x00000284   0x00000020   Code   RO           51    .text               time.o
    0x000002a4   0x00000d24   Code   RO           63    .text               dhry_1.o
    0x00000fc8   0x00000178   Code   RO           95    .text               dhry_2.o
    0x00001140   0x00000004   Code   RO          110    .text               c_4.l(use_no_semi.o)
    0x00001144   0x000000a4   Code   RO          114    .text               c_4.l(h1_alloc.o)
    0x000011e8   0x00000024   Code   RO          170    .text               c_4.l(noretval__2printf.o)
    0x0000120c   0x0000009c   Code   RO          174    .text               c_4.l(_printf_pad.o)
    0x000012a8   0x00000090   Code   RO          176    .text               c_4.l(_printf_str.o)
    0x00001338   0x000000b4   Code   RO          178    .text               c_4.l(_printf_dec.o)
    0x000013ec   0x000001b8   Code   RO          188    .text               c_4.l(__printf_wp.o)
    0x000015a4   0x00000064   Code   RO          203    .text               c_4.l(rt_memcpy_w.o)
    0x00001608   0x000000bc   Code   RO          205    .text               c_4.l(strcmpfast.o)
    0x000016c4   0x00000228   Code   RO          207    .text               c_4.l(aeabi_sdivfast.o)
    0x000018ec   0x0000000c   Code   RO          223    .text               c_4.l(heapauxi.o)
    0x000018f8   0x0000000c   Code   RO          257    .text               c_4.l(rt_heap_descriptor_intlibspace.o)
    0x00001904   0x00000008   Code   RO          259    .text               c_4.l(hguard.o)
    0x0000190c   0x000000e0   Code   RO          261    .text               c_4.l(init_alloc.o)
    0x000019ec   0x0000001c   Code   RO          267    .text               c_4.l(h1_init.o)
    0x00001a08   0x00000084   Code   RO          269    .text               c_4.l(h1_free.o)
    0x00001a8c   0x00000128   Code   RO          285    .text               c_4.l(_printf_intcommon.o)
    0x00001bb4   0x00000638   Code   RO          287    .text               c_4.l(_printf_fp_dec.o)
    0x000021ec   0x0000004c   Code   RO          289    .text               c_4.l(_printf_char.o)
    0x00002238   0x00000034   Code   RO          291    .text               c_4.l(_printf_char_file.o)
    0x0000226c   0x0000002c   Code   RO          294    .text               c_4.l(rtudiv10.o)
    0x00002298   0x0000000c   Code   RO          350    .text               c_4.l(libspace.o)
    0x000022a4   0x0000000c   Code   RO          373    .text               c_4.l(rt_locale_intlibspace.o)
    0x000022b0   0x00000054   Code   RO          379    .text               c_4.l(h1_extend.o)
    0x00002304   0x00000098   Code   RO          383    .text               c_4.l(lludiv10.o)
    0x0000239c   0x00000054   Code   RO          385    .text               c_4.l(_printf_char_common.o)
    0x000023f0   0x000000dc   Code   RO          387    .text               c_4.l(_printf_fp_infnan.o)
    0x000024cc   0x00000140   Code   RO          389    .text               c_4.l(bigflt0.o)
    0x0000260c   0x00000010   Code   RO          417    .text               c_4.l(defsig_rtmem_outer.o)
    0x0000261c   0x00000060   Code   RO          431    .text               c_4.l(sys_stackheap_outer.o)
    0x0000267c   0x00000010   Code   RO          439    .text               c_4.l(exit.o)
    0x0000268c   0x0000000c   Code   RO          441    .text               c_4.l(defsig_exit.o)
    0x00002698   0x00000058   Code   RO          447    .text               c_4.l(defsig_rtmem_inner.o)
    0x000026f0   0x00000050   Code   RO          467    .text               c_4.l(defsig_general.o)
    0x00002740   0x0000000c   Code   RO          498    .text               c_4.l(rt_fp_status_addr_intlibspace.o)
    0x0000274c   0x00000038   Code   RO          392    CL$$btod_d2e        c_4.l(btod.o)
    0x00002784   0x00000054   Code   RO          394    CL$$btod_d2e_denorm_low  c_4.l(btod.o)
    0x000027d8   0x00000068   Code   RO          393    CL$$btod_d2e_norm_op1  c_4.l(btod.o)
    0x00002840   0x00000348   Code   RO          402    CL$$btod_div_common  c_4.l(btod.o)
    0x00002b88   0x000000dc   Code   RO          399    CL$$btod_e2e        c_4.l(btod.o)
    0x00002c64   0x00000030   Code   RO          396    CL$$btod_ediv       c_4.l(btod.o)
    0x00002c94   0x00000030   Code   RO          395    CL$$btod_emul       c_4.l(btod.o)
    0x00002cc4   0x00000264   Code   RO          401    CL$$btod_mult_common  c_4.l(btod.o)
    0x00002f28   0x00000030   Code   RO          428    i.__ARM_fpclassify  m_4s.l(fpclassify.o)
    0x00002f58   0x00000044   Code   RO          415    locale$$code        c_4.l(lc_numeric_c.o)
    0x00002f9c   0x0000006c   Code   RO          227    x$fpl$d2f           fz_4s.l(d2f.o)
    0x00003008   0x000002d0   Code   RO          230    x$fpl$ddiv          fz_4s.l(ddiv.o)
    0x000032d8   0x00000178   Code   RO          233    x$fpl$dmul          fz_4s.l(dmul.o)
    0x00003450   0x000000b8   Code   RO          339    x$fpl$dnaninf       fz_4s.l(dnaninf.o)
    0x00003508   0x00000010   Code   RO          341    x$fpl$dretinf       fz_4s.l(dretinf.o)
    0x00003518   0x00000064   Code   RO          235    x$fpl$f2d           fz_4s.l(f2d.o)
    0x0000357c   0x00000190   Code   RO          238    x$fpl$fdiv          fz_4s.l(fdiv.o)
    0x0000370c   0x0000005c   Code   RO          242    x$fpl$fflt          fz_4s.l(fflt_noclz.o)
    0x00003768   0x000000a0   Code   RO          343    x$fpl$fnaninf       fz_4s.l(fnaninf.o)
    0x00003808   0x00000014   Code   RO          486    x$fpl$fpinit        fz_4s.l(fpinit.o)
    0x0000381c   0x00000010   Code   RO          345    x$fpl$fretinf       fz_4s.l(fretinf.o)
    0x0000382c   0x00000004   Code   RO          245    x$fpl$printf1       fz_4s.l(printf1.o)
    0x00003830   0x00000000   Code   RO          347    x$fpl$usenofp       fz_4s.l(usenofp.o)
    0x00003830   0x00000094   Data   RO          390    .constdata          c_4.l(bigflt0.o)
    0x000038c4   0x00000020   Data   RO          519    Region$$Table       anon$$obj.o
    0x000038e4   0x0000001c   Data   RO          414    locale$$data        c_4.l(lc_numeric_c.o)


    Execution Region RW_IRAM1 (Base: 0x40000000, Size: 0x00003cf8, Max: 0x00004000, ABSOLUTE)

    Base Addr    Size         Type   Attr      Idx    E Section Name        Object

    0x40000000   0x00000004   Data   RW           12    .data               retarget.o
    0x40000004   0x00000004   Data   RW           52    .data               time.o
    0x40000008   0x0000002c   Data   RW           65    .data               dhry_1.o
    0x40000034   0x000027d8   Zero   RW           64    .bss                dhry_1.o
    0x4000280c   0x00000060   Zero   RW          351    .bss                c_4.l(libspace.o)
    0x4000286c   0x00000004   PAD
    0x40002870   0x00001000   Zero   RW            2    HEAP                startup.o
    0x40003870   0x00000488   Zero   RW            1    STACK               startup.o


==============================================================================

Image component sizes


      Code (inc. data)   RO Data    RW Data    ZI Data      Debug   Object Name

      3364       1556          0         44      10200       3921   dhry_1.o
       376         28          0          0          0       2393   dhry_2.o
        68          4          0          4          0       4934   retarget.o
        80          0          0          0          0        538   serial.o
       212         56          0          0       5256        368   startup.o
        32          4          0          4          0        472   time.o

    ----------------------------------------------------------------------
      4132       1648         32         52      15456      12626   Object Totals
         0          0         32          0          0          0   (incl. Generated)
         0          0          0          0          0          0   (incl. Padding)

    ----------------------------------------------------------------------

      Code (inc. data)   RO Data    RW Data    ZI Data      Debug   Library Member Name

         8          0          0          0          0         68   __main.o
       440          0          0          0          0        100   __printf_wp.o
        60          8          0          0          0          0   __scatter.o
        40          0          0          0          0          0   __scatter_copy.o
        44          0          0          0          0          0   __scatter_zi.o
         8          0          0          0          0          0   _printf_c.o
        76          0          0          0          0        108   _printf_char.o
        84          4          0          0          0         96   _printf_char_common.o
        52          4          0          0          0         80   _printf_char_file.o
         8          0          0          0          0          0   _printf_d.o
       180         16          0          0          0        100   _printf_dec.o
         8          0          0          0          0          0   _printf_f.o
      1592          4          0          0          0        240   _printf_fp_dec.o
       220         16          0          0          0         96   _printf_fp_infnan.o
       296          0          0          0          0        100   _printf_intcommon.o
       156          0          0          0          0        108   _printf_pad.o
         0          0          0          0          0          0   _printf_percent.o
         8          0          0          0          0          0   _printf_percent_end.o
         8          0          0          0          0          0   _printf_s.o
       144          0          0          0          0         80   _printf_str.o
       552          0          0          0          0         76   aeabi_sdivfast.o
       320         12        148          0          0        108   bigflt0.o
      2012        128          0          0          0        672   btod.o
        12          0          0          0          0         68   defsig_exit.o
        80          0          0          0          0         88   defsig_general.o
        88         56          0          0          0         76   defsig_rtmem_inner.o
        16          0          0          0          0         80   defsig_rtmem_outer.o
        16          0          0          0          0         72   exit.o
       164          0          0          0          0         80   h1_alloc.o
        84          0          0          0          0         68   h1_extend.o
       132          0          0          0          0         80   h1_free.o
        28          0          0          0          0         84   h1_init.o
        12          0          0          0          0        152   heapauxi.o
         8          0          0          0          0        136   hguard.o
       224          0          0          0          0        184   init_alloc.o
        68          8         28          0          0         76   lc_numeric_c.o
         8          0          0          0          0          0   libinit.o
        40          0          0          0          0          0   libinit2.o
         4          0          0          0          0          0   libshutdown.o
         4          0          0          0          0          0   libshutdown2.o
        12          4          0          0         96         68   libspace.o
       152          0          0          0          0         80   lludiv10.o
         0          0          0          0          0          0   maybetermalloc1.o
        36          4          0          0          0         84   noretval__2printf.o
        12          4          0          0          0         68   rt_fp_status_addr_intlibspace.o
        12          4          0          0          0         68   rt_heap_descriptor_intlibspace.o
        12          4          0          0          0         68   rt_locale_intlibspace.o
       100          0          0          0          0         80   rt_memcpy_w.o
         0          0          0          0          0          0   rtentry.o
        12          0          0          0          0          0   rtentry2.o
         8          0          0          0          0          0   rtentry4.o
         4          0          0          0          0          0   rtexit.o
        12          0          0          0          0          0   rtexit2.o
        44          0          0          0          0         68   rtudiv10.o
       188          4          0          0          0         80   strcmpfast.o
        96          0          0          0          0         80   sys_stackheap_outer.o
         4          0          0          0          0         68   use_no_semi.o
       108          4          0          0          0         92   d2f.o
       720        140          0          0          0        212   ddiv.o
       376         16          0          0          0        104   dmul.o
       184          0          0          0          0         92   dnaninf.o
        16          0          0          0          0         68   dretinf.o
       100          4          0          0          0         84   f2d.o
       400         76          0          0          0         96   fdiv.o
        92          0          0          0          0         68   fflt_noclz.o
       160          0          0          0          0         84   fnaninf.o
        20          0          0          0          0         76   fpinit.o
        16          0          0          0          0         68   fretinf.o
         4          0          0          0          0         68   printf1.o
         0          0          0          0          0          0   usenofp.o
        48          0          0          0          0         68   fpclassify.o

    ----------------------------------------------------------------------
     10252        520        176          0        100       5268   Library Totals
         0          0          0          0          4          0   (incl. Padding)

    ----------------------------------------------------------------------

      Code (inc. data)   RO Data    RW Data    ZI Data      Debug   Library Name

      8008        280        176          0         96       4088   c_4.l
      2196        240          0          0          0       1112   fz_4s.l
        48          0          0          0          0         68   m_4s.l

    ----------------------------------------------------------------------
     10252        520        176          0        100       5268   Library Totals

    ----------------------------------------------------------------------

==============================================================================


      Code (inc. data)   RO Data    RW Data    ZI Data      Debug   

     14384       2168        208         52      15556      14358   Grand Totals
     14384       2168        208         52      15556      14358   ELF Image Totals
     14384       2168        208         52          0          0   ROM Totals

==============================================================================

    Total RO  Size (Code + RO Data)                14592 (  14.25kB)
    Total RW  Size (RW Data + ZI Data)             15608 (  15.24kB)
    Total ROM Size (Code + RO Data + RW Data)      14644 (  14.30kB)

==============================================================================

